 ccio

 Timestamp is 57ee3733 (Fri Sep 30 17:58:11 2016)

 Preferred load address is 0000000180000000

 Start         Length     Name                   Class
 0001:00000000 00000240H .text$di                CODE
 0001:00000240 0002ed70H .text$mn                CODE
 0001:0002efb0 00000020H .text$mn$00             CODE
 0001:0002efd0 000004f0H .text$x                 CODE
 0001:0002f4c0 0000022cH .text$yd                CODE
 0002:00000000 000002b0H .idata$5                DATA
 0002:000002b0 00000010H .00cfg                  DATA
 0002:000002c0 00000008H .CRT$XCA                DATA
 0002:000002c8 00000058H .CRT$XCC                DATA
 0002:00000320 00000010H .CRT$XCL                DATA
 0002:00000330 00000010H .CRT$XCU                DATA
 0002:00000340 00000008H .CRT$XCZ                DATA
 0002:00000348 00000008H .CRT$XIA                DATA
 0002:00000350 00000030H .CRT$XIC                DATA
 0002:00000380 00000008H .CRT$XIZ                DATA
 0002:00000388 00000008H .CRT$XLA                DATA
 0002:00000390 00000008H .CRT$XLZ                DATA
 0002:00000398 00000008H .CRT$XPA                DATA
 0002:000003a0 00000010H .CRT$XPX                DATA
 0002:000003b0 00000008H .CRT$XPXA               DATA
 0002:000003b8 00000008H .CRT$XPZ                DATA
 0002:000003c0 00000008H .CRT$XTA                DATA
 0002:000003c8 00000008H .CRT$XTZ                DATA
 0002:000003d0 000108a8H .rdata                  DATA
 0002:00010c78 00000028H .rdata$T                DATA
 0002:00010ca0 0000120cH .rdata$r                DATA
 0002:00011eac 0000047cH .rdata$zzzdbg           DATA
 0002:00012328 00000008H .rtc$IAA                DATA
 0002:00012330 00000008H .rtc$IZZ                DATA
 0002:00012338 00000008H .rtc$TAA                DATA
 0002:00012340 00000010H .rtc$TZZ                DATA
 0002:00012350 00002a20H .xdata                  DATA
 0002:00014d70 00000334H .xdata$x                DATA
 0002:000150a4 00000020H .didat$2                DATA
 0002:000150c4 00000024H .didat$3                DATA
 0002:000150e8 00000088H .didat$4                DATA
 0002:00015170 000003a8H .didat$6                DATA
 0002:00015518 00000088H .didat$7                DATA
 0002:000155a0 0000004cH .edata                  DATA
 0002:000155ec 00000014H .idata$2                DATA
 0002:00015600 00000018H .idata$3                DATA
 0002:00015618 000002b0H .idata$4                DATA
 0002:000158c8 0000062cH .idata$6                DATA
 0003:00000000 00000bb0H .data                   DATA
 0003:00000bb0 000006b8H .data$r                 DATA
 0003:00001268 00000088H .didat$5                DATA
 0003:000012f0 00001accH .bss                    DATA
 0004:00000000 00002b5cH .pdata                  DATA
 0005:00000000 000000b4H .gfids$x                DATA
 0005:000000b4 00000284H .gfids$y                DATA
 0006:00000000 00000004H .tls                    DATA
 0006:00000004 00000004H .tls$                   DATA
 0006:00000008 00000001H .tls$ZZZ                DATA
 0007:00000000 00000060H .rsrc$01                DATA
 0007:00000060 00000180H .rsrc$02                DATA

  Address         Publics by Value              Rva+Base               Lib:Object

 0000:00000000       __guard_iat_count          0000000000000000     <absolute>
 0000:00000000       __dynamic_value_reloc_table 0000000000000000     <absolute>
 0000:00000000       __guard_longjmp_table      0000000000000000     <absolute>
 0000:00000000       __guard_longjmp_count      0000000000000000     <absolute>
 0000:00000000       __guard_iat_table          0000000000000000     <absolute>
 0000:00000000       __guard_fids_count         0000000000000000     <absolute>
 0000:00000000       ___safe_se_handler_table   0000000000000000     <absolute>
 0000:00000000       ___safe_se_handler_count   0000000000000000     <absolute>
 0000:00000000       __guard_fids_table         0000000000000000     <absolute>
 0000:00000100       __guard_flags              0000000000000100     <absolute>
 0000:00000000       __ImageBase                0000000180000000     <linker-defined>
 0001:00000240       ?what@exception@stdext@@UEBAPEBDXZ 0000000180001240 f i ccio.obj
 0001:00000260       __except_validate_context_record 0000000180001260 f i libvcruntime:jbcxrval.obj
 0001:00000260       _guard_check_icall_nop     0000000180001260 f i LIBCMT:guard_support.obj
 0001:00000260       ?_Lock@?$basic_streambuf@DU?$char_traits@D@std@@@std@@UEAAXXZ 0000000180001260 f i libcpmt:cout.obj
 0001:00000260       ?_Doraise@exception@stdext@@MEBAXXZ 0000000180001260 f i ccio.obj
 0001:00000260       ??$destroy@PEAU?$_Tree_node@U?$pair@$$CBV?$basic_string@DU?$char_traits@D@std@@V?$allocator@D@2@@std@@H@std@@PEAX@std@@@?$_Wrap_alloc@V?$allocator@U?$_Tree_node@U?$pair@$$CBV?$basic_string@DU?$char_traits@D@std@@V?$allocator@D@2@@std@@H@std@@PEAX@std@@@std@@@std@@QEAAXPEAPEAU?$_Tree_node@U?$pair@$$CBV?$basic_string@DU?$char_traits@D@std@@V?$allocator@D@2@@std@@H@std@@PEAX@1@@Z 0000000180001260 f i ccio.obj
 0001:00000260       ?imbue@?$basic_streambuf@DU?$char_traits@D@std@@@std@@MEAAXAEBVlocale@2@@Z 0000000180001260 f i libcpmt:cout.obj
 0001:00000260       ?_Unlock@?$basic_streambuf@DU?$char_traits@D@std@@@std@@UEAAXXZ 0000000180001260 f i libcpmt:cout.obj
 0001:00000270       ??_Gruntime_error@std@@UEAAPEAXI@Z 0000000180001270 f i ccio.obj
 0001:00000270       ??_Eruntime_error@std@@UEAAPEAXI@Z 0000000180001270 f i * CIL library *:* CIL module *
 0001:00000270       ??_Eexception@stdext@@UEAAPEAXI@Z 0000000180001270 f i * CIL library *:* CIL module *
 0001:00000270       ??_Gexception@stdext@@UEAAPEAXI@Z 0000000180001270 f i ccio.obj
 0001:000002a0       ?_Deallocate@std@@YAXPEAX_K1@Z 00000001800012a0 f i ccio.obj
 0001:00000310       ??0_Locinfo@std@@QEAA@PEBD@Z 0000000180001310 f i ccio.obj
 0001:000003d0       ??1_Locinfo@std@@QEAA@XZ   00000001800013d0 f i ccio.obj
 0001:00000470       ??_E_Facet_base@std@@UEAAPEAXI@Z 0000000180001470 f i * CIL library *:* CIL module *
 0001:00000470       ??_G_Facet_base@std@@UEAAPEAXI@Z 0000000180001470 f i ccio.obj
 0001:000004a0       ?_Incref@facet@locale@std@@UEAAXXZ 00000001800014a0 f i ccio.obj
 0001:000004b0       ?_Decref@facet@locale@std@@UEAAPEAV_Facet_base@3@XZ 00000001800014b0 f i ccio.obj
 0001:000004c0       ?name@locale@std@@QEBA?AV?$basic_string@DU?$char_traits@D@std@@V?$allocator@D@2@@2@XZ 00000001800014c0 f i ccio.obj
 0001:00000680       ?tolower@?$ctype@D@std@@QEBAPEBDPEADPEBD@Z 0000000180001680 f i ccio.obj
 0001:00000710       ?_Getcat@?$ctype@D@std@@SA_KPEAPEBVfacet@locale@2@PEBV42@@Z 0000000180001710 f i ccio.obj
 0001:000007d0       ?do_tolower@?$ctype@D@std@@MEBADD@Z 00000001800017d0 f i ccio.obj
 0001:000007e0       ?do_tolower@?$ctype@D@std@@MEBAPEBDPEADPEBD@Z 00000001800017e0 f i ccio.obj
 0001:00000840       ?do_toupper@?$ctype@D@std@@MEBADD@Z 0000000180001840 f i ccio.obj
 0001:00000850       ?do_toupper@?$ctype@D@std@@MEBAPEBDPEADPEBD@Z 0000000180001850 f i ccio.obj
 0001:000008b0       ?do_widen@?$ctype@D@std@@MEBADD@Z 00000001800018b0 f i ccio.obj
 0001:000008b0       ?do_narrow@?$ctype@D@std@@MEBADDD@Z 00000001800018b0 f i ccio.obj
 0001:000008c0       ?do_widen@?$ctype@D@std@@MEBAPEBDPEBD0PEAD@Z 00000001800018c0 f i ccio.obj
 0001:000008e0       ?do_narrow@?$ctype@D@std@@MEBAPEBDPEBD0DPEAD@Z 00000001800018e0 f i ccio.obj
 0001:00000900       ??_E?$ctype@D@std@@MEAAPEAXI@Z 0000000180001900 f i * CIL library *:* CIL module *
 0001:00000900       ??_G?$ctype@D@std@@MEAAPEAXI@Z 0000000180001900 f i ccio.obj
 0001:00000970       ??_Eerror_category@std@@UEAAPEAXI@Z 0000000180001970 f i * CIL library *:* CIL module *
 0001:00000970       ??_Gerror_category@std@@UEAAPEAXI@Z 0000000180001970 f i ccio.obj
 0001:00000970       ??_E_Iostream_error_category@std@@UEAAPEAXI@Z 0000000180001970 f i * CIL library *:* CIL module *
 0001:00000970       ??_G_Iostream_error_category@std@@UEAAPEAXI@Z 0000000180001970 f i ccio.obj
 0001:000009a0       ?default_error_condition@error_category@std@@UEBA?AVerror_condition@2@H@Z 00000001800019a0 f i ccio.obj
 0001:000009b0       ?equivalent@error_category@std@@UEBA_NHAEBVerror_condition@2@@Z 00000001800019b0 f i ccio.obj
 0001:00000a10       ?equivalent@error_category@std@@UEBA_NAEBVerror_code@2@H@Z 0000000180001a10 f i ccio.obj
 0001:00000a30       ?_Makestr@_System_error@std@@CA?AV?$basic_string@DU?$char_traits@D@std@@V?$allocator@D@2@@2@Verror_code@2@V32@@Z 0000000180001a30 f i ccio.obj
 0001:00000b30       ??_Efailure@ios_base@std@@UEAAPEAXI@Z 0000000180001b30 f i * CIL library *:* CIL module *
 0001:00000b30       ??_Gfailure@ios_base@std@@UEAAPEAXI@Z 0000000180001b30 f i ccio.obj
 0001:00000b30       ??_G_System_error@std@@UEAAPEAXI@Z 0000000180001b30 f i ccio.obj
 0001:00000b30       ??_E_System_error@std@@UEAAPEAXI@Z 0000000180001b30 f i * CIL library *:* CIL module *
 0001:00000b60       ?name@_Iostream_error_category@std@@UEBAPEBDXZ 0000000180001b60 f i ccio.obj
 0001:00000b70       ?message@_Iostream_error_category@std@@UEBA?AV?$basic_string@DU?$char_traits@D@std@@V?$allocator@D@2@@2@H@Z 0000000180001b70 f i ccio.obj
 0001:00000bf0       ?clear@ios_base@std@@QEAAXH_N@Z 0000000180001bf0 f i ccio.obj
 0001:00001140       ??_G_Node_base@std@@UEAAPEAXI@Z 0000000180002140 f i ccio.obj
 0001:00001140       ??_G_Node_endif@std@@UEAAPEAXI@Z 0000000180002140 f i ccio.obj
 0001:00001140       ??_E_Node_endif@std@@UEAAPEAXI@Z 0000000180002140 f i * CIL library *:* CIL module *
 0001:00001140       ??_E_Node_base@std@@UEAAPEAXI@Z 0000000180002140 f i * CIL library *:* CIL module *
 0001:00001170       ??_G_Root_node@std@@UEAAPEAXI@Z 0000000180002170 f i ccio.obj
 0001:00001170       ??_E_Root_node@std@@UEAAPEAXI@Z 0000000180002170 f i * CIL library *:* CIL module *
 0001:000011a0       ??_E_Node_capture@std@@UEAAPEAXI@Z 00000001800021a0 f i * CIL library *:* CIL module *
 0001:000011a0       ??_E_Node_end_group@std@@UEAAPEAXI@Z 00000001800021a0 f i * CIL library *:* CIL module *
 0001:000011a0       ??_G_Node_end_rep@std@@UEAAPEAXI@Z 00000001800021a0 f i ccio.obj
 0001:000011a0       ??_E_Node_back@std@@UEAAPEAXI@Z 00000001800021a0 f i * CIL library *:* CIL module *
 0001:000011a0       ??_G_Node_end_group@std@@UEAAPEAXI@Z 00000001800021a0 f i ccio.obj
 0001:000011a0       ??_E_Node_end_rep@std@@UEAAPEAXI@Z 00000001800021a0 f i * CIL library *:* CIL module *
 0001:000011a0       ??_G_Node_back@std@@UEAAPEAXI@Z 00000001800021a0 f i ccio.obj
 0001:000011a0       ??_G_Node_capture@std@@UEAAPEAXI@Z 00000001800021a0 f i ccio.obj
 0001:000011d0       ??1_Node_assert@std@@UEAA@XZ 00000001800021d0 f i ccio.obj
 0001:00001250       ??_G_Node_assert@std@@UEAAPEAXI@Z 0000000180002250 f i ccio.obj
 0001:00001250       ??_E_Node_assert@std@@UEAAPEAXI@Z 0000000180002250 f i * CIL library *:* CIL module *
 0001:00001290       ??1_Node_if@std@@UEAA@XZ   0000000180002290 f i ccio.obj
 0001:00001340       ??_G_Node_if@std@@UEAAPEAXI@Z 0000000180002340 f i ccio.obj
 0001:00001340       ??_E_Node_if@std@@UEAAPEAXI@Z 0000000180002340 f i * CIL library *:* CIL module *
 0001:00001380       ??_E_Node_rep@std@@UEAAPEAXI@Z 0000000180002380 f i * CIL library *:* CIL module *
 0001:00001380       ??_G_Node_rep@std@@UEAAPEAXI@Z 0000000180002380 f i ccio.obj
 0001:000013b0       ?_Calculate_loop_simplicity@std@@YAXPEAV_Node_base@1@0PEAV_Node_rep@1@@Z 00000001800023b0 f i ccio.obj
 0001:00001490       ?ReadLine@ccio@@YAXAEBV?$FunctionCallbackInfo@VValue@v8@@@v8@@@Z 0000000180002490 f   ccio.obj
 0001:000015e0       ?Input@ccio@@YAXAEBV?$FunctionCallbackInfo@VValue@v8@@@v8@@@Z 00000001800025e0 f   ccio.obj
 0001:00001df0       ?Output@ccio@@YAXAEBV?$FunctionCallbackInfo@VValue@v8@@@v8@@@Z 0000000180002df0 f   ccio.obj
 0001:00001f70       ?init@ccio@@YAXV?$Local@VObject@v8@@@v8@@@Z 0000000180002f70 f   ccio.obj
 0001:000026d0       ??1?$basic_string@DU?$char_traits@D@std@@V?$allocator@D@2@@std@@QEAA@XZ 00000001800036d0 f i ccio.obj
 0001:00002760       ?peek@?$basic_istream@DU?$char_traits@D@std@@@std@@QEAAHXZ 0000000180003760 f i ccio.obj
 0001:00002890       ?ignore@?$basic_istream@DU?$char_traits@D@std@@@std@@QEAAAEAV12@_JH@Z 0000000180003890 f i ccio.obj
 0001:00002a00       ??5?$basic_istream@DU?$char_traits@D@std@@@std@@QEAAAEAV01@AEAN@Z 0000000180003a00 f i ccio.obj
 0001:00002ba0       ?do_get@?$num_get@DV?$istreambuf_iterator@DU?$char_traits@D@std@@@std@@@std@@MEBA?AV?$istreambuf_iterator@DU?$char_traits@D@std@@@2@V32@0AEAVios_base@2@AEAHAEAPEAX@Z 0000000180003ba0 f i ccio.obj
 0001:00002cc0       ?do_get@?$num_get@DV?$istreambuf_iterator@DU?$char_traits@D@std@@@std@@@std@@MEBA?AV?$istreambuf_iterator@DU?$char_traits@D@std@@@2@V32@0AEAVios_base@2@AEAHAEAO@Z 0000000180003cc0 f i ccio.obj
 0001:00002cc0       ?do_get@?$num_get@DV?$istreambuf_iterator@DU?$char_traits@D@std@@@std@@@std@@MEBA?AV?$istreambuf_iterator@DU?$char_traits@D@std@@@2@V32@0AEAVios_base@2@AEAHAEAN@Z 0000000180003cc0 f i ccio.obj
 0001:00002e10       ?do_get@?$num_get@DV?$istreambuf_iterator@DU?$char_traits@D@std@@@std@@@std@@MEBA?AV?$istreambuf_iterator@DU?$char_traits@D@std@@@2@V32@0AEAVios_base@2@AEAHAEAM@Z 0000000180003e10 f i ccio.obj
 0001:00002f60       ?do_get@?$num_get@DV?$istreambuf_iterator@DU?$char_traits@D@std@@@std@@@std@@MEBA?AV?$istreambuf_iterator@DU?$char_traits@D@std@@@2@V32@0AEAVios_base@2@AEAHAEA_K@Z 0000000180003f60 f i ccio.obj
 0001:00003080       ?do_get@?$num_get@DV?$istreambuf_iterator@DU?$char_traits@D@std@@@std@@@std@@MEBA?AV?$istreambuf_iterator@DU?$char_traits@D@std@@@2@V32@0AEAVios_base@2@AEAHAEA_J@Z 0000000180004080 f i ccio.obj
 0001:000031a0       ?do_get@?$num_get@DV?$istreambuf_iterator@DU?$char_traits@D@std@@@std@@@std@@MEBA?AV?$istreambuf_iterator@DU?$char_traits@D@std@@@2@V32@0AEAVios_base@2@AEAHAEAK@Z 00000001800041a0 f i ccio.obj
 0001:000032c0       ?do_get@?$num_get@DV?$istreambuf_iterator@DU?$char_traits@D@std@@@std@@@std@@MEBA?AV?$istreambuf_iterator@DU?$char_traits@D@std@@@2@V32@0AEAVios_base@2@AEAHAEAJ@Z 00000001800042c0 f i ccio.obj
 0001:000033e0       ?do_get@?$num_get@DV?$istreambuf_iterator@DU?$char_traits@D@std@@@std@@@std@@MEBA?AV?$istreambuf_iterator@DU?$char_traits@D@std@@@2@V32@0AEAVios_base@2@AEAHAEAI@Z 00000001800043e0 f i ccio.obj
 0001:00003510       ?do_get@?$num_get@DV?$istreambuf_iterator@DU?$char_traits@D@std@@@std@@@std@@MEBA?AV?$istreambuf_iterator@DU?$char_traits@D@std@@@2@V32@0AEAVios_base@2@AEAHAEAG@Z 0000000180004510 f i ccio.obj
 0001:00003650       ?do_get@?$num_get@DV?$istreambuf_iterator@DU?$char_traits@D@std@@@std@@@std@@MEBA?AV?$istreambuf_iterator@DU?$char_traits@D@std@@@2@V32@0AEAVios_base@2@AEAHAEA_N@Z 0000000180004650 f i ccio.obj
 0001:00003a20       ?assign@?$basic_string@DU?$char_traits@D@std@@V?$allocator@D@2@@std@@QEAAAEAV12@_KD@Z 0000000180004a20 f i ccio.obj
 0001:00003b20       ?assign@?$basic_string@DU?$char_traits@D@std@@V?$allocator@D@2@@std@@QEAAAEAV12@PEBD_K@Z 0000000180004b20 f i ccio.obj
 0001:00003c50       ?assign@?$basic_string@DU?$char_traits@D@std@@V?$allocator@D@2@@std@@QEAAAEAV12@AEBV12@_K1@Z 0000000180004c50 f i ccio.obj
 0001:00003d80       ?append@?$basic_string@DU?$char_traits@D@std@@V?$allocator@D@2@@std@@QEAAAEAV12@PEBD_K@Z 0000000180004d80 f i ccio.obj
 0001:00003ed0       ?append@?$basic_string@DU?$char_traits@D@std@@V?$allocator@D@2@@std@@QEAAAEAV12@AEBV12@_K1@Z 0000000180004ed0 f i ccio.obj
 0001:00004000       ?_Assign_rv@?$basic_string@DU?$char_traits@D@std@@V?$allocator@D@2@@std@@QEAAX$$QEAV12@@Z 0000000180005000 f i ccio.obj
 0001:00004080       ??_G?$num_get@DV?$istreambuf_iterator@DU?$char_traits@D@std@@@std@@@std@@MEAAPEAXI@Z 0000000180005080 f i ccio.obj
 0001:00004080       ??_E?$num_get@DV?$istreambuf_iterator@DU?$char_traits@D@std@@@std@@@std@@MEAAPEAXI@Z 0000000180005080 f i * CIL library *:* CIL module *
 0001:00004080       ??_G?$codecvt@DDU_Mbstatet@@@std@@MEAAPEAXI@Z 0000000180005080 f i libcpmt:cout.obj
 0001:00004080       ??_E?$codecvt@DDU_Mbstatet@@@std@@MEAAPEAXI@Z 0000000180005080 f i libcpmt:cout.obj
 0001:000040b0       ?do_truename@?$numpunct@D@std@@MEBA?AV?$basic_string@DU?$char_traits@D@std@@V?$allocator@D@2@@2@XZ 00000001800050b0 f i ccio.obj
 0001:00004100       ?do_falsename@?$numpunct@D@std@@MEBA?AV?$basic_string@DU?$char_traits@D@std@@V?$allocator@D@2@@2@XZ 0000000180005100 f i ccio.obj
 0001:00004150       ?do_grouping@?$numpunct@D@std@@MEBA?AV?$basic_string@DU?$char_traits@D@std@@V?$allocator@D@2@@2@XZ 0000000180005150 f i ccio.obj
 0001:000041a0       ?do_thousands_sep@?$numpunct@D@std@@MEBADXZ 00000001800051a0 f i ccio.obj
 0001:000041b0       ?do_decimal_point@?$numpunct@D@std@@MEBADXZ 00000001800051b0 f i ccio.obj
 0001:000041c0       ?_Getffld@?$num_get@DV?$istreambuf_iterator@DU?$char_traits@D@std@@@std@@@std@@AEBAHPEADAEAV?$istreambuf_iterator@DU?$char_traits@D@std@@@2@1AEAVios_base@2@PEAH@Z 00000001800051c0 f i ccio.obj
 0001:000050a0       ?_Getifld@?$num_get@DV?$istreambuf_iterator@DU?$char_traits@D@std@@@std@@@std@@AEBAHPEADAEAV?$istreambuf_iterator@DU?$char_traits@D@std@@@2@1HAEBVlocale@2@@Z 00000001800060a0 f i ccio.obj
 0001:00005740       ?erase@?$_Tree@V?$_Tmap_traits@V?$basic_string@DU?$char_traits@D@std@@V?$allocator@D@2@@std@@HU?$less@V?$basic_string@DU?$char_traits@D@std@@V?$allocator@D@2@@std@@@2@V?$allocator@U?$pair@$$CBV?$basic_string@DU?$char_traits@D@std@@V?$allocator@D@2@@std@@H@std@@@2@$0A@@std@@@std@@QEAA?AV?$_Tree_iterator@V?$_Tree_val@U?$_Tree_simple_types@U?$pair@$$CBV?$basic_string@DU?$char_traits@D@std@@V?$allocator@D@2@@std@@H@std@@@std@@@std@@@2@V?$_Tree_const_iterator@V?$_Tree_val@U?$_Tree_simple_types@U?$pair@$$CBV?$basic_string@DU?$char_traits@D@std@@V?$allocator@D@2@@std@@H@std@@@std@@@std@@@2@0@Z 0000000180006740 f i ccio.obj
 0001:00005850       ?erase@?$basic_string@DU?$char_traits@D@std@@V?$allocator@D@2@@std@@QEAAAEAV12@_K0@Z 0000000180006850 f i ccio.obj
 0001:00005920       ?append@?$basic_string@DU?$char_traits@D@std@@V?$allocator@D@2@@std@@QEAAAEAV12@_KD@Z 0000000180006920 f i ccio.obj
 0001:00005a30       ??Y?$basic_string@DU?$char_traits@D@std@@V?$allocator@D@2@@std@@QEAAAEAV01@D@Z 0000000180006a30 f i ccio.obj
 0001:00005b20       ?_Ipfx@?$basic_istream@DU?$char_traits@D@std@@@std@@QEAA_N_N@Z 0000000180006b20 f i ccio.obj
 0001:00005c80       ??_G?$numpunct@D@std@@MEAAPEAXI@Z 0000000180006c80 f i ccio.obj
 0001:00005c80       ??_E?$numpunct@D@std@@MEAAPEAXI@Z 0000000180006c80 f i * CIL library *:* CIL module *
 0001:00005ce0       ?_Getffldx@?$num_get@DV?$istreambuf_iterator@DU?$char_traits@D@std@@@std@@@std@@AEBAHPEADAEAV?$istreambuf_iterator@DU?$char_traits@D@std@@@2@1AEAVios_base@2@PEAH@Z 0000000180006ce0 f i ccio.obj
 0001:00006c00       ??E?$istreambuf_iterator@DU?$char_traits@D@std@@@std@@QEAAAEAV01@XZ 0000000180007c00 f i ccio.obj
 0001:00006c70       ??D?$istreambuf_iterator@DU?$char_traits@D@std@@@std@@QEBADXZ 0000000180007c70 f i ccio.obj
 0001:00006ce0       ?erase@?$_Tree@V?$_Tmap_traits@V?$basic_string@DU?$char_traits@D@std@@V?$allocator@D@2@@std@@HU?$less@V?$basic_string@DU?$char_traits@D@std@@V?$allocator@D@2@@std@@@2@V?$allocator@U?$pair@$$CBV?$basic_string@DU?$char_traits@D@std@@V?$allocator@D@2@@std@@H@std@@@2@$0A@@std@@@std@@QEAA?AV?$_Tree_iterator@V?$_Tree_val@U?$_Tree_simple_types@U?$pair@$$CBV?$basic_string@DU?$char_traits@D@std@@V?$allocator@D@2@@std@@H@std@@@std@@@std@@@2@V?$_Tree_const_iterator@V?$_Tree_val@U?$_Tree_simple_types@U?$pair@$$CBV?$basic_string@DU?$char_traits@D@std@@V?$allocator@D@2@@std@@H@std@@@std@@@std@@@2@@Z 0000000180007ce0 f i ccio.obj
 0001:00007100       ?do_hash@?$collate@D@std@@MEBAJPEBD0@Z 0000000180008100 f i ccio.obj
 0001:00007140       ?do_transform@?$collate@D@std@@MEBA?AV?$basic_string@DU?$char_traits@D@std@@V?$allocator@D@2@@2@PEBD0@Z 0000000180008140 f i ccio.obj
 0001:00007260       ?do_compare@?$collate@D@std@@MEBAHPEBD000@Z 0000000180008260 f i ccio.obj
 0001:000072b0       ?_Copy@?$basic_string@DU?$char_traits@D@std@@V?$allocator@D@2@@std@@QEAAX_K0@Z 00000001800082b0 f i ccio.obj
 0001:00007430       ?flush@?$basic_ostream@DU?$char_traits@D@std@@@std@@QEAAAEAV12@XZ 0000000180008430 f i ccio.obj
 0001:00007530       ?snextc@?$basic_streambuf@DU?$char_traits@D@std@@@std@@QEAAHXZ 0000000180008530 f i ccio.obj
 0001:000075d0       ??_E?$collate@D@std@@MEAAPEAXI@Z 00000001800085d0 f i * CIL library *:* CIL module *
 0001:000075d0       ??_G?$collate@D@std@@MEAAPEAXI@Z 00000001800085d0 f i ccio.obj
 0001:00007620       ?_Rrotate@?$_Tree@V?$_Tmap_traits@V?$basic_string@DU?$char_traits@D@std@@V?$allocator@D@2@@std@@HU?$less@V?$basic_string@DU?$char_traits@D@std@@V?$allocator@D@2@@std@@@2@V?$allocator@U?$pair@$$CBV?$basic_string@DU?$char_traits@D@std@@V?$allocator@D@2@@std@@H@std@@@2@$0A@@std@@@std@@IEAAXPEAU?$_Tree_node@U?$pair@$$CBV?$basic_string@DU?$char_traits@D@std@@V?$allocator@D@2@@std@@H@std@@PEAX@2@@Z 0000000180008620 f i ccio.obj
 0001:00007680       ?_Lrotate@?$_Tree@V?$_Tmap_traits@V?$basic_string@DU?$char_traits@D@std@@V?$allocator@D@2@@std@@HU?$less@V?$basic_string@DU?$char_traits@D@std@@V?$allocator@D@2@@std@@@2@V?$allocator@U?$pair@$$CBV?$basic_string@DU?$char_traits@D@std@@V?$allocator@D@2@@std@@H@std@@@2@$0A@@std@@@std@@IEAAXPEAU?$_Tree_node@U?$pair@$$CBV?$basic_string@DU?$char_traits@D@std@@V?$allocator@D@2@@std@@H@std@@PEAX@2@@Z 0000000180008680 f i ccio.obj
 0001:000076e0       ?_Erase@?$_Tree@V?$_Tmap_traits@V?$basic_string@DU?$char_traits@D@std@@V?$allocator@D@2@@std@@HU?$less@V?$basic_string@DU?$char_traits@D@std@@V?$allocator@D@2@@std@@@2@V?$allocator@U?$pair@$$CBV?$basic_string@DU?$char_traits@D@std@@V?$allocator@D@2@@std@@H@std@@@2@$0A@@std@@@std@@IEAAXPEAU?$_Tree_node@U?$pair@$$CBV?$basic_string@DU?$char_traits@D@std@@V?$allocator@D@2@@std@@H@std@@PEAX@2@@Z 00000001800086e0 f i ccio.obj
 0001:000077c0       ??$use_facet@V?$ctype@D@std@@@std@@YAAEBV?$ctype@D@0@AEBVlocale@0@@Z 00000001800087c0 f i ccio.obj
 0001:000078f0       ??$_Immortalize@V_Iostream_error_category@std@@@std@@YAAEAV_Iostream_error_category@0@XZ 00000001800088f0 f i ccio.obj
 0001:00007970       ??$?6DU?$char_traits@D@std@@V?$allocator@D@1@@std@@YAAEAV?$basic_ostream@DU?$char_traits@D@std@@@0@AEAV10@AEBV?$basic_string@DU?$char_traits@D@std@@V?$allocator@D@2@@0@@Z 0000000180008970 f i ccio.obj
 0001:00007bf0       ??$use_facet@V?$num_get@DV?$istreambuf_iterator@DU?$char_traits@D@std@@@std@@@std@@@std@@YAAEBV?$num_get@DV?$istreambuf_iterator@DU?$char_traits@D@std@@@std@@@0@AEBVlocale@0@@Z 0000000180008bf0 f i ccio.obj
 0001:00007d20       ??$use_facet@V?$numpunct@D@std@@@std@@YAAEBV?$numpunct@D@0@AEBVlocale@0@@Z 0000000180008d20 f i ccio.obj
 0001:00007e50       ??$_Getloctxt@DV?$istreambuf_iterator@DU?$char_traits@D@std@@@std@@@std@@YAHAEAV?$istreambuf_iterator@DU?$char_traits@D@std@@@0@0_KPEBD@Z 0000000180008e50 f i ccio.obj
 0001:00008100       ??$use_facet@V?$collate@D@std@@@std@@YAAEBV?$collate@D@0@AEBVlocale@0@@Z 0000000180009100 f i ccio.obj
 0001:00008230       ?_Getcat@?$numpunct@D@std@@SA_KPEAPEBVfacet@locale@2@PEBV42@@Z 0000000180009230 f i ccio.obj
 0001:000082f0       ?_Getcat@?$num_get@DV?$istreambuf_iterator@DU?$char_traits@D@std@@@std@@@std@@SA_KPEAPEBVfacet@locale@2@PEBV42@@Z 00000001800092f0 f i ccio.obj
 0001:000083a0       ?equal@?$istreambuf_iterator@DU?$char_traits@D@std@@@std@@QEBA_NAEBV12@@Z 00000001800093a0 f i ccio.obj
 0001:00008470       ?_Getcat@?$collate@D@std@@SA_KPEAPEBVfacet@locale@2@PEBV42@@Z 0000000180009470 f i ccio.obj
 0001:000085b0       ?put@?$basic_ostream@DU?$char_traits@D@std@@@std@@QEAAAEAV12@D@Z 00000001800095b0 f i ccio.obj
 0001:00008700       ?widen@?$basic_ios@DU?$char_traits@D@std@@@std@@QEBADD@Z 0000000180009700 f i ccio.obj
 0001:000087a0       ?_Init@?$numpunct@D@std@@IEAAXAEBV_Locinfo@2@_N@Z 00000001800097a0 f i ccio.obj
 0001:00008920       ?deallocate@?$_Wrap_alloc@V?$allocator@I@std@@@std@@QEAAXPEAI_K@Z 0000000180009920 f i ccio.obj
 0001:00008990       ??$?5DU?$char_traits@D@std@@V?$allocator@D@1@@std@@YAAEAV?$basic_istream@DU?$char_traits@D@std@@@0@$$QEAV10@AEAV?$basic_string@DU?$char_traits@D@std@@V?$allocator@D@2@@0@@Z 0000000180009990 f i ccio.obj
 0001:00008c00       ??$getline@DU?$char_traits@D@std@@V?$allocator@D@2@@std@@YAAEAV?$basic_istream@DU?$char_traits@D@std@@@0@$$QEAV10@AEAV?$basic_string@DU?$char_traits@D@std@@V?$allocator@D@2@@0@D@Z 0000000180009c00 f i ccio.obj
 0001:00008dc0       ??$_Regex_match1@PEBDV?$allocator@V?$sub_match@PEBD@std@@@std@@DV?$regex_traits@D@2@PEBD@std@@YA_NPEBD0PEAV?$match_results@PEBDV?$allocator@V?$sub_match@PEBD@std@@@std@@@0@AEBV?$basic_regex@DV?$regex_traits@D@std@@@0@W4match_flag_type@regex_constants@0@_N@Z 0000000180009dc0 f i ccio.obj
 0001:00008f50       ??$_Try_emplace@V?$basic_string@DU?$char_traits@D@std@@V?$allocator@D@2@@std@@$$V@?$map@V?$basic_string@DU?$char_traits@D@std@@V?$allocator@D@2@@std@@HU?$less@V?$basic_string@DU?$char_traits@D@std@@V?$allocator@D@2@@std@@@2@V?$allocator@U?$pair@$$CBV?$basic_string@DU?$char_traits@D@std@@V?$allocator@D@2@@std@@H@std@@@2@@std@@QEAA?AU?$pair@V?$_Tree_iterator@V?$_Tree_val@U?$_Tree_simple_types@U?$pair@$$CBV?$basic_string@DU?$char_traits@D@std@@V?$allocator@D@2@@std@@H@std@@@std@@@std@@@std@@_N@1@$$QEAV?$basic_string@DU?$char_traits@D@std@@V?$allocator@D@2@@1@@Z 0000000180009f50 f i ccio.obj
 0001:00009050       ??$_Try_emplace@AEBV?$basic_string@DU?$char_traits@D@std@@V?$allocator@D@2@@std@@$$V@?$map@V?$basic_string@DU?$char_traits@D@std@@V?$allocator@D@2@@std@@HU?$less@V?$basic_string@DU?$char_traits@D@std@@V?$allocator@D@2@@std@@@2@V?$allocator@U?$pair@$$CBV?$basic_string@DU?$char_traits@D@std@@V?$allocator@D@2@@std@@H@std@@@2@@std@@QEAA?AU?$pair@V?$_Tree_iterator@V?$_Tree_val@U?$_Tree_simple_types@U?$pair@$$CBV?$basic_string@DU?$char_traits@D@std@@V?$allocator@D@2@@std@@H@std@@@std@@@std@@@std@@_N@1@AEBV?$basic_string@DU?$char_traits@D@std@@V?$allocator@D@2@@1@@Z 000000018000a050 f i ccio.obj
 0001:00009160       ??0?$_Parser@PEBDDV?$regex_traits@D@std@@@std@@QEAA@AEBV?$regex_traits@D@1@PEBD1W4syntax_option_type@regex_constants@1@@Z 000000018000a160 f i ccio.obj
 0001:00009240       ?_Compile@?$_Parser@PEBDDV?$regex_traits@D@std@@@std@@QEAAPEAV_Root_node@2@XZ 000000018000a240 f i ccio.obj
 0001:00009320       ??0?$_Wrap_alloc@V?$allocator@U?$_Tree_node@U?$pair@$$CBV?$basic_string@DU?$char_traits@D@std@@V?$allocator@D@2@@std@@H@std@@PEAX@std@@@std@@@std@@QEAA@XZ 000000018000a320 f i ccio.obj
 0001:00009330       ?_Tidy@?$vector@U_Loop_vals_t@std@@V?$allocator@U_Loop_vals_t@std@@@2@@std@@IEAAXXZ 000000018000a330 f i ccio.obj
 0001:00009330       ?_Tidy@?$vector@U_Grp_t@?$_Tgt_state_t@PEBD@std@@V?$allocator@U_Grp_t@?$_Tgt_state_t@PEBD@std@@@3@@std@@IEAAXXZ 000000018000a330 f i ccio.obj
 0001:000093c0       ?resize@?$vector@U_Grp_t@?$_Tgt_state_t@PEBD@std@@V?$allocator@U_Grp_t@?$_Tgt_state_t@PEBD@std@@@3@@std@@QEAAX_K@Z 000000018000a3c0 f i ccio.obj
 0001:000093c0       ?resize@?$vector@U_Loop_vals_t@std@@V?$allocator@U_Loop_vals_t@std@@@2@@std@@QEAAX_K@Z 000000018000a3c0 f i ccio.obj
 0001:000094c0       ?_Trim@?$vector@_NV?$allocator@_N@std@@@std@@QEAAX_K@Z 000000018000a4c0 f i ccio.obj
 0001:00009580       ?deallocate@?$_Wrap_alloc@V?$allocator@U_Grp_t@?$_Tgt_state_t@PEBD@std@@@std@@@std@@QEAAXPEAU_Grp_t@?$_Tgt_state_t@PEBD@2@_K@Z 000000018000a580 f i ccio.obj
 0001:000095f0       ?_Reallocate@?$vector@U_Grp_t@?$_Tgt_state_t@PEBD@std@@V?$allocator@U_Grp_t@?$_Tgt_state_t@PEBD@std@@@3@@std@@IEAAX_K@Z 000000018000a5f0 f i ccio.obj
 0001:000095f0       ?_Reallocate@?$vector@U_Loop_vals_t@std@@V?$allocator@U_Loop_vals_t@std@@@2@@std@@IEAAX_K@Z 000000018000a5f0 f i ccio.obj
 0001:00009730       ?_Buy@?$vector@IV?$allocator@_N@std@@@std@@IEAA_N_K@Z 000000018000a730 f i ccio.obj
 0001:00009790       ?allocate@?$_Wrap_alloc@V?$allocator@I@std@@@std@@QEAAPEAI_K@Z 000000018000a790 f i ccio.obj
 0001:00009800       ?_Trans@?$_Parser@PEBDDV?$regex_traits@D@std@@@std@@AEAAXXZ 000000018000a800 f i ccio.obj
 0001:00009a50       ?_Disjunction@?$_Parser@PEBDDV?$regex_traits@D@std@@@std@@AEAAXXZ 000000018000aa50 f i ccio.obj
 0001:00009c30       ?_End_group@?$_Builder@PEBDDV?$regex_traits@D@std@@@std@@QEAAXPEAV_Node_base@2@@Z 000000018000ac30 f i ccio.obj
 0001:00009ce0       ?_Begin_capture_group@?$_Builder@PEBDDV?$regex_traits@D@std@@@std@@QEAAPEAV_Node_base@2@I@Z 000000018000ace0 f i ccio.obj
 0001:00009d60       ??$_Lbound@V?$basic_string@DU?$char_traits@D@std@@V?$allocator@D@2@@std@@@?$_Tree@V?$_Tmap_traits@V?$basic_string@DU?$char_traits@D@std@@V?$allocator@D@2@@std@@HU?$less@V?$basic_string@DU?$char_traits@D@std@@V?$allocator@D@2@@std@@@2@V?$allocator@U?$pair@$$CBV?$basic_string@DU?$char_traits@D@std@@V?$allocator@D@2@@std@@H@std@@@2@$0A@@std@@@std@@IEBAPEAU?$_Tree_node@U?$pair@$$CBV?$basic_string@DU?$char_traits@D@std@@V?$allocator@D@2@@std@@H@std@@PEAX@1@AEBV?$basic_string@DU?$char_traits@D@std@@V?$allocator@D@2@@1@@Z 000000018000ad60 f i ccio.obj
 0001:00009e10       ??$?MDU?$char_traits@D@std@@V?$allocator@D@1@@std@@YA_NAEBV?$basic_string@DU?$char_traits@D@std@@V?$allocator@D@2@@0@0@Z 000000018000ae10 f i ccio.obj
 0001:00009e90       ?resize@?$vector@_NV?$allocator@_N@std@@@std@@QEAAX_K_N@Z 000000018000ae90 f i ccio.obj
 0001:0000a040       ?_Insert_n@?$vector@_NV?$allocator@_N@std@@@std@@QEAA?AV?$_Vb_iterator@U?$_Wrap_alloc@V?$allocator@I@std@@@std@@@2@V?$_Vb_const_iterator@U?$_Wrap_alloc@V?$allocator@I@std@@@std@@@2@_KAEB_N@Z 000000018000b040 f i ccio.obj
 0001:0000a1f0       ?erase@?$vector@_NV?$allocator@_N@std@@@std@@QEAA?AV?$_Vb_iterator@U?$_Wrap_alloc@V?$allocator@I@std@@@std@@@2@V?$_Vb_const_iterator@U?$_Wrap_alloc@V?$allocator@I@std@@@std@@@2@0@Z 000000018000b1f0 f i ccio.obj
 0001:0000a450       ?_Insert_x@?$vector@_NV?$allocator@_N@std@@@std@@QEAA_KV?$_Vb_const_iterator@U?$_Wrap_alloc@V?$allocator@I@std@@@std@@@2@_K@Z 000000018000b450 f i ccio.obj
 0001:0000a670       ?allocate@?$_Wrap_alloc@V?$allocator@U_Grp_t@?$_Tgt_state_t@PEBD@std@@@std@@@std@@QEAAPEAU_Grp_t@?$_Tgt_state_t@PEBD@2@_K@Z 000000018000b670 f i ccio.obj
 0001:0000a6e0       ?resize@?$vector@IV?$allocator@_N@std@@@std@@QEAAX_KAEBI@Z 000000018000b6e0 f i ccio.obj
 0001:0000a880       ?_Reallocate@?$vector@IV?$allocator@_N@std@@@std@@IEAAX_K@Z 000000018000b880 f i ccio.obj
 0001:0000a960       ?_Is_esc@?$_Parser@PEBDDV?$regex_traits@D@std@@@std@@AEBA_NXZ 000000018000b960 f i ccio.obj
 0001:0000a9a0       ?_Next@?$_Parser@PEBDDV?$regex_traits@D@std@@@std@@AEAAXXZ 000000018000b9a0 f i ccio.obj
 0001:0000a9f0       ?_Alternative@?$_Parser@PEBDDV?$regex_traits@D@std@@@std@@AEAA_NXZ 000000018000b9f0 f i ccio.obj
 0001:0000ae90       ?_Beg_expr@?$_Builder@PEBDDV?$regex_traits@D@std@@@std@@QEBA_NXZ 000000018000be90 f i ccio.obj
 0001:0000aed0       ?_Begin_group@?$_Builder@PEBDDV?$regex_traits@D@std@@@std@@QEAAPEAV_Node_base@2@XZ 000000018000bed0 f i ccio.obj
 0001:0000af40       ?_Begin_if@?$_Builder@PEBDDV?$regex_traits@D@std@@@std@@QEAAPEAV_Node_base@2@PEAV32@@Z 000000018000bf40 f i ccio.obj
 0001:0000b020       ?_Match_pat@?$_Matcher@PEBDDV?$regex_traits@D@std@@PEBD@std@@AEAA_NPEAV_Node_base@2@@Z 000000018000c020 f i ccio.obj
 0001:0000b580       ??$_Insert_hint@AEAU?$pair@$$CBV?$basic_string@DU?$char_traits@D@std@@V?$allocator@D@2@@std@@H@std@@PEAU?$_Tree_node@U?$pair@$$CBV?$basic_string@DU?$char_traits@D@std@@V?$allocator@D@2@@std@@H@std@@PEAX@2@@?$_Tree@V?$_Tmap_traits@V?$basic_string@DU?$char_traits@D@std@@V?$allocator@D@2@@std@@HU?$less@V?$basic_string@DU?$char_traits@D@std@@V?$allocator@D@2@@std@@@2@V?$allocator@U?$pair@$$CBV?$basic_string@DU?$char_traits@D@std@@V?$allocator@D@2@@std@@H@std@@@2@$0A@@std@@@std@@IEAA?AV?$_Tree_iterator@V?$_Tree_val@U?$_Tree_simple_types@U?$pair@$$CBV?$basic_string@DU?$char_traits@D@std@@V?$allocator@D@2@@std@@H@std@@@std@@@std@@@1@V?$_Tree_const_iterator@V?$_Tree_val@U?$_Tree_simple_types@U?$pair@$$CBV?$basic_string@DU?$char_traits@D@std@@V?$allocator@D@2@@std@@H@std@@@std@@@std@@@1@AEAU?$pair@$$CBV?$basic_string@DU?$char_traits@D@std@@V?$allocator@D@2@@std@@H@1@PEAU?$_Tree_node@U?$pair@$$CBV?$basic_string@DU?$char_traits@D@std@@V?$allocator@D@2@@std@@H@std@@PEAX@1@@Z 000000018000c580 f i ccio.obj
 0001:0000b810       ??4?$_Tgt_state_t@PEBD@std@@QEAAAEAV01@AEBV01@@Z 000000018000c810 f i ccio.obj
 0001:0000b860       ??4?$vector@U_Grp_t@?$_Tgt_state_t@PEBD@std@@V?$allocator@U_Grp_t@?$_Tgt_state_t@PEBD@std@@@3@@std@@QEAAAEAV01@AEBV01@@Z 000000018000c860 f i ccio.obj
 0001:0000b980       ?_Buy@?$vector@U_Grp_t@?$_Tgt_state_t@PEBD@std@@V?$allocator@U_Grp_t@?$_Tgt_state_t@PEBD@std@@@3@@std@@IEAA_N_K@Z 000000018000c980 f i ccio.obj
 0001:0000b9f0       ??4?$vector@IV?$allocator@_N@std@@@std@@QEAAAEAV01@AEBV01@@Z 000000018000c9f0 f i ccio.obj
 0001:0000bb20       ??0?$vector@IV?$allocator@_N@std@@@std@@QEAA@AEBV01@@Z 000000018000cb20 f i ccio.obj
 0001:0000bbd0       ?_Expect@?$_Parser@PEBDDV?$regex_traits@D@std@@@std@@AEAAXW4_Meta_type@2@W4error_type@regex_constants@2@@Z 000000018000cbd0 f i ccio.obj
 0001:0000bc30       ?_CharacterClass@?$_Parser@PEBDDV?$regex_traits@D@std@@@std@@AEAAXXZ 000000018000cc30 f i ccio.obj
 0001:0000bd20       ?_AtomEscape@?$_Parser@PEBDDV?$regex_traits@D@std@@@std@@AEAAXXZ 000000018000cd20 f i ccio.obj
 0001:0000be10       ?_Wrapped_disjunction@?$_Parser@PEBDDV?$regex_traits@D@std@@@std@@AEAA_NXZ 000000018000ce10 f i ccio.obj
 0001:0000bf70       ?_Quantifier@?$_Parser@PEBDDV?$regex_traits@D@std@@@std@@AEAAXXZ 000000018000cf70 f i ccio.obj
 0001:0000c100       ?_Add_wbound@?$_Builder@PEBDDV?$regex_traits@D@std@@@std@@QEAAXXZ 000000018000d100 f i ccio.obj
 0001:0000c170       ?_Add_char@?$_Builder@PEBDDV?$regex_traits@D@std@@@std@@QEAAXD@Z 000000018000d170 f i ccio.obj
 0001:0000c240       ?_Do_if@?$_Matcher@PEBDDV?$regex_traits@D@std@@PEBD@std@@AEAA_NPEAV_Node_if@2@@Z 000000018000d240 f i ccio.obj
 0001:0000c620       ?_Do_rep@?$_Matcher@PEBDDV?$regex_traits@D@std@@PEBD@std@@AEAA_NPEAV_Node_rep@2@_NH@Z 000000018000d620 f i ccio.obj
 0001:0000c900       ?_Do_class@?$_Matcher@PEBDDV?$regex_traits@D@std@@PEBD@std@@AEAA_NPEAV_Node_base@2@@Z 000000018000d900 f i ccio.obj
 0001:0000ca60       ?_Better_match@?$_Matcher@PEBDDV?$regex_traits@D@std@@PEBD@std@@AEAA_NXZ 000000018000da60 f i ccio.obj
 0001:0000cb50       ??$_Compare@PEBDPEBDV?$regex_traits@D@std@@@std@@YAPEBDPEBD000AEBV?$regex_traits@D@0@W4syntax_option_type@regex_constants@0@@Z 000000018000db50 f i ccio.obj
 0001:0000cba0       ??$_Insert_at@AEAU?$pair@$$CBV?$basic_string@DU?$char_traits@D@std@@V?$allocator@D@2@@std@@H@std@@PEAU?$_Tree_node@U?$pair@$$CBV?$basic_string@DU?$char_traits@D@std@@V?$allocator@D@2@@std@@H@std@@PEAX@2@@?$_Tree@V?$_Tmap_traits@V?$basic_string@DU?$char_traits@D@std@@V?$allocator@D@2@@std@@HU?$less@V?$basic_string@DU?$char_traits@D@std@@V?$allocator@D@2@@std@@@2@V?$allocator@U?$pair@$$CBV?$basic_string@DU?$char_traits@D@std@@V?$allocator@D@2@@std@@H@std@@@2@$0A@@std@@@std@@IEAA?AV?$_Tree_iterator@V?$_Tree_val@U?$_Tree_simple_types@U?$pair@$$CBV?$basic_string@DU?$char_traits@D@std@@V?$allocator@D@2@@std@@H@std@@@std@@@std@@@1@_NPEAU?$_Tree_node@U?$pair@$$CBV?$basic_string@DU?$char_traits@D@std@@V?$allocator@D@2@@std@@H@std@@PEAX@1@AEAU?$pair@$$CBV?$basic_string@DU?$char_traits@D@std@@V?$allocator@D@2@@std@@H@1@1@Z 000000018000dba0 f i ccio.obj
 0001:0000ce90       ??$_Insert_nohint@AEAU?$pair@$$CBV?$basic_string@DU?$char_traits@D@std@@V?$allocator@D@2@@std@@H@std@@PEAU?$_Tree_node@U?$pair@$$CBV?$basic_string@DU?$char_traits@D@std@@V?$allocator@D@2@@std@@H@std@@PEAX@2@@?$_Tree@V?$_Tmap_traits@V?$basic_string@DU?$char_traits@D@std@@V?$allocator@D@2@@std@@HU?$less@V?$basic_string@DU?$char_traits@D@std@@V?$allocator@D@2@@std@@@2@V?$allocator@U?$pair@$$CBV?$basic_string@DU?$char_traits@D@std@@V?$allocator@D@2@@std@@H@std@@@2@$0A@@std@@@std@@IEAA?AU?$pair@V?$_Tree_iterator@V?$_Tree_val@U?$_Tree_simple_types@U?$pair@$$CBV?$basic_string@DU?$char_traits@D@std@@V?$allocator@D@2@@std@@H@std@@@std@@@std@@@std@@_N@1@_NAEAU?$pair@$$CBV?$basic_string@DU?$char_traits@D@std@@V?$allocator@D@2@@std@@H@1@PEAU?$_Tree_node@U?$pair@$$CBV?$basic_string@DU?$char_traits@D@std@@V?$allocator@D@2@@std@@H@std@@PEAX@1@@Z 000000018000de90 f i ccio.obj
 0001:0000d060       ??0?$vector@U_Grp_t@?$_Tgt_state_t@PEBD@std@@V?$allocator@U_Grp_t@?$_Tgt_state_t@PEBD@std@@@3@@std@@QEAA@AEBV01@@Z 000000018000e060 f i ccio.obj
 0001:0000d120       ??1?$_Node_class@DV?$regex_traits@D@std@@@std@@UEAA@XZ 000000018000e120 f i ccio.obj
 0001:0000d210       ?translate@?$_Regex_traits@D@std@@QEBADD@Z 000000018000e210 f i ccio.obj
 0001:0000d2d0       ??_E?$_Node_class@DV?$regex_traits@D@std@@@std@@UEAAPEAXI@Z 000000018000e2d0 f i * CIL library *:* CIL module *
 0001:0000d2d0       ??_G?$_Node_class@DV?$regex_traits@D@std@@@std@@UEAAPEAXI@Z 000000018000e2d0 f i ccio.obj
 0001:0000d310       ?_DecimalDigits@?$_Parser@PEBDDV?$regex_traits@D@std@@@std@@AEAA_NXZ 000000018000e310 f i ccio.obj
 0001:0000d3c0       ?_CharacterClassEscape@?$_Parser@PEBDDV?$regex_traits@D@std@@@std@@AEAA_N_N@Z 000000018000e3c0 f i ccio.obj
 0001:0000d4b0       ?_ClassRanges@?$_Parser@PEBDDV?$regex_traits@D@std@@@std@@AEAAXXZ 000000018000e4b0 f i ccio.obj
 0001:0000d610       ?_CharacterEscape@?$_Parser@PEBDDV?$regex_traits@D@std@@@std@@AEAA_NXZ 000000018000e610 f i ccio.obj
 0001:0000d9c0       ?_Do_capture_group@?$_Parser@PEBDDV?$regex_traits@D@std@@@std@@AEAAXXZ 000000018000e9c0 f i ccio.obj
 0001:0000da40       ?_Do_noncapture_group@?$_Parser@PEBDDV?$regex_traits@D@std@@@std@@AEAAXXZ 000000018000ea40 f i ccio.obj
 0001:0000dad0       ?_Do_assert_group@?$_Parser@PEBDDV?$regex_traits@D@std@@@std@@AEAAX_N@Z 000000018000ead0 f i ccio.obj
 0001:0000db20       ?_Add_class@?$_Builder@PEBDDV?$regex_traits@D@std@@@std@@QEAAXXZ 000000018000eb20 f i ccio.obj
 0001:0000dbb0       ?_Add_backreference@?$_Builder@PEBDDV?$regex_traits@D@std@@@std@@QEAAXI@Z 000000018000ebb0 f i ccio.obj
 0001:0000dc30       ?_Add_rep@?$_Builder@PEBDDV?$regex_traits@D@std@@@std@@QEAAXHH_N@Z 000000018000ec30 f i ccio.obj
 0001:0000dee0       ?_Add_str_node@?$_Builder@PEBDDV?$regex_traits@D@std@@@std@@AEAAXXZ 000000018000eee0 f i ccio.obj
 0001:0000df60       ?_Do_rep0@?$_Matcher@PEBDDV?$regex_traits@D@std@@PEBD@std@@AEAA_NPEAV_Node_rep@2@_N@Z 000000018000ef60 f i ccio.obj
 0001:0000e3d0       ??$_Lookup_coll@PEBDD@std@@YAPEBDPEBD0PEBU?$_Sequence@D@0@@Z 000000018000f3d0 f i ccio.obj
 0001:0000e460       ??$_Cmp_chrange@PEBDPEBDU?$_Cmp_icase@V?$regex_traits@D@std@@@std@@@std@@YAPEBDPEBD000U?$_Cmp_icase@V?$regex_traits@D@std@@@0@@Z 000000018000f460 f i ccio.obj
 0001:0000e530       ??$_Cmp_chrange@PEBDPEBDU?$_Cmp_collate@V?$regex_traits@D@std@@@std@@@std@@YAPEBDPEBD000U?$_Cmp_collate@V?$regex_traits@D@std@@@0@@Z 000000018000f530 f i ccio.obj
 0001:0000e5d0       ??_E?$_Node_str@D@std@@UEAAPEAXI@Z 000000018000f5d0 f i * CIL library *:* CIL module *
 0001:0000e5d0       ??_G?$_Node_str@D@std@@UEAAPEAXI@Z 000000018000f5d0 f i ccio.obj
 0001:0000e620       ?_OctalDigits@?$_Parser@PEBDDV?$regex_traits@D@std@@@std@@AEAA_NXZ 000000018000f620 f i ccio.obj
 0001:0000e6c0       ?_ClassAtom@?$_Parser@PEBDDV?$regex_traits@D@std@@@std@@AEAA?AW4_Prs_ret@2@XZ 000000018000f6c0 f i ccio.obj
 0001:0000e910       ?_IdentityEscape@?$_Parser@PEBDDV?$regex_traits@D@std@@@std@@AEAA_NXZ 000000018000f910 f i ccio.obj
 0001:0000e990       ?_Do_ffn@?$_Parser@PEBDDV?$regex_traits@D@std@@@std@@AEAA_ND@Z 000000018000f990 f i ccio.obj
 0001:0000e9e0       ?_Add_range@?$_Builder@PEBDDV?$regex_traits@D@std@@@std@@QEAAXDD@Z 000000018000f9e0 f i ccio.obj
 0001:0000ebb0       ?_Begin_assert_group@?$_Builder@PEBDDV?$regex_traits@D@std@@@std@@QEAAPEAV_Node_base@2@_N@Z 000000018000fbb0 f i ccio.obj
 0001:0000ec80       ?_Add_char_to_bitmap@?$_Builder@PEBDDV?$regex_traits@D@std@@@std@@AEAAXD@Z 000000018000fc80 f i ccio.obj
 0001:0000ed20       ?_Add_char_to_array@?$_Builder@PEBDDV?$regex_traits@D@std@@@std@@AEAAXD@Z 000000018000fd20 f i ccio.obj
 0001:0000ede0       ??$lookup_classname@PEBD@?$_Regex_traits@D@std@@QEBAFPEBD0_N@Z 000000018000fde0 f i ccio.obj
 0001:0000eeb0       ?_Do_ex_class@?$_Parser@PEBDDV?$regex_traits@D@std@@@std@@AEAAXW4_Meta_type@2@@Z 000000018000feb0 f i ccio.obj
 0001:0000f0d0       ?_ClassEscape@?$_Parser@PEBDDV?$regex_traits@D@std@@@std@@AEAA?AW4_Prs_ret@2@_N@Z 00000001800100d0 f i ccio.obj
 0001:0000f1a0       ?_IsIdentityEscape@?$_Parser@PEBDDV?$regex_traits@D@std@@@std@@AEBA_NXZ 00000001800101a0 f i ccio.obj
 0001:0000f2c0       ?_Add_elts@?$_Builder@PEBDDV?$regex_traits@D@std@@@std@@AEAAXPEAV?$_Node_class@DV?$regex_traits@D@std@@@2@F_N@Z 00000001800102c0 f i ccio.obj
 0001:0000f3b0       ?_Add_equiv@?$_Builder@PEBDDV?$regex_traits@D@std@@@std@@QEAAXPEBD0_J@Z 00000001800103b0 f i ccio.obj
 0001:0000f5e0       ?_Char_to_elts@?$_Builder@PEBDDV?$regex_traits@D@std@@@std@@AEAAXPEBD0_JPEAPEAU?$_Sequence@D@2@@Z 00000001800105e0 f i ccio.obj
 0001:0000f680       ??$transform_primary@PEBD@?$_Regex_traits@D@std@@QEBA?AV?$basic_string@DU?$char_traits@D@std@@V?$allocator@D@2@@1@PEBD0@Z 0000000180010680 f i ccio.obj
 0001:0000f680       ??$transform_primary@PEAD@?$_Regex_traits@D@std@@QEBA?AV?$basic_string@DU?$char_traits@D@std@@V?$allocator@D@2@@1@PEAD0@Z 0000000180010680 f i ccio.obj
 0001:0000f8b0       ??$_Insert@PEBD@?$_Buf@D@std@@QEAAXPEBD0@Z 00000001800108b0 f i ccio.obj
 0001:0000f940       ??$_Equal_unchecked1@PEBDPEBDU?$_Cmp_icase@V?$_Regex_traits@D@std@@@std@@@std@@YA_NPEBD00AEAU?$_Cmp_icase@V?$_Regex_traits@D@std@@@0@U?$integral_constant@_N$0A@@0@@Z 0000000180010940 f i ccio.obj
 0001:0000fa5c       __imp_load_?GetCurrent@Isolate@v8@@SAPEAV12@XZ 0000000180010a5c f   node:node.exe
 0001:0000fa68       __tailMerge_node_exe       0000000180010a68 f i node:node.exe
 0001:0000fae1       __imp_load_??1HandleScope@v8@@QEAA@XZ 0000000180010ae1 f   node:node.exe
 0001:0000faed       __imp_load_??0HandleScope@v8@@QEAA@PEAVIsolate@1@@Z 0000000180010aed f   node:node.exe
 0001:0000faf9       __imp_load_?New@Array@v8@@SA?AV?$Local@VArray@v8@@@2@PEAVIsolate@2@H@Z 0000000180010af9 f   node:node.exe
 0001:0000fb05       __imp_load_?GetFunction@FunctionTemplate@v8@@QEAA?AV?$Local@VFunction@v8@@@2@XZ 0000000180010b05 f   node:node.exe
 0001:0000fb11       __imp_load_?New@FunctionTemplate@v8@@SA?AV?$Local@VFunctionTemplate@v8@@@2@PEAVIsolate@2@P6AXAEBV?$FunctionCallbackInfo@VValue@v8@@@2@@ZV?$Local@VValue@v8@@@2@V?$Local@VSignature@v8@@@2@H@Z 0000000180010b11 f   node:node.exe
 0001:0000fb1d       __imp_load_?NumberValue@Value@v8@@QEBANXZ 0000000180010b1d f   node:node.exe
 0001:0000fb29       __imp_load_?BooleanValue@Value@v8@@QEBA_NXZ 0000000180010b29 f   node:node.exe
 0001:0000fb35       __imp_load_??1Utf8Value@String@v8@@QEAA@XZ 0000000180010b35 f   node:node.exe
 0001:0000fb41       __imp_load_??0Utf8Value@String@v8@@QEAA@V?$Local@VValue@v8@@@2@@Z 0000000180010b41 f   node:node.exe
 0001:0000fb4d       __imp_load_?NewFromUtf8@String@v8@@SA?AV?$Local@VString@v8@@@2@PEAVIsolate@2@PEBDW4NewStringType@12@H@Z 0000000180010b4d f   node:node.exe
 0001:0000fb59       __imp_load_?New@Number@v8@@SA?AV?$Local@VNumber@v8@@@2@PEAVIsolate@2@N@Z 0000000180010b59 f   node:node.exe
 0001:0000fb65       __imp_load_?Set@Object@v8@@QEAA_NV?$Local@VValue@v8@@@2@0@Z 0000000180010b65 f   node:node.exe
 0001:0000fb71       __imp_load_?Set@Object@v8@@QEAA_NIV?$Local@VValue@v8@@@2@@Z 0000000180010b71 f   node:node.exe
 0001:0000fb7d       __imp_load_?SetName@Function@v8@@QEAAXV?$Local@VString@v8@@@2@@Z 0000000180010b7d f   node:node.exe
 0001:0000fb89       __imp_load_node_module_register 0000000180010b89 f   node:node.exe
 0001:0000fb98       _Stollx                    0000000180010b98 f   libcpmt:xstoll.obj
 0001:0000fc8c       _Stolx                     0000000180010c8c f   libcpmt:xstol.obj
 0001:0000fd6c       _Strxfrm                   0000000180010d6c f   libcpmt:xstrxfrm.obj
 0001:0000fe6c       _Stoulx                    0000000180010e6c f   libcpmt:xstoul.obj
 0001:0001003c       ??0_Init_locks@std@@QEAA@XZ 000000018001103c f   libcpmt:xlock.obj
 0001:00010088       ??0_Lockit@std@@QEAA@H@Z   0000000180011088 f   libcpmt:xlock.obj
 0001:000100c4       ??1_Init_locks@std@@QEAA@XZ 00000001800110c4 f   libcpmt:xlock.obj
 0001:00010108       ??1_Lockit@std@@QEAA@XZ    0000000180011108 f   libcpmt:xlock.obj
 0001:0001013c       ??$use_facet@V?$codecvt@DDU_Mbstatet@@@std@@@std@@YAAEBV?$codecvt@DDU_Mbstatet@@@0@AEBVlocale@0@@Z 000000018001113c f i libcpmt:cout.obj
 0001:00010274       ??0?$basic_ostream@DU?$char_traits@D@std@@@std@@QEAA@PEAV?$basic_streambuf@DU?$char_traits@D@std@@@1@_N@Z 0000000180011274 f i libcpmt:cout.obj
 0001:0001033c       ??0?$basic_streambuf@DU?$char_traits@D@std@@@std@@IEAA@XZ 000000018001133c f i libcpmt:cout.obj
 0001:000103ec       ??0_Init_cout@std@@QEAA@XZ 00000001800113ec f i libcpmt:cout.obj
 0001:00010458       ??0bad_cast@std@@QEAA@AEBV01@@Z 0000000180011458 f i libcpmt:cout.obj
 0001:00010498       ??0bad_cast@std@@QEAA@XZ   0000000180011498 f i libcpmt:cout.obj
 0001:000104b8       ??0exception@std@@QEAA@AEBV01@@Z 00000001800114b8 f i libcpmt:cout.obj
 0001:000104f0       ??0runtime_error@std@@QEAA@AEBV01@@Z 00000001800114f0 f i libcpmt:cout.obj
 0001:00010530       ??1?$basic_filebuf@DU?$char_traits@D@std@@@std@@UEAA@XZ 0000000180011530 f i libcpmt:cout.obj
 0001:000105dc       ??1?$basic_ios@DU?$char_traits@D@std@@@std@@UEAA@XZ 00000001800115dc f i libcpmt:cout.obj
 0001:00010600       ??_E?$basic_ostream@DU?$char_traits@D@std@@@std@@$4PPPPPPPM@A@EAAPEAXI@Z 0000000180011600 f i libcpmt:cout.obj
 0001:0001060c       ??_G?$basic_filebuf@DU?$char_traits@D@std@@@std@@UEAAPEAXI@Z 000000018001160c f i libcpmt:cout.obj
 0001:0001060c       ??_E?$basic_filebuf@DU?$char_traits@D@std@@@std@@UEAAPEAXI@Z 000000018001160c f i libcpmt:cout.obj
 0001:00010640       ??_G?$basic_ios@DU?$char_traits@D@std@@@std@@UEAAPEAXI@Z 0000000180011640 f i libcpmt:cout.obj
 0001:00010640       ??_E?$basic_ios@DU?$char_traits@D@std@@@std@@UEAAPEAXI@Z 0000000180011640 f i libcpmt:cout.obj
 0001:0001068c       ??_G?$basic_ostream@DU?$char_traits@D@std@@@std@@UEAAPEAXI@Z 000000018001168c f i libcpmt:cout.obj
 0001:0001068c       ??_E?$basic_ostream@DU?$char_traits@D@std@@@std@@UEAAPEAXI@Z 000000018001168c f i libcpmt:cout.obj
 0001:000106fc       ??_E?$basic_streambuf@DU?$char_traits@D@std@@@std@@UEAAPEAXI@Z 00000001800116fc f i libcpmt:cout.obj
 0001:000106fc       ??_G?$basic_streambuf@DU?$char_traits@D@std@@@std@@UEAAPEAXI@Z 00000001800116fc f i libcpmt:cout.obj
 0001:0001074c       ??_Eios_base@std@@UEAAPEAXI@Z 000000018001174c f i libcpmt:cout.obj
 0001:0001074c       ??_Gios_base@std@@UEAAPEAXI@Z 000000018001174c f i libcpmt:cout.obj
 0001:00010798       ??_Glocale@std@@QEAAPEAXI@Z 0000000180011798 f i libcpmt:cout.obj
 0001:00010828       ?_Endwrite@?$basic_filebuf@DU?$char_traits@D@std@@@std@@IEAA_NXZ 0000000180011828 f i libcpmt:cout.obj
 0001:000109dc       ?_Getcat@?$codecvt@DDU_Mbstatet@@@std@@SA_KPEAPEBVfacet@locale@2@PEBV42@@Z 00000001800119dc f i libcpmt:cout.obj
 0001:00010aa0       ?_Init@?$basic_filebuf@DU?$char_traits@D@std@@@std@@IEAAXPEAU_iobuf@@W4_Initfl@12@@Z 0000000180011aa0 f i libcpmt:cout.obj
 0001:00010b8c       ?_Init@ios_base@std@@IEAAXXZ 0000000180011b8c f i libcpmt:cout.obj
 0001:00010c0c       ?_Initcvt@?$basic_filebuf@DU?$char_traits@D@std@@@std@@IEAAXPEBV?$codecvt@DDU_Mbstatet@@@2@@Z 0000000180011c0c f i libcpmt:cout.obj
 0001:00010cac       ?_Lock@?$basic_filebuf@DU?$char_traits@D@std@@@std@@UEAAXXZ 0000000180011cac f i libcpmt:cout.obj
 0001:00010cc8       ?_Unlock@?$basic_filebuf@DU?$char_traits@D@std@@@std@@UEAAXXZ 0000000180011cc8 f i libcpmt:cout.obj
 0001:00010ce4       ?do_always_noconv@?$codecvt@DDU_Mbstatet@@@std@@MEBA_NXZ 0000000180011ce4 f i libcpmt:cout.obj
 0001:00010ce4       __acrt_uninitialize_command_line 0000000180011ce4 f i libucrt:argv_data.obj
 0001:00010ce8       ?do_in@?$codecvt@DDU_Mbstatet@@@std@@MEBAHAEAU_Mbstatet@@PEBD1AEAPEBDPEAD3AEAPEAD@Z 0000000180011ce8 f i libcpmt:cout.obj
 0001:00010ce8       ?do_out@?$codecvt@DDU_Mbstatet@@@std@@MEBAHAEAU_Mbstatet@@PEBD1AEAPEBDPEAD3AEAPEAD@Z 0000000180011ce8 f i libcpmt:cout.obj
 0001:00010d04       ?do_length@?$codecvt@DDU_Mbstatet@@@std@@MEBAHAEAU_Mbstatet@@PEBD1_K@Z 0000000180011d04 f i libcpmt:cout.obj
 0001:00010d18       ?do_encoding@codecvt_base@std@@MEBAHXZ 0000000180011d18 f i libcpmt:cout.obj
 0001:00010d18       _get_startup_argv_mode     0000000180011d18 f i LIBCMT:argv_mode.obj
 0001:00010d18       ?do_max_length@codecvt_base@std@@MEBAHXZ 0000000180011d18 f i libcpmt:cout.obj
 0001:00010d18       DllMain                    0000000180011d18 f i LIBCMT:dll_dllmain_stub.obj
 0001:00010d20       ?do_unshift@?$codecvt@DDU_Mbstatet@@@std@@MEBAHAEAU_Mbstatet@@PEAD1AEAPEAD@Z 0000000180011d20 f i libcpmt:cout.obj
 0001:00010d2c       ?imbue@?$basic_filebuf@DU?$char_traits@D@std@@@std@@MEAAXAEBVlocale@2@@Z 0000000180011d2c f i libcpmt:cout.obj
 0001:00010d50       ?overflow@?$basic_filebuf@DU?$char_traits@D@std@@@std@@MEAAHH@Z 0000000180011d50 f i libcpmt:cout.obj
 0001:00010fb0       ?overflow@?$basic_streambuf@DU?$char_traits@D@std@@@std@@MEAAHH@Z 0000000180011fb0 f i libcpmt:cout.obj
 0001:00010fb0       ?underflow@?$basic_streambuf@DU?$char_traits@D@std@@@std@@MEAAHXZ 0000000180011fb0 f i libcpmt:cout.obj
 0001:00010fb0       ?pbackfail@?$basic_streambuf@DU?$char_traits@D@std@@@std@@MEAAHH@Z 0000000180011fb0 f i libcpmt:cout.obj
 0001:00010fb4       ?pbackfail@?$basic_filebuf@DU?$char_traits@D@std@@@std@@MEAAHH@Z 0000000180011fb4 f i libcpmt:cout.obj
 0001:00011084       ?seekoff@?$basic_filebuf@DU?$char_traits@D@std@@@std@@MEAA?AV?$fpos@U_Mbstatet@@@2@_JHH@Z 0000000180012084 f i libcpmt:cout.obj
 0001:00011170       ?seekpos@?$basic_filebuf@DU?$char_traits@D@std@@@std@@MEAA?AV?$fpos@U_Mbstatet@@@2@V32@H@Z 0000000180012170 f i libcpmt:cout.obj
 0001:00011270       ?seekoff@?$basic_streambuf@DU?$char_traits@D@std@@@std@@MEAA?AV?$fpos@U_Mbstatet@@@2@_JHH@Z 0000000180012270 f i libcpmt:cout.obj
 0001:00011270       ?seekpos@?$basic_streambuf@DU?$char_traits@D@std@@@std@@MEAA?AV?$fpos@U_Mbstatet@@@2@V32@H@Z 0000000180012270 f i libcpmt:cout.obj
 0001:0001128c       ?setbuf@?$basic_filebuf@DU?$char_traits@D@std@@@std@@MEAAPEAV?$basic_streambuf@DU?$char_traits@D@std@@@2@PEAD_J@Z 000000018001228c f i libcpmt:cout.obj
 0001:000112e0       ?setbuf@?$basic_streambuf@DU?$char_traits@D@std@@@std@@MEAAPEAV12@PEAD_J@Z 00000001800122e0 f i libcpmt:cout.obj
 0001:000112e4       ?showmanyc@?$basic_streambuf@DU?$char_traits@D@std@@@std@@MEAA_JXZ 00000001800122e4 f i libcpmt:cout.obj
 0001:000112e4       ?sync@?$basic_streambuf@DU?$char_traits@D@std@@@std@@MEAAHXZ 00000001800122e4 f i libcpmt:cout.obj
 0001:000112e8       ?sync@?$basic_filebuf@DU?$char_traits@D@std@@@std@@MEAAHXZ 00000001800122e8 f i libcpmt:cout.obj
 0001:00011348       ?uflow@?$basic_filebuf@DU?$char_traits@D@std@@@std@@MEAAHXZ 0000000180012348 f i libcpmt:cout.obj
 0001:000115e0       ?uflow@?$basic_streambuf@DU?$char_traits@D@std@@@std@@MEAAHXZ 00000001800125e0 f i libcpmt:cout.obj
 0001:0001162c       ?underflow@?$basic_filebuf@DU?$char_traits@D@std@@@std@@MEAAHXZ 000000018001262c f i libcpmt:cout.obj
 0001:000116a4       ?what@exception@std@@UEBAPEBDXZ 00000001800126a4 f i libcpmt:cout.obj
 0001:000116b8       ?xsgetn@?$basic_streambuf@DU?$char_traits@D@std@@@std@@MEAA_JPEAD_J@Z 00000001800126b8 f i libcpmt:cout.obj
 0001:00011778       ?xsputn@?$basic_streambuf@DU?$char_traits@D@std@@@std@@MEAA_JPEBD_J@Z 0000000180012778 f i libcpmt:cout.obj
 0001:0001183c       ??4?$_Yarn@D@std@@QEAAAEAV01@PEBD@Z 000000018001283c f i libcpmt:locale0.obj
 0001:000118b4       ??_G_Fac_node@std@@QEAAPEAXI@Z 00000001800128b4 f i libcpmt:locale0.obj
 0001:00011940       ??_G_Locimp@locale@std@@MEAAPEAXI@Z 0000000180012940 f i libcpmt:locale0.obj
 0001:00011940       ??_E_Locimp@locale@std@@MEAAPEAXI@Z 0000000180012940 f i libcpmt:locale0.obj
 0001:000119ac       ?_Facet_Register@std@@YAXPEAV_Facet_base@1@@Z 00000001800129ac f   libcpmt:locale0.obj
 0001:000119e4       ?_Getgloballocale@locale@std@@CAPEAV_Locimp@12@XZ 00000001800129e4 f   libcpmt:locale0.obj
 0001:000119ec       ?_Init@locale@std@@CAPEAV_Locimp@12@_N@Z 00000001800129ec f   libcpmt:locale0.obj
 0001:00011aa8       ?_Locimp_dtor@_Locimp@locale@std@@CAXPEAV123@@Z 0000000180012aa8 f   libcpmt:locale0.obj
 0001:00011b50       ?_Locinfo_ctor@_Locinfo@std@@SAXPEAV12@PEBD@Z 0000000180012b50 f   libcpmt:locale0.obj
 0001:00011bbc       ?_Locinfo_dtor@_Locinfo@std@@SAXPEAV12@@Z 0000000180012bbc f   libcpmt:locale0.obj
 0001:00011be0       ?_New_Locimp@_Locimp@locale@std@@CAPEAV123@_N@Z 0000000180012be0 f   libcpmt:locale0.obj
 0001:00011c50       ?_Setgloballocale@locale@std@@CAXPEAX@Z 0000000180012c50 f   libcpmt:locale0.obj
 0001:00011c84       _Deletegloballocale        0000000180012c84 f   libcpmt:locale0.obj
 0001:00011d0c       ??0?$basic_istream@DU?$char_traits@D@std@@@std@@QEAA@PEAV?$basic_streambuf@DU?$char_traits@D@std@@@1@_N@Z 0000000180012d0c f i libcpmt:cin.obj
 0001:00011dd8       ??_E?$basic_istream@DU?$char_traits@D@std@@@std@@$4PPPPPPPM@A@EAAPEAXI@Z 0000000180012dd8 f i libcpmt:cin.obj
 0001:00011de4       ??_G?$basic_istream@DU?$char_traits@D@std@@@std@@UEAAPEAXI@Z 0000000180012de4 f i libcpmt:cin.obj
 0001:00011de4       ??_E?$basic_istream@DU?$char_traits@D@std@@@std@@UEAAPEAXI@Z 0000000180012de4 f i libcpmt:cin.obj
 0001:00011e54       ??0bad_alloc@std@@QEAA@AEBV01@@Z 0000000180012e54 f i libcpmt:xthrow.obj
 0001:00011e94       ??0bad_alloc@std@@QEAA@XZ  0000000180012e94 f i libcpmt:xthrow.obj
 0001:00011eb4       ??0length_error@std@@QEAA@AEBV01@@Z 0000000180012eb4 f i libcpmt:xthrow.obj
 0001:00011ef4       ??0length_error@std@@QEAA@PEBD@Z 0000000180012ef4 f i libcpmt:xthrow.obj
 0001:00011f40       ??0logic_error@std@@QEAA@AEBV01@@Z 0000000180012f40 f i libcpmt:xthrow.obj
 0001:00011f80       ??0out_of_range@std@@QEAA@AEBV01@@Z 0000000180012f80 f i libcpmt:xthrow.obj
 0001:00011fc0       ??0out_of_range@std@@QEAA@PEBD@Z 0000000180012fc0 f i libcpmt:xthrow.obj
 0001:0001200c       ??0regex_error@std@@QEAA@AEBV01@@Z 000000018001300c f i libcpmt:xthrow.obj
 0001:0001205c       ??0regex_error@std@@QEAA@W4error_type@regex_constants@1@@Z 000000018001305c f i libcpmt:xthrow.obj
 0001:000120c4       ??_Elength_error@std@@UEAAPEAXI@Z 00000001800130c4 f i libcpmt:xthrow.obj
 0001:000120c4       ??_Gout_of_range@std@@UEAAPEAXI@Z 00000001800130c4 f i libcpmt:xthrow.obj
 0001:000120c4       ??_Glength_error@std@@UEAAPEAXI@Z 00000001800130c4 f i libcpmt:xthrow.obj
 0001:000120c4       ??_Glogic_error@std@@UEAAPEAXI@Z 00000001800130c4 f i libcpmt:xthrow.obj
 0001:000120c4       ??_Eexception@std@@UEAAPEAXI@Z 00000001800130c4 f i libcpmt:cout.obj
 0001:000120c4       ??_Gbad_cast@std@@UEAAPEAXI@Z 00000001800130c4 f i libcpmt:cout.obj
 0001:000120c4       ??_Ebad_exception@std@@UEAAPEAXI@Z 00000001800130c4 f i libvcruntime:frame.obj
 0001:000120c4       ??_Gexception@std@@UEAAPEAXI@Z 00000001800130c4 f i libcpmt:cout.obj
 0001:000120c4       ??_Ebad_array_new_length@std@@UEAAPEAXI@Z 00000001800130c4 f i LIBCMT:throw_bad_alloc.obj
 0001:000120c4       ??_Gbad_alloc@std@@UEAAPEAXI@Z 00000001800130c4 f i libcpmt:xthrow.obj
 0001:000120c4       ??_Gbad_exception@std@@UEAAPEAXI@Z 00000001800130c4 f i libvcruntime:frame.obj
 0001:000120c4       ??_Eout_of_range@std@@UEAAPEAXI@Z 00000001800130c4 f i libcpmt:xthrow.obj
 0001:000120c4       ??_Gbad_array_new_length@std@@UEAAPEAXI@Z 00000001800130c4 f i LIBCMT:throw_bad_alloc.obj
 0001:000120c4       ??_Elogic_error@std@@UEAAPEAXI@Z 00000001800130c4 f i libcpmt:xthrow.obj
 0001:000120c4       ??_Ebad_cast@std@@UEAAPEAXI@Z 00000001800130c4 f i libcpmt:cout.obj
 0001:000120c4       ??_Ebad_alloc@std@@UEAAPEAXI@Z 00000001800130c4 f i libcpmt:xthrow.obj
 0001:00012108       ??_Gregex_error@std@@UEAAPEAXI@Z 0000000180013108 f i libcpmt:xthrow.obj
 0001:00012108       ??_Eregex_error@std@@UEAAPEAXI@Z 0000000180013108 f i libcpmt:xthrow.obj
 0001:0001214c       ?_Stringify@regex_error@std@@CAPEBDW4error_type@regex_constants@2@@Z 000000018001314c f i libcpmt:xthrow.obj
 0001:00012218       ?_Xlength_error@std@@YAXPEBD@Z 0000000180013218 f   libcpmt:xthrow.obj
 0001:0001223c       ?_Xout_of_range@std@@YAXPEBD@Z 000000018001323c f   libcpmt:xthrow.obj
 0001:00012260       ?_Xregex_error@std@@YAXW4error_type@regex_constants@1@@Z 0000000180013260 f   libcpmt:xthrow.obj
 0001:00012284       ?_Syserror_map@std@@YAPEBDH@Z 0000000180013284 f   libcpmt:syserror.obj
 0001:000122ac       _Stoullx                   00000001800132ac f   libcpmt:xstoull.obj
 0001:00012474       _Getctype                  0000000180013474 f   libcpmt:_tolower.obj
 0001:00012534       _Tolower                   0000000180013534 f   libcpmt:_tolower.obj
 0001:0001265c       _Getcoll                   000000018001365c f   libcpmt:xstrcoll.obj
 0001:00012690       _Strcoll                   0000000180013690 f   libcpmt:xstrcoll.obj
 0001:00012760       _Getcvt                    0000000180013760 f   libcpmt:xwctomb.obj
 0001:000127f0       _Toupper                   00000001800137f0 f   libcpmt:_toupper.obj
 0001:00012928       __crtLCMapStringA          0000000180013928 f   libcpmt:StlLCMapStringA.obj
 0001:00012c14       _Mtxdst                    0000000180013c14 f   libcpmt:xmtx.obj
 0001:00012c1c       _Mtxinit                   0000000180013c1c f   libcpmt:xmtx.obj
 0001:00012c2c       _Mtxlock                   0000000180013c2c f   libcpmt:xmtx.obj
 0001:00012c34       _Mtxunlock                 0000000180013c34 f   libcpmt:xmtx.obj
 0001:00012c3c       ?_Addstd@ios_base@std@@SAXPEAV12@@Z 0000000180013c3c f   libcpmt:ios.obj
 0001:00012cac       ?_Ios_base_dtor@ios_base@std@@CAXPEAV12@@Z 0000000180013cac f   libcpmt:ios.obj
 0001:00012cf0       ?_Tidy@ios_base@std@@AEAAXXZ 0000000180013cf0 f i libcpmt:ios.obj
 0001:00012d80       ?_Atexit@@YAXP6AXXZ@Z      0000000180013d80 f   libcpmt:iosptrs.obj
 0001:00012dc0       __local_stdio_printf_options 0000000180013dc0 f i libcpmt:locale.obj
 0001:00012dc8       __crtCompareStringA        0000000180013dc8 f   libcpmt:StlCompareStringA.obj
 0001:00013128       GetTableIndexFromLocaleName 0000000180014128 f   libcpmt:winapinls.obj
 0001:000131b4       __crtCompareStringEx       00000001800141b4 f   libcpmt:winapinls.obj
 0001:00013270       __crtDownlevelLocaleNameToLCID 0000000180014270 f   libcpmt:winapinls.obj
 0001:000132a4       __crtLCMapStringEx         00000001800142a4 f   libcpmt:winapinls.obj
 0001:00013360       __wcsnicmp_ascii           0000000180014360 f   libcpmt:winapinls.obj
 0001:00013888       __crtInitializeCriticalSectionEx 0000000180014888 f   libcpmt:winapisupp.obj
 0001:00013900       __security_check_cookie    0000000180014900 f   LIBCMT:_amdsecgs_.obj
 0001:00013a6c       _Init_thread_footer        0000000180014a6c f   LIBCMT:thread_safe_statics.obj
 0001:00013acc       _Init_thread_header        0000000180014acc f   LIBCMT:thread_safe_statics.obj
 0001:00013b34       _Init_thread_notify        0000000180014b34 f   LIBCMT:thread_safe_statics.obj
 0001:00013b90       _Init_thread_wait          0000000180014b90 f   LIBCMT:thread_safe_statics.obj
 0001:00013c28       ??2@YAPEAX_K@Z             0000000180014c28 f   LIBCMT:new_scalar.obj
 0001:00013c64       __scrt_acquire_startup_lock 0000000180014c64 f   LIBCMT:utility.obj
 0001:00013ca0       __scrt_dllmain_after_initialize_c 0000000180014ca0 f   LIBCMT:utility.obj
 0001:00013cd4       __scrt_dllmain_before_initialize_c 0000000180014cd4 f   LIBCMT:utility.obj
 0001:00013cec       __scrt_dllmain_crt_thread_attach 0000000180014cec f   LIBCMT:utility.obj
 0001:00013d14       __scrt_dllmain_crt_thread_detach 0000000180014d14 f   LIBCMT:utility.obj
 0001:00013d2c       __scrt_dllmain_exception_filter 0000000180014d2c f   LIBCMT:utility.obj
 0001:00013d90       __scrt_dllmain_uninitialize_c 0000000180014d90 f   LIBCMT:utility.obj
 0001:00013dc0       __scrt_dllmain_uninitialize_critical 0000000180014dc0 f   LIBCMT:utility.obj
 0001:00013dd4       __scrt_initialize_crt      0000000180014dd4 f   LIBCMT:utility.obj
 0001:00013e20       __scrt_initialize_onexit_tables 0000000180014e20 f   LIBCMT:utility.obj
 0001:00013eec       __scrt_is_nonwritable_in_current_image 0000000180014eec f   LIBCMT:utility.obj
 0001:00013f88       __scrt_release_startup_lock 0000000180014f88 f   LIBCMT:utility.obj
 0001:00013fac       __scrt_uninitialize_crt    0000000180014fac f   LIBCMT:utility.obj
 0001:00013fd8       _onexit                    0000000180014fd8 f   LIBCMT:utility.obj
 0001:00014028       atexit                     0000000180015028 f   LIBCMT:utility.obj
 0001:00014040       ??3@YAXPEAX@Z              0000000180015040 f   LIBCMT:delete_scalar.obj
 0001:00014048       ??3@YAXPEAX_K@Z            0000000180015048 f   LIBCMT:delete_scalar_size.obj
 0001:00014048       ??_V@YAXPEAX@Z             0000000180015048 f   LIBCMT:delete_array.obj
 0001:0001439c       _DllMainCRTStartup         000000018001539c f   LIBCMT:dll_dllmain.obj
 0001:000143dc       __GSHandlerCheck           00000001800153dc f   LIBCMT:_gshandler_.obj
 0001:000143fc       __GSHandlerCheckCommon     00000001800153fc f   LIBCMT:_gshandler_.obj
 0001:00014458       __GSHandlerCheck_EH        0000000180015458 f   LIBCMT:gshandlereh.obj
 0001:000144d8       _guard_check_icall         00000001800154d8 f i LIBCMT:checkcfg.obj
 0001:000144e0       ??_Gtype_info@@UEAAPEAXI@Z 00000001800154e0 f i LIBCMT:std_type_info_static.obj
 0001:000144e0       ??_Etype_info@@UEAAPEAXI@Z 00000001800154e0 f i LIBCMT:std_type_info_static.obj
 0001:00014520       __chkstk                   0000000180015520 f   LIBCMT:_chkstk_.obj
 0001:00014520       _alloca_probe              0000000180015520 f   LIBCMT:_chkstk_.obj
 0001:00014574       __raise_securityfailure    0000000180015574 f   LIBCMT:gs_report.obj
 0001:000145a8       __report_gsfailure         00000001800155a8 f   LIBCMT:gs_report.obj
 0001:0001467c       __report_rangecheckfailure 000000018001567c f   LIBCMT:gs_report.obj
 0001:00014690       __report_securityfailure   0000000180015690 f   LIBCMT:gs_report.obj
 0001:00014810       __crt_debugger_hook        0000000180015810 f   LIBCMT:utility_desktop.obj
 0001:00014818       __scrt_fastfail            0000000180015818 f   LIBCMT:utility_desktop.obj
 0001:00014960       ??0bad_array_new_length@std@@QEAA@AEBV01@@Z 0000000180015960 f i LIBCMT:throw_bad_alloc.obj
 0001:000149a0       ??0bad_array_new_length@std@@QEAA@XZ 00000001800159a0 f i LIBCMT:throw_bad_alloc.obj
 0001:000149c0       ?__scrt_throw_std_bad_alloc@@YAXXZ 00000001800159c0 f   LIBCMT:throw_bad_alloc.obj
 0001:000149c0       ?_Xbad_alloc@std@@YAXXZ    00000001800159c0 f   libcpmt:xthrow.obj
 0001:000149e0       ?__scrt_throw_std_bad_array_new_length@@YAXXZ 00000001800159e0 f   LIBCMT:throw_bad_alloc.obj
 0001:00014a00       __isa_available_init       0000000180015a00 f   LIBCMT:_cpu_disp_.obj
 0001:00014bc8       __scrt_is_ucrt_dll_in_use  0000000180015bc8 f   LIBCMT:ucrt_detection.obj
 0001:00014bd4       __security_init_cookie     0000000180015bd4 f   LIBCMT:gs_support.obj
 0001:00014c80       ?__scrt_initialize_type_info@@YAXXZ 0000000180015c80 f   LIBCMT:tncleanup.obj
 0001:00014c90       ?__scrt_uninitialize_type_info@@YAXXZ 0000000180015c90 f   LIBCMT:tncleanup.obj
 0001:00014c9c       __local_stdio_scanf_options 0000000180015c9c f i LIBCMT:default_local_stdio_options.obj
 0001:00014ca4       __scrt_initialize_default_local_stdio_options 0000000180015ca4 f   LIBCMT:default_local_stdio_options.obj
 0001:00014cc0       __scrt_get_dyn_tls_init_callback 0000000180015cc0 f   LIBCMT:dyn_tls_init.obj
 0001:00014cc8       _RTC_Initialize            0000000180015cc8 f   LIBCMT:_initsect_.obj
 0001:00014d14       _RTC_Terminate             0000000180015d14 f   LIBCMT:_initsect_.obj
 0001:00014d70       memcpy                     0000000180015d70 f   libvcruntime:memcpy.obj
 0001:00014d70       memmove                    0000000180015d70 f   libvcruntime:memcpy.obj
 0001:000151a8       _purecall                  00000001800161a8 f   libvcruntime:purevirt.obj
 0001:000151e4       memchr                     00000001800161e4 f   libvcruntime:memchr.obj
 0001:00015200       strchr                     0000000180016200 f   libvcruntime:strchr.obj
 0001:0001528c       __DestructExceptionObject  000000018001628c f   libvcruntime:frame.obj
 0001:00015314       ??0bad_exception@std@@QEAA@AEBV01@@Z 0000000180016314 f i libvcruntime:frame.obj
 0001:00015354       ??0bad_exception@std@@QEAA@XZ 0000000180016354 f i libvcruntime:frame.obj
 0001:00015374       ??1bad_exception@std@@UEAA@XZ 0000000180016374 f i libvcruntime:frame.obj
 0001:00015374       ??1regex_error@std@@UEAA@XZ 0000000180016374 f i libcpmt:xthrow.obj
 0001:00015374       ??1bad_alloc@std@@UEAA@XZ  0000000180016374 f i libcpmt:xthrow.obj
 0001:00015374       ??1bad_array_new_length@std@@UEAA@XZ 0000000180016374 f i LIBCMT:throw_bad_alloc.obj
 0001:00015374       ??1length_error@std@@UEAA@XZ 0000000180016374 f i libcpmt:xthrow.obj
 0001:00015374       ??1out_of_range@std@@UEAA@XZ 0000000180016374 f i libcpmt:xthrow.obj
 0001:00015374       ??1bad_cast@std@@UEAA@XZ   0000000180016374 f i libcpmt:cout.obj
 0001:00015ce4       ?_CallMemberFunction0@@YAXPEAXP6AX0@Z@Z 0000000180016ce4 f i libvcruntime:frame.obj
 0001:00015ce8       ?_CallMemberFunction1@@YAXPEAXP6AX0@Z0@Z 0000000180016ce8 f i libvcruntime:frame.obj
 0001:00015cf4       ?_CallMemberFunction2@@YAXPEAXP6AX0@Z0H@Z 0000000180016cf4 f i libvcruntime:frame.obj
 0001:00015d04       __AdjustPointer            0000000180016d04 f   libvcruntime:frame.obj
 0001:00015d28       __BuildCatchObject         0000000180016d28 f   libvcruntime:frame.obj
 0001:00015dec       __BuildCatchObjectHelper   0000000180016dec f   libvcruntime:frame.obj
 0001:00015fcc       __CxxCallCatchBlock        0000000180016fcc f   libvcruntime:frame.obj
 0001:000161b8       __FrameUnwindFilter        00000001800171b8 f   libvcruntime:frame.obj
 0001:00016204       __FrameUnwindToState       0000000180017204 f   libvcruntime:frame.obj
 0001:00016398       __InternalCxxFrameHandler  0000000180017398 f   libvcruntime:frame.obj
 0001:000165f0       __TypeMatch                00000001800175f0 f   libvcruntime:frame.obj
 0001:00016730       __std_terminate            0000000180017730 f   libvcruntime:frame.obj
 0001:0001673c       __std_exception_copy       000000018001773c f   libvcruntime:std_exception.obj
 0001:000167cc       __std_exception_destroy    00000001800177cc f   libvcruntime:std_exception.obj
 0001:000167f4       _CxxThrowException         00000001800177f4 f   libvcruntime:throw.obj
 0001:000168cc       ?_ExecutionInCatch@@YAHPEAU_xDISPATCHER_CONTEXT@@PEBU_s_FuncInfo@@@Z 00000001800178cc f   libvcruntime:trnsctrl.obj
 0001:00016940       ?_GetEstablisherFrame@@YAPEA_KPEA_KPEAU_xDISPATCHER_CONTEXT@@PEBU_s_FuncInfo@@0@Z 0000000180017940 f   libvcruntime:trnsctrl.obj
 0001:00016a0c       ?_GetRangeOfTrysToCheck@@YAPEBU_s_TryBlockMapEntry@@PEA_KPEBU_s_FuncInfo@@HHPEAI2PEAU_xDISPATCHER_CONTEXT@@@Z 0000000180017a0c f   libvcruntime:trnsctrl.obj
 0001:00016b38       ?__FrameUnwindToEmptyState@@YAXPEA_KPEAU_xDISPATCHER_CONTEXT@@PEBU_s_FuncInfo@@@Z 0000000180017b38 f   libvcruntime:trnsctrl.obj
 0001:00016bcc       ?__SehTransFilter@@YAHPEAU_EXCEPTION_POINTERS@@PEAUEHExceptionRecord@@PEA_KPEAU_CONTEXT@@PEAU_xDISPATCHER_CONTEXT@@PEBU_s_FuncInfo@@PEAH@Z 0000000180017bcc f   libvcruntime:trnsctrl.obj
 0001:00016c64       _CallSETranslator          0000000180017c64 f   libvcruntime:trnsctrl.obj
 0001:00016cbc       _CreateFrameInfo           0000000180017cbc f   libvcruntime:trnsctrl.obj
 0001:00016cf8       _FindAndUnlinkFrame        0000000180017cf8 f   libvcruntime:trnsctrl.obj
 0001:00016d50       _GetImageBase              0000000180017d50 f   libvcruntime:trnsctrl.obj
 0001:00016d64       _GetThrowImageBase         0000000180017d64 f   libvcruntime:trnsctrl.obj
 0001:00016d78       _IsExceptionObjectToBeDestroyed 0000000180017d78 f   libvcruntime:trnsctrl.obj
 0001:00016da8       _SetImageBase              0000000180017da8 f   libvcruntime:trnsctrl.obj
 0001:00016dc0       _SetThrowImageBase         0000000180017dc0 f   libvcruntime:trnsctrl.obj
 0001:00016dd8       _UnwindNestedFrames        0000000180017dd8 f   libvcruntime:trnsctrl.obj
 0001:00016efc       __CxxFrameHandler3         0000000180017efc f   libvcruntime:trnsctrl.obj
 0001:00016f90       memset                     0000000180017f90 f   libvcruntime:memset.obj
 0001:00017140       memcmp                     0000000180018140 f   libvcruntime:memcmp.obj
 0001:000173d0       __vcrt_FlsAlloc            00000001800183d0 f   libvcruntime:winapi_downlevel.obj
 0001:00017424       __vcrt_FlsFree             0000000180018424 f   libvcruntime:winapi_downlevel.obj
 0001:00017478       __vcrt_FlsGetValue         0000000180018478 f   libvcruntime:winapi_downlevel.obj
 0001:000174cc       __vcrt_FlsSetValue         00000001800184cc f   libvcruntime:winapi_downlevel.obj
 0001:00017534       __vcrt_InitializeCriticalSectionEx 0000000180018534 f   libvcruntime:winapi_downlevel.obj
 0001:000175ac       __vcrt_initialize_winapi_thunks 00000001800185ac f   libvcruntime:winapi_downlevel.obj
 0001:000175f8       __vcrt_uninitialize_winapi_thunks 00000001800185f8 f   libvcruntime:winapi_downlevel.obj
 0001:00017638       __vcrt_initialize          0000000180018638 f   libvcruntime:initialization.obj
 0001:0001766c       __vcrt_thread_attach       000000018001866c f   libvcruntime:initialization.obj
 0001:00017680       __vcrt_thread_detach       0000000180018680 f   libvcruntime:initialization.obj
 0001:00017694       __vcrt_uninitialize        0000000180018694 f   libvcruntime:initialization.obj
 0001:000176b4       __vcrt_uninitialize_critical 00000001800186b4 f   libvcruntime:initialization.obj
 0001:000176c4       __C_specific_handler       00000001800186c4 f   libvcruntime:_chandler_.obj
 0001:000178c0       __std_type_info_compare    00000001800188c0 f   libvcruntime:std_type_info.obj
 0001:000178e8       __std_type_info_destroy_list 00000001800188e8 f   libvcruntime:std_type_info.obj
 0001:00017914       __vcrt_initialize_pure_virtual_call_handler 0000000180018914 f   libvcruntime:purevirt_data.obj
 0001:00017938       __vcrt_freefls             0000000180018938 f   libvcruntime:per_thread_data.obj
 0001:00017958       __vcrt_freeptd             0000000180018958 f   libvcruntime:per_thread_data.obj
 0001:000179a8       __vcrt_getptd              00000001800189a8 f   libvcruntime:per_thread_data.obj
 0001:000179c4       __vcrt_getptd_noexit       00000001800189c4 f   libvcruntime:per_thread_data.obj
 0001:00017a7c       __vcrt_initialize_ptd      0000000180018a7c f   libvcruntime:per_thread_data.obj
 0001:00017abc       __vcrt_uninitialize_ptd    0000000180018abc f   libvcruntime:per_thread_data.obj
 0001:00017ae0       ?__GetCurrentState@@YAHPEA_KPEAU_xDISPATCHER_CONTEXT@@PEBU_s_FuncInfo@@@Z 0000000180018ae0 f   libvcruntime:ehstate.obj
 0001:00017b08       ?__GetUnwindTryBlock@@YAHPEA_KPEAU_xDISPATCHER_CONTEXT@@PEBU_s_FuncInfo@@@Z 0000000180018b08 f   libvcruntime:ehstate.obj
 0001:00017b34       ?__SetState@@YAXPEA_KPEAU_xDISPATCHER_CONTEXT@@PEBU_s_FuncInfo@@H@Z 0000000180018b34 f   libvcruntime:ehstate.obj
 0001:00017b40       ?__SetUnwindTryBlock@@YAXPEA_KPEAU_xDISPATCHER_CONTEXT@@PEBU_s_FuncInfo@@H@Z 0000000180018b40 f   libvcruntime:ehstate.obj
 0001:00017b7c       ?__StateFromControlPc@@YAHPEBU_s_FuncInfo@@PEAU_xDISPATCHER_CONTEXT@@@Z 0000000180018b7c f   libvcruntime:ehstate.obj
 0001:00017b84       ?__StateFromIp@@YAHPEBU_s_FuncInfo@@PEAU_xDISPATCHER_CONTEXT@@_J@Z 0000000180018b84 f   libvcruntime:ehstate.obj
 0001:00017c00       _CallSettingFrame          0000000180018c00 f   libvcruntime:handlers.obj
 0001:00017c50       _local_unwind              0000000180018c50 f   libvcruntime:_jmpuwind_.obj
 0001:00017c80       _NLG_Notify                0000000180018c80 f   libvcruntime:_jmpuwind_.obj
 0001:00017ca0       __NLG_Dispatch2            0000000180018ca0 f   libvcruntime:_jmpuwind_.obj
 0001:00017cb0       __NLG_Return2              0000000180018cb0 f   libvcruntime:_jmpuwind_.obj
 0001:00017cb4       __vcrt_initialize_locks    0000000180018cb4 f   libvcruntime:locks.obj
 0001:00017cfc       __vcrt_uninitialize_locks  0000000180018cfc f   libvcruntime:locks.obj
 0001:00017d34       abort                      0000000180018d34 f   libucrt:abort.obj
 0001:00017d8c       calloc                     0000000180018d8c f   libucrt:calloc.obj
 0001:00017edc       ??$parse_floating_point@V?$c_string_character_source@D@__crt_strtox@@M@__crt_strtox@@YA?AW4SLD_STATUS@@QEAU__crt_locale_pointers@@V?$c_string_character_source@D@0@QEAM@Z 0000000180018edc f i libucrt:strtod.obj
 0001:00017f7c       ??$parse_floating_point@V?$c_string_character_source@D@__crt_strtox@@N@__crt_strtox@@YA?AW4SLD_STATUS@@QEAU__crt_locale_pointers@@V?$c_string_character_source@D@0@QEAN@Z 0000000180018f7c f i libucrt:strtod.obj
 0001:0001801c       ??$parse_floating_point_from_source@V?$c_string_character_source@D@__crt_strtox@@@__crt_strtox@@YA?AW4floating_point_parse_result@0@QEAU__crt_locale_pointers@@AEAV?$c_string_character_source@D@0@AEAUfloating_point_string@0@@Z 000000018001901c f i libucrt:strtod.obj
 0001:00018508       ??$parse_floating_point_possible_infinity@DV?$c_string_character_source@D@__crt_strtox@@PEBD@__crt_strtox@@YA?AW4floating_point_parse_result@0@AEADAEAV?$c_string_character_source@D@0@PEBD@Z 0000000180019508 f i libucrt:strtod.obj
 0001:00018620       ??$parse_floating_point_possible_nan@DV?$c_string_character_source@D@__crt_strtox@@PEBD@__crt_strtox@@YA?AW4floating_point_parse_result@0@AEADAEAV?$c_string_character_source@D@0@PEBD@Z 0000000180019620 f i libucrt:strtod.obj
 0001:000187b4       ??$parse_floating_point_possible_nan_is_ind@DV?$c_string_character_source@D@__crt_strtox@@@__crt_strtox@@YA_NAEADAEAV?$c_string_character_source@D@0@@Z 00000001800197b4 f i libucrt:strtod.obj
 0001:000187fc       ??$parse_floating_point_possible_nan_is_snan@DV?$c_string_character_source@D@__crt_strtox@@@__crt_strtox@@YA_NAEADAEAV?$c_string_character_source@D@0@@Z 00000001800197fc f i libucrt:strtod.obj
 0001:00018844       ??$parse_floating_point_write_result@M@__crt_strtox@@YA?AW4SLD_STATUS@@W4floating_point_parse_result@0@AEBUfloating_point_string@0@QEAM@Z 0000000180019844 f i libucrt:strtod.obj
 0001:0001895c       ??$parse_floating_point_write_result@N@__crt_strtox@@YA?AW4SLD_STATUS@@W4floating_point_parse_result@0@AEBUfloating_point_string@0@QEAN@Z 000000018001995c f i libucrt:strtod.obj
 0001:00018a84       ??0_LocaleUpdate@@QEAA@QEAU__crt_locale_pointers@@@Z 0000000180019a84 f i libucrt:strtod.obj
 0001:00018b60       ?as_double@floating_point_value@__crt_strtox@@QEBAAEANXZ 0000000180019b60 f i libucrt:strtod.obj
 0001:00018b9c       ?as_float@floating_point_value@__crt_strtox@@QEBAAEAMXZ 0000000180019b9c f i libucrt:strtod.obj
 0001:00018bd8       ?assemble_floating_point_value@__crt_strtox@@YA?AW4SLD_STATUS@@_KH_N1AEBVfloating_point_value@1@@Z 0000000180019bd8 f i libucrt:strtod.obj
 0001:00018f8c       ?assemble_floating_point_value_from_big_integer@__crt_strtox@@YA?AW4SLD_STATUS@@AEBUbig_integer@1@I_N1AEBVfloating_point_value@1@@Z 0000000180019f8c f i libucrt:strtod.obj
 0001:00019118       ?convert_decimal_string_to_floating_type_common@__crt_strtox@@YA?AW4SLD_STATUS@@AEBUfloating_point_string@1@AEBVfloating_point_value@1@@Z 000000018001a118 f i libucrt:strtod.obj
 0001:0001aedc       ?convert_hexadecimal_string_to_floating_type_common@__crt_strtox@@YA?AW4SLD_STATUS@@AEBUfloating_point_string@1@AEBVfloating_point_value@1@@Z 000000018001bedc f i libucrt:strtod.obj
 0001:0001af90       ?divide@__crt_strtox@@YA_KAEAUbig_integer@1@AEBU21@@Z 000000018001bf90 f i libucrt:strtod.obj
 0001:0001b4e8       strtod                     000000018001c4e8 f   libucrt:strtod.obj
 0001:0001b4f0       strtof                     000000018001c4f0 f   libucrt:strtod.obj
 0001:0001b4f8       __acrt_call_reportfault    000000018001c4f8 f   libucrt:invalid_parameter.obj
 0001:0001b654       __acrt_initialize_invalid_parameter_handler 000000018001c654 f   libucrt:invalid_parameter.obj
 0001:0001b65c       _invalid_parameter         000000018001c65c f   libucrt:invalid_parameter.obj
 0001:0001b704       _invalid_parameter_noinfo  000000018001c704 f   libucrt:invalid_parameter.obj
 0001:0001b724       _invalid_parameter_noinfo_noreturn 000000018001c724 f   libucrt:invalid_parameter.obj
 0001:0001b754       _invoke_watson             000000018001c754 f   libucrt:invalid_parameter.obj
 0001:0001b79c       realloc                    000000018001c79c f   libucrt:realloc.obj
 0001:0001b7a4       localeconv                 000000018001c7a4 f   libucrt:localeconv.obj
 0001:0001b7d8       __acrt_errno_from_os_error 000000018001c7d8 f   libucrt:errno.obj
 0001:0001b820       __acrt_errno_map_os_error  000000018001c820 f   libucrt:errno.obj
 0001:0001b870       __doserrno                 000000018001c870 f   libucrt:errno.obj
 0001:0001b890       _errno                     000000018001c890 f   libucrt:errno.obj
 0001:0001b8b0       ldexp                      000000018001c8b0 f   libucrt:ldexp.obj
 0001:0001ba24       free                       000000018001ca24 f   libucrt:free.obj
 0001:0001baa4       ??$make_c_string_character_source@DPEAPEAD@__crt_strtox@@YA?AV?$c_string_character_source@D@0@QEBDQEAPEAD@Z 000000018001caa4 f i libucrt:strtod.obj
 0001:0001baa4       ??$make_c_string_character_source@_W$$T@__crt_strtox@@YA?AV?$c_string_character_source@_W@0@QEB_W$$T@Z 000000018001caa4 f i libucrt:atof.obj
 0001:0001baa4       ??$make_c_string_character_source@D$$T@__crt_strtox@@YA?AV?$c_string_character_source@D@0@QEBD$$T@Z 000000018001caa4 f i libucrt:atof.obj
 0001:0001bab8       atof                       000000018001cab8 f   libucrt:atof.obj
 0001:0001bac0       __ascii_stricmp            000000018001cac0 f   libucrt:stricmp.obj
 0001:0001bafc       _stricmp                   000000018001cafc f   libucrt:stricmp.obj
 0001:0001bb44       _stricmp_l                 000000018001cb44 f   libucrt:stricmp.obj
 0001:0001bbf8       islower                    000000018001cbf8 f i libucrt:_ctype.obj
 0001:0001bc6c       isspace                    000000018001cc6c f i libucrt:_ctype.obj
 0001:0001bce0       isupper                    000000018001cce0 f i libucrt:_ctype.obj
 0001:0001bd54       ___lc_codepage_func        000000018001cd54 f   libucrt:initctype.obj
 0001:0001bd84       ___lc_collate_cp_func      000000018001cd84 f   libucrt:initctype.obj
 0001:0001bdb4       ___lc_locale_name_func     000000018001cdb4 f   libucrt:initctype.obj
 0001:0001bde8       ___mb_cur_max_func         000000018001cde8 f   libucrt:initctype.obj
 0001:0001be18       __acrt_locale_initialize_ctype 000000018001ce18 f   libucrt:initctype.obj
 0001:0001c43c       _tolower_l                 000000018001d43c f   libucrt:tolower_toupper.obj
 0001:0001c57c       tolower                    000000018001d57c f   libucrt:tolower_toupper.obj
 0001:0001c5a8       __acrt_initialize_locks    000000018001d5a8 f   libucrt:locks.obj
 0001:0001c5f0       __acrt_lock                000000018001d5f0 f   libucrt:locks.obj
 0001:0001c60c       __acrt_uninitialize_locks  000000018001d60c f   libucrt:locks.obj
 0001:0001c644       __acrt_unlock              000000018001d644 f   libucrt:locks.obj
 0001:0001c660       _lock_locales              000000018001d660 f   libucrt:locks.obj
 0001:0001c670       _unlock_locales            000000018001d670 f   libucrt:locks.obj
 0001:0001c680       __acrt_initialize_stdio    000000018001d680 f   libucrt:_file.obj
 0001:0001c7a0       __acrt_iob_func            000000018001d7a0 f   libucrt:_file.obj
 0001:0001c7b4       __acrt_uninitialize_stdio  000000018001d7b4 f   libucrt:_file.obj
 0001:0001c810       _get_stream_buffer_pointers 000000018001d810 f   libucrt:_file.obj
[...]
 0004:000028e0       $pdata$?DloadAcquireSectionWriteAccess@@YAXXZ 000000018004c8e0     DelayImp:delayhlp.obj
 0004:000028ec       $pdata$?DloadGetSRWLockFunctionPointers@@YAEXZ 000000018004c8ec     DelayImp:delayhlp.obj
 0004:000028f8       $pdata$?DloadMakePermanentImageCommit@@YAXPEAX_K@Z 000000018004c8f8     DelayImp:delayhlp.obj
 0004:00002904       $pdata$?DloadObtainSection@@YAPEAXPEAK0@Z 000000018004c904     DelayImp:delayhlp.obj
 0004:00002910       $pdata$?DloadProtectSection@@YAXKPEAK@Z 000000018004c910     DelayImp:delayhlp.obj
 0004:0000291c       $pdata$?DloadReleaseSectionWriteAccess@@YAXXZ 000000018004c91c     DelayImp:delayhlp.obj
 0004:00002928       $pdata$__delayLoadHelper2  000000018004c928     DelayImp:delayhlp.obj
 0004:00002934       $pdata$_IsNonwritableInCurrentImage 000000018004c934     LIBCMT:pesect.obj
 0004:00002940       $pdata$wcschr              000000018004c940     libvcruntime:wcschr.obj
 0004:00002958       $pdata$?dtor$0@?0???0?$basic_ostream@DU?$char_traits@D@std@@@std@@QEAA@PEAV?$basic_streambuf@DU?$char_traits@D@std@@@1@_N@Z@4HA 000000018004c958     libcpmt:cout.obj
 0004:00002964       $pdata$?dtor$0@?0??_Getcat@?$codecvt@DDU_Mbstatet@@@std@@SA_KPEAPEBVfacet@locale@2@PEBV42@@Z@4HA 000000018004c964     libcpmt:cout.obj
 0004:00002970       $pdata$?dtor$0@?0???0?$basic_istream@DU?$char_traits@D@std@@@std@@QEAA@PEAV?$basic_streambuf@DU?$char_traits@D@std@@@1@_N@Z@4HA 000000018004c970     libcpmt:cin.obj
 0004:0000297c       $pdata$__scrt_is_nonwritable_in_current_image$filt$0 000000018004c97c     LIBCMT:utility.obj
 0004:00002988       $pdata$?fin$0@?0??dllmain_crt_process_attach@@YAHQEAUHINSTANCE__@@QEAX@Z@4HA 000000018004c988     LIBCMT:dll_dllmain.obj
 0004:00002994       $pdata$?fin$0@?0??dllmain_crt_process_detach@@YAH_N@Z@4HA 000000018004c994     LIBCMT:dll_dllmain.obj
 0004:000029a0       $pdata$?filt$0@?0??dllmain_dispatch@@YAHQEAUHINSTANCE__@@KQEAX@Z@4HA 000000018004c9a0     LIBCMT:dll_dllmain.obj
 0004:000029ac       $pdata$__CxxCallCatchBlock$filt$0 000000018004c9ac     libvcruntime:frame.obj
 0004:000029b8       $pdata$__CxxCallCatchBlock$fin$1 000000018004c9b8     libvcruntime:frame.obj
 0004:000029c4       $pdata$__DestructExceptionObject$filt$0 000000018004c9c4     libvcruntime:frame.obj
 0004:000029d0       $pdata$__FrameUnwindToState$filt$0 000000018004c9d0     libvcruntime:frame.obj
 0004:000029dc       $pdata$__FrameUnwindToState$fin$1 000000018004c9dc     libvcruntime:frame.obj
 0004:000029e8       $pdata$_CallSETranslator$filt$0 000000018004c9e8     libvcruntime:trnsctrl.obj
 0004:000029f4       $pdata$fclose$fin$0        000000018004c9f4     libucrt:fclose.obj
 0004:000029f4       $pdata$fflush$fin$0        000000018004c9f4     libucrt:fflush.obj
 0004:00002a00       $pdata$common_flush_all$fin$0 000000018004ca00     libucrt:fflush.obj
 0004:00002a0c       $pdata$common_flush_all$fin$1 000000018004ca0c     libucrt:fflush.obj
 0004:00002a18       $pdata$fgetc$fin$0         000000018004ca18     libucrt:fgetc.obj
 0004:00002a24       $pdata$fputc$fin$0         000000018004ca24     libucrt:fputc.obj
 0004:00002a30       $pdata$?fin$0@?0???$?RV<lambda_7a5ef57ff966f610505f1d28a3d40618>@@AEAV<lambda_b721fa326cdb32351d23dfa67958c160>@@V<lambda_5e0fb27672408a07956fe59e48ccb2aa>@@@?$__crt_seh_guarded_call@H@@QEAAH$$QEAV<lambda_7a5ef57ff966f610505f1d28a3d40618>@@AEAV<lambda_b721fa326cdb32351d23dfa67958c160>@@$$QEAV<lambda_5e0fb27672408a07956fe59e48ccb2aa>@@@Z@4HA 000000018004ca30     libucrt:setvbuf.obj
 0004:00002a30       $pdata$?fin$0@?0???$?RV<lambda_5d4c3fee44080f75d5d9762853974fe0>@@AEAV<lambda_532e024f4337e6fc7ad266c2bef9f4ed>@@V<lambda_c87bdc10097eb2402edb8ba9bdf0697b>@@@?$__crt_seh_guarded_call@_K@@QEAA_K$$QEAV<lambda_5d4c3fee44080f75d5d9762853974fe0>@@AEAV<lambda_532e024f4337e6fc7ad266c2bef9f4ed>@@$$QEAV<lambda_c87bdc10097eb2402edb8ba9bdf0697b>@@@Z@4HA 000000018004ca30     libucrt:fwrite.obj
 0004:00002a3c       $pdata$ungetc$fin$0        000000018004ca3c     libucrt:ungetc.obj
 0004:00002a48       $pdata$setlocale$fin$0     000000018004ca48     libucrt:setlocale.obj
 0004:00002a54       $pdata$_query_new_handler$fin$0 000000018004ca54     libucrt:new_handler.obj
 0004:00002a60       $pdata$?filt$0@?0??common_exit@@YAXHW4_crt_exit_cleanup_mode@@W4_crt_exit_return_mode@@@Z@4HA 000000018004ca60     libucrt:exit.obj
 0004:00002a6c       $pdata$?fin$1@?0??common_exit@@YAXHW4_crt_exit_cleanup_mode@@W4_crt_exit_return_mode@@@Z@4HA 000000018004ca6c     libucrt:exit.obj
 0004:00002a78       $pdata$?fin$0@?0???$?RV<lambda_e24bbb7b643b32fcea6fa61b31d4c984>@@AEAV<lambda_275893d493268fdec8709772e3fcec0e>@@V<lambda_9d71df4d7cf3f480f8d633942495c3b0>@@@?$__crt_seh_guarded_call@H@@QEAAH$$QEAV<lambda_e24bbb7b643b32fcea6fa61b31d4c984>@@AEAV<lambda_275893d493268fdec8709772e3fcec0e>@@$$QEAV<lambda_9d71df4d7cf3f480f8d633942495c3b0>@@@Z@4HA 000000018004ca78     libucrt:onexit.obj
 0004:00002a84       $pdata$raise$fin$0         000000018004ca84     libucrt:signal.obj
 0004:00002a90       $pdata$?fin$0@?0???$?RV<lambda_5df02c53a8f32f81fd64e5bbb78039f1>@@AEAV<lambda_2af78c5f5901b1372d98f9ab3177dfa6>@@AEAV<lambda_f51fe5fd7c79a33db34fc9310f277369>@@@?$__crt_seh_guarded_call@X@@QEAAX$$QEAV<lambda_5df02c53a8f32f81fd64e5bbb78039f1>@@AEAV<lambda_2af78c5f5901b1372d98f9ab3177dfa6>@@AEAV<lambda_f51fe5fd7c79a33db34fc9310f277369>@@@Z@4HA 000000018004ca90     libucrt:wsetlocale.obj
 0004:00002a9c       $pdata$common_control87$filt$0 000000018004ca9c     libucrt:ieee.obj
 0004:00002a9c       $pdata$_ctrlfp$filt$0      000000018004ca9c     libucrt:fpctrl.obj
 0004:00002aa8       $pdata$_fcloseall$fin$0    000000018004caa8     libucrt:closeall.obj
 0004:00002ab4       $pdata$__acrt_initialize_lowio$fin$0 000000018004cab4     libucrt:ioinit.obj
 0004:00002ab4       $pdata$__acrt_lowio_ensure_fh_exists$fin$0 000000018004cab4     libucrt:osfinfo.obj
 0004:00002ac0       $pdata$?fin$0@?0???$?RV<lambda_bfedae4ebbf01fab1bb6dcc6a9e276e0>@@AEAV<lambda_2fe9b910cf3cbf4a0ab98a02ba45b3ec>@@V<lambda_237c231691f317818eb88cc1d5d642d6>@@@?$__crt_seh_guarded_call@H@@QEAAH$$QEAV<lambda_bfedae4ebbf01fab1bb6dcc6a9e276e0>@@AEAV<lambda_2fe9b910cf3cbf4a0ab98a02ba45b3ec>@@$$QEAV<lambda_237c231691f317818eb88cc1d5d642d6>@@@Z@4HA 000000018004cac0     libucrt:close.obj
 0004:00002ac0       $pdata$?fin$0@?0???$?RV<lambda_b521505b218e5242e90febf6bfebc422>@@AEAV<lambda_6978c1fb23f02e42e1d9e99668cc68aa>@@V<lambda_314360699dd331753a4119843814e9a7>@@@?$__crt_seh_guarded_call@H@@QEAAH$$QEAV<lambda_b521505b218e5242e90febf6bfebc422>@@AEAV<lambda_6978c1fb23f02e42e1d9e99668cc68aa>@@$$QEAV<lambda_314360699dd331753a4119843814e9a7>@@@Z@4HA 000000018004cac0     libucrt:commit.obj
 0004:00002acc       $pdata$_write$fin$0        000000018004cacc     libucrt:write.obj
 0004:00002acc       $pdata$?fin$0@?0???$common_lseek@_J@@YA_JH_JH@Z@4HA 000000018004cacc     libucrt:lseek.obj
 0004:00002acc       $pdata$_read$fin$0         000000018004cacc     libucrt:read.obj
 0004:00002ad8       $pdata$?fin$0@?0???$common_ftell@_J@@YA_JV__crt_stdio_stream@@@Z@4HA 000000018004cad8     libucrt:ftell.obj
 0004:00002ad8       $pdata$?fin$0@?0??common_fseek@@YAHV__crt_stdio_stream@@_JH@Z@4HA 000000018004cad8     libucrt:fseek.obj
 0004:00002ae4       $pdata$?fin$0@?0???$?RV<lambda_630b2aca97f6d20d5b5ea6529ea6b6af>@@AEAV<lambda_af91936f1d075d609f72d9d8cba980af>@@V<lambda_e82fa975f615b5c7c7b0e4d178fdae67>@@@?$__crt_seh_guarded_call@H@@QEAAH$$QEAV<lambda_630b2aca97f6d20d5b5ea6529ea6b6af>@@AEAV<lambda_af91936f1d075d609f72d9d8cba980af>@@$$QEAV<lambda_e82fa975f615b5c7c7b0e4d178fdae67>@@@Z@4HA 000000018004cae4     libucrt:winapi_thunks.obj
 0004:00002ae4       $pdata$?fin$0@?0???$?RV<lambda_c36588078e9f5dfd39652860aa6b3aaf>@@AEAV<lambda_ec61778202f4f5fc7e7711acc23c3bca>@@V<lambda_dc9d2797ccde5d239b4a0efae8ebd7db>@@@?$__crt_seh_guarded_call@P6AXH@Z@@QEAAP6AXH@Z$$QEAV<lambda_c36588078e9f5dfd39652860aa6b3aaf>@@AEAV<lambda_ec61778202f4f5fc7e7711acc23c3bca>@@$$QEAV<lambda_dc9d2797ccde5d239b4a0efae8ebd7db>@@@Z@4HA 000000018004cae4     libucrt:signal.obj
 0004:00002ae4       $pdata$?fin$0@?0???$?RV<lambda_d67e8342c384adda8f857579ab50b2ae>@@AEAV<lambda_30712929f77e709619002f448b6a9510>@@V<lambda_4525336fd7e478d965fb7ca7a337cad8>@@@?$__crt_seh_guarded_call@X@@QEAAX$$QEAV<lambda_d67e8342c384adda8f857579ab50b2ae>@@AEAV<lambda_30712929f77e709619002f448b6a9510>@@$$QEAV<lambda_4525336fd7e478d965fb7ca7a337cad8>@@@Z@4HA 000000018004cae4     libucrt:wsetlocale.obj
 0004:00002ae4       $pdata$?fin$0@?0???$?RV<lambda_99476a1ad63dd22509b5d3e65b0ffc95>@@AEAV<lambda_ad1ced32f4ac17aa236e5ef05d6b3b7c>@@V<lambda_f7424dd8d45958661754dc4f2697e9c3>@@@?$__crt_seh_guarded_call@X@@QEAAX$$QEAV<lambda_99476a1ad63dd22509b5d3e65b0ffc95>@@AEAV<lambda_ad1ced32f4ac17aa236e5ef05d6b3b7c>@@$$QEAV<lambda_f7424dd8d45958661754dc4f2697e9c3>@@@Z@4HA 000000018004cae4     libucrt:mbctype.obj
 0004:00002ae4       $pdata$?fin$0@?0???$?RV<lambda_5e887d1dcbef67a5eb4283622ba103bf>@@AEAV<lambda_4466841279450cc726390878d4a41900>@@V<lambda_341c25c0346d94847f1f3c463c57e077>@@@?$__crt_seh_guarded_call@X@@QEAAX$$QEAV<lambda_5e887d1dcbef67a5eb4283622ba103bf>@@AEAV<lambda_4466841279450cc726390878d4a41900>@@$$QEAV<lambda_341c25c0346d94847f1f3c463c57e077>@@@Z@4HA 000000018004cae4     libucrt:per_thread_data.obj
 0004:00002ae4       $pdata$?fin$0@?0???$?RV<lambda_b8c45f8f788dd370798f47cfe8ac3a86>@@AEAV<lambda_4e60a939b0d047cfe11ddc22648dfba9>@@V<lambda_332c3edc96d0294ec56c57d38c1cdfd5>@@@?$__crt_seh_guarded_call@H@@QEAAH$$QEAV<lambda_b8c45f8f788dd370798f47cfe8ac3a86>@@AEAV<lambda_4e60a939b0d047cfe11ddc22648dfba9>@@$$QEAV<lambda_332c3edc96d0294ec56c57d38c1cdfd5>@@@Z@4HA 000000018004cae4     libucrt:onexit.obj
 0004:00002ae4       $pdata$?fin$0@?0???$?RV<lambda_fb3a7dec4e47f37f22dae91bb15c9095>@@AEAV<lambda_698284760c8add0bfb0756c19673e34b>@@V<lambda_dfb8eca1e75fef3034a8fb18dd509707>@@@?$__crt_seh_guarded_call@X@@QEAAX$$QEAV<lambda_fb3a7dec4e47f37f22dae91bb15c9095>@@AEAV<lambda_698284760c8add0bfb0756c19673e34b>@@$$QEAV<lambda_dfb8eca1e75fef3034a8fb18dd509707>@@@Z@4HA 000000018004cae4     libucrt:per_thread_data.obj
 0004:00002ae4       $pdata$?fin$0@?0???$?RV<lambda_72d1df2b273a38828b1ce30cbf4cdab5>@@AEAV<lambda_876a65b173b8412d3a47c70a915b0cf4>@@V<lambda_41932305e351933ebe8f8be3ed8bb5dc>@@@?$__crt_seh_guarded_call@X@@QEAAX$$QEAV<lambda_72d1df2b273a38828b1ce30cbf4cdab5>@@AEAV<lambda_876a65b173b8412d3a47c70a915b0cf4>@@$$QEAV<lambda_41932305e351933ebe8f8be3ed8bb5dc>@@@Z@4HA 000000018004cae4     libucrt:per_thread_data.obj
 0004:00002ae4       $pdata$?fin$0@?0???$?RV<lambda_46352004c1216016012b18bd6f87e700>@@AEAV<lambda_3bd07e1a1191394380780325891bf33f>@@V<lambda_334532d3f185bcaa59b5be82d7d22bff>@@@?$__crt_seh_guarded_call@X@@QEAAX$$QEAV<lambda_46352004c1216016012b18bd6f87e700>@@AEAV<lambda_3bd07e1a1191394380780325891bf33f>@@$$QEAV<lambda_334532d3f185bcaa59b5be82d7d22bff>@@@Z@4HA 000000018004cae4     libucrt:per_thread_data.obj
 0004:00002af0       $pdata$__acrt_update_thread_multibyte_data$fin$0 000000018004caf0     libucrt:mbctype.obj
 0004:00002afc       $pdata$__acrt_update_thread_locale_data$fin$0 000000018004cafc     libucrt:locale_refcounting.obj
 0004:00002afc       $pdata$__acrt_uninitialize_locale$fin$0 000000018004cafc     libucrt:wsetlocale.obj
 0004:00002b08       $pdata$_IsNonwritableInCurrentImage$filt$0 000000018004cb08     LIBCMT:pesect.obj
 0004:00002b14       $pdata$??__FtypeMap@ccio@@YAXXZ 000000018004cb14     ccio.obj
 0004:00002b20       $pdata$??__Fcout@std@@YAXXZ 000000018004cb20     libcpmt:cout.obj
 0004:00002b2c       $pdata$??__F_Fac_tidy_reg@std@@YAXXZ 000000018004cb2c     libcpmt:locale0.obj
 0004:00002b38       $pdata$??__Fclassic_locale@std@@YAXXZ 000000018004cb38     libcpmt:locale0.obj
 0004:00002b44       $pdata$??__Fcin@std@@YAXXZ 000000018004cb44     libcpmt:cin.obj
 0004:00002b50       $pdata$??__Finit_atexit@@YAXXZ 000000018004cb50     libcpmt:iosptrs.obj
 0005:00000000       __guard_fids__             000000018004d000     libucrt:initialization.obj
 0005:00000060       __guard_fids___acrt_initialize_ptd 000000018004d060     libucrt:per_thread_data.obj
 0005:00000064       __guard_fids__             000000018004d064     libucrt:wsetlocale.obj
 0005:0000007c       __guard_fids_??$?RV<lambda_630b2aca97f6d20d5b5ea6529ea6b6af>@@AEAV<lambda_af91936f1d075d609f72d9d8cba980af>@@V<lambda_e82fa975f615b5c7c7b0e4d178fdae67>@@@?$__crt_seh_guarded_call@H@@QEAAH$$QEAV<lambda_630b2aca97f6d20d5b5ea6529ea6b6af>@@AEAV<lambda_af91936f1d075d609f72d9d8cba980af>@@$$QEAV<lambda_e82fa975f615b5c7c7b0e4d178fdae67>@@@Z 000000018004d07c     libucrt:winapi_thunks.obj
 0005:00000080       __guard_fids__             000000018004d080     libucrt:stdio_initializer.obj
 0005:00000084       __guard_fids__             000000018004d084     libucrt:stdio_initializer.obj
 0005:00000088       __guard_fids_??$expand_argument_wildcards@D@@YAHQEAD0AEAV?$argument_list@D@?A0xca0879c4@@@Z 000000018004d088     libucrt:argv_wildcards.obj
 0005:0000008c       __guard_fids__             000000018004d08c     libucrt:locale_initializer.obj
 0005:00000090       __guard_fids_GetLocaleNameFromLangCountry 000000018004d090     libucrt:get_qualified_locale.obj
 0005:00000094       __guard_fids_GetLocaleNameFromLanguage 000000018004d094     libucrt:get_qualified_locale.obj
 0005:00000098       __guard_fids___acrt_get_qualified_locale_downlevel 000000018004d098     libucrt:getqloc_downlevel.obj
 0005:0000009c       __guard_fids_GetLcidFromLangCountry 000000018004d09c     libucrt:getqloc_downlevel.obj
 0005:000000a0       __guard_fids_GetLcidFromLanguage 000000018004d0a0     libucrt:getqloc_downlevel.obj
 0005:000000a4       __guard_fids__             000000018004d0a4     libucrt:fma3_initializer.obj
 0005:000000a8       __guard_fids__             000000018004d0a8     libucrt:timeset_initializer.obj
 0005:000000ac       __guard_fids__             000000018004d0ac     libucrt:multibyte_initializer.obj
 0005:000000b0       __guard_fids__             000000018004d0b0     libucrt:console_output_initializer.obj
 0005:000000b4       __guard_fids_??__Einitlocks@std@@YAXXZ 000000018004d0b4     libcpmt:xlock.obj
 0005:000000b8       __guard_fids__             000000018004d0b8     libcpmt:xlock.obj
 0005:000000bc       __guard_fids_??__Einitlocks@@YAXXZ 000000018004d0bc     libcpmt:cout.obj
 0005:000000c0       __guard_fids_??__Efout@std@@YAXXZ 000000018004d0c0     libcpmt:cout.obj
 0005:000000c4       __guard_fids_??__Ecout@std@@YAXXZ 000000018004d0c4     libcpmt:cout.obj
 0005:000000c8       __guard_fids__             000000018004d0c8     libcpmt:cout.obj
 0005:000000d0       __guard_fids__             000000018004d0d0     libcpmt:cout.obj
 0005:000000d8       __guard_fids__             000000018004d0d8     libcpmt:cout.obj
 0005:000000e0       __guard_fids__             000000018004d0e0     libcpmt:cout.obj
 0005:000000ec       __guard_fids__             000000018004d0ec     libcpmt:cout.obj
 0005:00000118       __guard_fids__             000000018004d118     libcpmt:cout.obj
 0005:00000130       __guard_fids__             000000018004d130     libcpmt:cout.obj
 0005:00000138       __guard_fids__             000000018004d138     libcpmt:cout.obj
 0005:00000150       __guard_fids__             000000018004d150     libcpmt:cout.obj
 0005:00000158       __guard_fids__             000000018004d158     libcpmt:cout.obj
 0005:0000015c       __guard_fids__             000000018004d15c     libcpmt:cout.obj
 0005:00000198       __guard_fids__             000000018004d198     libcpmt:cout.obj
 0005:000001d4       __guard_fids__             000000018004d1d4     libcpmt:cout.obj
 0005:000001d8       __guard_fids__             000000018004d1d8     libcpmt:cout.obj
 0005:000001dc       __guard_fids__             000000018004d1dc     libcpmt:cout.obj
 0005:00000204       __guard_fids__             000000018004d204     libcpmt:cout.obj
 0005:00000208       __guard_fids__             000000018004d208     libcpmt:cout.obj
 0005:0000020c       __guard_fids__             000000018004d20c     libcpmt:cout.obj
 0005:00000210       __guard_fids__             000000018004d210     libcpmt:cout.obj
 0005:00000214       __guard_fids_??__E_Fac_tidy_reg@std@@YAXXZ 000000018004d214     libcpmt:locale0.obj
 0005:00000218       __guard_fids_?_Setgloballocale@locale@std@@CAXPEAX@Z 000000018004d218     libcpmt:locale0.obj
 0005:0000021c       __guard_fids_??__Eclassic_locale@std@@YAXXZ 000000018004d21c     libcpmt:locale0.obj
 0005:00000220       __guard_fids__             000000018004d220     libcpmt:locale0.obj
 0005:0000022c       __guard_fids__             000000018004d22c     libcpmt:locale0.obj
 0005:00000230       __guard_fids__             000000018004d230     libcpmt:locale0.obj
 0005:00000234       __guard_fids_??__Einitlocks@@YAXXZ 000000018004d234     libcpmt:cin.obj
 0005:00000238       __guard_fids_??__Efin@std@@YAXXZ 000000018004d238     libcpmt:cin.obj
 0005:0000023c       __guard_fids_??__Ecin@std@@YAXXZ 000000018004d23c     libcpmt:cin.obj
 0005:00000240       __guard_fids__             000000018004d240     libcpmt:cin.obj
 0005:00000244       __guard_fids__             000000018004d244     libcpmt:cin.obj
 0005:00000248       __guard_fids__             000000018004d248     libcpmt:cin.obj
 0005:0000024c       __guard_fids__             000000018004d24c     libcpmt:cin.obj
 0005:00000250       __guard_fids__             000000018004d250     libcpmt:cin.obj
 0005:00000254       __guard_fids__             000000018004d254     libcpmt:xthrow.obj
 0005:0000025c       __guard_fids__             000000018004d25c     libcpmt:xthrow.obj
 0005:00000264       __guard_fids__             000000018004d264     libcpmt:xthrow.obj
 0005:0000026c       __guard_fids__             000000018004d26c     libcpmt:xthrow.obj
 0005:00000274       __guard_fids__             000000018004d274     libcpmt:xthrow.obj
 0005:0000027c       __guard_fids_??__Einitlocks@std@@YAXXZ 000000018004d27c     libcpmt:iosptrs.obj
 0005:00000280       __guard_fids_??__Einit_atexit@@YAXXZ 000000018004d280     libcpmt:iosptrs.obj
 0005:00000284       __guard_fids__             000000018004d284     libcpmt:iosptrs.obj
 0005:00000288       __guard_fids__             000000018004d288     libcpmt:iosptrs.obj
 0005:0000028c       __guard_fids__             000000018004d28c     libcpmt:locale.obj
 0005:000002c4       __guard_fids__             000000018004d2c4     libcpmt:locale.obj
 0005:000002e4       __guard_fids__             000000018004d2e4     libcpmt:winapisupp.obj
 0005:000002e8       __guard_fids__             000000018004d2e8     libcpmt:xlocale.obj
 0005:00000300       __guard_fids__             000000018004d300     LIBCMT:thread_safe_statics.obj
 0005:00000304       __guard_fids_?__scrt_initialize_thread_safe_statics@@YAHXZ 000000018004d304     LIBCMT:thread_safe_statics.obj
 0005:00000308       __guard_fids_?dllmain_crt_process_attach@@YAHQEAUHINSTANCE__@@QEAX@Z 000000018004d308     LIBCMT:dll_dllmain.obj
 0005:00000310       __guard_fids_?dllmain_dispatch@@YAHQEAUHINSTANCE__@@KQEAX@Z 000000018004d310     LIBCMT:dll_dllmain.obj
 0005:00000314       __guard_fids__             000000018004d314     LIBCMT:std_type_info_static.obj
 0005:00000318       __guard_fids__             000000018004d318     LIBCMT:throw_bad_alloc.obj
 0005:00000320       __guard_fids__             000000018004d320     LIBCMT:guard_support.obj
 0005:00000324       __guard_fids__             000000018004d324     libvcruntime:frame.obj
 0005:00000328       __guard_fids__             000000018004d328     libvcruntime:frame.obj
 0005:00000330       __guard_fids__UnwindNestedFrames 000000018004d330     libvcruntime:trnsctrl.obj
 0005:00000334       __guard_fids___vcrt_initialize_ptd 000000018004d334     libvcruntime:per_thread_data.obj
 0007:00000060       $R000000                   000000018004f060     * linker generated manifest res *

 Exports

  ordinal    name

        1    _register_ccio_
