 cio

 Timestamp is 57eb9911 (Wed Sep 28 18:18:57 2016)

 Preferred load address is 0000000180000000

 Start         Length     Name                   Class
 0001:00000000 00000240H .text$di                CODE
 0001:00000240 0002e830H .text$mn                CODE
 0001:0002ea70 00000020H .text$mn$00             CODE
 0001:0002ea90 000004f0H .text$x                 CODE
 0001:0002ef80 0000022cH .text$yd                CODE
 0002:00000000 000002b0H .idata$5                DATA
 0002:000002b0 00000010H .00cfg                  DATA
 0002:000002c0 00000008H .CRT$XCA                DATA
 0002:000002c8 00000058H .CRT$XCC                DATA
 0002:00000320 00000010H .CRT$XCL                DATA
 0002:00000330 00000010H .CRT$XCU                DATA
 0002:00000340 00000008H .CRT$XCZ                DATA
 0002:00000348 00000008H .CRT$XIA                DATA
 0002:00000350 00000030H .CRT$XIC                DATA
 0002:00000380 00000008H .CRT$XIZ                DATA
 0002:00000388 00000008H .CRT$XLA                DATA
 0002:00000390 00000008H .CRT$XLZ                DATA
 0002:00000398 00000008H .CRT$XPA                DATA
 0002:000003a0 00000010H .CRT$XPX                DATA
 0002:000003b0 00000008H .CRT$XPXA               DATA
 0002:000003b8 00000008H .CRT$XPZ                DATA
 0002:000003c0 00000008H .CRT$XTA                DATA
 0002:000003c8 00000008H .CRT$XTZ                DATA
 0002:000003d0 00010878H .rdata                  DATA
 0002:00010c48 00000028H .rdata$T                DATA
 0002:00010c70 0000120cH .rdata$r                DATA
 0002:00011e7c 0000047cH .rdata$zzzdbg           DATA
 0002:000122f8 00000008H .rtc$IAA                DATA
 0002:00012300 00000008H .rtc$IZZ                DATA
 0002:00012308 00000008H .rtc$TAA                DATA
 0002:00012310 00000010H .rtc$TZZ                DATA
 0002:00012320 00002a08H .xdata                  DATA
 0002:00014d28 00000334H .xdata$x                DATA
 0002:0001505c 00000020H .didat$2                DATA
 0002:0001507c 00000024H .didat$3                DATA
 0002:000150a0 00000088H .didat$4                DATA
 0002:00015128 000003a8H .didat$6                DATA
 0002:000154d0 00000090H .didat$7                DATA
 0002:00015560 0000004cH .edata                  DATA
 0002:000155ac 00000014H .idata$2                DATA
 0002:000155c0 00000018H .idata$3                DATA
 0002:000155d8 000002b0H .idata$4                DATA
 0002:00015888 0000062cH .idata$6                DATA
 0003:00000000 00000bb0H .data                   DATA
 0003:00000bb0 000006b8H .data$r                 DATA
 0003:00001268 00000088H .didat$5                DATA
 0003:000012f0 00001accH .bss                    DATA
 0004:00000000 00002b44H .pdata                  DATA
 0005:00000000 000000b4H .gfids$x                DATA
 0005:000000b4 00000284H .gfids$y                DATA
 0006:00000000 00000004H .tls                    DATA
 0006:00000004 00000004H .tls$                   DATA
 0006:00000008 00000001H .tls$ZZZ                DATA
 0007:00000000 00000060H .rsrc$01                DATA
 0007:00000060 00000180H .rsrc$02                DATA

  Address         Publics by Value              Rva+Base               Lib:Object

 0000:00000000       __guard_iat_count          0000000000000000     <absolute>
 0000:00000000       __dynamic_value_reloc_table 0000000000000000     <absolute>
 0000:00000000       __guard_iat_table          0000000000000000     <absolute>
 0000:00000000       __guard_longjmp_table      0000000000000000     <absolute>
 0000:00000000       __guard_fids_count         0000000000000000     <absolute>
 0000:00000000       __guard_longjmp_count      0000000000000000     <absolute>
 0000:00000000       ___safe_se_handler_table   0000000000000000     <absolute>
 0000:00000000       ___safe_se_handler_count   0000000000000000     <absolute>
 0000:00000000       __guard_fids_table         0000000000000000     <absolute>
 0000:00000100       __guard_flags              0000000000000100     <absolute>
 0000:00000000       __ImageBase                0000000180000000     <linker-defined>
 0001:00000240       ?what@exception@stdext@@UEBAPEBDXZ 0000000180001240 f i cio.obj
 0001:00000260       ?_Unlock@?$basic_streambuf@DU?$char_traits@D@std@@@std@@UEAAXXZ 0000000180001260 f i libcpmt:cout.obj
 0001:00000260       ??$destroy@PEAU?$_Tree_node@U?$pair@$$CBV?$basic_string@DU?$char_traits@D@std@@V?$allocator@D@2@@std@@H@std@@PEAX@std@@@?$_Wrap_alloc@V?$allocator@U?$_Tree_node@U?$pair@$$CBV?$basic_string@DU?$char_traits@D@std@@V?$allocator@D@2@@std@@H@std@@PEAX@std@@@std@@@std@@QEAAXPEAPEAU?$_Tree_node@U?$pair@$$CBV?$basic_string@DU?$char_traits@D@std@@V?$allocator@D@2@@std@@H@std@@PEAX@1@@Z 0000000180001260 f i cio.obj
 0001:00000260       ?_Doraise@exception@stdext@@MEBAXXZ 0000000180001260 f i cio.obj
 0001:00000260       ?imbue@?$basic_streambuf@DU?$char_traits@D@std@@@std@@MEAAXAEBVlocale@2@@Z 0000000180001260 f i libcpmt:cout.obj
 0001:00000260       _guard_check_icall_nop     0000000180001260 f i LIBCMT:guard_support.obj
 0001:00000260       ?_Lock@?$basic_streambuf@DU?$char_traits@D@std@@@std@@UEAAXXZ 0000000180001260 f i libcpmt:cout.obj
 0001:00000260       __except_validate_context_record 0000000180001260 f i libvcruntime:jbcxrval.obj
 0001:00000270       ??_Gruntime_error@std@@UEAAPEAXI@Z 0000000180001270 f i cio.obj
 0001:00000270       ??_Gexception@stdext@@UEAAPEAXI@Z 0000000180001270 f i cio.obj
 0001:00000270       ??_Eexception@stdext@@UEAAPEAXI@Z 0000000180001270 f i * CIL library *:* CIL module *
 0001:00000270       ??_Eruntime_error@std@@UEAAPEAXI@Z 0000000180001270 f i * CIL library *:* CIL module *
 0001:000002a0       ?_Deallocate@std@@YAXPEAX_K1@Z 00000001800012a0 f i cio.obj
 0001:00000310       ??0_Locinfo@std@@QEAA@PEBD@Z 0000000180001310 f i cio.obj
 0001:000003d0       ??1_Locinfo@std@@QEAA@XZ   00000001800013d0 f i cio.obj
 0001:00000470       ??_G_Facet_base@std@@UEAAPEAXI@Z 0000000180001470 f i cio.obj
 0001:00000470       ??_E_Facet_base@std@@UEAAPEAXI@Z 0000000180001470 f i * CIL library *:* CIL module *
 0001:000004a0       ?_Incref@facet@locale@std@@UEAAXXZ 00000001800014a0 f i cio.obj
 0001:000004b0       ?_Decref@facet@locale@std@@UEAAPEAV_Facet_base@3@XZ 00000001800014b0 f i cio.obj
 0001:000004c0       ?name@locale@std@@QEBA?AV?$basic_string@DU?$char_traits@D@std@@V?$allocator@D@2@@2@XZ 00000001800014c0 f i cio.obj
 0001:00000680       ?tolower@?$ctype@D@std@@QEBAPEBDPEADPEBD@Z 0000000180001680 f i cio.obj
 0001:00000710       ?_Getcat@?$ctype@D@std@@SA_KPEAPEBVfacet@locale@2@PEBV42@@Z 0000000180001710 f i cio.obj
 0001:000007d0       ?do_tolower@?$ctype@D@std@@MEBADD@Z 00000001800017d0 f i cio.obj
 0001:000007e0       ?do_tolower@?$ctype@D@std@@MEBAPEBDPEADPEBD@Z 00000001800017e0 f i cio.obj
 0001:00000840       ?do_toupper@?$ctype@D@std@@MEBADD@Z 0000000180001840 f i cio.obj
 0001:00000850       ?do_toupper@?$ctype@D@std@@MEBAPEBDPEADPEBD@Z 0000000180001850 f i cio.obj
 0001:000008b0       ?do_narrow@?$ctype@D@std@@MEBADDD@Z 00000001800018b0 f i cio.obj
 0001:000008b0       ?do_widen@?$ctype@D@std@@MEBADD@Z 00000001800018b0 f i cio.obj
 0001:000008c0       ?do_widen@?$ctype@D@std@@MEBAPEBDPEBD0PEAD@Z 00000001800018c0 f i cio.obj
 0001:000008e0       ?do_narrow@?$ctype@D@std@@MEBAPEBDPEBD0DPEAD@Z 00000001800018e0 f i cio.obj
 0001:00000900       ??_G?$ctype@D@std@@MEAAPEAXI@Z 0000000180001900 f i cio.obj
 0001:00000900       ??_E?$ctype@D@std@@MEAAPEAXI@Z 0000000180001900 f i * CIL library *:* CIL module *
 0001:00000970       ??_Eerror_category@std@@UEAAPEAXI@Z 0000000180001970 f i * CIL library *:* CIL module *
 0001:00000970       ??_E_Iostream_error_category@std@@UEAAPEAXI@Z 0000000180001970 f i * CIL library *:* CIL module *
 0001:00000970       ??_Gerror_category@std@@UEAAPEAXI@Z 0000000180001970 f i cio.obj
 0001:00000970       ??_G_Iostream_error_category@std@@UEAAPEAXI@Z 0000000180001970 f i cio.obj
 0001:000009a0       ?default_error_condition@error_category@std@@UEBA?AVerror_condition@2@H@Z 00000001800019a0 f i cio.obj
 0001:000009b0       ?equivalent@error_category@std@@UEBA_NHAEBVerror_condition@2@@Z 00000001800019b0 f i cio.obj
 0001:00000a10       ?equivalent@error_category@std@@UEBA_NAEBVerror_code@2@H@Z 0000000180001a10 f i cio.obj
 0001:00000a30       ?_Makestr@_System_error@std@@CA?AV?$basic_string@DU?$char_traits@D@std@@V?$allocator@D@2@@2@Verror_code@2@V32@@Z 0000000180001a30 f i cio.obj
 0001:00000b30       ??_E_System_error@std@@UEAAPEAXI@Z 0000000180001b30 f i * CIL library *:* CIL module *
 0001:00000b30       ??_Gfailure@ios_base@std@@UEAAPEAXI@Z 0000000180001b30 f i cio.obj
 0001:00000b30       ??_G_System_error@std@@UEAAPEAXI@Z 0000000180001b30 f i cio.obj
 0001:00000b30       ??_Efailure@ios_base@std@@UEAAPEAXI@Z 0000000180001b30 f i * CIL library *:* CIL module *
 0001:00000b60       ?name@_Iostream_error_category@std@@UEBAPEBDXZ 0000000180001b60 f i cio.obj
 0001:00000b70       ?message@_Iostream_error_category@std@@UEBA?AV?$basic_string@DU?$char_traits@D@std@@V?$allocator@D@2@@2@H@Z 0000000180001b70 f i cio.obj
 0001:00000bf0       ?clear@ios_base@std@@QEAAXH_N@Z 0000000180001bf0 f i cio.obj
 0001:00001140       ??_G_Node_base@std@@UEAAPEAXI@Z 0000000180002140 f i cio.obj
 0001:00001140       ??_G_Node_endif@std@@UEAAPEAXI@Z 0000000180002140 f i cio.obj
 0001:00001140       ??_E_Node_base@std@@UEAAPEAXI@Z 0000000180002140 f i * CIL library *:* CIL module *
 0001:00001140       ??_E_Node_endif@std@@UEAAPEAXI@Z 0000000180002140 f i * CIL library *:* CIL module *
 0001:00001170       ??_G_Root_node@std@@UEAAPEAXI@Z 0000000180002170 f i cio.obj
 0001:00001170       ??_E_Root_node@std@@UEAAPEAXI@Z 0000000180002170 f i * CIL library *:* CIL module *
 0001:000011a0       ??_G_Node_end_rep@std@@UEAAPEAXI@Z 00000001800021a0 f i cio.obj
 0001:000011a0       ??_E_Node_back@std@@UEAAPEAXI@Z 00000001800021a0 f i * CIL library *:* CIL module *
 0001:000011a0       ??_E_Node_end_rep@std@@UEAAPEAXI@Z 00000001800021a0 f i * CIL library *:* CIL module *
 0001:000011a0       ??_G_Node_end_group@std@@UEAAPEAXI@Z 00000001800021a0 f i cio.obj
 0001:000011a0       ??_E_Node_end_group@std@@UEAAPEAXI@Z 00000001800021a0 f i * CIL library *:* CIL module *
 0001:000011a0       ??_G_Node_back@std@@UEAAPEAXI@Z 00000001800021a0 f i cio.obj
 0001:000011a0       ??_G_Node_capture@std@@UEAAPEAXI@Z 00000001800021a0 f i cio.obj
 0001:000011a0       ??_E_Node_capture@std@@UEAAPEAXI@Z 00000001800021a0 f i * CIL library *:* CIL module *
 0001:000011d0       ??1_Node_assert@std@@UEAA@XZ 00000001800021d0 f i cio.obj
 0001:00001250       ??_E_Node_assert@std@@UEAAPEAXI@Z 0000000180002250 f i * CIL library *:* CIL module *
 0001:00001250       ??_G_Node_assert@std@@UEAAPEAXI@Z 0000000180002250 f i cio.obj
 0001:00001290       ??1_Node_if@std@@UEAA@XZ   0000000180002290 f i cio.obj
 0001:00001340       ??_G_Node_if@std@@UEAAPEAXI@Z 0000000180002340 f i cio.obj
 0001:00001340       ??_E_Node_if@std@@UEAAPEAXI@Z 0000000180002340 f i * CIL library *:* CIL module *
 0001:00001380       ??_E_Node_rep@std@@UEAAPEAXI@Z 0000000180002380 f i * CIL library *:* CIL module *
 0001:00001380       ??_G_Node_rep@std@@UEAAPEAXI@Z 0000000180002380 f i cio.obj
 0001:000013b0       ?_Calculate_loop_simplicity@std@@YAXPEAV_Node_base@1@0PEAV_Node_rep@1@@Z 00000001800023b0 f i cio.obj
 0001:00001490       ?Input@cio@@YAXAEBV?$FunctionCallbackInfo@VValue@v8@@@v8@@@Z 0000000180002490 f   cio.obj
 0001:00001c10       ?Output@cio@@YAXAEBV?$FunctionCallbackInfo@VValue@v8@@@v8@@@Z 0000000180002c10 f   cio.obj
 0001:00001d90       ?init@cio@@YAXV?$Local@VObject@v8@@@v8@@@Z 0000000180002d90 f   cio.obj
 0001:00002460       ??1?$basic_string@DU?$char_traits@D@std@@V?$allocator@D@2@@std@@QEAA@XZ 0000000180003460 f i cio.obj
 0001:000024f0       ??5?$basic_istream@DU?$char_traits@D@std@@@std@@QEAAAEAV01@AEAN@Z 00000001800034f0 f i cio.obj
 0001:00002690       ??5?$basic_istream@DU?$char_traits@D@std@@@std@@QEAAAEAV01@AEA_N@Z 0000000180003690 f i cio.obj
 0001:00002830       ?do_get@?$num_get@DV?$istreambuf_iterator@DU?$char_traits@D@std@@@std@@@std@@MEBA?AV?$istreambuf_iterator@DU?$char_traits@D@std@@@2@V32@0AEAVios_base@2@AEAHAEAPEAX@Z 0000000180003830 f i cio.obj
 0001:00002950       ?do_get@?$num_get@DV?$istreambuf_iterator@DU?$char_traits@D@std@@@std@@@std@@MEBA?AV?$istreambuf_iterator@DU?$char_traits@D@std@@@2@V32@0AEAVios_base@2@AEAHAEAN@Z 0000000180003950 f i cio.obj
 0001:00002950       ?do_get@?$num_get@DV?$istreambuf_iterator@DU?$char_traits@D@std@@@std@@@std@@MEBA?AV?$istreambuf_iterator@DU?$char_traits@D@std@@@2@V32@0AEAVios_base@2@AEAHAEAO@Z 0000000180003950 f i cio.obj
 0001:00002aa0       ?do_get@?$num_get@DV?$istreambuf_iterator@DU?$char_traits@D@std@@@std@@@std@@MEBA?AV?$istreambuf_iterator@DU?$char_traits@D@std@@@2@V32@0AEAVios_base@2@AEAHAEAM@Z 0000000180003aa0 f i cio.obj
 0001:00002bf0       ?do_get@?$num_get@DV?$istreambuf_iterator@DU?$char_traits@D@std@@@std@@@std@@MEBA?AV?$istreambuf_iterator@DU?$char_traits@D@std@@@2@V32@0AEAVios_base@2@AEAHAEA_K@Z 0000000180003bf0 f i cio.obj
 0001:00002d10       ?do_get@?$num_get@DV?$istreambuf_iterator@DU?$char_traits@D@std@@@std@@@std@@MEBA?AV?$istreambuf_iterator@DU?$char_traits@D@std@@@2@V32@0AEAVios_base@2@AEAHAEA_J@Z 0000000180003d10 f i cio.obj
 0001:00002e30       ?do_get@?$num_get@DV?$istreambuf_iterator@DU?$char_traits@D@std@@@std@@@std@@MEBA?AV?$istreambuf_iterator@DU?$char_traits@D@std@@@2@V32@0AEAVios_base@2@AEAHAEAK@Z 0000000180003e30 f i cio.obj
 0001:00002f50       ?do_get@?$num_get@DV?$istreambuf_iterator@DU?$char_traits@D@std@@@std@@@std@@MEBA?AV?$istreambuf_iterator@DU?$char_traits@D@std@@@2@V32@0AEAVios_base@2@AEAHAEAJ@Z 0000000180003f50 f i cio.obj
 0001:00003070       ?do_get@?$num_get@DV?$istreambuf_iterator@DU?$char_traits@D@std@@@std@@@std@@MEBA?AV?$istreambuf_iterator@DU?$char_traits@D@std@@@2@V32@0AEAVios_base@2@AEAHAEAI@Z 0000000180004070 f i cio.obj
 0001:000031a0       ?do_get@?$num_get@DV?$istreambuf_iterator@DU?$char_traits@D@std@@@std@@@std@@MEBA?AV?$istreambuf_iterator@DU?$char_traits@D@std@@@2@V32@0AEAVios_base@2@AEAHAEAG@Z 00000001800041a0 f i cio.obj
 0001:000032e0       ?do_get@?$num_get@DV?$istreambuf_iterator@DU?$char_traits@D@std@@@std@@@std@@MEBA?AV?$istreambuf_iterator@DU?$char_traits@D@std@@@2@V32@0AEAVios_base@2@AEAHAEA_N@Z 00000001800042e0 f i cio.obj
 0001:000036b0       ?assign@?$basic_string@DU?$char_traits@D@std@@V?$allocator@D@2@@std@@QEAAAEAV12@_KD@Z 00000001800046b0 f i cio.obj
 0001:000037b0       ?assign@?$basic_string@DU?$char_traits@D@std@@V?$allocator@D@2@@std@@QEAAAEAV12@PEBD_K@Z 00000001800047b0 f i cio.obj
 0001:000038e0       ?assign@?$basic_string@DU?$char_traits@D@std@@V?$allocator@D@2@@std@@QEAAAEAV12@AEBV12@_K1@Z 00000001800048e0 f i cio.obj
 0001:00003a10       ?append@?$basic_string@DU?$char_traits@D@std@@V?$allocator@D@2@@std@@QEAAAEAV12@PEBD_K@Z 0000000180004a10 f i cio.obj
 0001:00003b60       ?append@?$basic_string@DU?$char_traits@D@std@@V?$allocator@D@2@@std@@QEAAAEAV12@AEBV12@_K1@Z 0000000180004b60 f i cio.obj
 0001:00003c90       ?_Assign_rv@?$basic_string@DU?$char_traits@D@std@@V?$allocator@D@2@@std@@QEAAX$$QEAV12@@Z 0000000180004c90 f i cio.obj
 0001:00003d10       ??_E?$codecvt@DDU_Mbstatet@@@std@@MEAAPEAXI@Z 0000000180004d10 f i libcpmt:cout.obj
 0001:00003d10       ??_G?$codecvt@DDU_Mbstatet@@@std@@MEAAPEAXI@Z 0000000180004d10 f i libcpmt:cout.obj
 0001:00003d10       ??_E?$num_get@DV?$istreambuf_iterator@DU?$char_traits@D@std@@@std@@@std@@MEAAPEAXI@Z 0000000180004d10 f i * CIL library *:* CIL module *
 0001:00003d10       ??_G?$num_get@DV?$istreambuf_iterator@DU?$char_traits@D@std@@@std@@@std@@MEAAPEAXI@Z 0000000180004d10 f i cio.obj
 0001:00003d40       ?do_truename@?$numpunct@D@std@@MEBA?AV?$basic_string@DU?$char_traits@D@std@@V?$allocator@D@2@@2@XZ 0000000180004d40 f i cio.obj
 0001:00003d90       ?do_falsename@?$numpunct@D@std@@MEBA?AV?$basic_string@DU?$char_traits@D@std@@V?$allocator@D@2@@2@XZ 0000000180004d90 f i cio.obj
 0001:00003de0       ?do_grouping@?$numpunct@D@std@@MEBA?AV?$basic_string@DU?$char_traits@D@std@@V?$allocator@D@2@@2@XZ 0000000180004de0 f i cio.obj
 0001:00003e30       ?do_thousands_sep@?$numpunct@D@std@@MEBADXZ 0000000180004e30 f i cio.obj
 0001:00003e40       ?do_decimal_point@?$numpunct@D@std@@MEBADXZ 0000000180004e40 f i cio.obj
 0001:00003e50       ?_Getffld@?$num_get@DV?$istreambuf_iterator@DU?$char_traits@D@std@@@std@@@std@@AEBAHPEADAEAV?$istreambuf_iterator@DU?$char_traits@D@std@@@2@1AEAVios_base@2@PEAH@Z 0000000180004e50 f i cio.obj
 0001:00004d30       ?_Getifld@?$num_get@DV?$istreambuf_iterator@DU?$char_traits@D@std@@@std@@@std@@AEBAHPEADAEAV?$istreambuf_iterator@DU?$char_traits@D@std@@@2@1HAEBVlocale@2@@Z 0000000180005d30 f i cio.obj
 0001:000053d0       ?erase@?$_Tree@V?$_Tmap_traits@V?$basic_string@DU?$char_traits@D@std@@V?$allocator@D@2@@std@@HU?$less@V?$basic_string@DU?$char_traits@D@std@@V?$allocator@D@2@@std@@@2@V?$allocator@U?$pair@$$CBV?$basic_string@DU?$char_traits@D@std@@V?$allocator@D@2@@std@@H@std@@@2@$0A@@std@@@std@@QEAA?AV?$_Tree_iterator@V?$_Tree_val@U?$_Tree_simple_types@U?$pair@$$CBV?$basic_string@DU?$char_traits@D@std@@V?$allocator@D@2@@std@@H@std@@@std@@@std@@@2@V?$_Tree_const_iterator@V?$_Tree_val@U?$_Tree_simple_types@U?$pair@$$CBV?$basic_string@DU?$char_traits@D@std@@V?$allocator@D@2@@std@@H@std@@@std@@@std@@@2@0@Z 00000001800063d0 f i cio.obj
 0001:000054e0       ?erase@?$basic_string@DU?$char_traits@D@std@@V?$allocator@D@2@@std@@QEAAAEAV12@_K0@Z 00000001800064e0 f i cio.obj
 0001:000055b0       ?append@?$basic_string@DU?$char_traits@D@std@@V?$allocator@D@2@@std@@QEAAAEAV12@_KD@Z 00000001800065b0 f i cio.obj
 0001:000056c0       ??Y?$basic_string@DU?$char_traits@D@std@@V?$allocator@D@2@@std@@QEAAAEAV01@D@Z 00000001800066c0 f i cio.obj
 0001:000057b0       ?_Ipfx@?$basic_istream@DU?$char_traits@D@std@@@std@@QEAA_N_N@Z 00000001800067b0 f i cio.obj
 0001:00005900       ??_G?$numpunct@D@std@@MEAAPEAXI@Z 0000000180006900 f i cio.obj
 0001:00005900       ??_E?$numpunct@D@std@@MEAAPEAXI@Z 0000000180006900 f i * CIL library *:* CIL module *
 0001:00005960       ?_Getffldx@?$num_get@DV?$istreambuf_iterator@DU?$char_traits@D@std@@@std@@@std@@AEBAHPEADAEAV?$istreambuf_iterator@DU?$char_traits@D@std@@@2@1AEAVios_base@2@PEAH@Z 0000000180006960 f i cio.obj
 0001:00006880       ??E?$istreambuf_iterator@DU?$char_traits@D@std@@@std@@QEAAAEAV01@XZ 0000000180007880 f i cio.obj
 0001:000068f0       ??D?$istreambuf_iterator@DU?$char_traits@D@std@@@std@@QEBADXZ 00000001800078f0 f i cio.obj
 0001:00006960       ?erase@?$_Tree@V?$_Tmap_traits@V?$basic_string@DU?$char_traits@D@std@@V?$allocator@D@2@@std@@HU?$less@V?$basic_string@DU?$char_traits@D@std@@V?$allocator@D@2@@std@@@2@V?$allocator@U?$pair@$$CBV?$basic_string@DU?$char_traits@D@std@@V?$allocator@D@2@@std@@H@std@@@2@$0A@@std@@@std@@QEAA?AV?$_Tree_iterator@V?$_Tree_val@U?$_Tree_simple_types@U?$pair@$$CBV?$basic_string@DU?$char_traits@D@std@@V?$allocator@D@2@@std@@H@std@@@std@@@std@@@2@V?$_Tree_const_iterator@V?$_Tree_val@U?$_Tree_simple_types@U?$pair@$$CBV?$basic_string@DU?$char_traits@D@std@@V?$allocator@D@2@@std@@H@std@@@std@@@std@@@2@@Z 0000000180007960 f i cio.obj
 0001:00006d80       ?do_hash@?$collate@D@std@@MEBAJPEBD0@Z 0000000180007d80 f i cio.obj
 0001:00006dc0       ?do_transform@?$collate@D@std@@MEBA?AV?$basic_string@DU?$char_traits@D@std@@V?$allocator@D@2@@2@PEBD0@Z 0000000180007dc0 f i cio.obj
 0001:00006ee0       ?do_compare@?$collate@D@std@@MEBAHPEBD000@Z 0000000180007ee0 f i cio.obj
 0001:00006f30       ?_Copy@?$basic_string@DU?$char_traits@D@std@@V?$allocator@D@2@@std@@QEAAX_K0@Z 0000000180007f30 f i cio.obj
 0001:000070b0       ?flush@?$basic_ostream@DU?$char_traits@D@std@@@std@@QEAAAEAV12@XZ 00000001800080b0 f i cio.obj
 0001:000071b0       ?snextc@?$basic_streambuf@DU?$char_traits@D@std@@@std@@QEAAHXZ 00000001800081b0 f i cio.obj
 0001:00007250       ??_E?$collate@D@std@@MEAAPEAXI@Z 0000000180008250 f i * CIL library *:* CIL module *
 0001:00007250       ??_G?$collate@D@std@@MEAAPEAXI@Z 0000000180008250 f i cio.obj
 0001:000072a0       ?_Rrotate@?$_Tree@V?$_Tmap_traits@V?$basic_string@DU?$char_traits@D@std@@V?$allocator@D@2@@std@@HU?$less@V?$basic_string@DU?$char_traits@D@std@@V?$allocator@D@2@@std@@@2@V?$allocator@U?$pair@$$CBV?$basic_string@DU?$char_traits@D@std@@V?$allocator@D@2@@std@@H@std@@@2@$0A@@std@@@std@@IEAAXPEAU?$_Tree_node@U?$pair@$$CBV?$basic_string@DU?$char_traits@D@std@@V?$allocator@D@2@@std@@H@std@@PEAX@2@@Z 00000001800082a0 f i cio.obj
 0001:00007300       ?_Lrotate@?$_Tree@V?$_Tmap_traits@V?$basic_string@DU?$char_traits@D@std@@V?$allocator@D@2@@std@@HU?$less@V?$basic_string@DU?$char_traits@D@std@@V?$allocator@D@2@@std@@@2@V?$allocator@U?$pair@$$CBV?$basic_string@DU?$char_traits@D@std@@V?$allocator@D@2@@std@@H@std@@@2@$0A@@std@@@std@@IEAAXPEAU?$_Tree_node@U?$pair@$$CBV?$basic_string@DU?$char_traits@D@std@@V?$allocator@D@2@@std@@H@std@@PEAX@2@@Z 0000000180008300 f i cio.obj
 0001:00007360       ?_Erase@?$_Tree@V?$_Tmap_traits@V?$basic_string@DU?$char_traits@D@std@@V?$allocator@D@2@@std@@HU?$less@V?$basic_string@DU?$char_traits@D@std@@V?$allocator@D@2@@std@@@2@V?$allocator@U?$pair@$$CBV?$basic_string@DU?$char_traits@D@std@@V?$allocator@D@2@@std@@H@std@@@2@$0A@@std@@@std@@IEAAXPEAU?$_Tree_node@U?$pair@$$CBV?$basic_string@DU?$char_traits@D@std@@V?$allocator@D@2@@std@@H@std@@PEAX@2@@Z 0000000180008360 f i cio.obj
 0001:00007440       ??$use_facet@V?$ctype@D@std@@@std@@YAAEBV?$ctype@D@0@AEBVlocale@0@@Z 0000000180008440 f i cio.obj
 0001:00007570       ??$_Immortalize@V_Iostream_error_category@std@@@std@@YAAEAV_Iostream_error_category@0@XZ 0000000180008570 f i cio.obj
 0001:000075f0       ??$?6DU?$char_traits@D@std@@V?$allocator@D@1@@std@@YAAEAV?$basic_ostream@DU?$char_traits@D@std@@@0@AEAV10@AEBV?$basic_string@DU?$char_traits@D@std@@V?$allocator@D@2@@0@@Z 00000001800085f0 f i cio.obj
 0001:00007870       ??$use_facet@V?$num_get@DV?$istreambuf_iterator@DU?$char_traits@D@std@@@std@@@std@@@std@@YAAEBV?$num_get@DV?$istreambuf_iterator@DU?$char_traits@D@std@@@std@@@0@AEBVlocale@0@@Z 0000000180008870 f i cio.obj
 0001:000079a0       ??$use_facet@V?$numpunct@D@std@@@std@@YAAEBV?$numpunct@D@0@AEBVlocale@0@@Z 00000001800089a0 f i cio.obj
 0001:00007ad0       ??$_Getloctxt@DV?$istreambuf_iterator@DU?$char_traits@D@std@@@std@@@std@@YAHAEAV?$istreambuf_iterator@DU?$char_traits@D@std@@@0@0_KPEBD@Z 0000000180008ad0 f i cio.obj
 0001:00007d80       ??$use_facet@V?$collate@D@std@@@std@@YAAEBV?$collate@D@0@AEBVlocale@0@@Z 0000000180008d80 f i cio.obj
 0001:00007eb0       ?_Getcat@?$numpunct@D@std@@SA_KPEAPEBVfacet@locale@2@PEBV42@@Z 0000000180008eb0 f i cio.obj
 0001:00007f70       ?_Getcat@?$num_get@DV?$istreambuf_iterator@DU?$char_traits@D@std@@@std@@@std@@SA_KPEAPEBVfacet@locale@2@PEBV42@@Z 0000000180008f70 f i cio.obj
 0001:00008020       ?equal@?$istreambuf_iterator@DU?$char_traits@D@std@@@std@@QEBA_NAEBV12@@Z 0000000180009020 f i cio.obj
 0001:000080f0       ?_Getcat@?$collate@D@std@@SA_KPEAPEBVfacet@locale@2@PEBV42@@Z 00000001800090f0 f i cio.obj
 0001:00008230       ?put@?$basic_ostream@DU?$char_traits@D@std@@@std@@QEAAAEAV12@D@Z 0000000180009230 f i cio.obj
 0001:00008380       ?widen@?$basic_ios@DU?$char_traits@D@std@@@std@@QEBADD@Z 0000000180009380 f i cio.obj
 0001:00008420       ?_Init@?$numpunct@D@std@@IEAAXAEBV_Locinfo@2@_N@Z 0000000180009420 f i cio.obj
 0001:000085a0       ?deallocate@?$_Wrap_alloc@V?$allocator@I@std@@@std@@QEAAXPEAI_K@Z 00000001800095a0 f i cio.obj
 0001:00008610       ??$?5DU?$char_traits@D@std@@V?$allocator@D@1@@std@@YAAEAV?$basic_istream@DU?$char_traits@D@std@@@0@$$QEAV10@AEAV?$basic_string@DU?$char_traits@D@std@@V?$allocator@D@2@@0@@Z 0000000180009610 f i cio.obj
 0001:00008880       ??$_Regex_match1@PEBDV?$allocator@V?$sub_match@PEBD@std@@@std@@DV?$regex_traits@D@2@PEBD@std@@YA_NPEBD0PEAV?$match_results@PEBDV?$allocator@V?$sub_match@PEBD@std@@@std@@@0@AEBV?$basic_regex@DV?$regex_traits@D@std@@@0@W4match_flag_type@regex_constants@0@_N@Z 0000000180009880 f i cio.obj
 0001:00008a10       ??$_Try_emplace@V?$basic_string@DU?$char_traits@D@std@@V?$allocator@D@2@@std@@$$V@?$map@V?$basic_string@DU?$char_traits@D@std@@V?$allocator@D@2@@std@@HU?$less@V?$basic_string@DU?$char_traits@D@std@@V?$allocator@D@2@@std@@@2@V?$allocator@U?$pair@$$CBV?$basic_string@DU?$char_traits@D@std@@V?$allocator@D@2@@std@@H@std@@@2@@std@@QEAA?AU?$pair@V?$_Tree_iterator@V?$_Tree_val@U?$_Tree_simple_types@U?$pair@$$CBV?$basic_string@DU?$char_traits@D@std@@V?$allocator@D@2@@std@@H@std@@@std@@@std@@@std@@_N@1@$$QEAV?$basic_string@DU?$char_traits@D@std@@V?$allocator@D@2@@1@@Z 0000000180009a10 f i cio.obj
 0001:00008b10       ??$_Try_emplace@AEBV?$basic_string@DU?$char_traits@D@std@@V?$allocator@D@2@@std@@$$V@?$map@V?$basic_string@DU?$char_traits@D@std@@V?$allocator@D@2@@std@@HU?$less@V?$basic_string@DU?$char_traits@D@std@@V?$allocator@D@2@@std@@@2@V?$allocator@U?$pair@$$CBV?$basic_string@DU?$char_traits@D@std@@V?$allocator@D@2@@std@@H@std@@@2@@std@@QEAA?AU?$pair@V?$_Tree_iterator@V?$_Tree_val@U?$_Tree_simple_types@U?$pair@$$CBV?$basic_string@DU?$char_traits@D@std@@V?$allocator@D@2@@std@@H@std@@@std@@@std@@@std@@_N@1@AEBV?$basic_string@DU?$char_traits@D@std@@V?$allocator@D@2@@1@@Z 0000000180009b10 f i cio.obj
 0001:00008c20       ??0?$_Parser@PEBDDV?$regex_traits@D@std@@@std@@QEAA@AEBV?$regex_traits@D@1@PEBD1W4syntax_option_type@regex_constants@1@@Z 0000000180009c20 f i cio.obj
 0001:00008d00       ?_Compile@?$_Parser@PEBDDV?$regex_traits@D@std@@@std@@QEAAPEAV_Root_node@2@XZ 0000000180009d00 f i cio.obj
 0001:00008de0       ??0?$_Wrap_alloc@V?$allocator@U?$_Tree_node@U?$pair@$$CBV?$basic_string@DU?$char_traits@D@std@@V?$allocator@D@2@@std@@H@std@@PEAX@std@@@std@@@std@@QEAA@XZ 0000000180009de0 f i cio.obj
 0001:00008df0       ?_Tidy@?$vector@U_Loop_vals_t@std@@V?$allocator@U_Loop_vals_t@std@@@2@@std@@IEAAXXZ 0000000180009df0 f i cio.obj
 0001:00008df0       ?_Tidy@?$vector@U_Grp_t@?$_Tgt_state_t@PEBD@std@@V?$allocator@U_Grp_t@?$_Tgt_state_t@PEBD@std@@@3@@std@@IEAAXXZ 0000000180009df0 f i cio.obj
 0001:00008e80       ?resize@?$vector@U_Loop_vals_t@std@@V?$allocator@U_Loop_vals_t@std@@@2@@std@@QEAAX_K@Z 0000000180009e80 f i cio.obj
 0001:00008e80       ?resize@?$vector@U_Grp_t@?$_Tgt_state_t@PEBD@std@@V?$allocator@U_Grp_t@?$_Tgt_state_t@PEBD@std@@@3@@std@@QEAAX_K@Z 0000000180009e80 f i cio.obj
 0001:00008f80       ?_Trim@?$vector@_NV?$allocator@_N@std@@@std@@QEAAX_K@Z 0000000180009f80 f i cio.obj
 0001:00009040       ?deallocate@?$_Wrap_alloc@V?$allocator@U_Grp_t@?$_Tgt_state_t@PEBD@std@@@std@@@std@@QEAAXPEAU_Grp_t@?$_Tgt_state_t@PEBD@2@_K@Z 000000018000a040 f i cio.obj
 0001:000090b0       ?_Reallocate@?$vector@U_Loop_vals_t@std@@V?$allocator@U_Loop_vals_t@std@@@2@@std@@IEAAX_K@Z 000000018000a0b0 f i cio.obj
 0001:000090b0       ?_Reallocate@?$vector@U_Grp_t@?$_Tgt_state_t@PEBD@std@@V?$allocator@U_Grp_t@?$_Tgt_state_t@PEBD@std@@@3@@std@@IEAAX_K@Z 000000018000a0b0 f i cio.obj
 0001:000091f0       ?_Buy@?$vector@IV?$allocator@_N@std@@@std@@IEAA_N_K@Z 000000018000a1f0 f i cio.obj
 0001:00009250       ?allocate@?$_Wrap_alloc@V?$allocator@I@std@@@std@@QEAAPEAI_K@Z 000000018000a250 f i cio.obj
 0001:000092c0       ?_Trans@?$_Parser@PEBDDV?$regex_traits@D@std@@@std@@AEAAXXZ 000000018000a2c0 f i cio.obj
 0001:00009510       ?_Disjunction@?$_Parser@PEBDDV?$regex_traits@D@std@@@std@@AEAAXXZ 000000018000a510 f i cio.obj
 0001:000096f0       ?_End_group@?$_Builder@PEBDDV?$regex_traits@D@std@@@std@@QEAAXPEAV_Node_base@2@@Z 000000018000a6f0 f i cio.obj
 0001:000097a0       ?_Begin_capture_group@?$_Builder@PEBDDV?$regex_traits@D@std@@@std@@QEAAPEAV_Node_base@2@I@Z 000000018000a7a0 f i cio.obj
 0001:00009820       ??$_Lbound@V?$basic_string@DU?$char_traits@D@std@@V?$allocator@D@2@@std@@@?$_Tree@V?$_Tmap_traits@V?$basic_string@DU?$char_traits@D@std@@V?$allocator@D@2@@std@@HU?$less@V?$basic_string@DU?$char_traits@D@std@@V?$allocator@D@2@@std@@@2@V?$allocator@U?$pair@$$CBV?$basic_string@DU?$char_traits@D@std@@V?$allocator@D@2@@std@@H@std@@@2@$0A@@std@@@std@@IEBAPEAU?$_Tree_node@U?$pair@$$CBV?$basic_string@DU?$char_traits@D@std@@V?$allocator@D@2@@std@@H@std@@PEAX@1@AEBV?$basic_string@DU?$char_traits@D@std@@V?$allocator@D@2@@1@@Z 000000018000a820 f i cio.obj
 0001:000098d0       ??$?MDU?$char_traits@D@std@@V?$allocator@D@1@@std@@YA_NAEBV?$basic_string@DU?$char_traits@D@std@@V?$allocator@D@2@@0@0@Z 000000018000a8d0 f i cio.obj
 0001:00009950       ?resize@?$vector@_NV?$allocator@_N@std@@@std@@QEAAX_K_N@Z 000000018000a950 f i cio.obj
 0001:00009b00       ?_Insert_n@?$vector@_NV?$allocator@_N@std@@@std@@QEAA?AV?$_Vb_iterator@U?$_Wrap_alloc@V?$allocator@I@std@@@std@@@2@V?$_Vb_const_iterator@U?$_Wrap_alloc@V?$allocator@I@std@@@std@@@2@_KAEB_N@Z 000000018000ab00 f i cio.obj
 0001:00009cb0       ?erase@?$vector@_NV?$allocator@_N@std@@@std@@QEAA?AV?$_Vb_iterator@U?$_Wrap_alloc@V?$allocator@I@std@@@std@@@2@V?$_Vb_const_iterator@U?$_Wrap_alloc@V?$allocator@I@std@@@std@@@2@0@Z 000000018000acb0 f i cio.obj
 0001:00009f10       ?_Insert_x@?$vector@_NV?$allocator@_N@std@@@std@@QEAA_KV?$_Vb_const_iterator@U?$_Wrap_alloc@V?$allocator@I@std@@@std@@@2@_K@Z 000000018000af10 f i cio.obj
 0001:0000a130       ?allocate@?$_Wrap_alloc@V?$allocator@U_Grp_t@?$_Tgt_state_t@PEBD@std@@@std@@@std@@QEAAPEAU_Grp_t@?$_Tgt_state_t@PEBD@2@_K@Z 000000018000b130 f i cio.obj
 0001:0000a1a0       ?resize@?$vector@IV?$allocator@_N@std@@@std@@QEAAX_KAEBI@Z 000000018000b1a0 f i cio.obj
 0001:0000a340       ?_Reallocate@?$vector@IV?$allocator@_N@std@@@std@@IEAAX_K@Z 000000018000b340 f i cio.obj
 0001:0000a420       ?_Is_esc@?$_Parser@PEBDDV?$regex_traits@D@std@@@std@@AEBA_NXZ 000000018000b420 f i cio.obj
 0001:0000a460       ?_Next@?$_Parser@PEBDDV?$regex_traits@D@std@@@std@@AEAAXXZ 000000018000b460 f i cio.obj
 0001:0000a4b0       ?_Alternative@?$_Parser@PEBDDV?$regex_traits@D@std@@@std@@AEAA_NXZ 000000018000b4b0 f i cio.obj
 0001:0000a950       ?_Beg_expr@?$_Builder@PEBDDV?$regex_traits@D@std@@@std@@QEBA_NXZ 000000018000b950 f i cio.obj
 0001:0000a990       ?_Begin_group@?$_Builder@PEBDDV?$regex_traits@D@std@@@std@@QEAAPEAV_Node_base@2@XZ 000000018000b990 f i cio.obj
 0001:0000aa00       ?_Begin_if@?$_Builder@PEBDDV?$regex_traits@D@std@@@std@@QEAAPEAV_Node_base@2@PEAV32@@Z 000000018000ba00 f i cio.obj
 0001:0000aae0       ?_Match_pat@?$_Matcher@PEBDDV?$regex_traits@D@std@@PEBD@std@@AEAA_NPEAV_Node_base@2@@Z 000000018000bae0 f i cio.obj
 0001:0000b040       ??$_Insert_hint@AEAU?$pair@$$CBV?$basic_string@DU?$char_traits@D@std@@V?$allocator@D@2@@std@@H@std@@PEAU?$_Tree_node@U?$pair@$$CBV?$basic_string@DU?$char_traits@D@std@@V?$allocator@D@2@@std@@H@std@@PEAX@2@@?$_Tree@V?$_Tmap_traits@V?$basic_string@DU?$char_traits@D@std@@V?$allocator@D@2@@std@@HU?$less@V?$basic_string@DU?$char_traits@D@std@@V?$allocator@D@2@@std@@@2@V?$allocator@U?$pair@$$CBV?$basic_string@DU?$char_traits@D@std@@V?$allocator@D@2@@std@@H@std@@@2@$0A@@std@@@std@@IEAA?AV?$_Tree_iterator@V?$_Tree_val@U?$_Tree_simple_types@U?$pair@$$CBV?$basic_string@DU?$char_traits@D@std@@V?$allocator@D@2@@std@@H@std@@@std@@@std@@@1@V?$_Tree_const_iterator@V?$_Tree_val@U?$_Tree_simple_types@U?$pair@$$CBV?$basic_string@DU?$char_traits@D@std@@V?$allocator@D@2@@std@@H@std@@@std@@@std@@@1@AEAU?$pair@$$CBV?$basic_string@DU?$char_traits@D@std@@V?$allocator@D@2@@std@@H@1@PEAU?$_Tree_node@U?$pair@$$CBV?$basic_string@DU?$char_traits@D@std@@V?$allocator@D@2@@std@@H@std@@PEAX@1@@Z 000000018000c040 f i cio.obj
 0001:0000b2d0       ??4?$_Tgt_state_t@PEBD@std@@QEAAAEAV01@AEBV01@@Z 000000018000c2d0 f i cio.obj
 0001:0000b320       ??4?$vector@U_Grp_t@?$_Tgt_state_t@PEBD@std@@V?$allocator@U_Grp_t@?$_Tgt_state_t@PEBD@std@@@3@@std@@QEAAAEAV01@AEBV01@@Z 000000018000c320 f i cio.obj
 0001:0000b440       ?_Buy@?$vector@U_Grp_t@?$_Tgt_state_t@PEBD@std@@V?$allocator@U_Grp_t@?$_Tgt_state_t@PEBD@std@@@3@@std@@IEAA_N_K@Z 000000018000c440 f i cio.obj
 0001:0000b4b0       ??4?$vector@IV?$allocator@_N@std@@@std@@QEAAAEAV01@AEBV01@@Z 000000018000c4b0 f i cio.obj
 0001:0000b5e0       ??0?$vector@IV?$allocator@_N@std@@@std@@QEAA@AEBV01@@Z 000000018000c5e0 f i cio.obj
 0001:0000b690       ?_Expect@?$_Parser@PEBDDV?$regex_traits@D@std@@@std@@AEAAXW4_Meta_type@2@W4error_type@regex_constants@2@@Z 000000018000c690 f i cio.obj
 0001:0000b6f0       ?_CharacterClass@?$_Parser@PEBDDV?$regex_traits@D@std@@@std@@AEAAXXZ 000000018000c6f0 f i cio.obj
 0001:0000b7e0       ?_AtomEscape@?$_Parser@PEBDDV?$regex_traits@D@std@@@std@@AEAAXXZ 000000018000c7e0 f i cio.obj
 0001:0000b8d0       ?_Wrapped_disjunction@?$_Parser@PEBDDV?$regex_traits@D@std@@@std@@AEAA_NXZ 000000018000c8d0 f i cio.obj
 0001:0000ba30       ?_Quantifier@?$_Parser@PEBDDV?$regex_traits@D@std@@@std@@AEAAXXZ 000000018000ca30 f i cio.obj
 0001:0000bbc0       ?_Add_wbound@?$_Builder@PEBDDV?$regex_traits@D@std@@@std@@QEAAXXZ 000000018000cbc0 f i cio.obj
 0001:0000bc30       ?_Add_char@?$_Builder@PEBDDV?$regex_traits@D@std@@@std@@QEAAXD@Z 000000018000cc30 f i cio.obj
 0001:0000bd00       ?_Do_if@?$_Matcher@PEBDDV?$regex_traits@D@std@@PEBD@std@@AEAA_NPEAV_Node_if@2@@Z 000000018000cd00 f i cio.obj
 0001:0000c0e0       ?_Do_rep@?$_Matcher@PEBDDV?$regex_traits@D@std@@PEBD@std@@AEAA_NPEAV_Node_rep@2@_NH@Z 000000018000d0e0 f i cio.obj
 0001:0000c3c0       ?_Do_class@?$_Matcher@PEBDDV?$regex_traits@D@std@@PEBD@std@@AEAA_NPEAV_Node_base@2@@Z 000000018000d3c0 f i cio.obj
 0001:0000c520       ?_Better_match@?$_Matcher@PEBDDV?$regex_traits@D@std@@PEBD@std@@AEAA_NXZ 000000018000d520 f i cio.obj
 0001:0000c610       ??$_Compare@PEBDPEBDV?$regex_traits@D@std@@@std@@YAPEBDPEBD000AEBV?$regex_traits@D@0@W4syntax_option_type@regex_constants@0@@Z 000000018000d610 f i cio.obj
 0001:0000c660       ??$_Insert_at@AEAU?$pair@$$CBV?$basic_string@DU?$char_traits@D@std@@V?$allocator@D@2@@std@@H@std@@PEAU?$_Tree_node@U?$pair@$$CBV?$basic_string@DU?$char_traits@D@std@@V?$allocator@D@2@@std@@H@std@@PEAX@2@@?$_Tree@V?$_Tmap_traits@V?$basic_string@DU?$char_traits@D@std@@V?$allocator@D@2@@std@@HU?$less@V?$basic_string@DU?$char_traits@D@std@@V?$allocator@D@2@@std@@@2@V?$allocator@U?$pair@$$CBV?$basic_string@DU?$char_traits@D@std@@V?$allocator@D@2@@std@@H@std@@@2@$0A@@std@@@std@@IEAA?AV?$_Tree_iterator@V?$_Tree_val@U?$_Tree_simple_types@U?$pair@$$CBV?$basic_string@DU?$char_traits@D@std@@V?$allocator@D@2@@std@@H@std@@@std@@@std@@@1@_NPEAU?$_Tree_node@U?$pair@$$CBV?$basic_string@DU?$char_traits@D@std@@V?$allocator@D@2@@std@@H@std@@PEAX@1@AEAU?$pair@$$CBV?$basic_string@DU?$char_traits@D@std@@V?$allocator@D@2@@std@@H@1@1@Z 000000018000d660 f i cio.obj
 0001:0000c950       ??$_Insert_nohint@AEAU?$pair@$$CBV?$basic_string@DU?$char_traits@D@std@@V?$allocator@D@2@@std@@H@std@@PEAU?$_Tree_node@U?$pair@$$CBV?$basic_string@DU?$char_traits@D@std@@V?$allocator@D@2@@std@@H@std@@PEAX@2@@?$_Tree@V?$_Tmap_traits@V?$basic_string@DU?$char_traits@D@std@@V?$allocator@D@2@@std@@HU?$less@V?$basic_string@DU?$char_traits@D@std@@V?$allocator@D@2@@std@@@2@V?$allocator@U?$pair@$$CBV?$basic_string@DU?$char_traits@D@std@@V?$allocator@D@2@@std@@H@std@@@2@$0A@@std@@@std@@IEAA?AU?$pair@V?$_Tree_iterator@V?$_Tree_val@U?$_Tree_simple_types@U?$pair@$$CBV?$basic_string@DU?$char_traits@D@std@@V?$allocator@D@2@@std@@H@std@@@std@@@std@@@std@@_N@1@_NAEAU?$pair@$$CBV?$basic_string@DU?$char_traits@D@std@@V?$allocator@D@2@@std@@H@1@PEAU?$_Tree_node@U?$pair@$$CBV?$basic_string@DU?$char_traits@D@std@@V?$allocator@D@2@@std@@H@std@@PEAX@1@@Z 000000018000d950 f i cio.obj
 0001:0000cb20       ??0?$vector@U_Grp_t@?$_Tgt_state_t@PEBD@std@@V?$allocator@U_Grp_t@?$_Tgt_state_t@PEBD@std@@@3@@std@@QEAA@AEBV01@@Z 000000018000db20 f i cio.obj
 0001:0000cbe0       ??1?$_Node_class@DV?$regex_traits@D@std@@@std@@UEAA@XZ 000000018000dbe0 f i cio.obj
 0001:0000ccd0       ?translate@?$_Regex_traits@D@std@@QEBADD@Z 000000018000dcd0 f i cio.obj
 0001:0000cd90       ??_E?$_Node_class@DV?$regex_traits@D@std@@@std@@UEAAPEAXI@Z 000000018000dd90 f i * CIL library *:* CIL module *
 0001:0000cd90       ??_G?$_Node_class@DV?$regex_traits@D@std@@@std@@UEAAPEAXI@Z 000000018000dd90 f i cio.obj
 0001:0000cdd0       ?_DecimalDigits@?$_Parser@PEBDDV?$regex_traits@D@std@@@std@@AEAA_NXZ 000000018000ddd0 f i cio.obj
 0001:0000ce80       ?_CharacterClassEscape@?$_Parser@PEBDDV?$regex_traits@D@std@@@std@@AEAA_N_N@Z 000000018000de80 f i cio.obj
 0001:0000cf70       ?_ClassRanges@?$_Parser@PEBDDV?$regex_traits@D@std@@@std@@AEAAXXZ 000000018000df70 f i cio.obj
 0001:0000d0d0       ?_CharacterEscape@?$_Parser@PEBDDV?$regex_traits@D@std@@@std@@AEAA_NXZ 000000018000e0d0 f i cio.obj
 0001:0000d480       ?_Do_capture_group@?$_Parser@PEBDDV?$regex_traits@D@std@@@std@@AEAAXXZ 000000018000e480 f i cio.obj
 0001:0000d500       ?_Do_noncapture_group@?$_Parser@PEBDDV?$regex_traits@D@std@@@std@@AEAAXXZ 000000018000e500 f i cio.obj
 0001:0000d590       ?_Do_assert_group@?$_Parser@PEBDDV?$regex_traits@D@std@@@std@@AEAAX_N@Z 000000018000e590 f i cio.obj
 0001:0000d5e0       ?_Add_class@?$_Builder@PEBDDV?$regex_traits@D@std@@@std@@QEAAXXZ 000000018000e5e0 f i cio.obj
 0001:0000d670       ?_Add_backreference@?$_Builder@PEBDDV?$regex_traits@D@std@@@std@@QEAAXI@Z 000000018000e670 f i cio.obj
 0001:0000d6f0       ?_Add_rep@?$_Builder@PEBDDV?$regex_traits@D@std@@@std@@QEAAXHH_N@Z 000000018000e6f0 f i cio.obj
 0001:0000d9a0       ?_Add_str_node@?$_Builder@PEBDDV?$regex_traits@D@std@@@std@@AEAAXXZ 000000018000e9a0 f i cio.obj
 0001:0000da20       ?_Do_rep0@?$_Matcher@PEBDDV?$regex_traits@D@std@@PEBD@std@@AEAA_NPEAV_Node_rep@2@_N@Z 000000018000ea20 f i cio.obj
 0001:0000de90       ??$_Lookup_coll@PEBDD@std@@YAPEBDPEBD0PEBU?$_Sequence@D@0@@Z 000000018000ee90 f i cio.obj
 0001:0000df20       ??$_Cmp_chrange@PEBDPEBDU?$_Cmp_icase@V?$regex_traits@D@std@@@std@@@std@@YAPEBDPEBD000U?$_Cmp_icase@V?$regex_traits@D@std@@@0@@Z 000000018000ef20 f i cio.obj
 0001:0000dff0       ??$_Cmp_chrange@PEBDPEBDU?$_Cmp_collate@V?$regex_traits@D@std@@@std@@@std@@YAPEBDPEBD000U?$_Cmp_collate@V?$regex_traits@D@std@@@0@@Z 000000018000eff0 f i cio.obj
 0001:0000e090       ??_G?$_Node_str@D@std@@UEAAPEAXI@Z 000000018000f090 f i cio.obj
 0001:0000e090       ??_E?$_Node_str@D@std@@UEAAPEAXI@Z 000000018000f090 f i * CIL library *:* CIL module *
 0001:0000e0e0       ?_OctalDigits@?$_Parser@PEBDDV?$regex_traits@D@std@@@std@@AEAA_NXZ 000000018000f0e0 f i cio.obj
 0001:0000e180       ?_ClassAtom@?$_Parser@PEBDDV?$regex_traits@D@std@@@std@@AEAA?AW4_Prs_ret@2@XZ 000000018000f180 f i cio.obj
 0001:0000e3d0       ?_IdentityEscape@?$_Parser@PEBDDV?$regex_traits@D@std@@@std@@AEAA_NXZ 000000018000f3d0 f i cio.obj
 0001:0000e450       ?_Do_ffn@?$_Parser@PEBDDV?$regex_traits@D@std@@@std@@AEAA_ND@Z 000000018000f450 f i cio.obj
 0001:0000e4a0       ?_Add_range@?$_Builder@PEBDDV?$regex_traits@D@std@@@std@@QEAAXDD@Z 000000018000f4a0 f i cio.obj
 0001:0000e670       ?_Begin_assert_group@?$_Builder@PEBDDV?$regex_traits@D@std@@@std@@QEAAPEAV_Node_base@2@_N@Z 000000018000f670 f i cio.obj
 0001:0000e740       ?_Add_char_to_bitmap@?$_Builder@PEBDDV?$regex_traits@D@std@@@std@@AEAAXD@Z 000000018000f740 f i cio.obj
 0001:0000e7e0       ?_Add_char_to_array@?$_Builder@PEBDDV?$regex_traits@D@std@@@std@@AEAAXD@Z 000000018000f7e0 f i cio.obj
 0001:0000e8a0       ??$lookup_classname@PEBD@?$_Regex_traits@D@std@@QEBAFPEBD0_N@Z 000000018000f8a0 f i cio.obj
 0001:0000e970       ?_Do_ex_class@?$_Parser@PEBDDV?$regex_traits@D@std@@@std@@AEAAXW4_Meta_type@2@@Z 000000018000f970 f i cio.obj
 0001:0000eb90       ?_ClassEscape@?$_Parser@PEBDDV?$regex_traits@D@std@@@std@@AEAA?AW4_Prs_ret@2@_N@Z 000000018000fb90 f i cio.obj
 0001:0000ec60       ?_IsIdentityEscape@?$_Parser@PEBDDV?$regex_traits@D@std@@@std@@AEBA_NXZ 000000018000fc60 f i cio.obj
 0001:0000ed80       ?_Add_elts@?$_Builder@PEBDDV?$regex_traits@D@std@@@std@@AEAAXPEAV?$_Node_class@DV?$regex_traits@D@std@@@2@F_N@Z 000000018000fd80 f i cio.obj
 0001:0000ee70       ?_Add_equiv@?$_Builder@PEBDDV?$regex_traits@D@std@@@std@@QEAAXPEBD0_J@Z 000000018000fe70 f i cio.obj
 0001:0000f0a0       ?_Char_to_elts@?$_Builder@PEBDDV?$regex_traits@D@std@@@std@@AEAAXPEBD0_JPEAPEAU?$_Sequence@D@2@@Z 00000001800100a0 f i cio.obj
 0001:0000f140       ??$transform_primary@PEAD@?$_Regex_traits@D@std@@QEBA?AV?$basic_string@DU?$char_traits@D@std@@V?$allocator@D@2@@1@PEAD0@Z 0000000180010140 f i cio.obj
 0001:0000f140       ??$transform_primary@PEBD@?$_Regex_traits@D@std@@QEBA?AV?$basic_string@DU?$char_traits@D@std@@V?$allocator@D@2@@1@PEBD0@Z 0000000180010140 f i cio.obj
 0001:0000f370       ??$_Insert@PEBD@?$_Buf@D@std@@QEAAXPEBD0@Z 0000000180010370 f i cio.obj
 0001:0000f400       ??$_Equal_unchecked1@PEBDPEBDU?$_Cmp_icase@V?$_Regex_traits@D@std@@@std@@@std@@YA_NPEBD00AEAU?$_Cmp_icase@V?$_Regex_traits@D@std@@@0@U?$integral_constant@_N$0A@@0@@Z 0000000180010400 f i cio.obj
 0001:0000f51c       __imp_load_?GetCurrent@Isolate@v8@@SAPEAV12@XZ 000000018001051c f   node:node.exe
 0001:0000f528       __tailMerge_node_exe       0000000180010528 f i node:node.exe
 0001:0000f5a1       __imp_load_??1HandleScope@v8@@QEAA@XZ 00000001800105a1 f   node:node.exe
 0001:0000f5ad       __imp_load_??0HandleScope@v8@@QEAA@PEAVIsolate@1@@Z 00000001800105ad f   node:node.exe
 0001:0000f5b9       __imp_load_?New@Array@v8@@SA?AV?$Local@VArray@v8@@@2@PEAVIsolate@2@H@Z 00000001800105b9 f   node:node.exe
 0001:0000f5c5       __imp_load_?GetFunction@FunctionTemplate@v8@@QEAA?AV?$Local@VFunction@v8@@@2@XZ 00000001800105c5 f   node:node.exe
 0001:0000f5d1       __imp_load_?New@FunctionTemplate@v8@@SA?AV?$Local@VFunctionTemplate@v8@@@2@PEAVIsolate@2@P6AXAEBV?$FunctionCallbackInfo@VValue@v8@@@2@@ZV?$Local@VValue@v8@@@2@V?$Local@VSignature@v8@@@2@H@Z 00000001800105d1 f   node:node.exe
 0001:0000f5dd       __imp_load_?NumberValue@Value@v8@@QEBANXZ 00000001800105dd f   node:node.exe
 0001:0000f5e9       __imp_load_?BooleanValue@Value@v8@@QEBA_NXZ 00000001800105e9 f   node:node.exe
 0001:0000f5f5       __imp_load_??1Utf8Value@String@v8@@QEAA@XZ 00000001800105f5 f   node:node.exe
 0001:0000f601       __imp_load_??0Utf8Value@String@v8@@QEAA@V?$Local@VValue@v8@@@2@@Z 0000000180010601 f   node:node.exe
 0001:0000f60d       __imp_load_?NewFromUtf8@String@v8@@SA?AV?$Local@VString@v8@@@2@PEAVIsolate@2@PEBDW4NewStringType@12@H@Z 000000018001060d f   node:node.exe
 0001:0000f619       __imp_load_?New@Number@v8@@SA?AV?$Local@VNumber@v8@@@2@PEAVIsolate@2@N@Z 0000000180010619 f   node:node.exe
 0001:0000f625       __imp_load_?Set@Object@v8@@QEAA_NV?$Local@VValue@v8@@@2@0@Z 0000000180010625 f   node:node.exe
 0001:0000f631       __imp_load_?Set@Object@v8@@QEAA_NIV?$Local@VValue@v8@@@2@@Z 0000000180010631 f   node:node.exe
 0001:0000f63d       __imp_load_?SetName@Function@v8@@QEAAXV?$Local@VString@v8@@@2@@Z 000000018001063d f   node:node.exe
 0001:0000f649       __imp_load_node_module_register 0000000180010649 f   node:node.exe
 0001:0000f658       _Stollx                    0000000180010658 f   libcpmt:xstoll.obj
 0001:0000f74c       _Stolx                     000000018001074c f   libcpmt:xstol.obj
 0001:0000f82c       _Strxfrm                   000000018001082c f   libcpmt:xstrxfrm.obj
 0001:0000f92c       _Stoulx                    000000018001092c f   libcpmt:xstoul.obj
 0001:0000fafc       ??0_Init_locks@std@@QEAA@XZ 0000000180010afc f   libcpmt:xlock.obj
 0001:0000fb48       ??0_Lockit@std@@QEAA@H@Z   0000000180010b48 f   libcpmt:xlock.obj
 0001:0000fb84       ??1_Init_locks@std@@QEAA@XZ 0000000180010b84 f   libcpmt:xlock.obj
 0001:0000fbc8       ??1_Lockit@std@@QEAA@XZ    0000000180010bc8 f   libcpmt:xlock.obj
 0001:0000fbfc       ??$use_facet@V?$codecvt@DDU_Mbstatet@@@std@@@std@@YAAEBV?$codecvt@DDU_Mbstatet@@@0@AEBVlocale@0@@Z 0000000180010bfc f i libcpmt:cout.obj
 0001:0000fd34       ??0?$basic_ostream@DU?$char_traits@D@std@@@std@@QEAA@PEAV?$basic_streambuf@DU?$char_traits@D@std@@@1@_N@Z 0000000180010d34 f i libcpmt:cout.obj
 0001:0000fdfc       ??0?$basic_streambuf@DU?$char_traits@D@std@@@std@@IEAA@XZ 0000000180010dfc f i libcpmt:cout.obj
 0001:0000feac       ??0_Init_cout@std@@QEAA@XZ 0000000180010eac f i libcpmt:cout.obj
 0001:0000ff18       ??0bad_cast@std@@QEAA@AEBV01@@Z 0000000180010f18 f i libcpmt:cout.obj
 0001:0000ff58       ??0bad_cast@std@@QEAA@XZ   0000000180010f58 f i libcpmt:cout.obj
 0001:0000ff78       ??0exception@std@@QEAA@AEBV01@@Z 0000000180010f78 f i libcpmt:cout.obj
 0001:0000ffb0       ??0runtime_error@std@@QEAA@AEBV01@@Z 0000000180010fb0 f i libcpmt:cout.obj
 0001:0000fff0       ??1?$basic_filebuf@DU?$char_traits@D@std@@@std@@UEAA@XZ 0000000180010ff0 f i libcpmt:cout.obj
 0001:0001009c       ??1?$basic_ios@DU?$char_traits@D@std@@@std@@UEAA@XZ 000000018001109c f i libcpmt:cout.obj
 0001:000100c0       ??_E?$basic_ostream@DU?$char_traits@D@std@@@std@@$4PPPPPPPM@A@EAAPEAXI@Z 00000001800110c0 f i libcpmt:cout.obj
 0001:000100cc       ??_G?$basic_filebuf@DU?$char_traits@D@std@@@std@@UEAAPEAXI@Z 00000001800110cc f i libcpmt:cout.obj
 0001:000100cc       ??_E?$basic_filebuf@DU?$char_traits@D@std@@@std@@UEAAPEAXI@Z 00000001800110cc f i libcpmt:cout.obj
 0001:00010100       ??_G?$basic_ios@DU?$char_traits@D@std@@@std@@UEAAPEAXI@Z 0000000180011100 f i libcpmt:cout.obj
 0001:00010100       ??_E?$basic_ios@DU?$char_traits@D@std@@@std@@UEAAPEAXI@Z 0000000180011100 f i libcpmt:cout.obj
 0001:0001014c       ??_G?$basic_ostream@DU?$char_traits@D@std@@@std@@UEAAPEAXI@Z 000000018001114c f i libcpmt:cout.obj
 0001:0001014c       ??_E?$basic_ostream@DU?$char_traits@D@std@@@std@@UEAAPEAXI@Z 000000018001114c f i libcpmt:cout.obj
 0001:000101bc       ??_G?$basic_streambuf@DU?$char_traits@D@std@@@std@@UEAAPEAXI@Z 00000001800111bc f i libcpmt:cout.obj
 0001:000101bc       ??_E?$basic_streambuf@DU?$char_traits@D@std@@@std@@UEAAPEAXI@Z 00000001800111bc f i libcpmt:cout.obj
 0001:0001020c       ??_Elength_error@std@@UEAAPEAXI@Z 000000018001120c f i libcpmt:xthrow.obj
 0001:0001020c       ??_Glength_error@std@@UEAAPEAXI@Z 000000018001120c f i libcpmt:xthrow.obj
 0001:0001020c       ??_Gbad_cast@std@@UEAAPEAXI@Z 000000018001120c f i libcpmt:cout.obj
 0001:0001020c       ??_Elogic_error@std@@UEAAPEAXI@Z 000000018001120c f i libcpmt:xthrow.obj
 0001:0001020c       ??_Ebad_exception@std@@UEAAPEAXI@Z 000000018001120c f i libvcruntime:frame.obj
 0001:0001020c       ??_Gout_of_range@std@@UEAAPEAXI@Z 000000018001120c f i libcpmt:xthrow.obj
 0001:0001020c       ??_Ebad_alloc@std@@UEAAPEAXI@Z 000000018001120c f i libcpmt:xthrow.obj
 0001:0001020c       ??_Gexception@std@@UEAAPEAXI@Z 000000018001120c f i libcpmt:cout.obj
 0001:0001020c       ??_Gbad_array_new_length@std@@UEAAPEAXI@Z 000000018001120c f i LIBCMT:throw_bad_alloc.obj
 0001:0001020c       ??_Ebad_array_new_length@std@@UEAAPEAXI@Z 000000018001120c f i LIBCMT:throw_bad_alloc.obj
 0001:0001020c       ??_Glogic_error@std@@UEAAPEAXI@Z 000000018001120c f i libcpmt:xthrow.obj
 0001:0001020c       ??_Eout_of_range@std@@UEAAPEAXI@Z 000000018001120c f i libcpmt:xthrow.obj
 0001:0001020c       ??_Gbad_alloc@std@@UEAAPEAXI@Z 000000018001120c f i libcpmt:xthrow.obj
 0001:0001020c       ??_Eexception@std@@UEAAPEAXI@Z 000000018001120c f i libcpmt:cout.obj
 0001:0001020c       ??_Gbad_exception@std@@UEAAPEAXI@Z 000000018001120c f i libvcruntime:frame.obj
 0001:0001020c       ??_Ebad_cast@std@@UEAAPEAXI@Z 000000018001120c f i libcpmt:cout.obj
 0001:00010250       ??_Eios_base@std@@UEAAPEAXI@Z 0000000180011250 f i libcpmt:cout.obj
 0001:00010250       ??_Gios_base@std@@UEAAPEAXI@Z 0000000180011250 f i libcpmt:cout.obj
 0001:0001029c       ??_Glocale@std@@QEAAPEAXI@Z 000000018001129c f i libcpmt:cout.obj
 0001:0001032c       ?_Endwrite@?$basic_filebuf@DU?$char_traits@D@std@@@std@@IEAA_NXZ 000000018001132c f i libcpmt:cout.obj
 0001:000104e0       ?_Getcat@?$codecvt@DDU_Mbstatet@@@std@@SA_KPEAPEBVfacet@locale@2@PEBV42@@Z 00000001800114e0 f i libcpmt:cout.obj
 0001:000105a4       ?_Init@?$basic_filebuf@DU?$char_traits@D@std@@@std@@IEAAXPEAU_iobuf@@W4_Initfl@12@@Z 00000001800115a4 f i libcpmt:cout.obj
 0001:00010690       ?_Init@ios_base@std@@IEAAXXZ 0000000180011690 f i libcpmt:cout.obj
 0001:00010710       ?_Initcvt@?$basic_filebuf@DU?$char_traits@D@std@@@std@@IEAAXPEBV?$codecvt@DDU_Mbstatet@@@2@@Z 0000000180011710 f i libcpmt:cout.obj
 0001:000107b0       ?_Lock@?$basic_filebuf@DU?$char_traits@D@std@@@std@@UEAAXXZ 00000001800117b0 f i libcpmt:cout.obj
 0001:000107cc       ?_Unlock@?$basic_filebuf@DU?$char_traits@D@std@@@std@@UEAAXXZ 00000001800117cc f i libcpmt:cout.obj
 0001:000107e8       ?do_length@?$codecvt@DDU_Mbstatet@@@std@@MEBAHAEAU_Mbstatet@@PEBD1_K@Z 00000001800117e8 f i libcpmt:cout.obj
 0001:000107fc       ?do_encoding@codecvt_base@std@@MEBAHXZ 00000001800117fc f i libcpmt:cout.obj
 0001:000107fc       DllMain                    00000001800117fc f i LIBCMT:dll_dllmain_stub.obj
 0001:000107fc       _get_startup_argv_mode     00000001800117fc f i LIBCMT:argv_mode.obj
 0001:000107fc       ?do_max_length@codecvt_base@std@@MEBAHXZ 00000001800117fc f i libcpmt:cout.obj
 0001:00010804       ?do_in@?$codecvt@DDU_Mbstatet@@@std@@MEBAHAEAU_Mbstatet@@PEBD1AEAPEBDPEAD3AEAPEAD@Z 0000000180011804 f i libcpmt:cout.obj
 0001:00010804       ?do_out@?$codecvt@DDU_Mbstatet@@@std@@MEBAHAEAU_Mbstatet@@PEBD1AEAPEBDPEAD3AEAPEAD@Z 0000000180011804 f i libcpmt:cout.obj
 0001:00010820       ?do_unshift@?$codecvt@DDU_Mbstatet@@@std@@MEBAHAEAU_Mbstatet@@PEAD1AEAPEAD@Z 0000000180011820 f i libcpmt:cout.obj
 0001:0001082c       ?imbue@?$basic_filebuf@DU?$char_traits@D@std@@@std@@MEAAXAEBVlocale@2@@Z 000000018001182c f i libcpmt:cout.obj
 0001:00010850       ?overflow@?$basic_filebuf@DU?$char_traits@D@std@@@std@@MEAAHH@Z 0000000180011850 f i libcpmt:cout.obj
 0001:00010ab0       ?pbackfail@?$basic_filebuf@DU?$char_traits@D@std@@@std@@MEAAHH@Z 0000000180011ab0 f i libcpmt:cout.obj
 0001:00010b80       ?seekoff@?$basic_filebuf@DU?$char_traits@D@std@@@std@@MEAA?AV?$fpos@U_Mbstatet@@@2@_JHH@Z 0000000180011b80 f i libcpmt:cout.obj
 0001:00010c6c       ?seekpos@?$basic_filebuf@DU?$char_traits@D@std@@@std@@MEAA?AV?$fpos@U_Mbstatet@@@2@V32@H@Z 0000000180011c6c f i libcpmt:cout.obj
 0001:00010d6c       ?seekpos@?$basic_streambuf@DU?$char_traits@D@std@@@std@@MEAA?AV?$fpos@U_Mbstatet@@@2@V32@H@Z 0000000180011d6c f i libcpmt:cout.obj
 0001:00010d6c       ?seekoff@?$basic_streambuf@DU?$char_traits@D@std@@@std@@MEAA?AV?$fpos@U_Mbstatet@@@2@_JHH@Z 0000000180011d6c f i libcpmt:cout.obj
 0001:00010d88       ?setbuf@?$basic_filebuf@DU?$char_traits@D@std@@@std@@MEAAPEAV?$basic_streambuf@DU?$char_traits@D@std@@@2@PEAD_J@Z 0000000180011d88 f i libcpmt:cout.obj
 0001:00010ddc       ?setbuf@?$basic_streambuf@DU?$char_traits@D@std@@@std@@MEAAPEAV12@PEAD_J@Z 0000000180011ddc f i libcpmt:cout.obj
 0001:00010de0       ?sync@?$basic_filebuf@DU?$char_traits@D@std@@@std@@MEAAHXZ 0000000180011de0 f i libcpmt:cout.obj
 0001:00010e40       ?uflow@?$basic_filebuf@DU?$char_traits@D@std@@@std@@MEAAHXZ 0000000180011e40 f i libcpmt:cout.obj
 0001:000110d8       ?uflow@?$basic_streambuf@DU?$char_traits@D@std@@@std@@MEAAHXZ 00000001800120d8 f i libcpmt:cout.obj
 0001:00011124       ?underflow@?$basic_filebuf@DU?$char_traits@D@std@@@std@@MEAAHXZ 0000000180012124 f i libcpmt:cout.obj
 0001:0001119c       ?overflow@?$basic_streambuf@DU?$char_traits@D@std@@@std@@MEAAHH@Z 000000018001219c f i libcpmt:cout.obj
 0001:0001119c       ?pbackfail@?$basic_streambuf@DU?$char_traits@D@std@@@std@@MEAAHH@Z 000000018001219c f i libcpmt:cout.obj
 0001:0001119c       ?underflow@?$basic_streambuf@DU?$char_traits@D@std@@@std@@MEAAHXZ 000000018001219c f i libcpmt:cout.obj
 0001:000111a0       ?what@exception@std@@UEBAPEBDXZ 00000001800121a0 f i libcpmt:cout.obj
 0001:000111b4       ?xsgetn@?$basic_streambuf@DU?$char_traits@D@std@@@std@@MEAA_JPEAD_J@Z 00000001800121b4 f i libcpmt:cout.obj
 0001:00011274       ?xsputn@?$basic_streambuf@DU?$char_traits@D@std@@@std@@MEAA_JPEBD_J@Z 0000000180012274 f i libcpmt:cout.obj
 0001:00011338       ??4?$_Yarn@D@std@@QEAAAEAV01@PEBD@Z 0000000180012338 f i libcpmt:locale0.obj
 0001:000113b0       ??_G_Fac_node@std@@QEAAPEAXI@Z 00000001800123b0 f i libcpmt:locale0.obj
 0001:0001143c       ??_E_Locimp@locale@std@@MEAAPEAXI@Z 000000018001243c f i libcpmt:locale0.obj
 0001:0001143c       ??_G_Locimp@locale@std@@MEAAPEAXI@Z 000000018001243c f i libcpmt:locale0.obj
 0001:000114a8       ?_Facet_Register@std@@YAXPEAV_Facet_base@1@@Z 00000001800124a8 f   libcpmt:locale0.obj
 0001:000114e0       ?_Getgloballocale@locale@std@@CAPEAV_Locimp@12@XZ 00000001800124e0 f   libcpmt:locale0.obj
 0001:000114e8       ?_Init@locale@std@@CAPEAV_Locimp@12@_N@Z 00000001800124e8 f   libcpmt:locale0.obj
 0001:000115a4       ?_Locimp_dtor@_Locimp@locale@std@@CAXPEAV123@@Z 00000001800125a4 f   libcpmt:locale0.obj
 0001:0001164c       ?_Locinfo_ctor@_Locinfo@std@@SAXPEAV12@PEBD@Z 000000018001264c f   libcpmt:locale0.obj
 0001:000116b8       ?_Locinfo_dtor@_Locinfo@std@@SAXPEAV12@@Z 00000001800126b8 f   libcpmt:locale0.obj
 0001:000116dc       ?_New_Locimp@_Locimp@locale@std@@CAPEAV123@_N@Z 00000001800126dc f   libcpmt:locale0.obj
 0001:0001174c       ?_Setgloballocale@locale@std@@CAXPEAX@Z 000000018001274c f   libcpmt:locale0.obj
 0001:00011780       _Deletegloballocale        0000000180012780 f   libcpmt:locale0.obj
 0001:00011808       ??0?$basic_istream@DU?$char_traits@D@std@@@std@@QEAA@PEAV?$basic_streambuf@DU?$char_traits@D@std@@@1@_N@Z 0000000180012808 f i libcpmt:cin.obj
 0001:000118d4       ??_E?$basic_istream@DU?$char_traits@D@std@@@std@@$4PPPPPPPM@A@EAAPEAXI@Z 00000001800128d4 f i libcpmt:cin.obj
 0001:000118e0       ??_E?$basic_istream@DU?$char_traits@D@std@@@std@@UEAAPEAXI@Z 00000001800128e0 f i libcpmt:cin.obj
 0001:000118e0       ??_G?$basic_istream@DU?$char_traits@D@std@@@std@@UEAAPEAXI@Z 00000001800128e0 f i libcpmt:cin.obj
 0001:00011950       ??0bad_alloc@std@@QEAA@AEBV01@@Z 0000000180012950 f i libcpmt:xthrow.obj
 0001:00011990       ??0bad_alloc@std@@QEAA@XZ  0000000180012990 f i libcpmt:xthrow.obj
 0001:000119b0       ??0length_error@std@@QEAA@AEBV01@@Z 00000001800129b0 f i libcpmt:xthrow.obj
 0001:000119f0       ??0length_error@std@@QEAA@PEBD@Z 00000001800129f0 f i libcpmt:xthrow.obj
 0001:00011a3c       ??0logic_error@std@@QEAA@AEBV01@@Z 0000000180012a3c f i libcpmt:xthrow.obj
 0001:00011a7c       ??0out_of_range@std@@QEAA@AEBV01@@Z 0000000180012a7c f i libcpmt:xthrow.obj
 0001:00011abc       ??0out_of_range@std@@QEAA@PEBD@Z 0000000180012abc f i libcpmt:xthrow.obj
 0001:00011b08       ??0regex_error@std@@QEAA@AEBV01@@Z 0000000180012b08 f i libcpmt:xthrow.obj
 0001:00011b58       ??0regex_error@std@@QEAA@W4error_type@regex_constants@1@@Z 0000000180012b58 f i libcpmt:xthrow.obj
 0001:00011bc0       ??1regex_error@std@@UEAA@XZ 0000000180012bc0 f i libcpmt:xthrow.obj
 0001:00011bc0       ??1bad_alloc@std@@UEAA@XZ  0000000180012bc0 f i libcpmt:xthrow.obj
 0001:00011bc0       ??1bad_cast@std@@UEAA@XZ   0000000180012bc0 f i libcpmt:cout.obj
 0001:00011bc0       ??1out_of_range@std@@UEAA@XZ 0000000180012bc0 f i libcpmt:xthrow.obj
 0001:00011bc0       ??1bad_exception@std@@UEAA@XZ 0000000180012bc0 f i libvcruntime:frame.obj
 0001:00011bc0       ??1bad_array_new_length@std@@UEAA@XZ 0000000180012bc0 f i LIBCMT:throw_bad_alloc.obj
 0001:00011bc0       ??1length_error@std@@UEAA@XZ 0000000180012bc0 f i libcpmt:xthrow.obj
 0001:00011bd4       ??_Eregex_error@std@@UEAAPEAXI@Z 0000000180012bd4 f i libcpmt:xthrow.obj
 0001:00011bd4       ??_Gregex_error@std@@UEAAPEAXI@Z 0000000180012bd4 f i libcpmt:xthrow.obj
 0001:00011c18       ?_Stringify@regex_error@std@@CAPEBDW4error_type@regex_constants@2@@Z 0000000180012c18 f i libcpmt:xthrow.obj
 0001:00011ce4       ?__scrt_throw_std_bad_alloc@@YAXXZ 0000000180012ce4 f   LIBCMT:throw_bad_alloc.obj
 0001:00011ce4       ?_Xbad_alloc@std@@YAXXZ    0000000180012ce4 f   libcpmt:xthrow.obj
 0001:00011d04       ?_Xlength_error@std@@YAXPEBD@Z 0000000180012d04 f   libcpmt:xthrow.obj
 0001:00011d28       ?_Xout_of_range@std@@YAXPEBD@Z 0000000180012d28 f   libcpmt:xthrow.obj
 0001:00011d4c       ?_Xregex_error@std@@YAXW4error_type@regex_constants@1@@Z 0000000180012d4c f   libcpmt:xthrow.obj
 0001:00011d70       ?_Syserror_map@std@@YAPEBDH@Z 0000000180012d70 f   libcpmt:syserror.obj
 0001:00011d98       _Stoullx                   0000000180012d98 f   libcpmt:xstoull.obj
 0001:00011f60       _Getctype                  0000000180012f60 f   libcpmt:_tolower.obj
 0001:00012020       _Tolower                   0000000180013020 f   libcpmt:_tolower.obj
 0001:00012148       _Getcoll                   0000000180013148 f   libcpmt:xstrcoll.obj
 0001:0001217c       _Strcoll                   000000018001317c f   libcpmt:xstrcoll.obj
 0001:0001224c       _Getcvt                    000000018001324c f   libcpmt:xwctomb.obj
 0001:000122dc       _Toupper                   00000001800132dc f   libcpmt:_toupper.obj
 0001:00012414       __crtLCMapStringA          0000000180013414 f   libcpmt:StlLCMapStringA.obj
 0001:00012700       _Mtxdst                    0000000180013700 f   libcpmt:xmtx.obj
 0001:00012708       _Mtxinit                   0000000180013708 f   libcpmt:xmtx.obj
 0001:00012718       _Mtxlock                   0000000180013718 f   libcpmt:xmtx.obj
 0001:00012720       _Mtxunlock                 0000000180013720 f   libcpmt:xmtx.obj
 0001:00012728       ?_Addstd@ios_base@std@@SAXPEAV12@@Z 0000000180013728 f   libcpmt:ios.obj
 0001:00012798       ?_Ios_base_dtor@ios_base@std@@CAXPEAV12@@Z 0000000180013798 f   libcpmt:ios.obj
 0001:000127dc       ?_Tidy@ios_base@std@@AEAAXXZ 00000001800137dc f i libcpmt:ios.obj
 0001:0001286c       ?_Atexit@@YAXP6AXXZ@Z      000000018001386c f   libcpmt:iosptrs.obj
 0001:000128ac       __local_stdio_printf_options 00000001800138ac f i libcpmt:locale.obj
 0001:000128b4       __crtCompareStringA        00000001800138b4 f   libcpmt:StlCompareStringA.obj
 0001:00012c14       GetTableIndexFromLocaleName 0000000180013c14 f   libcpmt:winapinls.obj
 0001:00012ca0       __crtCompareStringEx       0000000180013ca0 f   libcpmt:winapinls.obj
 0001:00012d5c       __crtDownlevelLocaleNameToLCID 0000000180013d5c f   libcpmt:winapinls.obj
 0001:00012d90       __crtLCMapStringEx         0000000180013d90 f   libcpmt:winapinls.obj
 0001:00012e4c       __wcsnicmp_ascii           0000000180013e4c f   libcpmt:winapinls.obj
 0001:00013374       __crtInitializeCriticalSectionEx 0000000180014374 f   libcpmt:winapisupp.obj
 0001:000133f0       __security_check_cookie    00000001800143f0 f   LIBCMT:_amdsecgs_.obj
 0001:0001355c       _Init_thread_footer        000000018001455c f   LIBCMT:thread_safe_statics.obj
 0001:000135bc       _Init_thread_header        00000001800145bc f   LIBCMT:thread_safe_statics.obj
 0001:00013624       _Init_thread_notify        0000000180014624 f   LIBCMT:thread_safe_statics.obj
 0001:00013680       _Init_thread_wait          0000000180014680 f   LIBCMT:thread_safe_statics.obj
 0001:00013718       ??2@YAPEAX_K@Z             0000000180014718 f   LIBCMT:new_scalar.obj
 0001:00013754       __scrt_acquire_startup_lock 0000000180014754 f   LIBCMT:utility.obj
 0001:00013790       __scrt_dllmain_after_initialize_c 0000000180014790 f   LIBCMT:utility.obj
 0001:000137c4       __scrt_dllmain_before_initialize_c 00000001800147c4 f   LIBCMT:utility.obj
 0001:000137dc       __scrt_dllmain_crt_thread_attach 00000001800147dc f   LIBCMT:utility.obj
 0001:00013804       __scrt_dllmain_crt_thread_detach 0000000180014804 f   LIBCMT:utility.obj
 0001:0001381c       __scrt_dllmain_exception_filter 000000018001481c f   LIBCMT:utility.obj
 0001:00013880       __scrt_dllmain_uninitialize_c 0000000180014880 f   LIBCMT:utility.obj
 0001:000138b0       __scrt_dllmain_uninitialize_critical 00000001800148b0 f   LIBCMT:utility.obj
 0001:000138c4       __scrt_initialize_crt      00000001800148c4 f   LIBCMT:utility.obj
 0001:00013910       __scrt_initialize_onexit_tables 0000000180014910 f   LIBCMT:utility.obj
 0001:000139dc       __scrt_is_nonwritable_in_current_image 00000001800149dc f   LIBCMT:utility.obj
 0001:00013a78       __scrt_release_startup_lock 0000000180014a78 f   LIBCMT:utility.obj
 0001:00013a9c       __scrt_uninitialize_crt    0000000180014a9c f   LIBCMT:utility.obj
 0001:00013ac8       _onexit                    0000000180014ac8 f   LIBCMT:utility.obj
 0001:00013b18       atexit                     0000000180014b18 f   LIBCMT:utility.obj
 0001:00013b30       ??3@YAXPEAX@Z              0000000180014b30 f   LIBCMT:delete_scalar.obj
 0001:00013b38       ??_V@YAXPEAX@Z             0000000180014b38 f   LIBCMT:delete_array.obj
 0001:00013b38       ??3@YAXPEAX_K@Z            0000000180014b38 f   LIBCMT:delete_scalar_size.obj
 0001:00013e8c       _DllMainCRTStartup         0000000180014e8c f   LIBCMT:dll_dllmain.obj
 0001:00013ecc       __GSHandlerCheck           0000000180014ecc f   LIBCMT:_gshandler_.obj
 0001:00013eec       __GSHandlerCheckCommon     0000000180014eec f   LIBCMT:_gshandler_.obj
 0001:00013f48       __GSHandlerCheck_EH        0000000180014f48 f   LIBCMT:gshandlereh.obj
 0001:00013fc8       _guard_check_icall         0000000180014fc8 f i LIBCMT:checkcfg.obj
 0001:00013fd0       ??_Gtype_info@@UEAAPEAXI@Z 0000000180014fd0 f i LIBCMT:std_type_info_static.obj
 0001:00013fd0       ??_Etype_info@@UEAAPEAXI@Z 0000000180014fd0 f i LIBCMT:std_type_info_static.obj
 0001:00014010       __chkstk                   0000000180015010 f   LIBCMT:_chkstk_.obj
 0001:00014010       _alloca_probe              0000000180015010 f   LIBCMT:_chkstk_.obj
 0001:00014064       __raise_securityfailure    0000000180015064 f   LIBCMT:gs_report.obj
 0001:00014098       __report_gsfailure         0000000180015098 f   LIBCMT:gs_report.obj
 0001:0001416c       __report_rangecheckfailure 000000018001516c f   LIBCMT:gs_report.obj
 0001:00014180       __report_securityfailure   0000000180015180 f   LIBCMT:gs_report.obj
 0001:00014300       __crt_debugger_hook        0000000180015300 f   LIBCMT:utility_desktop.obj
 0001:00014308       __scrt_fastfail            0000000180015308 f   LIBCMT:utility_desktop.obj
 0001:00014450       ??0bad_array_new_length@std@@QEAA@AEBV01@@Z 0000000180015450 f i LIBCMT:throw_bad_alloc.obj
 0001:00014490       ??0bad_array_new_length@std@@QEAA@XZ 0000000180015490 f i LIBCMT:throw_bad_alloc.obj
 0001:000144b0       ?__scrt_throw_std_bad_array_new_length@@YAXXZ 00000001800154b0 f   LIBCMT:throw_bad_alloc.obj
 0001:000144d0       __isa_available_init       00000001800154d0 f   LIBCMT:_cpu_disp_.obj
 0001:00014698       __scrt_is_ucrt_dll_in_use  0000000180015698 f   LIBCMT:ucrt_detection.obj
 0001:000146a4       __security_init_cookie     00000001800156a4 f   LIBCMT:gs_support.obj
 0001:00014750       ?__scrt_initialize_type_info@@YAXXZ 0000000180015750 f   LIBCMT:tncleanup.obj
 0001:00014760       ?__scrt_uninitialize_type_info@@YAXXZ 0000000180015760 f   LIBCMT:tncleanup.obj
 0001:0001476c       __local_stdio_scanf_options 000000018001576c f i LIBCMT:default_local_stdio_options.obj
 0001:00014774       __scrt_initialize_default_local_stdio_options 0000000180015774 f   LIBCMT:default_local_stdio_options.obj
 0001:00014790       __scrt_get_dyn_tls_init_callback 0000000180015790 f   LIBCMT:dyn_tls_init.obj
 0001:00014798       _RTC_Initialize            0000000180015798 f   LIBCMT:_initsect_.obj
 0001:000147e4       _RTC_Terminate             00000001800157e4 f   LIBCMT:_initsect_.obj
 0001:00014840       memcpy                     0000000180015840 f   libvcruntime:memcpy.obj
 0001:00014840       memmove                    0000000180015840 f   libvcruntime:memcpy.obj
 0001:00014c78       _purecall                  0000000180015c78 f   libvcruntime:purevirt.obj
 0001:00014cb4       memchr                     0000000180015cb4 f   libvcruntime:memchr.obj
 0001:00014cd0       strchr                     0000000180015cd0 f   libvcruntime:strchr.obj
 0001:00014d5c       __DestructExceptionObject  0000000180015d5c f   libvcruntime:frame.obj
 0001:00014de4       ??0bad_exception@std@@QEAA@AEBV01@@Z 0000000180015de4 f i libvcruntime:frame.obj
 0001:00014e24       ??0bad_exception@std@@QEAA@XZ 0000000180015e24 f i libvcruntime:frame.obj
 0001:000157a0       ?_CallMemberFunction0@@YAXPEAXP6AX0@Z@Z 00000001800167a0 f i libvcruntime:frame.obj
 0001:000157a4       ?_CallMemberFunction1@@YAXPEAXP6AX0@Z0@Z 00000001800167a4 f i libvcruntime:frame.obj
 0001:000157b0       ?_CallMemberFunction2@@YAXPEAXP6AX0@Z0H@Z 00000001800167b0 f i libvcruntime:frame.obj
 0001:000157c0       __AdjustPointer            00000001800167c0 f   libvcruntime:frame.obj
 0001:000157e4       __BuildCatchObject         00000001800167e4 f   libvcruntime:frame.obj
 0001:000158a8       __BuildCatchObjectHelper   00000001800168a8 f   libvcruntime:frame.obj
 0001:00015a88       __CxxCallCatchBlock        0000000180016a88 f   libvcruntime:frame.obj
 0001:00015c74       __FrameUnwindFilter        0000000180016c74 f   libvcruntime:frame.obj
 0001:00015cc0       __FrameUnwindToState       0000000180016cc0 f   libvcruntime:frame.obj
 0001:00015e54       __InternalCxxFrameHandler  0000000180016e54 f   libvcruntime:frame.obj
 0001:000160ac       __TypeMatch                00000001800170ac f   libvcruntime:frame.obj
 0001:000161ec       __std_terminate            00000001800171ec f   libvcruntime:frame.obj
 0001:000161f8       __std_exception_copy       00000001800171f8 f   libvcruntime:std_exception.obj
 0001:00016288       __std_exception_destroy    0000000180017288 f   libvcruntime:std_exception.obj
 0001:000162b0       _CxxThrowException         00000001800172b0 f   libvcruntime:throw.obj
 0001:00016388       ?_ExecutionInCatch@@YAHPEAU_xDISPATCHER_CONTEXT@@PEBU_s_FuncInfo@@@Z 0000000180017388 f   libvcruntime:trnsctrl.obj
 0001:000163fc       ?_GetEstablisherFrame@@YAPEA_KPEA_KPEAU_xDISPATCHER_CONTEXT@@PEBU_s_FuncInfo@@0@Z 00000001800173fc f   libvcruntime:trnsctrl.obj
 0001:000164c8       ?_GetRangeOfTrysToCheck@@YAPEBU_s_TryBlockMapEntry@@PEA_KPEBU_s_FuncInfo@@HHPEAI2PEAU_xDISPATCHER_CONTEXT@@@Z 00000001800174c8 f   libvcruntime:trnsctrl.obj
 0001:000165f4       ?__FrameUnwindToEmptyState@@YAXPEA_KPEAU_xDISPATCHER_CONTEXT@@PEBU_s_FuncInfo@@@Z 00000001800175f4 f   libvcruntime:trnsctrl.obj
 0001:00016688       ?__SehTransFilter@@YAHPEAU_EXCEPTION_POINTERS@@PEAUEHExceptionRecord@@PEA_KPEAU_CONTEXT@@PEAU_xDISPATCHER_CONTEXT@@PEBU_s_FuncInfo@@PEAH@Z 0000000180017688 f   libvcruntime:trnsctrl.obj
 0001:00016720       _CallSETranslator          0000000180017720 f   libvcruntime:trnsctrl.obj
 0001:00016778       _CreateFrameInfo           0000000180017778 f   libvcruntime:trnsctrl.obj
 0001:000167b4       _FindAndUnlinkFrame        00000001800177b4 f   libvcruntime:trnsctrl.obj
 0001:0001680c       _GetImageBase              000000018001780c f   libvcruntime:trnsctrl.obj
 0001:00016820       _GetThrowImageBase         0000000180017820 f   libvcruntime:trnsctrl.obj
 0001:00016834       _IsExceptionObjectToBeDestroyed 0000000180017834 f   libvcruntime:trnsctrl.obj
 0001:00016864       _SetImageBase              0000000180017864 f   libvcruntime:trnsctrl.obj
 0001:0001687c       _SetThrowImageBase         000000018001787c f   libvcruntime:trnsctrl.obj
 0001:00016894       _UnwindNestedFrames        0000000180017894 f   libvcruntime:trnsctrl.obj
 0001:000169b8       __CxxFrameHandler3         00000001800179b8 f   libvcruntime:trnsctrl.obj
 0001:00016a50       memset                     0000000180017a50 f   libvcruntime:memset.obj
 0001:00016c00       memcmp                     0000000180017c00 f   libvcruntime:memcmp.obj
 0001:00016e90       __vcrt_FlsAlloc            0000000180017e90 f   libvcruntime:winapi_downlevel.obj
 0001:00016ee4       __vcrt_FlsFree             0000000180017ee4 f   libvcruntime:winapi_downlevel.obj
 0001:00016f38       __vcrt_FlsGetValue         0000000180017f38 f   libvcruntime:winapi_downlevel.obj
 0001:00016f8c       __vcrt_FlsSetValue         0000000180017f8c f   libvcruntime:winapi_downlevel.obj
 0001:00016ff4       __vcrt_InitializeCriticalSectionEx 0000000180017ff4 f   libvcruntime:winapi_downlevel.obj
 0001:0001706c       __vcrt_initialize_winapi_thunks 000000018001806c f   libvcruntime:winapi_downlevel.obj
 0001:000170b8       __vcrt_uninitialize_winapi_thunks 00000001800180b8 f   libvcruntime:winapi_downlevel.obj
 0001:000170f8       __vcrt_initialize          00000001800180f8 f   libvcruntime:initialization.obj
 0001:0001712c       __vcrt_thread_attach       000000018001812c f   libvcruntime:initialization.obj
 0001:00017140       __vcrt_thread_detach       0000000180018140 f   libvcruntime:initialization.obj
 0001:00017154       __vcrt_uninitialize        0000000180018154 f   libvcruntime:initialization.obj
 0001:00017174       __vcrt_uninitialize_critical 0000000180018174 f   libvcruntime:initialization.obj
 0001:00017184       __C_specific_handler       0000000180018184 f   libvcruntime:_chandler_.obj
 0001:00017380       __std_type_info_compare    0000000180018380 f   libvcruntime:std_type_info.obj
 0001:000173a8       __std_type_info_destroy_list 00000001800183a8 f   libvcruntime:std_type_info.obj
 0001:000173d4       __vcrt_initialize_pure_virtual_call_handler 00000001800183d4 f   libvcruntime:purevirt_data.obj
 0001:000173f8       __vcrt_freefls             00000001800183f8 f   libvcruntime:per_thread_data.obj
 0001:00017418       __vcrt_freeptd             0000000180018418 f   libvcruntime:per_thread_data.obj
 0001:00017468       __vcrt_getptd              0000000180018468 f   libvcruntime:per_thread_data.obj
 0001:00017484       __vcrt_getptd_noexit       0000000180018484 f   libvcruntime:per_thread_data.obj
 0001:0001753c       __vcrt_initialize_ptd      000000018001853c f   libvcruntime:per_thread_data.obj
 0001:0001757c       __vcrt_uninitialize_ptd    000000018001857c f   libvcruntime:per_thread_data.obj
 0001:000175a0       ?__GetCurrentState@@YAHPEA_KPEAU_xDISPATCHER_CONTEXT@@PEBU_s_FuncInfo@@@Z 00000001800185a0 f   libvcruntime:ehstate.obj
 0001:000175c8       ?__GetUnwindTryBlock@@YAHPEA_KPEAU_xDISPATCHER_CONTEXT@@PEBU_s_FuncInfo@@@Z 00000001800185c8 f   libvcruntime:ehstate.obj
 0001:000175f4       ?__SetState@@YAXPEA_KPEAU_xDISPATCHER_CONTEXT@@PEBU_s_FuncInfo@@H@Z 00000001800185f4 f   libvcruntime:ehstate.obj
 0001:00017600       ?__SetUnwindTryBlock@@YAXPEA_KPEAU_xDISPATCHER_CONTEXT@@PEBU_s_FuncInfo@@H@Z 0000000180018600 f   libvcruntime:ehstate.obj
 0001:0001763c       ?__StateFromControlPc@@YAHPEBU_s_FuncInfo@@PEAU_xDISPATCHER_CONTEXT@@@Z 000000018001863c f   libvcruntime:ehstate.obj
 0001:00017644       ?__StateFromIp@@YAHPEBU_s_FuncInfo@@PEAU_xDISPATCHER_CONTEXT@@_J@Z 0000000180018644 f   libvcruntime:ehstate.obj
 0001:000176c0       _CallSettingFrame          00000001800186c0 f   libvcruntime:handlers.obj
 0001:00017710       _local_unwind              0000000180018710 f   libvcruntime:_jmpuwind_.obj
 0001:00017740       _NLG_Notify                0000000180018740 f   libvcruntime:_jmpuwind_.obj
 0001:00017760       __NLG_Dispatch2            0000000180018760 f   libvcruntime:_jmpuwind_.obj
 0001:00017770       __NLG_Return2              0000000180018770 f   libvcruntime:_jmpuwind_.obj
 0001:00017774       __vcrt_initialize_locks    0000000180018774 f   libvcruntime:locks.obj
 0001:000177bc       __vcrt_uninitialize_locks  00000001800187bc f   libvcruntime:locks.obj
 0001:000177f4       abort                      00000001800187f4 f   libucrt:abort.obj
 0001:0001784c       calloc                     000000018001884c f   libucrt:calloc.obj
 0001:0001799c       ??$make_c_string_character_source@D$$T@__crt_strtox@@YA?AV?$c_string_character_source@D@0@QEBD$$T@Z 000000018001899c f i libucrt:atof.obj
 0001:0001799c       ??$make_c_string_character_source@_W$$T@__crt_strtox@@YA?AV?$c_string_character_source@_W@0@QEB_W$$T@Z 000000018001899c f i libucrt:atof.obj
 0001:0001799c       ??$make_c_string_character_source@DPEAPEAD@__crt_strtox@@YA?AV?$c_string_character_source@D@0@QEBDQEAPEAD@Z 000000018001899c f i libucrt:strtod.obj
 0001:000179b0       ??$parse_floating_point@V?$c_string_character_source@D@__crt_strtox@@M@__crt_strtox@@YA?AW4SLD_STATUS@@QEAU__crt_locale_pointers@@V?$c_string_character_source@D@0@QEAM@Z 00000001800189b0 f i libucrt:strtod.obj
 0001:00017a50       ??$parse_floating_point@V?$c_string_character_source@D@__crt_strtox@@N@__crt_strtox@@YA?AW4SLD_STATUS@@QEAU__crt_locale_pointers@@V?$c_string_character_source@D@0@QEAN@Z 0000000180018a50 f i libucrt:strtod.obj
 0001:00017af0       ??$parse_floating_point_from_source@V?$c_string_character_source@D@__crt_strtox@@@__crt_strtox@@YA?AW4floating_point_parse_result@0@QEAU__crt_locale_pointers@@AEAV?$c_string_character_source@D@0@AEAUfloating_point_string@0@@Z 0000000180018af0 f i libucrt:strtod.obj
 0001:00017fdc       ??$parse_floating_point_possible_infinity@DV?$c_string_character_source@D@__crt_strtox@@PEBD@__crt_strtox@@YA?AW4floating_point_parse_result@0@AEADAEAV?$c_string_character_source@D@0@PEBD@Z 0000000180018fdc f i libucrt:strtod.obj
 0001:000180f4       ??$parse_floating_point_possible_nan@DV?$c_string_character_source@D@__crt_strtox@@PEBD@__crt_strtox@@YA?AW4floating_point_parse_result@0@AEADAEAV?$c_string_character_source@D@0@PEBD@Z 00000001800190f4 f i libucrt:strtod.obj
 0001:00018288       ??$parse_floating_point_possible_nan_is_ind@DV?$c_string_character_source@D@__crt_strtox@@@__crt_strtox@@YA_NAEADAEAV?$c_string_character_source@D@0@@Z 0000000180019288 f i libucrt:strtod.obj
 0001:000182d0       ??$parse_floating_point_possible_nan_is_snan@DV?$c_string_character_source@D@__crt_strtox@@@__crt_strtox@@YA_NAEADAEAV?$c_string_character_source@D@0@@Z 00000001800192d0 f i libucrt:strtod.obj
 0001:00018318       ??$parse_floating_point_write_result@M@__crt_strtox@@YA?AW4SLD_STATUS@@W4floating_point_parse_result@0@AEBUfloating_point_string@0@QEAM@Z 0000000180019318 f i libucrt:strtod.obj
 0001:00018430       ??$parse_floating_point_write_result@N@__crt_strtox@@YA?AW4SLD_STATUS@@W4floating_point_parse_result@0@AEBUfloating_point_string@0@QEAN@Z 0000000180019430 f i libucrt:strtod.obj
 0001:00018558       ??0_LocaleUpdate@@QEAA@QEAU__crt_locale_pointers@@@Z 0000000180019558 f i libucrt:strtod.obj
 0001:00018634       ?as_double@floating_point_value@__crt_strtox@@QEBAAEANXZ 0000000180019634 f i libucrt:strtod.obj
 0001:00018670       ?as_float@floating_point_value@__crt_strtox@@QEBAAEAMXZ 0000000180019670 f i libucrt:strtod.obj
 0001:000186ac       ?assemble_floating_point_value@__crt_strtox@@YA?AW4SLD_STATUS@@_KH_N1AEBVfloating_point_value@1@@Z 00000001800196ac f i libucrt:strtod.obj
 0001:00018a60       ?assemble_floating_point_value_from_big_integer@__crt_strtox@@YA?AW4SLD_STATUS@@AEBUbig_integer@1@I_N1AEBVfloating_point_value@1@@Z 0000000180019a60 f i libucrt:strtod.obj
 0001:00018bec       ?convert_decimal_string_to_floating_type_common@__crt_strtox@@YA?AW4SLD_STATUS@@AEBUfloating_point_string@1@AEBVfloating_point_value@1@@Z 0000000180019bec f i libucrt:strtod.obj
 0001:0001a9b0       ?convert_hexadecimal_string_to_floating_type_common@__crt_strtox@@YA?AW4SLD_STATUS@@AEBUfloating_point_string@1@AEBVfloating_point_value@1@@Z 000000018001b9b0 f i libucrt:strtod.obj
 0001:0001aa60       ?divide@__crt_strtox@@YA_KAEAUbig_integer@1@AEBU21@@Z 000000018001ba60 f i libucrt:strtod.obj
 0001:0001afb8       strtod                     000000018001bfb8 f   libucrt:strtod.obj
 0001:0001afc0       strtof                     000000018001bfc0 f   libucrt:strtod.obj
 0001:0001afc8       __acrt_call_reportfault    000000018001bfc8 f   libucrt:invalid_parameter.obj
 0001:0001b124       __acrt_initialize_invalid_parameter_handler 000000018001c124 f   libucrt:invalid_parameter.obj
 0001:0001b12c       _invalid_parameter         000000018001c12c f   libucrt:invalid_parameter.obj
 0001:0001b1d4       _invalid_parameter_noinfo  000000018001c1d4 f   libucrt:invalid_parameter.obj
 0001:0001b1f4       _invalid_parameter_noinfo_noreturn 000000018001c1f4 f   libucrt:invalid_parameter.obj
 0001:0001b224       _invoke_watson             000000018001c224 f   libucrt:invalid_parameter.obj
 0001:0001b26c       realloc                    000000018001c26c f   libucrt:realloc.obj
 0001:0001b274       localeconv                 000000018001c274 f   libucrt:localeconv.obj
 0001:0001b2a8       __acrt_errno_from_os_error 000000018001c2a8 f   libucrt:errno.obj
 0001:0001b2f0       __acrt_errno_map_os_error  000000018001c2f0 f   libucrt:errno.obj
 0001:0001b340       __doserrno                 000000018001c340 f   libucrt:errno.obj
 0001:0001b360       _errno                     000000018001c360 f   libucrt:errno.obj
 0001:0001b380       ldexp                      000000018001c380 f   libucrt:ldexp.obj
 0001:0001b4f4       free                       000000018001c4f4 f   libucrt:free.obj
 0001:0001b574       atof                       000000018001c574 f   libucrt:atof.obj
 0001:0001b57c       __ascii_stricmp            000000018001c57c f   libucrt:stricmp.obj
 0001:0001b5b8       _stricmp                   000000018001c5b8 f   libucrt:stricmp.obj
 0001:0001b600       _stricmp_l                 000000018001c600 f   libucrt:stricmp.obj
 0001:0001b6b4       islower                    000000018001c6b4 f i libucrt:_ctype.obj
 0001:0001b728       isspace                    000000018001c728 f i libucrt:_ctype.obj
 0001:0001b79c       isupper                    000000018001c79c f i libucrt:_ctype.obj
 0001:0001b810       ___lc_codepage_func        000000018001c810 f   libucrt:initctype.obj
 0001:0001b840       ___lc_collate_cp_func      000000018001c840 f   libucrt:initctype.obj
 0001:0001b870       ___lc_locale_name_func     000000018001c870 f   libucrt:initctype.obj
 0001:0001b8a4       ___mb_cur_max_func         000000018001c8a4 f   libucrt:initctype.obj
 0001:0001b8d4       __acrt_locale_initialize_ctype 000000018001c8d4 f   libucrt:initctype.obj
 0001:0001bef8       _tolower_l                 000000018001cef8 f   libucrt:tolower_toupper.obj
 0001:0001c038       tolower                    000000018001d038 f   libucrt:tolower_toupper.obj
 0001:0001c064       __acrt_initialize_locks    000000018001d064 f   libucrt:locks.obj
 0001:0001c0ac       __acrt_lock                000000018001d0ac f   libucrt:locks.obj
 0001:0001c0c8       __acrt_uninitialize_locks  000000018001d0c8 f   libucrt:locks.obj
 0001:0001c100       __acrt_unlock              000000018001d100 f   libucrt:locks.obj
 0001:0001c11c       _lock_locales              000000018001d11c f   libucrt:locks.obj
 0001:0001c12c       _unlock_locales            000000018001d12c f   libucrt:locks.obj
 0001:0001c13c       __acrt_initialize_stdio    000000018001d13c f   libucrt:_file.obj
 0001:0001c25c       __acrt_iob_func            000000018001d25c f   libucrt:_file.obj
 0001:0001c270       __acrt_uninitialize_stdio  000000018001d270 f   libucrt:_file.obj
 0001:0001c2cc       _get_stream_buffer_pointers 000000018001d2cc f   libucrt:_file.obj
 0001:0001c314       _lock_file                 000000018001d314 f   libucrt:_file.obj
 0001:0001c320       _unlock_file               000000018001d320 f   libucrt:_file.obj
 0001:0001c32c       _fclose_nolock             000000018001d32c f   libucrt:fclose.obj
 0001:0001c3b0       fclose                     000000018001d3b0 f   libucrt:fclose.obj
 0001:0001c41c       __acrt_stdio_flush_nolock  000000018001d41c f   libucrt:fflush.obj
 0001:0001c494       _fflush_nolock             000000018001d494 f   libucrt:fflush.obj
 0001:0001c4e0       _flushall                  000000018001d4e0 f   libucrt:fflush.obj
 0001:0001c5d0       fflush                     000000018001d5d0 f   libucrt:fflush.obj
 0001:0001c614       _fgetc_nolock              000000018001d614 f   libucrt:fgetc.obj
 0001:0001c658       fgetc                      000000018001d658 f   libucrt:fgetc.obj
 0001:0001c75c       fgetpos                    000000018001d75c f   libucrt:fgetpos.obj
 0001:0001c7a8       fputc                      000000018001d7a8 f   libucrt:fputc.obj
 0001:0001c8c8       fsetpos                    000000018001d8c8 f   libucrt:fsetpos.obj
[...]
 0004:000028c8       $pdata$?DloadAcquireSectionWriteAccess@@YAXXZ 000000018004c8c8     DelayImp:delayhlp.obj
 0004:000028d4       $pdata$?DloadGetSRWLockFunctionPointers@@YAEXZ 000000018004c8d4     DelayImp:delayhlp.obj
 0004:000028e0       $pdata$?DloadMakePermanentImageCommit@@YAXPEAX_K@Z 000000018004c8e0     DelayImp:delayhlp.obj
 0004:000028ec       $pdata$?DloadObtainSection@@YAPEAXPEAK0@Z 000000018004c8ec     DelayImp:delayhlp.obj
 0004:000028f8       $pdata$?DloadProtectSection@@YAXKPEAK@Z 000000018004c8f8     DelayImp:delayhlp.obj
 0004:00002904       $pdata$?DloadReleaseSectionWriteAccess@@YAXXZ 000000018004c904     DelayImp:delayhlp.obj
 0004:00002910       $pdata$__delayLoadHelper2  000000018004c910     DelayImp:delayhlp.obj
 0004:0000291c       $pdata$_IsNonwritableInCurrentImage 000000018004c91c     LIBCMT:pesect.obj
 0004:00002928       $pdata$wcschr              000000018004c928     libvcruntime:wcschr.obj
 0004:00002940       $pdata$?dtor$0@?0???0?$basic_ostream@DU?$char_traits@D@std@@@std@@QEAA@PEAV?$basic_streambuf@DU?$char_traits@D@std@@@1@_N@Z@4HA 000000018004c940     libcpmt:cout.obj
 0004:0000294c       $pdata$?dtor$0@?0??_Getcat@?$codecvt@DDU_Mbstatet@@@std@@SA_KPEAPEBVfacet@locale@2@PEBV42@@Z@4HA 000000018004c94c     libcpmt:cout.obj
 0004:00002958       $pdata$?dtor$0@?0???0?$basic_istream@DU?$char_traits@D@std@@@std@@QEAA@PEAV?$basic_streambuf@DU?$char_traits@D@std@@@1@_N@Z@4HA 000000018004c958     libcpmt:cin.obj
 0004:00002964       $pdata$__scrt_is_nonwritable_in_current_image$filt$0 000000018004c964     LIBCMT:utility.obj
 0004:00002970       $pdata$?fin$0@?0??dllmain_crt_process_attach@@YAHQEAUHINSTANCE__@@QEAX@Z@4HA 000000018004c970     LIBCMT:dll_dllmain.obj
 0004:0000297c       $pdata$?fin$0@?0??dllmain_crt_process_detach@@YAH_N@Z@4HA 000000018004c97c     LIBCMT:dll_dllmain.obj
 0004:00002988       $pdata$?filt$0@?0??dllmain_dispatch@@YAHQEAUHINSTANCE__@@KQEAX@Z@4HA 000000018004c988     LIBCMT:dll_dllmain.obj
 0004:00002994       $pdata$__CxxCallCatchBlock$filt$0 000000018004c994     libvcruntime:frame.obj
 0004:000029a0       $pdata$__CxxCallCatchBlock$fin$1 000000018004c9a0     libvcruntime:frame.obj
 0004:000029ac       $pdata$__DestructExceptionObject$filt$0 000000018004c9ac     libvcruntime:frame.obj
 0004:000029b8       $pdata$__FrameUnwindToState$filt$0 000000018004c9b8     libvcruntime:frame.obj
 0004:000029c4       $pdata$__FrameUnwindToState$fin$1 000000018004c9c4     libvcruntime:frame.obj
 0004:000029d0       $pdata$_CallSETranslator$filt$0 000000018004c9d0     libvcruntime:trnsctrl.obj
 0004:000029dc       $pdata$common_flush_all$fin$0 000000018004c9dc     libucrt:fflush.obj
 0004:000029e8       $pdata$common_flush_all$fin$1 000000018004c9e8     libucrt:fflush.obj
 0004:000029f4       $pdata$fflush$fin$0        000000018004c9f4     libucrt:fflush.obj
 0004:000029f4       $pdata$fclose$fin$0        000000018004c9f4     libucrt:fclose.obj
 0004:00002a00       $pdata$fgetc$fin$0         000000018004ca00     libucrt:fgetc.obj
 0004:00002a0c       $pdata$fputc$fin$0         000000018004ca0c     libucrt:fputc.obj
 0004:00002a18       $pdata$?fin$0@?0???$common_ftell@_J@@YA_JV__crt_stdio_stream@@@Z@4HA 000000018004ca18     libucrt:ftell.obj
 0004:00002a18       $pdata$?fin$0@?0??common_fseek@@YAHV__crt_stdio_stream@@_JH@Z@4HA 000000018004ca18     libucrt:fseek.obj
 0004:00002a24       $pdata$?fin$0@?0???$?RV<lambda_7a5ef57ff966f610505f1d28a3d40618>@@AEAV<lambda_b721fa326cdb32351d23dfa67958c160>@@V<lambda_5e0fb27672408a07956fe59e48ccb2aa>@@@?$__crt_seh_guarded_call@H@@QEAAH$$QEAV<lambda_7a5ef57ff966f610505f1d28a3d40618>@@AEAV<lambda_b721fa326cdb32351d23dfa67958c160>@@$$QEAV<lambda_5e0fb27672408a07956fe59e48ccb2aa>@@@Z@4HA 000000018004ca24     libucrt:setvbuf.obj
 0004:00002a24       $pdata$?fin$0@?0???$?RV<lambda_5d4c3fee44080f75d5d9762853974fe0>@@AEAV<lambda_532e024f4337e6fc7ad266c2bef9f4ed>@@V<lambda_c87bdc10097eb2402edb8ba9bdf0697b>@@@?$__crt_seh_guarded_call@_K@@QEAA_K$$QEAV<lambda_5d4c3fee44080f75d5d9762853974fe0>@@AEAV<lambda_532e024f4337e6fc7ad266c2bef9f4ed>@@$$QEAV<lambda_c87bdc10097eb2402edb8ba9bdf0697b>@@@Z@4HA 000000018004ca24     libucrt:fwrite.obj
 0004:00002a30       $pdata$ungetc$fin$0        000000018004ca30     libucrt:ungetc.obj
 0004:00002a3c       $pdata$setlocale$fin$0     000000018004ca3c     libucrt:setlocale.obj
 0004:00002a48       $pdata$_query_new_handler$fin$0 000000018004ca48     libucrt:new_handler.obj
 0004:00002a54       $pdata$?filt$0@?0??common_exit@@YAXHW4_crt_exit_cleanup_mode@@W4_crt_exit_return_mode@@@Z@4HA 000000018004ca54     libucrt:exit.obj
 0004:00002a60       $pdata$?fin$1@?0??common_exit@@YAXHW4_crt_exit_cleanup_mode@@W4_crt_exit_return_mode@@@Z@4HA 000000018004ca60     libucrt:exit.obj
 0004:00002a6c       $pdata$?fin$0@?0???$?RV<lambda_46352004c1216016012b18bd6f87e700>@@AEAV<lambda_3bd07e1a1191394380780325891bf33f>@@V<lambda_334532d3f185bcaa59b5be82d7d22bff>@@@?$__crt_seh_guarded_call@X@@QEAAX$$QEAV<lambda_46352004c1216016012b18bd6f87e700>@@AEAV<lambda_3bd07e1a1191394380780325891bf33f>@@$$QEAV<lambda_334532d3f185bcaa59b5be82d7d22bff>@@@Z@4HA 000000018004ca6c     libucrt:per_thread_data.obj
 0004:00002a6c       $pdata$?fin$0@?0???$?RV<lambda_b8c45f8f788dd370798f47cfe8ac3a86>@@AEAV<lambda_4e60a939b0d047cfe11ddc22648dfba9>@@V<lambda_332c3edc96d0294ec56c57d38c1cdfd5>@@@?$__crt_seh_guarded_call@H@@QEAAH$$QEAV<lambda_b8c45f8f788dd370798f47cfe8ac3a86>@@AEAV<lambda_4e60a939b0d047cfe11ddc22648dfba9>@@$$QEAV<lambda_332c3edc96d0294ec56c57d38c1cdfd5>@@@Z@4HA 000000018004ca6c     libucrt:onexit.obj
 0004:00002a6c       $pdata$?fin$0@?0???$?RV<lambda_99476a1ad63dd22509b5d3e65b0ffc95>@@AEAV<lambda_ad1ced32f4ac17aa236e5ef05d6b3b7c>@@V<lambda_f7424dd8d45958661754dc4f2697e9c3>@@@?$__crt_seh_guarded_call@X@@QEAAX$$QEAV<lambda_99476a1ad63dd22509b5d3e65b0ffc95>@@AEAV<lambda_ad1ced32f4ac17aa236e5ef05d6b3b7c>@@$$QEAV<lambda_f7424dd8d45958661754dc4f2697e9c3>@@@Z@4HA 000000018004ca6c     libucrt:mbctype.obj
 0004:00002a6c       $pdata$?fin$0@?0???$?RV<lambda_630b2aca97f6d20d5b5ea6529ea6b6af>@@AEAV<lambda_af91936f1d075d609f72d9d8cba980af>@@V<lambda_e82fa975f615b5c7c7b0e4d178fdae67>@@@?$__crt_seh_guarded_call@H@@QEAAH$$QEAV<lambda_630b2aca97f6d20d5b5ea6529ea6b6af>@@AEAV<lambda_af91936f1d075d609f72d9d8cba980af>@@$$QEAV<lambda_e82fa975f615b5c7c7b0e4d178fdae67>@@@Z@4HA 000000018004ca6c     libucrt:winapi_thunks.obj
 0004:00002a6c       $pdata$?fin$0@?0???$?RV<lambda_d67e8342c384adda8f857579ab50b2ae>@@AEAV<lambda_30712929f77e709619002f448b6a9510>@@V<lambda_4525336fd7e478d965fb7ca7a337cad8>@@@?$__crt_seh_guarded_call@X@@QEAAX$$QEAV<lambda_d67e8342c384adda8f857579ab50b2ae>@@AEAV<lambda_30712929f77e709619002f448b6a9510>@@$$QEAV<lambda_4525336fd7e478d965fb7ca7a337cad8>@@@Z@4HA 000000018004ca6c     libucrt:wsetlocale.obj
 0004:00002a6c       $pdata$?fin$0@?0???$?RV<lambda_fb3a7dec4e47f37f22dae91bb15c9095>@@AEAV<lambda_698284760c8add0bfb0756c19673e34b>@@V<lambda_dfb8eca1e75fef3034a8fb18dd509707>@@@?$__crt_seh_guarded_call@X@@QEAAX$$QEAV<lambda_fb3a7dec4e47f37f22dae91bb15c9095>@@AEAV<lambda_698284760c8add0bfb0756c19673e34b>@@$$QEAV<lambda_dfb8eca1e75fef3034a8fb18dd509707>@@@Z@4HA 000000018004ca6c     libucrt:per_thread_data.obj
 0004:00002a6c       $pdata$?fin$0@?0???$?RV<lambda_72d1df2b273a38828b1ce30cbf4cdab5>@@AEAV<lambda_876a65b173b8412d3a47c70a915b0cf4>@@V<lambda_41932305e351933ebe8f8be3ed8bb5dc>@@@?$__crt_seh_guarded_call@X@@QEAAX$$QEAV<lambda_72d1df2b273a38828b1ce30cbf4cdab5>@@AEAV<lambda_876a65b173b8412d3a47c70a915b0cf4>@@$$QEAV<lambda_41932305e351933ebe8f8be3ed8bb5dc>@@@Z@4HA 000000018004ca6c     libucrt:per_thread_data.obj
 0004:00002a6c       $pdata$?fin$0@?0???$?RV<lambda_5e887d1dcbef67a5eb4283622ba103bf>@@AEAV<lambda_4466841279450cc726390878d4a41900>@@V<lambda_341c25c0346d94847f1f3c463c57e077>@@@?$__crt_seh_guarded_call@X@@QEAAX$$QEAV<lambda_5e887d1dcbef67a5eb4283622ba103bf>@@AEAV<lambda_4466841279450cc726390878d4a41900>@@$$QEAV<lambda_341c25c0346d94847f1f3c463c57e077>@@@Z@4HA 000000018004ca6c     libucrt:per_thread_data.obj
 0004:00002a6c       $pdata$?fin$0@?0???$?RV<lambda_c36588078e9f5dfd39652860aa6b3aaf>@@AEAV<lambda_ec61778202f4f5fc7e7711acc23c3bca>@@V<lambda_dc9d2797ccde5d239b4a0efae8ebd7db>@@@?$__crt_seh_guarded_call@P6AXH@Z@@QEAAP6AXH@Z$$QEAV<lambda_c36588078e9f5dfd39652860aa6b3aaf>@@AEAV<lambda_ec61778202f4f5fc7e7711acc23c3bca>@@$$QEAV<lambda_dc9d2797ccde5d239b4a0efae8ebd7db>@@@Z@4HA 000000018004ca6c     libucrt:signal.obj
 0004:00002a78       $pdata$?fin$0@?0???$?RV<lambda_e24bbb7b643b32fcea6fa61b31d4c984>@@AEAV<lambda_275893d493268fdec8709772e3fcec0e>@@V<lambda_9d71df4d7cf3f480f8d633942495c3b0>@@@?$__crt_seh_guarded_call@H@@QEAAH$$QEAV<lambda_e24bbb7b643b32fcea6fa61b31d4c984>@@AEAV<lambda_275893d493268fdec8709772e3fcec0e>@@$$QEAV<lambda_9d71df4d7cf3f480f8d633942495c3b0>@@@Z@4HA 000000018004ca78     libucrt:onexit.obj
 0004:00002a84       $pdata$raise$fin$0         000000018004ca84     libucrt:signal.obj
 0004:00002a90       $pdata$?fin$0@?0???$?RV<lambda_5df02c53a8f32f81fd64e5bbb78039f1>@@AEAV<lambda_2af78c5f5901b1372d98f9ab3177dfa6>@@AEAV<lambda_f51fe5fd7c79a33db34fc9310f277369>@@@?$__crt_seh_guarded_call@X@@QEAAX$$QEAV<lambda_5df02c53a8f32f81fd64e5bbb78039f1>@@AEAV<lambda_2af78c5f5901b1372d98f9ab3177dfa6>@@AEAV<lambda_f51fe5fd7c79a33db34fc9310f277369>@@@Z@4HA 000000018004ca90     libucrt:wsetlocale.obj
 0004:00002a9c       $pdata$__acrt_uninitialize_locale$fin$0 000000018004ca9c     libucrt:wsetlocale.obj
 0004:00002a9c       $pdata$__acrt_update_thread_locale_data$fin$0 000000018004ca9c     libucrt:locale_refcounting.obj
 0004:00002aa8       $pdata$_ctrlfp$filt$0      000000018004caa8     libucrt:fpctrl.obj
 0004:00002aa8       $pdata$common_control87$filt$0 000000018004caa8     libucrt:ieee.obj
 0004:00002ab4       $pdata$_fcloseall$fin$0    000000018004cab4     libucrt:closeall.obj
 0004:00002ac0       $pdata$?fin$0@?0???$?RV<lambda_bfedae4ebbf01fab1bb6dcc6a9e276e0>@@AEAV<lambda_2fe9b910cf3cbf4a0ab98a02ba45b3ec>@@V<lambda_237c231691f317818eb88cc1d5d642d6>@@@?$__crt_seh_guarded_call@H@@QEAAH$$QEAV<lambda_bfedae4ebbf01fab1bb6dcc6a9e276e0>@@AEAV<lambda_2fe9b910cf3cbf4a0ab98a02ba45b3ec>@@$$QEAV<lambda_237c231691f317818eb88cc1d5d642d6>@@@Z@4HA 000000018004cac0     libucrt:close.obj
 0004:00002ac0       $pdata$?fin$0@?0???$?RV<lambda_b521505b218e5242e90febf6bfebc422>@@AEAV<lambda_6978c1fb23f02e42e1d9e99668cc68aa>@@V<lambda_314360699dd331753a4119843814e9a7>@@@?$__crt_seh_guarded_call@H@@QEAAH$$QEAV<lambda_b521505b218e5242e90febf6bfebc422>@@AEAV<lambda_6978c1fb23f02e42e1d9e99668cc68aa>@@$$QEAV<lambda_314360699dd331753a4119843814e9a7>@@@Z@4HA 000000018004cac0     libucrt:commit.obj
 0004:00002acc       $pdata$?fin$0@?0???$common_lseek@_J@@YA_JH_JH@Z@4HA 000000018004cacc     libucrt:lseek.obj
 0004:00002acc       $pdata$_read$fin$0         000000018004cacc     libucrt:read.obj
 0004:00002acc       $pdata$_write$fin$0        000000018004cacc     libucrt:write.obj
 0004:00002ad8       $pdata$__acrt_update_thread_multibyte_data$fin$0 000000018004cad8     libucrt:mbctype.obj
 0004:00002ae4       $pdata$__acrt_initialize_lowio$fin$0 000000018004cae4     libucrt:ioinit.obj
 0004:00002ae4       $pdata$__acrt_lowio_ensure_fh_exists$fin$0 000000018004cae4     libucrt:osfinfo.obj
 0004:00002af0       $pdata$_IsNonwritableInCurrentImage$filt$0 000000018004caf0     LIBCMT:pesect.obj
 0004:00002afc       $pdata$??__FtypeMap@cio@@YAXXZ 000000018004cafc     cio.obj
 0004:00002b08       $pdata$??__Fcout@std@@YAXXZ 000000018004cb08     libcpmt:cout.obj
 0004:00002b14       $pdata$??__F_Fac_tidy_reg@std@@YAXXZ 000000018004cb14     libcpmt:locale0.obj
 0004:00002b20       $pdata$??__Fclassic_locale@std@@YAXXZ 000000018004cb20     libcpmt:locale0.obj
 0004:00002b2c       $pdata$??__Fcin@std@@YAXXZ 000000018004cb2c     libcpmt:cin.obj
 0004:00002b38       $pdata$??__Finit_atexit@@YAXXZ 000000018004cb38     libcpmt:iosptrs.obj
 0005:00000000       __guard_fids__             000000018004d000     libucrt:initialization.obj
 0005:00000060       __guard_fids___acrt_initialize_ptd 000000018004d060     libucrt:per_thread_data.obj
 0005:00000064       __guard_fids__             000000018004d064     libucrt:wsetlocale.obj
 0005:0000007c       __guard_fids_??$?RV<lambda_630b2aca97f6d20d5b5ea6529ea6b6af>@@AEAV<lambda_af91936f1d075d609f72d9d8cba980af>@@V<lambda_e82fa975f615b5c7c7b0e4d178fdae67>@@@?$__crt_seh_guarded_call@H@@QEAAH$$QEAV<lambda_630b2aca97f6d20d5b5ea6529ea6b6af>@@AEAV<lambda_af91936f1d075d609f72d9d8cba980af>@@$$QEAV<lambda_e82fa975f615b5c7c7b0e4d178fdae67>@@@Z 000000018004d07c     libucrt:winapi_thunks.obj
 0005:00000080       __guard_fids__             000000018004d080     libucrt:stdio_initializer.obj
 0005:00000084       __guard_fids__             000000018004d084     libucrt:stdio_initializer.obj
 0005:00000088       __guard_fids_??$expand_argument_wildcards@D@@YAHQEAD0AEAV?$argument_list@D@?A0xca0879c4@@@Z 000000018004d088     libucrt:argv_wildcards.obj
 0005:0000008c       __guard_fids__             000000018004d08c     libucrt:locale_initializer.obj
 0005:00000090       __guard_fids_GetLocaleNameFromLangCountry 000000018004d090     libucrt:get_qualified_locale.obj
 0005:00000094       __guard_fids_GetLocaleNameFromLanguage 000000018004d094     libucrt:get_qualified_locale.obj
 0005:00000098       __guard_fids___acrt_get_qualified_locale_downlevel 000000018004d098     libucrt:getqloc_downlevel.obj
 0005:0000009c       __guard_fids_GetLcidFromLangCountry 000000018004d09c     libucrt:getqloc_downlevel.obj
 0005:000000a0       __guard_fids_GetLcidFromLanguage 000000018004d0a0     libucrt:getqloc_downlevel.obj
 0005:000000a4       __guard_fids__             000000018004d0a4     libucrt:fma3_initializer.obj
 0005:000000a8       __guard_fids__             000000018004d0a8     libucrt:timeset_initializer.obj
 0005:000000ac       __guard_fids__             000000018004d0ac     libucrt:multibyte_initializer.obj
 0005:000000b0       __guard_fids__             000000018004d0b0     libucrt:console_output_initializer.obj
 0005:000000b4       __guard_fids_??__Einitlocks@std@@YAXXZ 000000018004d0b4     libcpmt:xlock.obj
 0005:000000b8       __guard_fids__             000000018004d0b8     libcpmt:xlock.obj
 0005:000000bc       __guard_fids_??__Einitlocks@@YAXXZ 000000018004d0bc     libcpmt:cout.obj
 0005:000000c0       __guard_fids_??__Efout@std@@YAXXZ 000000018004d0c0     libcpmt:cout.obj
 0005:000000c4       __guard_fids_??__Ecout@std@@YAXXZ 000000018004d0c4     libcpmt:cout.obj
 0005:000000c8       __guard_fids__             000000018004d0c8     libcpmt:cout.obj
 0005:000000d0       __guard_fids__             000000018004d0d0     libcpmt:cout.obj
 0005:000000d8       __guard_fids__             000000018004d0d8     libcpmt:cout.obj
 0005:000000e0       __guard_fids__             000000018004d0e0     libcpmt:cout.obj
 0005:000000ec       __guard_fids__             000000018004d0ec     libcpmt:cout.obj
 0005:00000118       __guard_fids__             000000018004d118     libcpmt:cout.obj
 0005:00000130       __guard_fids__             000000018004d130     libcpmt:cout.obj
 0005:00000138       __guard_fids__             000000018004d138     libcpmt:cout.obj
 0005:00000150       __guard_fids__             000000018004d150     libcpmt:cout.obj
 0005:00000158       __guard_fids__             000000018004d158     libcpmt:cout.obj
 0005:0000015c       __guard_fids__             000000018004d15c     libcpmt:cout.obj
 0005:00000198       __guard_fids__             000000018004d198     libcpmt:cout.obj
 0005:000001d4       __guard_fids__             000000018004d1d4     libcpmt:cout.obj
 0005:000001d8       __guard_fids__             000000018004d1d8     libcpmt:cout.obj
 0005:000001dc       __guard_fids__             000000018004d1dc     libcpmt:cout.obj
 0005:00000204       __guard_fids__             000000018004d204     libcpmt:cout.obj
 0005:00000208       __guard_fids__             000000018004d208     libcpmt:cout.obj
 0005:0000020c       __guard_fids__             000000018004d20c     libcpmt:cout.obj
 0005:00000210       __guard_fids__             000000018004d210     libcpmt:cout.obj
 0005:00000214       __guard_fids_??__E_Fac_tidy_reg@std@@YAXXZ 000000018004d214     libcpmt:locale0.obj
 0005:00000218       __guard_fids_?_Setgloballocale@locale@std@@CAXPEAX@Z 000000018004d218     libcpmt:locale0.obj
 0005:0000021c       __guard_fids_??__Eclassic_locale@std@@YAXXZ 000000018004d21c     libcpmt:locale0.obj
 0005:00000220       __guard_fids__             000000018004d220     libcpmt:locale0.obj
 0005:0000022c       __guard_fids__             000000018004d22c     libcpmt:locale0.obj
 0005:00000230       __guard_fids__             000000018004d230     libcpmt:locale0.obj
 0005:00000234       __guard_fids_??__Einitlocks@@YAXXZ 000000018004d234     libcpmt:cin.obj
 0005:00000238       __guard_fids_??__Efin@std@@YAXXZ 000000018004d238     libcpmt:cin.obj
 0005:0000023c       __guard_fids_??__Ecin@std@@YAXXZ 000000018004d23c     libcpmt:cin.obj
 0005:00000240       __guard_fids__             000000018004d240     libcpmt:cin.obj
 0005:00000244       __guard_fids__             000000018004d244     libcpmt:cin.obj
 0005:00000248       __guard_fids__             000000018004d248     libcpmt:cin.obj
 0005:0000024c       __guard_fids__             000000018004d24c     libcpmt:cin.obj
 0005:00000250       __guard_fids__             000000018004d250     libcpmt:cin.obj
 0005:00000254       __guard_fids__             000000018004d254     libcpmt:xthrow.obj
 0005:0000025c       __guard_fids__             000000018004d25c     libcpmt:xthrow.obj
 0005:00000264       __guard_fids__             000000018004d264     libcpmt:xthrow.obj
 0005:0000026c       __guard_fids__             000000018004d26c     libcpmt:xthrow.obj
 0005:00000274       __guard_fids__             000000018004d274     libcpmt:xthrow.obj
 0005:0000027c       __guard_fids_??__Einitlocks@std@@YAXXZ 000000018004d27c     libcpmt:iosptrs.obj
 0005:00000280       __guard_fids_??__Einit_atexit@@YAXXZ 000000018004d280     libcpmt:iosptrs.obj
 0005:00000284       __guard_fids__             000000018004d284     libcpmt:iosptrs.obj
 0005:00000288       __guard_fids__             000000018004d288     libcpmt:iosptrs.obj
 0005:0000028c       __guard_fids__             000000018004d28c     libcpmt:locale.obj
 0005:000002c4       __guard_fids__             000000018004d2c4     libcpmt:locale.obj
 0005:000002e4       __guard_fids__             000000018004d2e4     libcpmt:winapisupp.obj
 0005:000002e8       __guard_fids__             000000018004d2e8     libcpmt:xlocale.obj
 0005:00000300       __guard_fids__             000000018004d300     LIBCMT:thread_safe_statics.obj
 0005:00000304       __guard_fids_?__scrt_initialize_thread_safe_statics@@YAHXZ 000000018004d304     LIBCMT:thread_safe_statics.obj
 0005:00000308       __guard_fids_?dllmain_crt_process_attach@@YAHQEAUHINSTANCE__@@QEAX@Z 000000018004d308     LIBCMT:dll_dllmain.obj
 0005:00000310       __guard_fids_?dllmain_dispatch@@YAHQEAUHINSTANCE__@@KQEAX@Z 000000018004d310     LIBCMT:dll_dllmain.obj
 0005:00000314       __guard_fids__             000000018004d314     LIBCMT:std_type_info_static.obj
 0005:00000318       __guard_fids__             000000018004d318     LIBCMT:throw_bad_alloc.obj
 0005:00000320       __guard_fids__             000000018004d320     LIBCMT:guard_support.obj
 0005:00000324       __guard_fids__             000000018004d324     libvcruntime:frame.obj
 0005:00000328       __guard_fids__             000000018004d328     libvcruntime:frame.obj
 0005:00000330       __guard_fids__UnwindNestedFrames 000000018004d330     libvcruntime:trnsctrl.obj
 0005:00000334       __guard_fids___vcrt_initialize_ptd 000000018004d334     libvcruntime:per_thread_data.obj
 0007:00000060       $R000000                   000000018004f060     * linker generated manifest res *

 Exports

  ordinal    name

        1    _register_cio_
