 cio

 Timestamp is 57ed5a80 (Fri Sep 30 02:16:32 2016)

 Preferred load address is 0000000180000000

 Start         Length     Name                   Class
 0001:00000000 000001dbH .text                   CODE
 0001:000001e0 00000240H .text$di                CODE
 0001:00000420 000301bcH .text$mn                CODE
 0001:000305e0 00000012H .text$mn$00             CODE
 0001:00030600 00000510H .text$x                 CODE
 0001:00030b10 0000022cH .text$yd                CODE
 0002:00000000 000002a8H .idata$5                DATA
 0002:000002a8 00000010H .00cfg                  DATA
 0002:000002b8 00000008H .CRT$XCA                DATA
 0002:000002c0 00000058H .CRT$XCC                DATA
 0002:00000318 00000010H .CRT$XCL                DATA
 0002:00000328 00000010H .CRT$XCU                DATA
 0002:00000338 00000008H .CRT$XCZ                DATA
 0002:00000340 00000008H .CRT$XIA                DATA
 0002:00000348 00000030H .CRT$XIC                DATA
 0002:00000378 00000008H .CRT$XIZ                DATA
 0002:00000380 00000008H .CRT$XLA                DATA
 0002:00000388 00000008H .CRT$XLZ                DATA
 0002:00000390 00000008H .CRT$XPA                DATA
 0002:00000398 00000010H .CRT$XPX                DATA
 0002:000003a8 00000008H .CRT$XPXA               DATA
 0002:000003b0 00000008H .CRT$XPZ                DATA
 0002:000003b8 00000008H .CRT$XTA                DATA
 0002:000003c0 00000008H .CRT$XTZ                DATA
 0002:000003c8 00000000H .gfids$x                DATA
 0002:000003d0 0000d5f4H .rdata                  DATA
 0002:0000d9c8 00000028H .rdata$T                DATA
 0002:0000d9f0 0000120cH .rdata$r                DATA
 0002:0000ec00 00000010H .rdata$zETW0            DATA
 0002:0000ec10 00000077H .rdata$zETW1            DATA
 0002:0000ec87 0000002cH .rdata$zETW2            DATA
 0002:0000ecb3 00000001H .rdata$zETW9            DATA
 0002:0000ecb4 000004c4H .rdata$zzzdbg           DATA
 0002:0000f178 00000008H .rtc$IAA                DATA
 0002:0000f180 00000008H .rtc$IZZ                DATA
 0002:0000f188 00000008H .rtc$TAA                DATA
 0002:0000f190 00000008H .rtc$TZZ                DATA
 0002:0000f1a0 00002b54H .xdata                  DATA
 0002:00011cf8 00000334H .xdata$x                DATA
 0002:0001202c 00000020H .didat$2                DATA
 0002:0001204c 00000020H .didat$3                DATA
 0002:00012070 00000088H .didat$4                DATA
 0002:000120f8 000003a6H .didat$6                DATA
 0002:000124a0 00000088H .didat$7                DATA
 0002:00012530 0000004aH .edata                  DATA
 0002:0001257c 00000028H .idata$2                DATA
 0002:000125a4 00000014H .idata$3                DATA
 0002:000125b8 000002a8H .idata$4                DATA
 0002:00012860 0000061eH .idata$6                DATA
 0003:00000000 00000d28H .data                   DATA
 0003:00000d30 000006b8H .data$r                 DATA
 0003:000013e8 00000088H .didat$5                DATA
 0003:00001470 000019dcH .bss                    DATA
 0004:00000000 00002d90H .pdata                  DATA
 0005:00000000 00000001H .tls                    DATA
 0005:00000004 00000004H .tls$                   DATA
 0005:00000008 00000001H .tls$ZZZ                DATA
 0006:00000000 00000058H .rsrc$01                DATA
 0006:00000060 00000180H .rsrc$02                DATA

  Address         Publics by Value              Rva+Base               Lib:Object

 0000:00000000       __guard_fids_count         0000000000000000     <absolute>
 0000:00000000       ___safe_se_handler_count   0000000000000000     <absolute>
 0000:00000000       ___safe_se_handler_table   0000000000000000     <absolute>
 0000:00000000       __guard_fids_table         0000000000000000     <absolute>
 0000:00000100       __guard_flags              0000000000000100     <absolute>
 0000:00000000       __ImageBase                0000000180000000     <linker-defined>
 0001:00000000       ?TraceLoggingRegister@__vcrt_trace_logging_provider@@YAJPEBU_TlgProvider_t@1@PEBU_GUID@@P6AX1KE_K2PEAU_EVENT_FILTER_DESCRIPTOR@@PEAX@Z4@Z 0000000180001000 f i libvcruntime:telemetry.obj
 0001:0000007c       ?_TlgEnableCallback@__vcrt_trace_logging_provider@@YAXPEBU_GUID@@KE_K1PEAU_EVENT_FILTER_DESCRIPTOR@@PEAX@Z 000000018000107c f i libvcruntime:telemetry.obj
 0001:00000140       ?_TlgWrite@__vcrt_trace_logging_provider@@YAJPEBU_TlgProvider_t@1@PEFBXPEBU_GUID@@2IPEAU_EVENT_DATA_DESCRIPTOR@@@Z 0000000180001140 f i libvcruntime:telemetry.obj
 0001:00000420       ?what@exception@stdext@@UEBAPEBDXZ 0000000180001420 f i cio.obj
 0001:00000440       ?imbue@?$basic_streambuf@DU?$char_traits@D@std@@@std@@MEAAXAEBVlocale@2@@Z 0000000180001440 f i libcpmt:cout.obj
 0001:00000440       ?_Doraise@exception@stdext@@MEBAXXZ 0000000180001440 f i cio.obj
 0001:00000440       _guard_check_icall_nop     0000000180001440 f i LIBCMT:guard_support.obj
 0001:00000440       ??$destroy@PEAU?$_Tree_node@U?$pair@$$CBV?$basic_string@DU?$char_traits@D@std@@V?$allocator@D@2@@std@@H@std@@PEAX@std@@@?$_Wrap_alloc@V?$allocator@U?$_Tree_node@U?$pair@$$CBV?$basic_string@DU?$char_traits@D@std@@V?$allocator@D@2@@std@@H@std@@PEAX@std@@@std@@@std@@QEAAXPEAPEAU?$_Tree_node@U?$pair@$$CBV?$basic_string@DU?$char_traits@D@std@@V?$allocator@D@2@@std@@H@std@@PEAX@1@@Z 0000000180001440 f i cio.obj
 0001:00000440       ?_Unlock@?$basic_streambuf@DU?$char_traits@D@std@@@std@@UEAAXXZ 0000000180001440 f i libcpmt:cout.obj
 0001:00000440       ?_Lock@?$basic_streambuf@DU?$char_traits@D@std@@@std@@UEAAXXZ 0000000180001440 f i libcpmt:cout.obj
 0001:00000440       __except_validate_context_record 0000000180001440 f i libvcruntime:jbcxrval.obj
 0001:00000450       ??_Eexception@stdext@@UEAAPEAXI@Z 0000000180001450 f i * CIL library *:* CIL module *
 0001:00000450       ??_Gexception@stdext@@UEAAPEAXI@Z 0000000180001450 f i cio.obj
 0001:00000450       ??_Gruntime_error@std@@UEAAPEAXI@Z 0000000180001450 f i cio.obj
 0001:00000450       ??_Eruntime_error@std@@UEAAPEAXI@Z 0000000180001450 f i * CIL library *:* CIL module *
 0001:00000480       ??0_Locinfo@std@@QEAA@PEBD@Z 0000000180001480 f i cio.obj
 0001:00000540       ??1_Locinfo@std@@QEAA@XZ   0000000180001540 f i cio.obj
 0001:000005e0       ??_E_Facet_base@std@@UEAAPEAXI@Z 00000001800015e0 f i * CIL library *:* CIL module *
 0001:000005e0       ??_G_Facet_base@std@@UEAAPEAXI@Z 00000001800015e0 f i cio.obj
 0001:00000610       ?_Incref@facet@locale@std@@UEAAXXZ 0000000180001610 f i cio.obj
 0001:00000620       ?_Decref@facet@locale@std@@UEAAPEAV_Facet_base@3@XZ 0000000180001620 f i cio.obj
 0001:00000640       ?name@locale@std@@QEBA?AV?$basic_string@DU?$char_traits@D@std@@V?$allocator@D@2@@2@XZ 0000000180001640 f i cio.obj
 0001:00000800       ?tolower@?$ctype@D@std@@QEBAPEBDPEADPEBD@Z 0000000180001800 f i cio.obj
 0001:00000890       ?_Getcat@?$ctype@D@std@@SA_KPEAPEBVfacet@locale@2@PEBV42@@Z 0000000180001890 f i cio.obj
 0001:00000950       ?do_tolower@?$ctype@D@std@@MEBADD@Z 0000000180001950 f i cio.obj
 0001:00000960       ?do_tolower@?$ctype@D@std@@MEBAPEBDPEADPEBD@Z 0000000180001960 f i cio.obj
 0001:000009c0       ?do_toupper@?$ctype@D@std@@MEBADD@Z 00000001800019c0 f i cio.obj
 0001:000009d0       ?do_toupper@?$ctype@D@std@@MEBAPEBDPEADPEBD@Z 00000001800019d0 f i cio.obj
 0001:00000a30       ?do_widen@?$ctype@D@std@@MEBADD@Z 0000000180001a30 f i cio.obj
 0001:00000a30       ?do_narrow@?$ctype@D@std@@MEBADDD@Z 0000000180001a30 f i cio.obj
 0001:00000a40       ?do_widen@?$ctype@D@std@@MEBAPEBDPEBD0PEAD@Z 0000000180001a40 f i cio.obj
 0001:00000a60       ?do_narrow@?$ctype@D@std@@MEBAPEBDPEBD0DPEAD@Z 0000000180001a60 f i cio.obj
 0001:00000a80       ??_G?$ctype@D@std@@MEAAPEAXI@Z 0000000180001a80 f i cio.obj
 0001:00000a80       ??_E?$ctype@D@std@@MEAAPEAXI@Z 0000000180001a80 f i * CIL library *:* CIL module *
 0001:00000af0       ??_Gerror_category@std@@UEAAPEAXI@Z 0000000180001af0 f i cio.obj
 0001:00000af0       ??_Eerror_category@std@@UEAAPEAXI@Z 0000000180001af0 f i * CIL library *:* CIL module *
 0001:00000af0       ??_E_Iostream_error_category@std@@UEAAPEAXI@Z 0000000180001af0 f i * CIL library *:* CIL module *
 0001:00000af0       ??_G_Iostream_error_category@std@@UEAAPEAXI@Z 0000000180001af0 f i cio.obj
 0001:00000b20       ?default_error_condition@error_category@std@@UEBA?AVerror_condition@2@H@Z 0000000180001b20 f i cio.obj
 0001:00000b30       ?equivalent@error_category@std@@UEBA_NHAEBVerror_condition@2@@Z 0000000180001b30 f i cio.obj
 0001:00000b90       ?equivalent@error_category@std@@UEBA_NAEBVerror_code@2@H@Z 0000000180001b90 f i cio.obj
 0001:00000bb0       ??0_System_error@std@@IEAA@Verror_code@1@AEBV?$basic_string@DU?$char_traits@D@std@@V?$allocator@D@2@@1@@Z 0000000180001bb0 f i cio.obj
 0001:00000df0       ??_G_System_error@std@@UEAAPEAXI@Z 0000000180001df0 f i cio.obj
 0001:00000df0       ??_Gfailure@ios_base@std@@UEAAPEAXI@Z 0000000180001df0 f i cio.obj
 0001:00000df0       ??_Efailure@ios_base@std@@UEAAPEAXI@Z 0000000180001df0 f i * CIL library *:* CIL module *
 0001:00000df0       ??_E_System_error@std@@UEAAPEAXI@Z 0000000180001df0 f i * CIL library *:* CIL module *
 0001:00000e20       ?name@_Iostream_error_category@std@@UEBAPEBDXZ 0000000180001e20 f i cio.obj
 0001:00000e30       ?message@_Iostream_error_category@std@@UEBA?AV?$basic_string@DU?$char_traits@D@std@@V?$allocator@D@2@@2@H@Z 0000000180001e30 f i cio.obj
 0001:00000eb0       ?clear@ios_base@std@@QEAAXH_N@Z 0000000180001eb0 f i cio.obj
 0001:00001260       ??_E_Node_endif@std@@UEAAPEAXI@Z 0000000180002260 f i * CIL library *:* CIL module *
 0001:00001260       ??_G_Node_base@std@@UEAAPEAXI@Z 0000000180002260 f i cio.obj
 0001:00001260       ??_G_Node_endif@std@@UEAAPEAXI@Z 0000000180002260 f i cio.obj
 0001:00001260       ??_E_Node_base@std@@UEAAPEAXI@Z 0000000180002260 f i * CIL library *:* CIL module *
 0001:00001290       ??_E_Root_node@std@@UEAAPEAXI@Z 0000000180002290 f i * CIL library *:* CIL module *
 0001:00001290       ??_G_Root_node@std@@UEAAPEAXI@Z 0000000180002290 f i cio.obj
 0001:000012c0       ??_G_Node_end_rep@std@@UEAAPEAXI@Z 00000001800022c0 f i cio.obj
 0001:000012c0       ??_E_Node_end_group@std@@UEAAPEAXI@Z 00000001800022c0 f i * CIL library *:* CIL module *
 0001:000012c0       ??_G_Node_end_group@std@@UEAAPEAXI@Z 00000001800022c0 f i cio.obj
 0001:000012c0       ??_G_Node_capture@std@@UEAAPEAXI@Z 00000001800022c0 f i cio.obj
 0001:000012c0       ??_E_Node_capture@std@@UEAAPEAXI@Z 00000001800022c0 f i * CIL library *:* CIL module *
 0001:000012c0       ??_E_Node_back@std@@UEAAPEAXI@Z 00000001800022c0 f i * CIL library *:* CIL module *
 0001:000012c0       ??_E_Node_end_rep@std@@UEAAPEAXI@Z 00000001800022c0 f i * CIL library *:* CIL module *
 0001:000012c0       ??_G_Node_back@std@@UEAAPEAXI@Z 00000001800022c0 f i cio.obj
 0001:000012f0       ??1_Node_assert@std@@UEAA@XZ 00000001800022f0 f i cio.obj
 0001:00001370       ??_G_Node_assert@std@@UEAAPEAXI@Z 0000000180002370 f i cio.obj
 0001:00001370       ??_E_Node_assert@std@@UEAAPEAXI@Z 0000000180002370 f i * CIL library *:* CIL module *
 0001:000013b0       ??1_Node_if@std@@UEAA@XZ   00000001800023b0 f i cio.obj
 0001:00001460       ??_G_Node_if@std@@UEAAPEAXI@Z 0000000180002460 f i cio.obj
 0001:00001460       ??_E_Node_if@std@@UEAAPEAXI@Z 0000000180002460 f i * CIL library *:* CIL module *
 0001:000014a0       ??_E_Node_rep@std@@UEAAPEAXI@Z 00000001800024a0 f i * CIL library *:* CIL module *
 0001:000014a0       ??_G_Node_rep@std@@UEAAPEAXI@Z 00000001800024a0 f i cio.obj
 0001:000014d0       ?ReadLine@cio@@YAXAEBV?$FunctionCallbackInfo@VValue@v8@@@v8@@@Z 00000001800024d0 f   cio.obj
 0001:00001620       ?Input@cio@@YAXAEBV?$FunctionCallbackInfo@VValue@v8@@@v8@@@Z 0000000180002620 f   cio.obj
 0001:00001e80       ?Output@cio@@YAXAEBV?$FunctionCallbackInfo@VValue@v8@@@v8@@@Z 0000000180002e80 f   cio.obj
 0001:00002010       ?init@cio@@YAXV?$Local@VObject@v8@@@v8@@@Z 0000000180003010 f   cio.obj
 0001:000026b0       ??A?$map@V?$basic_string@DU?$char_traits@D@std@@V?$allocator@D@2@@std@@HU?$less@V?$basic_string@DU?$char_traits@D@std@@V?$allocator@D@2@@std@@@2@V?$allocator@U?$pair@$$CBV?$basic_string@DU?$char_traits@D@std@@V?$allocator@D@2@@std@@H@std@@@2@@std@@QEAAAEAHAEBV?$basic_string@DU?$char_traits@D@std@@V?$allocator@D@2@@1@@Z 00000001800036b0 f i cio.obj
 0001:000027b0       ??A?$map@V?$basic_string@DU?$char_traits@D@std@@V?$allocator@D@2@@std@@HU?$less@V?$basic_string@DU?$char_traits@D@std@@V?$allocator@D@2@@std@@@2@V?$allocator@U?$pair@$$CBV?$basic_string@DU?$char_traits@D@std@@V?$allocator@D@2@@std@@H@std@@@2@@std@@QEAAAEAH$$QEAV?$basic_string@DU?$char_traits@D@std@@V?$allocator@D@2@@1@@Z 00000001800037b0 f i cio.obj
 0001:000028a0       ?compare@?$basic_string@DU?$char_traits@D@std@@V?$allocator@D@2@@std@@QEBAHAEBV12@@Z 00000001800038a0 f i cio.obj
 0001:00002920       ??1?$basic_string@DU?$char_traits@D@std@@V?$allocator@D@2@@std@@QEAA@XZ 0000000180003920 f i cio.obj
 0001:000029b0       ??0?$basic_string@DU?$char_traits@D@std@@V?$allocator@D@2@@std@@QEAA@$$QEAV01@@Z 00000001800039b0 f i cio.obj
 0001:00002a30       ?peek@?$basic_istream@DU?$char_traits@D@std@@@std@@QEAAHXZ 0000000180003a30 f i cio.obj
 0001:00002b60       ?ignore@?$basic_istream@DU?$char_traits@D@std@@@std@@QEAAAEAV12@_JH@Z 0000000180003b60 f i cio.obj
 0001:00002cd0       ??5?$basic_istream@DU?$char_traits@D@std@@@std@@QEAAAEAV01@AEAN@Z 0000000180003cd0 f i cio.obj
 0001:00002e70       ?do_get@?$num_get@DV?$istreambuf_iterator@DU?$char_traits@D@std@@@std@@@std@@MEBA?AV?$istreambuf_iterator@DU?$char_traits@D@std@@@2@V32@0AEAVios_base@2@AEAHAEAPEAX@Z 0000000180003e70 f i cio.obj
 0001:00002f90       ?do_get@?$num_get@DV?$istreambuf_iterator@DU?$char_traits@D@std@@@std@@@std@@MEBA?AV?$istreambuf_iterator@DU?$char_traits@D@std@@@2@V32@0AEAVios_base@2@AEAHAEAO@Z 0000000180003f90 f i cio.obj
 0001:00003090       ?do_get@?$num_get@DV?$istreambuf_iterator@DU?$char_traits@D@std@@@std@@@std@@MEBA?AV?$istreambuf_iterator@DU?$char_traits@D@std@@@2@V32@0AEAVios_base@2@AEAHAEAN@Z 0000000180004090 f i cio.obj
 0001:00003190       ?do_get@?$num_get@DV?$istreambuf_iterator@DU?$char_traits@D@std@@@std@@@std@@MEBA?AV?$istreambuf_iterator@DU?$char_traits@D@std@@@2@V32@0AEAVios_base@2@AEAHAEAM@Z 0000000180004190 f i cio.obj
 0001:000032a0       ?do_get@?$num_get@DV?$istreambuf_iterator@DU?$char_traits@D@std@@@std@@@std@@MEBA?AV?$istreambuf_iterator@DU?$char_traits@D@std@@@2@V32@0AEAVios_base@2@AEAHAEA_K@Z 00000001800042a0 f i cio.obj
 0001:000033c0       ?do_get@?$num_get@DV?$istreambuf_iterator@DU?$char_traits@D@std@@@std@@@std@@MEBA?AV?$istreambuf_iterator@DU?$char_traits@D@std@@@2@V32@0AEAVios_base@2@AEAHAEA_J@Z 00000001800043c0 f i cio.obj
 0001:000034e0       ?do_get@?$num_get@DV?$istreambuf_iterator@DU?$char_traits@D@std@@@std@@@std@@MEBA?AV?$istreambuf_iterator@DU?$char_traits@D@std@@@2@V32@0AEAVios_base@2@AEAHAEAK@Z 00000001800044e0 f i cio.obj
 0001:00003600       ?do_get@?$num_get@DV?$istreambuf_iterator@DU?$char_traits@D@std@@@std@@@std@@MEBA?AV?$istreambuf_iterator@DU?$char_traits@D@std@@@2@V32@0AEAVios_base@2@AEAHAEAJ@Z 0000000180004600 f i cio.obj
 0001:00003720       ?do_get@?$num_get@DV?$istreambuf_iterator@DU?$char_traits@D@std@@@std@@@std@@MEBA?AV?$istreambuf_iterator@DU?$char_traits@D@std@@@2@V32@0AEAVios_base@2@AEAHAEAI@Z 0000000180004720 f i cio.obj
 0001:00003860       ?do_get@?$num_get@DV?$istreambuf_iterator@DU?$char_traits@D@std@@@std@@@std@@MEBA?AV?$istreambuf_iterator@DU?$char_traits@D@std@@@2@V32@0AEAVios_base@2@AEAHAEAG@Z 0000000180004860 f i cio.obj
 0001:000039a0       ?do_get@?$num_get@DV?$istreambuf_iterator@DU?$char_traits@D@std@@@std@@@std@@MEBA?AV?$istreambuf_iterator@DU?$char_traits@D@std@@@2@V32@0AEAVios_base@2@AEAHAEA_N@Z 00000001800049a0 f i cio.obj
 0001:00003da0       ?_Tidy@?$basic_string@DU?$char_traits@D@std@@V?$allocator@D@2@@std@@QEAAX_N_K@Z 0000000180004da0 f i cio.obj
 0001:00003e50       ?assign@?$basic_string@DU?$char_traits@D@std@@V?$allocator@D@2@@std@@QEAAAEAV12@_KD@Z 0000000180004e50 f i cio.obj
 0001:00003f60       ?assign@?$basic_string@DU?$char_traits@D@std@@V?$allocator@D@2@@std@@QEAAAEAV12@PEBD_K@Z 0000000180004f60 f i cio.obj
 0001:000040a0       ?assign@?$basic_string@DU?$char_traits@D@std@@V?$allocator@D@2@@std@@QEAAAEAV12@AEBV12@_K1@Z 00000001800050a0 f i cio.obj
 0001:000041d0       ?append@?$basic_string@DU?$char_traits@D@std@@V?$allocator@D@2@@std@@QEAAAEAV12@PEBD_K@Z 00000001800051d0 f i cio.obj
 0001:00004320       ?append@?$basic_string@DU?$char_traits@D@std@@V?$allocator@D@2@@std@@QEAAAEAV12@AEBV12@_K1@Z 0000000180005320 f i cio.obj
 0001:00004450       ?_Assign_rv@?$basic_string@DU?$char_traits@D@std@@V?$allocator@D@2@@std@@QEAAX$$QEAV12@@Z 0000000180005450 f i cio.obj
 0001:000044c0       ??_G?$num_get@DV?$istreambuf_iterator@DU?$char_traits@D@std@@@std@@@std@@MEAAPEAXI@Z 00000001800054c0 f i cio.obj
 0001:000044c0       ??_E?$codecvt@DDU_Mbstatet@@@std@@MEAAPEAXI@Z 00000001800054c0 f i libcpmt:cout.obj
 0001:000044c0       ??_E?$num_get@DV?$istreambuf_iterator@DU?$char_traits@D@std@@@std@@@std@@MEAAPEAXI@Z 00000001800054c0 f i * CIL library *:* CIL module *
 0001:000044c0       ??_G?$codecvt@DDU_Mbstatet@@@std@@MEAAPEAXI@Z 00000001800054c0 f i libcpmt:cout.obj
 0001:000044f0       ?do_truename@?$numpunct@D@std@@MEBA?AV?$basic_string@DU?$char_traits@D@std@@V?$allocator@D@2@@2@XZ 00000001800054f0 f i cio.obj
 0001:00004540       ?do_falsename@?$numpunct@D@std@@MEBA?AV?$basic_string@DU?$char_traits@D@std@@V?$allocator@D@2@@2@XZ 0000000180005540 f i cio.obj
 0001:00004590       ?do_grouping@?$numpunct@D@std@@MEBA?AV?$basic_string@DU?$char_traits@D@std@@V?$allocator@D@2@@2@XZ 0000000180005590 f i cio.obj
 0001:000045e0       ?do_thousands_sep@?$numpunct@D@std@@MEBADXZ 00000001800055e0 f i cio.obj
 0001:000045f0       ?do_decimal_point@?$numpunct@D@std@@MEBADXZ 00000001800055f0 f i cio.obj
 0001:00004600       ?erase@?$_Tree@V?$_Tmap_traits@V?$basic_string@DU?$char_traits@D@std@@V?$allocator@D@2@@std@@HU?$less@V?$basic_string@DU?$char_traits@D@std@@V?$allocator@D@2@@std@@@2@V?$allocator@U?$pair@$$CBV?$basic_string@DU?$char_traits@D@std@@V?$allocator@D@2@@std@@H@std@@@2@$0A@@std@@@std@@QEAA?AV?$_Tree_iterator@V?$_Tree_val@U?$_Tree_simple_types@U?$pair@$$CBV?$basic_string@DU?$char_traits@D@std@@V?$allocator@D@2@@std@@H@std@@@std@@@std@@@2@V?$_Tree_const_iterator@V?$_Tree_val@U?$_Tree_simple_types@U?$pair@$$CBV?$basic_string@DU?$char_traits@D@std@@V?$allocator@D@2@@std@@H@std@@@std@@@std@@@2@0@Z 0000000180005600 f i cio.obj
 0001:00004710       ?_Getffld@?$num_get@DV?$istreambuf_iterator@DU?$char_traits@D@std@@@std@@@std@@AEBAHPEADAEAV?$istreambuf_iterator@DU?$char_traits@D@std@@@2@1AEAVios_base@2@PEAH@Z 0000000180005710 f i cio.obj
 0001:000055c0       ?_Getifld@?$num_get@DV?$istreambuf_iterator@DU?$char_traits@D@std@@@std@@@std@@AEBAHPEADAEAV?$istreambuf_iterator@DU?$char_traits@D@std@@@2@1HAEBVlocale@2@@Z 00000001800065c0 f i cio.obj
 0001:00005ca0       ?erase@?$basic_string@DU?$char_traits@D@std@@V?$allocator@D@2@@std@@QEAAAEAV12@_K0@Z 0000000180006ca0 f i cio.obj
 0001:00005d70       ?append@?$basic_string@DU?$char_traits@D@std@@V?$allocator@D@2@@std@@QEAAAEAV12@_KD@Z 0000000180006d70 f i cio.obj
 0001:00005e80       ??Y?$basic_string@DU?$char_traits@D@std@@V?$allocator@D@2@@std@@QEAAAEAV01@D@Z 0000000180006e80 f i cio.obj
 0001:00005f70       ?_Ipfx@?$basic_istream@DU?$char_traits@D@std@@@std@@QEAA_N_N@Z 0000000180006f70 f i cio.obj
 0001:000060c0       ??_G?$numpunct@D@std@@MEAAPEAXI@Z 00000001800070c0 f i cio.obj
 0001:000060c0       ??_E?$numpunct@D@std@@MEAAPEAXI@Z 00000001800070c0 f i * CIL library *:* CIL module *
 0001:00006120       ?erase@?$_Tree@V?$_Tmap_traits@V?$basic_string@DU?$char_traits@D@std@@V?$allocator@D@2@@std@@HU?$less@V?$basic_string@DU?$char_traits@D@std@@V?$allocator@D@2@@std@@@2@V?$allocator@U?$pair@$$CBV?$basic_string@DU?$char_traits@D@std@@V?$allocator@D@2@@std@@H@std@@@2@$0A@@std@@@std@@QEAA?AV?$_Tree_iterator@V?$_Tree_val@U?$_Tree_simple_types@U?$pair@$$CBV?$basic_string@DU?$char_traits@D@std@@V?$allocator@D@2@@std@@H@std@@@std@@@std@@@2@V?$_Tree_const_iterator@V?$_Tree_val@U?$_Tree_simple_types@U?$pair@$$CBV?$basic_string@DU?$char_traits@D@std@@V?$allocator@D@2@@std@@H@std@@@std@@@std@@@2@@Z 0000000180007120 f i cio.obj
 0001:00006530       ?_Getffldx@?$num_get@DV?$istreambuf_iterator@DU?$char_traits@D@std@@@std@@@std@@AEBAHPEADAEAV?$istreambuf_iterator@DU?$char_traits@D@std@@@2@1AEAVios_base@2@PEAH@Z 0000000180007530 f i cio.obj
 0001:00007410       ??E?$istreambuf_iterator@DU?$char_traits@D@std@@@std@@QEAAAEAV01@XZ 0000000180008410 f i cio.obj
 0001:00007480       ??D?$istreambuf_iterator@DU?$char_traits@D@std@@@std@@QEBADXZ 0000000180008480 f i cio.obj
 0001:000074f0       ?_Copy@?$basic_string@DU?$char_traits@D@std@@V?$allocator@D@2@@std@@QEAAX_K0@Z 00000001800084f0 f i cio.obj
 0001:00007620       ?flush@?$basic_ostream@DU?$char_traits@D@std@@@std@@QEAAAEAV12@XZ 0000000180008620 f i cio.obj
 0001:00007710       ?snextc@?$basic_streambuf@DU?$char_traits@D@std@@@std@@QEAAHXZ 0000000180008710 f i cio.obj
 0001:000077b0       ?_Rrotate@?$_Tree@V?$_Tmap_traits@V?$basic_string@DU?$char_traits@D@std@@V?$allocator@D@2@@std@@HU?$less@V?$basic_string@DU?$char_traits@D@std@@V?$allocator@D@2@@std@@@2@V?$allocator@U?$pair@$$CBV?$basic_string@DU?$char_traits@D@std@@V?$allocator@D@2@@std@@H@std@@@2@$0A@@std@@@std@@IEAAXPEAU?$_Tree_node@U?$pair@$$CBV?$basic_string@DU?$char_traits@D@std@@V?$allocator@D@2@@std@@H@std@@PEAX@2@@Z 00000001800087b0 f i cio.obj
 0001:00007810       ?_Lrotate@?$_Tree@V?$_Tmap_traits@V?$basic_string@DU?$char_traits@D@std@@V?$allocator@D@2@@std@@HU?$less@V?$basic_string@DU?$char_traits@D@std@@V?$allocator@D@2@@std@@@2@V?$allocator@U?$pair@$$CBV?$basic_string@DU?$char_traits@D@std@@V?$allocator@D@2@@std@@H@std@@@2@$0A@@std@@@std@@IEAAXPEAU?$_Tree_node@U?$pair@$$CBV?$basic_string@DU?$char_traits@D@std@@V?$allocator@D@2@@std@@H@std@@PEAX@2@@Z 0000000180008810 f i cio.obj
 0001:00007870       ?_Erase@?$_Tree@V?$_Tmap_traits@V?$basic_string@DU?$char_traits@D@std@@V?$allocator@D@2@@std@@HU?$less@V?$basic_string@DU?$char_traits@D@std@@V?$allocator@D@2@@std@@@2@V?$allocator@U?$pair@$$CBV?$basic_string@DU?$char_traits@D@std@@V?$allocator@D@2@@std@@H@std@@@2@$0A@@std@@@std@@IEAAXPEAU?$_Tree_node@U?$pair@$$CBV?$basic_string@DU?$char_traits@D@std@@V?$allocator@D@2@@std@@H@std@@PEAX@2@@Z 0000000180008870 f i cio.obj
 0001:00007950       ?allocate@?$_Wrap_alloc@V?$allocator@D@std@@@std@@QEAAPEAD_K@Z 0000000180008950 f i cio.obj
 0001:000079c0       ??$use_facet@V?$ctype@D@std@@@std@@YAAEBV?$ctype@D@0@AEBVlocale@0@@Z 00000001800089c0 f i cio.obj
 0001:00007af0       ??$_Immortalize@V_Iostream_error_category@std@@@std@@YAAEAV_Iostream_error_category@0@XZ 0000000180008af0 f i cio.obj
 0001:00007b70       ??$?6DU?$char_traits@D@std@@V?$allocator@D@1@@std@@YAAEAV?$basic_ostream@DU?$char_traits@D@std@@@0@AEAV10@AEBV?$basic_string@DU?$char_traits@D@std@@V?$allocator@D@2@@0@@Z 0000000180008b70 f i cio.obj
 0001:00007df0       ??$NODE_SET_METHOD@V?$Local@VObject@v8@@@v8@@@node@@YAXAEBV?$Local@VObject@v8@@@v8@@PEBDP6AXAEBV?$FunctionCallbackInfo@VValue@v8@@@2@@Z@Z 0000000180008df0 f i cio.obj
 0001:00007eb0       ??$use_facet@V?$num_get@DV?$istreambuf_iterator@DU?$char_traits@D@std@@@std@@@std@@@std@@YAAEBV?$num_get@DV?$istreambuf_iterator@DU?$char_traits@D@std@@@std@@@0@AEBVlocale@0@@Z 0000000180008eb0 f i cio.obj
 0001:00007fe0       ??$_Lbound@V?$basic_string@DU?$char_traits@D@std@@V?$allocator@D@2@@std@@@?$_Tree@V?$_Tmap_traits@V?$basic_string@DU?$char_traits@D@std@@V?$allocator@D@2@@std@@HU?$less@V?$basic_string@DU?$char_traits@D@std@@V?$allocator@D@2@@std@@@2@V?$allocator@U?$pair@$$CBV?$basic_string@DU?$char_traits@D@std@@V?$allocator@D@2@@std@@H@std@@@2@$0A@@std@@@std@@IEBAPEAU?$_Tree_node@U?$pair@$$CBV?$basic_string@DU?$char_traits@D@std@@V?$allocator@D@2@@std@@H@std@@PEAX@1@AEBV?$basic_string@DU?$char_traits@D@std@@V?$allocator@D@2@@1@@Z 0000000180008fe0 f i cio.obj
 0001:000080a0       ??$use_facet@V?$numpunct@D@std@@@std@@YAAEBV?$numpunct@D@0@AEBVlocale@0@@Z 00000001800090a0 f i cio.obj
 0001:000081d0       ??$_Getloctxt@DV?$istreambuf_iterator@DU?$char_traits@D@std@@@std@@@std@@YAHAEAV?$istreambuf_iterator@DU?$char_traits@D@std@@@0@0_KPEBD@Z 00000001800091d0 f i cio.obj
 0001:00008480       ?_Getcat@?$numpunct@D@std@@SA_KPEAPEBVfacet@locale@2@PEBV42@@Z 0000000180009480 f i cio.obj
 0001:00008540       ?_Getcat@?$num_get@DV?$istreambuf_iterator@DU?$char_traits@D@std@@@std@@@std@@SA_KPEAPEBVfacet@locale@2@PEBV42@@Z 0000000180009540 f i cio.obj
 0001:000085f0       ?equal@?$istreambuf_iterator@DU?$char_traits@D@std@@@std@@QEBA_NAEBV12@@Z 00000001800095f0 f i cio.obj
 0001:000086c0       ?put@?$basic_ostream@DU?$char_traits@D@std@@@std@@QEAAAEAV12@D@Z 00000001800096c0 f i cio.obj
 0001:00008810       ?widen@?$basic_ios@DU?$char_traits@D@std@@@std@@QEBADD@Z 0000000180009810 f i cio.obj
 0001:000088b0       ?_Init@?$numpunct@D@std@@IEAAXAEBV_Locinfo@2@_N@Z 00000001800098b0 f i cio.obj
 0001:00008a30       ?deallocate@?$_Wrap_alloc@V?$allocator@I@std@@@std@@QEAAXPEAI_K@Z 0000000180009a30 f i cio.obj
 0001:00008aa0       ??$?5DU?$char_traits@D@std@@V?$allocator@D@1@@std@@YAAEAV?$basic_istream@DU?$char_traits@D@std@@@0@$$QEAV10@AEAV?$basic_string@DU?$char_traits@D@std@@V?$allocator@D@2@@0@@Z 0000000180009aa0 f i cio.obj
 0001:00008d00       ??$getline@DU?$char_traits@D@std@@V?$allocator@D@2@@std@@YAAEAV?$basic_istream@DU?$char_traits@D@std@@@0@$$QEAV10@AEAV?$basic_string@DU?$char_traits@D@std@@V?$allocator@D@2@@0@D@Z 0000000180009d00 f i cio.obj
 0001:00008eb0       ??$_Regex_match@V?$_String_const_iterator@V?$_String_val@U?$_Simple_types@D@std@@@std@@@std@@V?$allocator@V?$sub_match@V?$_String_const_iterator@V?$_String_val@U?$_Simple_types@D@std@@@std@@@std@@@std@@@2@DV?$regex_traits@D@2@V12@@std@@YA_NV?$_String_const_iterator@V?$_String_val@U?$_Simple_types@D@std@@@std@@@0@0PEAV?$match_results@V?$_String_const_iterator@V?$_String_val@U?$_Simple_types@D@std@@@std@@@std@@V?$allocator@V?$sub_match@V?$_String_const_iterator@V?$_String_val@U?$_Simple_types@D@std@@@std@@@std@@@std@@@2@@0@AEBV?$basic_regex@DV?$regex_traits@D@std@@@0@W4match_flag_type@regex_constants@0@_N@Z 0000000180009eb0 f i cio.obj
 0001:00008fe0       ??$_Insert_hint@AEAU?$pair@$$CBV?$basic_string@DU?$char_traits@D@std@@V?$allocator@D@2@@std@@H@std@@PEAU?$_Tree_node@U?$pair@$$CBV?$basic_string@DU?$char_traits@D@std@@V?$allocator@D@2@@std@@H@std@@PEAX@2@@?$_Tree@V?$_Tmap_traits@V?$basic_string@DU?$char_traits@D@std@@V?$allocator@D@2@@std@@HU?$less@V?$basic_string@DU?$char_traits@D@std@@V?$allocator@D@2@@std@@@2@V?$allocator@U?$pair@$$CBV?$basic_string@DU?$char_traits@D@std@@V?$allocator@D@2@@std@@H@std@@@2@$0A@@std@@@std@@IEAA?AV?$_Tree_iterator@V?$_Tree_val@U?$_Tree_simple_types@U?$pair@$$CBV?$basic_string@DU?$char_traits@D@std@@V?$allocator@D@2@@std@@H@std@@@std@@@std@@@1@V?$_Tree_const_iterator@V?$_Tree_val@U?$_Tree_simple_types@U?$pair@$$CBV?$basic_string@DU?$char_traits@D@std@@V?$allocator@D@2@@std@@H@std@@@std@@@std@@@1@AEAU?$pair@$$CBV?$basic_string@DU?$char_traits@D@std@@V?$allocator@D@2@@std@@H@1@PEAU?$_Tree_node@U?$pair@$$CBV?$basic_string@DU?$char_traits@D@std@@V?$allocator@D@2@@std@@H@std@@PEAX@1@@Z 0000000180009fe0 f i cio.obj
 0001:000092a0       ??0?$_Parser@PEBDDV?$regex_traits@D@std@@@std@@QEAA@AEBV?$regex_traits@D@1@PEBD1W4syntax_option_type@regex_constants@1@@Z 000000018000a2a0 f i cio.obj
 0001:00009370       ?_Compile@?$_Parser@PEBDDV?$regex_traits@D@std@@@std@@QEAAPEAV_Root_node@2@XZ 000000018000a370 f i cio.obj
 0001:00009440       ??0?$_Matcher@V?$_String_const_iterator@V?$_String_val@U?$_Simple_types@D@std@@@std@@@std@@DV?$regex_traits@D@2@V12@@std@@QEAA@V?$_String_const_iterator@V?$_String_val@U?$_Simple_types@D@std@@@std@@@1@0AEBV?$regex_traits@D@1@PEAV_Root_node@1@HW4syntax_option_type@regex_constants@1@W4match_flag_type@61@@Z 000000018000a440 f i cio.obj
 0001:00009520       ?_Tidy@?$vector@U_Grp_t@?$_Tgt_state_t@V?$_String_const_iterator@V?$_String_val@U?$_Simple_types@D@std@@@std@@@std@@@std@@V?$allocator@U_Grp_t@?$_Tgt_state_t@V?$_String_const_iterator@V?$_String_val@U?$_Simple_types@D@std@@@std@@@std@@@std@@@3@@std@@IEAAXXZ 000000018000a520 f i cio.obj
 0001:00009520       ?_Tidy@?$vector@U_Loop_vals_t@std@@V?$allocator@U_Loop_vals_t@std@@@2@@std@@IEAAXXZ 000000018000a520 f i cio.obj
 0001:000095b0       ?resize@?$vector@U_Loop_vals_t@std@@V?$allocator@U_Loop_vals_t@std@@@2@@std@@QEAAX_K@Z 000000018000a5b0 f i cio.obj
 0001:000096b0       ?_Trim@?$vector@_NV?$allocator@_N@std@@@std@@QEAAX_K@Z 000000018000a6b0 f i cio.obj
 0001:00009780       ?deallocate@?$_Wrap_alloc@V?$allocator@U_Grp_t@?$_Tgt_state_t@V?$_String_const_iterator@V?$_String_val@U?$_Simple_types@D@std@@@std@@@std@@@std@@@std@@@std@@QEAAXPEAU_Grp_t@?$_Tgt_state_t@V?$_String_const_iterator@V?$_String_val@U?$_Simple_types@D@std@@@std@@@std@@@2@_K@Z 000000018000a780 f i cio.obj
 0001:000097f0       ?_Reallocate@?$vector@U_Loop_vals_t@std@@V?$allocator@U_Loop_vals_t@std@@@2@@std@@IEAAX_K@Z 000000018000a7f0 f i cio.obj
 0001:000097f0       ?_Reallocate@?$vector@U_Grp_t@?$_Tgt_state_t@V?$_String_const_iterator@V?$_String_val@U?$_Simple_types@D@std@@@std@@@std@@@std@@V?$allocator@U_Grp_t@?$_Tgt_state_t@V?$_String_const_iterator@V?$_String_val@U?$_Simple_types@D@std@@@std@@@std@@@std@@@3@@std@@IEAAX_K@Z 000000018000a7f0 f i cio.obj
 0001:000098f0       ?_Buy@?$vector@IV?$allocator@_N@std@@@std@@IEAA_N_K@Z 000000018000a8f0 f i cio.obj
 0001:00009960       ?_Trans@?$_Parser@PEBDDV?$regex_traits@D@std@@@std@@AEAAXXZ 000000018000a960 f i cio.obj
 0001:00009bb0       ?_Disjunction@?$_Parser@PEBDDV?$regex_traits@D@std@@@std@@AEAAXXZ 000000018000abb0 f i cio.obj
 0001:00009d90       ?_End_group@?$_Builder@PEBDDV?$regex_traits@D@std@@@std@@QEAAXPEAV_Node_base@2@@Z 000000018000ad90 f i cio.obj
 0001:00009e40       ?_Begin_capture_group@?$_Builder@PEBDDV?$regex_traits@D@std@@@std@@QEAAPEAV_Node_base@2@I@Z 000000018000ae40 f i cio.obj
 0001:00009ec0       ??$_Insert_at@AEAU?$pair@$$CBV?$basic_string@DU?$char_traits@D@std@@V?$allocator@D@2@@std@@H@std@@PEAU?$_Tree_node@U?$pair@$$CBV?$basic_string@DU?$char_traits@D@std@@V?$allocator@D@2@@std@@H@std@@PEAX@2@@?$_Tree@V?$_Tmap_traits@V?$basic_string@DU?$char_traits@D@std@@V?$allocator@D@2@@std@@HU?$less@V?$basic_string@DU?$char_traits@D@std@@V?$allocator@D@2@@std@@@2@V?$allocator@U?$pair@$$CBV?$basic_string@DU?$char_traits@D@std@@V?$allocator@D@2@@std@@H@std@@@2@$0A@@std@@@std@@IEAA?AV?$_Tree_iterator@V?$_Tree_val@U?$_Tree_simple_types@U?$pair@$$CBV?$basic_string@DU?$char_traits@D@std@@V?$allocator@D@2@@std@@H@std@@@std@@@std@@@1@_NPEAU?$_Tree_node@U?$pair@$$CBV?$basic_string@DU?$char_traits@D@std@@V?$allocator@D@2@@std@@H@std@@PEAX@1@AEAU?$pair@$$CBV?$basic_string@DU?$char_traits@D@std@@V?$allocator@D@2@@std@@H@1@1@Z 000000018000aec0 f i cio.obj
 0001:0000a1b0       ??$_Insert_nohint@AEAU?$pair@$$CBV?$basic_string@DU?$char_traits@D@std@@V?$allocator@D@2@@std@@H@std@@PEAU?$_Tree_node@U?$pair@$$CBV?$basic_string@DU?$char_traits@D@std@@V?$allocator@D@2@@std@@H@std@@PEAX@2@@?$_Tree@V?$_Tmap_traits@V?$basic_string@DU?$char_traits@D@std@@V?$allocator@D@2@@std@@HU?$less@V?$basic_string@DU?$char_traits@D@std@@V?$allocator@D@2@@std@@@2@V?$allocator@U?$pair@$$CBV?$basic_string@DU?$char_traits@D@std@@V?$allocator@D@2@@std@@H@std@@@2@$0A@@std@@@std@@IEAA?AU?$pair@V?$_Tree_iterator@V?$_Tree_val@U?$_Tree_simple_types@U?$pair@$$CBV?$basic_string@DU?$char_traits@D@std@@V?$allocator@D@2@@std@@H@std@@@std@@@std@@@std@@_N@1@_NAEAU?$pair@$$CBV?$basic_string@DU?$char_traits@D@std@@V?$allocator@D@2@@std@@H@1@PEAU?$_Tree_node@U?$pair@$$CBV?$basic_string@DU?$char_traits@D@std@@V?$allocator@D@2@@std@@H@std@@PEAX@1@@Z 000000018000b1b0 f i cio.obj
 0001:0000a390       ??$?0V?$allocator@U?$pair@$$CBV?$basic_string@DU?$char_traits@D@std@@V?$allocator@D@2@@std@@H@std@@@std@@@?$_Wrap_alloc@V?$allocator@U?$_Tree_node@U?$pair@$$CBV?$basic_string@DU?$char_traits@D@std@@V?$allocator@D@2@@std@@H@std@@PEAX@std@@@std@@@std@@QEAA@AEBV?$allocator@U?$pair@$$CBV?$basic_string@DU?$char_traits@D@std@@V?$allocator@D@2@@std@@H@std@@@1@@Z 000000018000b390 f i cio.obj
 0001:0000a3a0       ??$_Allocate@U_Grp_t@?$_Tgt_state_t@V?$_String_const_iterator@V?$_String_val@U?$_Simple_types@D@std@@@std@@@std@@@std@@@std@@YAPEAU_Grp_t@?$_Tgt_state_t@V?$_String_const_iterator@V?$_String_val@U?$_Simple_types@D@std@@@std@@@std@@@0@_KPEAU120@_N@Z 000000018000b3a0 f i cio.obj
 0001:0000a3a0       ??$_Allocate@U_Loop_vals_t@std@@@std@@YAPEAU_Loop_vals_t@0@_KPEAU10@_N@Z 000000018000b3a0 f i cio.obj
 0001:0000a420       ??$_Allocate@I@std@@YAPEAI_KPEAI_N@Z 000000018000b420 f i cio.obj
 0001:0000a4a0       ?resize@?$vector@U_Grp_t@?$_Tgt_state_t@V?$_String_const_iterator@V?$_String_val@U?$_Simple_types@D@std@@@std@@@std@@@std@@V?$allocator@U_Grp_t@?$_Tgt_state_t@V?$_String_const_iterator@V?$_String_val@U?$_Simple_types@D@std@@@std@@@std@@@std@@@3@@std@@QEAAX_K@Z 000000018000b4a0 f i cio.obj
 0001:0000a5b0       ?resize@?$vector@_NV?$allocator@_N@std@@@std@@QEAAX_K_N@Z 000000018000b5b0 f i cio.obj
 0001:0000a760       ?_Insert_n@?$vector@_NV?$allocator@_N@std@@@std@@QEAA?AV?$_Vb_iterator@U?$_Wrap_alloc@V?$allocator@I@std@@@std@@@2@V?$_Vb_const_iterator@U?$_Wrap_alloc@V?$allocator@I@std@@@std@@@2@_KAEB_N@Z 000000018000b760 f i cio.obj
 0001:0000a910       ?erase@?$vector@_NV?$allocator@_N@std@@@std@@QEAA?AV?$_Vb_iterator@U?$_Wrap_alloc@V?$allocator@I@std@@@std@@@2@V?$_Vb_const_iterator@U?$_Wrap_alloc@V?$allocator@I@std@@@std@@@2@0@Z 000000018000b910 f i cio.obj
 0001:0000ab70       ?_Insert_x@?$vector@_NV?$allocator@_N@std@@@std@@QEAA_KV?$_Vb_const_iterator@U?$_Wrap_alloc@V?$allocator@I@std@@@std@@@2@_K@Z 000000018000bb70 f i cio.obj
 0001:0000ad90       ?resize@?$vector@IV?$allocator@_N@std@@@std@@QEAAX_KAEBI@Z 000000018000bd90 f i cio.obj
 0001:0000af30       ?_Reallocate@?$vector@IV?$allocator@_N@std@@@std@@IEAAX_K@Z 000000018000bf30 f i cio.obj
 0001:0000afc0       ?_Is_esc@?$_Parser@PEBDDV?$regex_traits@D@std@@@std@@AEBA_NXZ 000000018000bfc0 f i cio.obj
 0001:0000b000       ?_Next@?$_Parser@PEBDDV?$regex_traits@D@std@@@std@@AEAAXXZ 000000018000c000 f i cio.obj
 0001:0000b050       ?_Alternative@?$_Parser@PEBDDV?$regex_traits@D@std@@@std@@AEAA_NXZ 000000018000c050 f i cio.obj
 0001:0000b4f0       ?_Beg_expr@?$_Builder@PEBDDV?$regex_traits@D@std@@@std@@QEBA_NXZ 000000018000c4f0 f i cio.obj
 0001:0000b530       ?_Begin_group@?$_Builder@PEBDDV?$regex_traits@D@std@@@std@@QEAAPEAV_Node_base@2@XZ 000000018000c530 f i cio.obj
 0001:0000b5a0       ?_Begin_if@?$_Builder@PEBDDV?$regex_traits@D@std@@@std@@QEAAPEAV_Node_base@2@PEAV32@@Z 000000018000c5a0 f i cio.obj
 0001:0000b680       ?_Match_pat@?$_Matcher@V?$_String_const_iterator@V?$_String_val@U?$_Simple_types@D@std@@@std@@@std@@DV?$regex_traits@D@2@V12@@std@@AEAA_NPEAV_Node_base@2@@Z 000000018000c680 f i cio.obj
 0001:0000bca0       ??4?$_Tgt_state_t@V?$_String_const_iterator@V?$_String_val@U?$_Simple_types@D@std@@@std@@@std@@@std@@QEAAAEAV01@AEBV01@@Z 000000018000cca0 f i cio.obj
 0001:0000bcf0       ??4?$vector@U_Grp_t@?$_Tgt_state_t@V?$_String_const_iterator@V?$_String_val@U?$_Simple_types@D@std@@@std@@@std@@@std@@V?$allocator@U_Grp_t@?$_Tgt_state_t@V?$_String_const_iterator@V?$_String_val@U?$_Simple_types@D@std@@@std@@@std@@@std@@@3@@std@@QEAAAEAV01@AEBV01@@Z 000000018000ccf0 f i cio.obj
 0001:0000be50       ?_Buy@?$vector@U_Grp_t@?$_Tgt_state_t@V?$_String_const_iterator@V?$_String_val@U?$_Simple_types@D@std@@@std@@@std@@@std@@V?$allocator@U_Grp_t@?$_Tgt_state_t@V?$_String_const_iterator@V?$_String_val@U?$_Simple_types@D@std@@@std@@@std@@@std@@@3@@std@@IEAA_N_K@Z 000000018000ce50 f i cio.obj
 0001:0000bec0       ??4?$vector@IV?$allocator@_N@std@@@std@@QEAAAEAV01@AEBV01@@Z 000000018000cec0 f i cio.obj
 0001:0000c010       ??0?$vector@IV?$allocator@_N@std@@@std@@QEAA@AEBV01@@Z 000000018000d010 f i cio.obj
 0001:0000c0c0       ?_Expect@?$_Parser@PEBDDV?$regex_traits@D@std@@@std@@AEAAXW4_Meta_type@2@W4error_type@regex_constants@2@@Z 000000018000d0c0 f i cio.obj
 0001:0000c120       ?_CharacterClass@?$_Parser@PEBDDV?$regex_traits@D@std@@@std@@AEAAXXZ 000000018000d120 f i cio.obj
 0001:0000c220       ?_AtomEscape@?$_Parser@PEBDDV?$regex_traits@D@std@@@std@@AEAAXXZ 000000018000d220 f i cio.obj
 0001:0000c310       ?_Wrapped_disjunction@?$_Parser@PEBDDV?$regex_traits@D@std@@@std@@AEAA_NXZ 000000018000d310 f i cio.obj
 0001:0000c470       ?_Quantifier@?$_Parser@PEBDDV?$regex_traits@D@std@@@std@@AEAAXXZ 000000018000d470 f i cio.obj
 0001:0000c600       ?_Add_wbound@?$_Builder@PEBDDV?$regex_traits@D@std@@@std@@QEAAXXZ 000000018000d600 f i cio.obj
 0001:0000c670       ?_Add_char@?$_Builder@PEBDDV?$regex_traits@D@std@@@std@@QEAAXD@Z 000000018000d670 f i cio.obj
 0001:0000c720       ?_Do_if@?$_Matcher@V?$_String_const_iterator@V?$_String_val@U?$_Simple_types@D@std@@@std@@@std@@DV?$regex_traits@D@2@V12@@std@@AEAA_NPEAV_Node_if@2@@Z 000000018000d720 f i cio.obj
 0001:0000c910       ?_Do_rep@?$_Matcher@V?$_String_const_iterator@V?$_String_val@U?$_Simple_types@D@std@@@std@@@std@@DV?$regex_traits@D@2@V12@@std@@AEAA_NPEAV_Node_rep@2@_NH@Z 000000018000d910 f i cio.obj
 0001:0000ccb0       ?_Do_class@?$_Matcher@V?$_String_const_iterator@V?$_String_val@U?$_Simple_types@D@std@@@std@@@std@@DV?$regex_traits@D@2@V12@@std@@AEAA_NPEAV_Node_base@2@@Z 000000018000dcb0 f i cio.obj
 0001:0000cf10       ?_Better_match@?$_Matcher@V?$_String_const_iterator@V?$_String_val@U?$_Simple_types@D@std@@@std@@@std@@DV?$regex_traits@D@2@V12@@std@@AEAA_NXZ 000000018000df10 f i cio.obj
 0001:0000d030       ??$_Compare@V?$_String_const_iterator@V?$_String_val@U?$_Simple_types@D@std@@@std@@@std@@PEBDV?$regex_traits@D@2@@std@@YA?AV?$_String_const_iterator@V?$_String_val@U?$_Simple_types@D@std@@@std@@@0@V10@0PEBD1AEBV?$regex_traits@D@0@W4syntax_option_type@regex_constants@0@@Z 000000018000e030 f i cio.obj
 0001:0000d180       ??$_Compare@V?$_String_const_iterator@V?$_String_val@U?$_Simple_types@D@std@@@std@@@std@@V12@V?$regex_traits@D@2@@std@@YA?AV?$_String_const_iterator@V?$_String_val@U?$_Simple_types@D@std@@@std@@@0@V10@000AEBV?$regex_traits@D@0@W4syntax_option_type@regex_constants@0@@Z 000000018000e180 f i cio.obj
 0001:0000d2c0       ??0?$vector@U_Grp_t@?$_Tgt_state_t@V?$_String_const_iterator@V?$_String_val@U?$_Simple_types@D@std@@@std@@@std@@@std@@V?$allocator@U_Grp_t@?$_Tgt_state_t@V?$_String_const_iterator@V?$_String_val@U?$_Simple_types@D@std@@@std@@@std@@@std@@@3@@std@@QEAA@AEBV01@@Z 000000018000e2c0 f i cio.obj
 0001:0000d370       ??1?$_Node_class@DV?$regex_traits@D@std@@@std@@UEAA@XZ 000000018000e370 f i cio.obj
 0001:0000d460       ?isctype@?$_Regex_traits@D@std@@QEBA_NDF@Z 000000018000e460 f i cio.obj
 0001:0000d4e0       ?translate_nocase@?$_Regex_traits@D@std@@QEBADD@Z 000000018000e4e0 f i cio.obj
 0001:0000d580       ?translate@?$_Regex_traits@D@std@@QEBADD@Z 000000018000e580 f i cio.obj
 0001:0000d6a0       ??_G?$_Node_class@DV?$regex_traits@D@std@@@std@@UEAAPEAXI@Z 000000018000e6a0 f i cio.obj
 0001:0000d6a0       ??_E?$_Node_class@DV?$regex_traits@D@std@@@std@@UEAAPEAXI@Z 000000018000e6a0 f i * CIL library *:* CIL module *
 0001:0000d6e0       ?do_hash@?$collate@D@std@@MEBAJPEBD0@Z 000000018000e6e0 f i cio.obj
 0001:0000d720       ?do_transform@?$collate@D@std@@MEBA?AV?$basic_string@DU?$char_traits@D@std@@V?$allocator@D@2@@2@PEBD0@Z 000000018000e720 f i cio.obj
 0001:0000d840       ?do_compare@?$collate@D@std@@MEBAHPEBD000@Z 000000018000e840 f i cio.obj
 0001:0000d890       ?_Getctype@?$_Regex_traits@D@std@@QEBAPEBV?$ctype@D@2@XZ 000000018000e890 f i cio.obj
 0001:0000d900       ??_E?$collate@D@std@@MEAAPEAXI@Z 000000018000e900 f i * CIL library *:* CIL module *
 0001:0000d900       ??_G?$collate@D@std@@MEAAPEAXI@Z 000000018000e900 f i cio.obj
 0001:0000d950       ?_DecimalDigits@?$_Parser@PEBDDV?$regex_traits@D@std@@@std@@AEAA_NXZ 000000018000e950 f i cio.obj
 0001:0000da00       ?_CharacterClassEscape@?$_Parser@PEBDDV?$regex_traits@D@std@@@std@@AEAA_N_N@Z 000000018000ea00 f i cio.obj
 0001:0000daf0       ?_ClassRanges@?$_Parser@PEBDDV?$regex_traits@D@std@@@std@@AEAAXXZ 000000018000eaf0 f i cio.obj
 0001:0000dcb0       ?_CharacterEscape@?$_Parser@PEBDDV?$regex_traits@D@std@@@std@@AEAA_NXZ 000000018000ecb0 f i cio.obj
 0001:0000e040       ?_Do_capture_group@?$_Parser@PEBDDV?$regex_traits@D@std@@@std@@AEAAXXZ 000000018000f040 f i cio.obj
 0001:0000e0c0       ?_Do_noncapture_group@?$_Parser@PEBDDV?$regex_traits@D@std@@@std@@AEAAXXZ 000000018000f0c0 f i cio.obj
 0001:0000e150       ?_Do_assert_group@?$_Parser@PEBDDV?$regex_traits@D@std@@@std@@AEAAX_N@Z 000000018000f150 f i cio.obj
 0001:0000e1a0       ?_Add_class@?$_Builder@PEBDDV?$regex_traits@D@std@@@std@@QEAAXXZ 000000018000f1a0 f i cio.obj
 0001:0000e230       ?_Add_backreference@?$_Builder@PEBDDV?$regex_traits@D@std@@@std@@QEAAXI@Z 000000018000f230 f i cio.obj
 0001:0000e2b0       ?_Add_rep@?$_Builder@PEBDDV?$regex_traits@D@std@@@std@@QEAAXHH_N@Z 000000018000f2b0 f i cio.obj
 0001:0000e410       ?_Add_str_node@?$_Builder@PEBDDV?$regex_traits@D@std@@@std@@AEAAXXZ 000000018000f410 f i cio.obj
 0001:0000e490       ?_Do_rep0@?$_Matcher@V?$_String_const_iterator@V?$_String_val@U?$_Simple_types@D@std@@@std@@@std@@DV?$regex_traits@D@2@V12@@std@@AEAA_NPEAV_Node_rep@2@_N@Z 000000018000f490 f i cio.obj
 0001:0000e900       ??$_Lookup_equiv@DV?$regex_traits@D@std@@@std@@YA_NEPEBU?$_Sequence@D@0@AEBV?$regex_traits@D@0@@Z 000000018000f900 f i cio.obj
 0001:0000ee20       ??$_Cmp_chrange@V?$_String_const_iterator@V?$_String_val@U?$_Simple_types@D@std@@@std@@@std@@PEBDU?$_Cmp_icase@V?$regex_traits@D@std@@@2@@std@@YA?AV?$_String_const_iterator@V?$_String_val@U?$_Simple_types@D@std@@@std@@@0@V10@0PEBD1U?$_Cmp_icase@V?$regex_traits@D@std@@@0@@Z 000000018000fe20 f i cio.obj
 0001:0000efb0       ??$_Cmp_chrange@V?$_String_const_iterator@V?$_String_val@U?$_Simple_types@D@std@@@std@@@std@@V12@U?$_Cmp_icase@V?$regex_traits@D@std@@@2@@std@@YA?AV?$_String_const_iterator@V?$_String_val@U?$_Simple_types@D@std@@@std@@@0@V10@000U?$_Cmp_icase@V?$regex_traits@D@std@@@0@@Z 000000018000ffb0 f i cio.obj
 0001:0000f130       ??$use_facet@V?$collate@D@std@@@std@@YAAEBV?$collate@D@0@AEBVlocale@0@@Z 0000000180010130 f i cio.obj
 0001:0000f260       ?_Getcat@?$collate@D@std@@SA_KPEAPEBVfacet@locale@2@PEBV42@@Z 0000000180010260 f i cio.obj
 0001:0000f350       ??_E?$_Node_str@D@std@@UEAAPEAXI@Z 0000000180010350 f i * CIL library *:* CIL module *
 0001:0000f350       ??_G?$_Node_str@D@std@@UEAAPEAXI@Z 0000000180010350 f i cio.obj
 0001:0000f3a0       ?_OctalDigits@?$_Parser@PEBDDV?$regex_traits@D@std@@@std@@AEAA_NXZ 00000001800103a0 f i cio.obj
 0001:0000f450       ?_ClassAtom@?$_Parser@PEBDDV?$regex_traits@D@std@@@std@@AEAA?AW4_Prs_ret@2@XZ 0000000180010450 f i cio.obj
 0001:0000f680       ?_IdentityEscape@?$_Parser@PEBDDV?$regex_traits@D@std@@@std@@AEAA_NXZ 0000000180010680 f i cio.obj
 0001:0000f7a0       ?_Do_ffn@?$_Parser@PEBDDV?$regex_traits@D@std@@@std@@AEAA_ND@Z 00000001800107a0 f i cio.obj
 0001:0000f800       ?_Add_range@?$_Builder@PEBDDV?$regex_traits@D@std@@@std@@QEAAXDD@Z 0000000180010800 f i cio.obj
 0001:0000fa80       ?_Begin_assert_group@?$_Builder@PEBDDV?$regex_traits@D@std@@@std@@QEAAPEAV_Node_base@2@_N@Z 0000000180010a80 f i cio.obj
 0001:0000fb50       ?_Add_char_to_bitmap@?$_Builder@PEBDDV?$regex_traits@D@std@@@std@@AEAAXD@Z 0000000180010b50 f i cio.obj
 0001:0000fbd0       ?_Add_char_to_array@?$_Builder@PEBDDV?$regex_traits@D@std@@@std@@AEAAXD@Z 0000000180010bd0 f i cio.obj
 0001:0000fc70       ??$lookup_classname@PEBD@?$_Regex_traits@D@std@@QEBAFPEBD0_N@Z 0000000180010c70 f i cio.obj
 0001:0000ffd0       ??$transform_primary@V?$_String_iterator@V?$_String_val@U?$_Simple_types@D@std@@@std@@@std@@@?$_Regex_traits@D@std@@QEBA?AV?$basic_string@DU?$char_traits@D@std@@V?$allocator@D@2@@1@V?$_String_iterator@V?$_String_val@U?$_Simple_types@D@std@@@std@@@1@0@Z 0000000180010fd0 f i cio.obj
 0001:000102a0       ?_Do_ex_class@?$_Parser@PEBDDV?$regex_traits@D@std@@@std@@AEAAXW4_Meta_type@2@@Z 00000001800112a0 f i cio.obj
 0001:000104c0       ?_ClassEscape@?$_Parser@PEBDDV?$regex_traits@D@std@@@std@@AEAA?AW4_Prs_ret@2@_N@Z 00000001800114c0 f i cio.obj
 0001:00010590       ?_Add_elts@?$_Builder@PEBDDV?$regex_traits@D@std@@@std@@AEAAXPEAV?$_Node_class@DV?$regex_traits@D@std@@@2@F_N@Z 0000000180011590 f i cio.obj
 0001:00010710       ?_Add_equiv@?$_Builder@PEBDDV?$regex_traits@D@std@@@std@@QEAAXPEBD0_J@Z 0000000180011710 f i cio.obj
 0001:00010960       ?_Char_to_elts@?$_Builder@PEBDDV?$regex_traits@D@std@@@std@@AEAAXPEBD0_JPEAPEAU?$_Sequence@D@2@@Z 0000000180011960 f i cio.obj
 0001:00010a00       ??$transform_primary@PEAD@?$_Regex_traits@D@std@@QEBA?AV?$basic_string@DU?$char_traits@D@std@@V?$allocator@D@2@@1@PEAD0@Z 0000000180011a00 f i cio.obj
 0001:00010a00       ??$transform_primary@PEBD@?$_Regex_traits@D@std@@QEBA?AV?$basic_string@DU?$char_traits@D@std@@V?$allocator@D@2@@1@PEBD0@Z 0000000180011a00 f i cio.obj
 0001:00010ce0       ??$_Equal@PEBDPEBDU?$_Cmp_icase@V?$_Regex_traits@D@std@@@std@@@std@@YA_NPEBD00U?$_Cmp_icase@V?$_Regex_traits@D@std@@@0@@Z 0000000180011ce0 f i cio.obj
 0001:00010e40       ??$_Insert@PEBD@?$_Buf@D@std@@QEAAXPEBD0@Z 0000000180011e40 f i cio.obj
 0001:00010f1c       __imp_load_?GetCurrent@Isolate@v8@@SAPEAV12@XZ 0000000180011f1c f   node:node.exe
 0001:00010f28       __tailMerge_node_exe       0000000180011f28 f i node:node.exe
 0001:00010fa1       __imp_load_??1HandleScope@v8@@QEAA@XZ 0000000180011fa1 f   node:node.exe
 0001:00010fad       __imp_load_??0HandleScope@v8@@QEAA@PEAVIsolate@1@@Z 0000000180011fad f   node:node.exe
 0001:00010fb9       __imp_load_?New@Array@v8@@SA?AV?$Local@VArray@v8@@@2@PEAVIsolate@2@H@Z 0000000180011fb9 f   node:node.exe
 0001:00010fc5       __imp_load_?GetFunction@FunctionTemplate@v8@@QEAA?AV?$Local@VFunction@v8@@@2@XZ 0000000180011fc5 f   node:node.exe
 0001:00010fd1       __imp_load_?New@FunctionTemplate@v8@@SA?AV?$Local@VFunctionTemplate@v8@@@2@PEAVIsolate@2@P6AXAEBV?$FunctionCallbackInfo@VValue@v8@@@2@@ZV?$Local@VValue@v8@@@2@V?$Local@VSignature@v8@@@2@H@Z 0000000180011fd1 f   node:node.exe
 0001:00010fdd       __imp_load_?NumberValue@Value@v8@@QEBANXZ 0000000180011fdd f   node:node.exe
 0001:00010fe9       __imp_load_?BooleanValue@Value@v8@@QEBA_NXZ 0000000180011fe9 f   node:node.exe
 0001:00010ff5       __imp_load_??1Utf8Value@String@v8@@QEAA@XZ 0000000180011ff5 f   node:node.exe
 0001:00011001       __imp_load_??0Utf8Value@String@v8@@QEAA@V?$Local@VValue@v8@@@2@@Z 0000000180012001 f   node:node.exe
 0001:0001100d       __imp_load_?NewFromUtf8@String@v8@@SA?AV?$Local@VString@v8@@@2@PEAVIsolate@2@PEBDW4NewStringType@12@H@Z 000000018001200d f   node:node.exe
 0001:00011019       __imp_load_?New@Number@v8@@SA?AV?$Local@VNumber@v8@@@2@PEAVIsolate@2@N@Z 0000000180012019 f   node:node.exe
 0001:00011025       __imp_load_?Set@Object@v8@@QEAA_NV?$Local@VValue@v8@@@2@0@Z 0000000180012025 f   node:node.exe
 0001:00011031       __imp_load_?Set@Object@v8@@QEAA_NIV?$Local@VValue@v8@@@2@@Z 0000000180012031 f   node:node.exe
 0001:0001103d       __imp_load_?SetName@Function@v8@@QEAAXV?$Local@VString@v8@@@2@@Z 000000018001203d f   node:node.exe
 0001:00011049       __imp_load_node_module_register 0000000180012049 f   node:node.exe
 0001:00011058       _Stollx                    0000000180012058 f   libcpmt:xstoll.obj
 0001:0001114c       _Stolx                     000000018001214c f   libcpmt:xstol.obj
 0001:0001122c       _Strxfrm                   000000018001222c f   libcpmt:xstrxfrm.obj
 0001:0001132c       _Stoulx                    000000018001232c f   libcpmt:xstoul.obj
 0001:000114fc       _Stofx                     00000001800124fc f   libcpmt:xstof.obj
 0001:00011740       ??0_Init_locks@std@@QEAA@XZ 0000000180012740 f   libcpmt:xlock.obj
 0001:0001178c       ??0_Lockit@std@@QEAA@H@Z   000000018001278c f   libcpmt:xlock.obj
 0001:000117c8       ??1_Init_locks@std@@QEAA@XZ 00000001800127c8 f   libcpmt:xlock.obj
 0001:0001180c       ??1_Lockit@std@@QEAA@XZ    000000018001280c f   libcpmt:xlock.obj
 0001:00011840       ??$use_facet@V?$codecvt@DDU_Mbstatet@@@std@@@std@@YAAEBV?$codecvt@DDU_Mbstatet@@@0@AEBVlocale@0@@Z 0000000180012840 f i libcpmt:cout.obj
 0001:00011978       ??0?$basic_ostream@DU?$char_traits@D@std@@@std@@QEAA@PEAV?$basic_streambuf@DU?$char_traits@D@std@@@1@_N@Z 0000000180012978 f i libcpmt:cout.obj
 0001:00011a40       ??0?$basic_streambuf@DU?$char_traits@D@std@@@std@@IEAA@XZ 0000000180012a40 f i libcpmt:cout.obj
 0001:00011af0       ??0_Init_cout@std@@QEAA@XZ 0000000180012af0 f i libcpmt:cout.obj
 0001:00011b5c       ??0bad_cast@std@@QEAA@AEBV01@@Z 0000000180012b5c f i libcpmt:cout.obj
 0001:00011b9c       ??0bad_cast@std@@QEAA@XZ   0000000180012b9c f i libcpmt:cout.obj
 0001:00011bbc       ??0exception@std@@QEAA@AEBV01@@Z 0000000180012bbc f i libcpmt:cout.obj
 0001:00011bf4       ??0runtime_error@std@@QEAA@AEBV01@@Z 0000000180012bf4 f i libcpmt:cout.obj
 0001:00011c34       ??1?$basic_filebuf@DU?$char_traits@D@std@@@std@@UEAA@XZ 0000000180012c34 f i libcpmt:cout.obj
 0001:00011ce0       ??1?$basic_ios@DU?$char_traits@D@std@@@std@@UEAA@XZ 0000000180012ce0 f i libcpmt:cout.obj
 0001:00011d04       ??_E?$basic_ostream@DU?$char_traits@D@std@@@std@@$4PPPPPPPM@A@EAAPEAXI@Z 0000000180012d04 f i libcpmt:cout.obj
 0001:00011d10       ??_G?$basic_filebuf@DU?$char_traits@D@std@@@std@@UEAAPEAXI@Z 0000000180012d10 f i libcpmt:cout.obj
 0001:00011d10       ??_E?$basic_filebuf@DU?$char_traits@D@std@@@std@@UEAAPEAXI@Z 0000000180012d10 f i libcpmt:cout.obj
 0001:00011d44       ??_E?$basic_ios@DU?$char_traits@D@std@@@std@@UEAAPEAXI@Z 0000000180012d44 f i libcpmt:cout.obj
 0001:00011d44       ??_G?$basic_ios@DU?$char_traits@D@std@@@std@@UEAAPEAXI@Z 0000000180012d44 f i libcpmt:cout.obj
 0001:00011d90       ??_E?$basic_ostream@DU?$char_traits@D@std@@@std@@UEAAPEAXI@Z 0000000180012d90 f i libcpmt:cout.obj
 0001:00011d90       ??_G?$basic_ostream@DU?$char_traits@D@std@@@std@@UEAAPEAXI@Z 0000000180012d90 f i libcpmt:cout.obj
 0001:00011e04       ??_G?$basic_streambuf@DU?$char_traits@D@std@@@std@@UEAAPEAXI@Z 0000000180012e04 f i libcpmt:cout.obj
 0001:00011e04       ??_E?$basic_streambuf@DU?$char_traits@D@std@@@std@@UEAAPEAXI@Z 0000000180012e04 f i libcpmt:cout.obj
 0001:00011e54       ??_Eios_base@std@@UEAAPEAXI@Z 0000000180012e54 f i libcpmt:cout.obj
 0001:00011e54       ??_Gios_base@std@@UEAAPEAXI@Z 0000000180012e54 f i libcpmt:cout.obj
 0001:00011ea0       ??_Glocale@std@@QEAAPEAXI@Z 0000000180012ea0 f i libcpmt:cout.obj
 0001:00011f30       ?_Endwrite@?$basic_filebuf@DU?$char_traits@D@std@@@std@@IEAA_NXZ 0000000180012f30 f i libcpmt:cout.obj
 0001:000120e4       ?_Getcat@?$codecvt@DDU_Mbstatet@@@std@@SA_KPEAPEBVfacet@locale@2@PEBV42@@Z 00000001800130e4 f i libcpmt:cout.obj
 0001:000121a8       ?_Init@?$basic_filebuf@DU?$char_traits@D@std@@@std@@IEAAXPEAU_iobuf@@W4_Initfl@12@@Z 00000001800131a8 f i libcpmt:cout.obj
 0001:00012294       ?_Init@ios_base@std@@IEAAXXZ 0000000180013294 f i libcpmt:cout.obj
 0001:00012314       ?_Initcvt@?$basic_filebuf@DU?$char_traits@D@std@@@std@@IEAAXPEBV?$codecvt@DDU_Mbstatet@@@2@@Z 0000000180013314 f i libcpmt:cout.obj
 0001:000123b4       ?_Lock@?$basic_filebuf@DU?$char_traits@D@std@@@std@@UEAAXXZ 00000001800133b4 f i libcpmt:cout.obj
 0001:000123d0       ?_Unlock@?$basic_filebuf@DU?$char_traits@D@std@@@std@@UEAAXXZ 00000001800133d0 f i libcpmt:cout.obj
 0001:000123ec       ?do_encoding@codecvt_base@std@@MEBAHXZ 00000001800133ec f i libcpmt:cout.obj
 0001:000123ec       ?do_max_length@codecvt_base@std@@MEBAHXZ 00000001800133ec f i libcpmt:cout.obj
 0001:000123ec       DllMain                    00000001800133ec f i LIBCMT:dll_dllmain_stub.obj
 0001:000123f4       ?do_length@?$codecvt@DDU_Mbstatet@@@std@@MEBAHAEAU_Mbstatet@@PEBD1_K@Z 00000001800133f4 f i libcpmt:cout.obj
 0001:00012408       ?do_out@?$codecvt@DDU_Mbstatet@@@std@@MEBAHAEAU_Mbstatet@@PEBD1AEAPEBDPEAD3AEAPEAD@Z 0000000180013408 f i libcpmt:cout.obj
 0001:00012408       ?do_in@?$codecvt@DDU_Mbstatet@@@std@@MEBAHAEAU_Mbstatet@@PEBD1AEAPEBDPEAD3AEAPEAD@Z 0000000180013408 f i libcpmt:cout.obj
 0001:00012424       ?do_unshift@?$codecvt@DDU_Mbstatet@@@std@@MEBAHAEAU_Mbstatet@@PEAD1AEAPEAD@Z 0000000180013424 f i libcpmt:cout.obj
 0001:00012430       ?imbue@?$basic_filebuf@DU?$char_traits@D@std@@@std@@MEAAXAEBVlocale@2@@Z 0000000180013430 f i libcpmt:cout.obj
 0001:00012454       ?overflow@?$basic_filebuf@DU?$char_traits@D@std@@@std@@MEAAHH@Z 0000000180013454 f i libcpmt:cout.obj
 0001:000126b4       ?pbackfail@?$basic_filebuf@DU?$char_traits@D@std@@@std@@MEAAHH@Z 00000001800136b4 f i libcpmt:cout.obj
 0001:00012784       ?overflow@?$basic_streambuf@DU?$char_traits@D@std@@@std@@MEAAHH@Z 0000000180013784 f i libcpmt:cout.obj
 0001:00012784       ?pbackfail@?$basic_streambuf@DU?$char_traits@D@std@@@std@@MEAAHH@Z 0000000180013784 f i libcpmt:cout.obj
 0001:00012784       ?underflow@?$basic_streambuf@DU?$char_traits@D@std@@@std@@MEAAHXZ 0000000180013784 f i libcpmt:cout.obj
 0001:00012788       ?seekoff@?$basic_filebuf@DU?$char_traits@D@std@@@std@@MEAA?AV?$fpos@U_Mbstatet@@@2@_JHH@Z 0000000180013788 f i libcpmt:cout.obj
 0001:00012874       ?seekpos@?$basic_filebuf@DU?$char_traits@D@std@@@std@@MEAA?AV?$fpos@U_Mbstatet@@@2@V32@H@Z 0000000180013874 f i libcpmt:cout.obj
 0001:00012974       ?seekpos@?$basic_streambuf@DU?$char_traits@D@std@@@std@@MEAA?AV?$fpos@U_Mbstatet@@@2@V32@H@Z 0000000180013974 f i libcpmt:cout.obj
 0001:00012974       ?seekoff@?$basic_streambuf@DU?$char_traits@D@std@@@std@@MEAA?AV?$fpos@U_Mbstatet@@@2@_JHH@Z 0000000180013974 f i libcpmt:cout.obj
 0001:00012990       ?setbuf@?$basic_filebuf@DU?$char_traits@D@std@@@std@@MEAAPEAV?$basic_streambuf@DU?$char_traits@D@std@@@2@PEAD_J@Z 0000000180013990 f i libcpmt:cout.obj
 0001:000129e4       ?setbuf@?$basic_streambuf@DU?$char_traits@D@std@@@std@@MEAAPEAV12@PEAD_J@Z 00000001800139e4 f i libcpmt:cout.obj
 0001:000129e8       ?sync@?$basic_streambuf@DU?$char_traits@D@std@@@std@@MEAAHXZ 00000001800139e8 f i libcpmt:cout.obj
 0001:000129e8       ?showmanyc@?$basic_streambuf@DU?$char_traits@D@std@@@std@@MEAA_JXZ 00000001800139e8 f i libcpmt:cout.obj
 0001:000129ec       ?sync@?$basic_filebuf@DU?$char_traits@D@std@@@std@@MEAAHXZ 00000001800139ec f i libcpmt:cout.obj
 0001:00012a4c       ?uflow@?$basic_filebuf@DU?$char_traits@D@std@@@std@@MEAAHXZ 0000000180013a4c f i libcpmt:cout.obj
 0001:00012cd4       ?uflow@?$basic_streambuf@DU?$char_traits@D@std@@@std@@MEAAHXZ 0000000180013cd4 f i libcpmt:cout.obj
 0001:00012d20       ?underflow@?$basic_filebuf@DU?$char_traits@D@std@@@std@@MEAAHXZ 0000000180013d20 f i libcpmt:cout.obj
 0001:00012d98       ?what@exception@std@@UEBAPEBDXZ 0000000180013d98 f i libcpmt:cout.obj
 0001:00012dac       ?xsgetn@?$basic_streambuf@DU?$char_traits@D@std@@@std@@MEAA_JPEAD_J@Z 0000000180013dac f i libcpmt:cout.obj
 0001:00012e6c       ?xsputn@?$basic_streambuf@DU?$char_traits@D@std@@@std@@MEAA_JPEBD_J@Z 0000000180013e6c f i libcpmt:cout.obj
 0001:00012f30       ??4?$_Yarn@D@std@@QEAAAEAV01@PEBD@Z 0000000180013f30 f i libcpmt:locale0.obj
 0001:00012fa8       ??_G_Fac_node@std@@QEAAPEAXI@Z 0000000180013fa8 f i libcpmt:locale0.obj
 0001:00013034       ??_E_Locimp@locale@std@@MEAAPEAXI@Z 0000000180014034 f i libcpmt:locale0.obj
 0001:00013034       ??_G_Locimp@locale@std@@MEAAPEAXI@Z 0000000180014034 f i libcpmt:locale0.obj
 0001:000130a0       ?_Facet_Register@std@@YAXPEAV_Facet_base@1@@Z 00000001800140a0 f   libcpmt:locale0.obj
 0001:000130d8       ?_Getgloballocale@locale@std@@CAPEAV_Locimp@12@XZ 00000001800140d8 f   libcpmt:locale0.obj
 0001:000130e0       ?_Init@locale@std@@CAPEAV_Locimp@12@_N@Z 00000001800140e0 f   libcpmt:locale0.obj
 0001:0001319c       ?_Locimp_dtor@_Locimp@locale@std@@CAXPEAV123@@Z 000000018001419c f   libcpmt:locale0.obj
 0001:00013244       ?_Locinfo_ctor@_Locinfo@std@@SAXPEAV12@PEBD@Z 0000000180014244 f   libcpmt:locale0.obj
 0001:000132b0       ?_Locinfo_dtor@_Locinfo@std@@SAXPEAV12@@Z 00000001800142b0 f   libcpmt:locale0.obj
 0001:000132d4       ?_New_Locimp@_Locimp@locale@std@@CAPEAV123@_N@Z 00000001800142d4 f   libcpmt:locale0.obj
 0001:00013344       ?_Setgloballocale@locale@std@@CAXPEAX@Z 0000000180014344 f   libcpmt:locale0.obj
 0001:00013378       _Deletegloballocale        0000000180014378 f   libcpmt:locale0.obj
 0001:00013400       ??0?$basic_istream@DU?$char_traits@D@std@@@std@@QEAA@PEAV?$basic_streambuf@DU?$char_traits@D@std@@@1@_N@Z 0000000180014400 f i libcpmt:cin.obj
 0001:000134cc       ??_E?$basic_istream@DU?$char_traits@D@std@@@std@@$4PPPPPPPM@A@EAAPEAXI@Z 00000001800144cc f i libcpmt:cin.obj
 0001:000134d8       ??_E?$basic_istream@DU?$char_traits@D@std@@@std@@UEAAPEAXI@Z 00000001800144d8 f i libcpmt:cin.obj
 0001:000134d8       ??_G?$basic_istream@DU?$char_traits@D@std@@@std@@UEAAPEAXI@Z 00000001800144d8 f i libcpmt:cin.obj
 0001:0001354c       ??0bad_alloc@std@@QEAA@AEBV01@@Z 000000018001454c f i libcpmt:xthrow.obj
 0001:0001358c       ??0bad_alloc@std@@QEAA@XZ  000000018001458c f i libcpmt:xthrow.obj
 0001:000135ac       ??0length_error@std@@QEAA@AEBV01@@Z 00000001800145ac f i libcpmt:xthrow.obj
 0001:000135ec       ??0length_error@std@@QEAA@PEBD@Z 00000001800145ec f i libcpmt:xthrow.obj
 0001:00013638       ??0logic_error@std@@QEAA@AEBV01@@Z 0000000180014638 f i libcpmt:xthrow.obj
 0001:00013678       ??0out_of_range@std@@QEAA@AEBV01@@Z 0000000180014678 f i libcpmt:xthrow.obj
 0001:000136b8       ??0out_of_range@std@@QEAA@PEBD@Z 00000001800146b8 f i libcpmt:xthrow.obj
 0001:00013704       ??0regex_error@std@@QEAA@AEBV01@@Z 0000000180014704 f i libcpmt:xthrow.obj
 0001:00013754       ??0regex_error@std@@QEAA@W4error_type@regex_constants@1@@Z 0000000180014754 f i libcpmt:xthrow.obj
 0001:000137bc       ??1bad_exception@std@@UEAA@XZ 00000001800147bc f i libvcruntime:frame.obj
 0001:000137bc       ??1out_of_range@std@@UEAA@XZ 00000001800147bc f i libcpmt:xthrow.obj
 0001:000137bc       ??1bad_alloc@std@@UEAA@XZ  00000001800147bc f i libcpmt:xthrow.obj
 0001:000137bc       ??1regex_error@std@@UEAA@XZ 00000001800147bc f i libcpmt:xthrow.obj
 0001:000137bc       ??1bad_array_new_length@std@@UEAA@XZ 00000001800147bc f i LIBCMT:throw_bad_alloc.obj
 0001:000137bc       ??1bad_cast@std@@UEAA@XZ   00000001800147bc f i libcpmt:cout.obj
 0001:000137bc       ??1length_error@std@@UEAA@XZ 00000001800147bc f i libcpmt:xthrow.obj
 0001:000137d0       ??_Elength_error@std@@UEAAPEAXI@Z 00000001800147d0 f i libcpmt:xthrow.obj
 0001:000137d0       ??_Gexception@std@@UEAAPEAXI@Z 00000001800147d0 f i libcpmt:cout.obj
 0001:000137d0       ??_Ebad_alloc@std@@UEAAPEAXI@Z 00000001800147d0 f i libcpmt:xthrow.obj
 0001:000137d0       ??_Gout_of_range@std@@UEAAPEAXI@Z 00000001800147d0 f i libcpmt:xthrow.obj
 0001:000137d0       ??_Gbad_array_new_length@std@@UEAAPEAXI@Z 00000001800147d0 f i LIBCMT:throw_bad_alloc.obj
 0001:000137d0       ??_Gbad_cast@std@@UEAAPEAXI@Z 00000001800147d0 f i libcpmt:cout.obj
 0001:000137d0       ??_Eout_of_range@std@@UEAAPEAXI@Z 00000001800147d0 f i libcpmt:xthrow.obj
 0001:000137d0       ??_Glength_error@std@@UEAAPEAXI@Z 00000001800147d0 f i libcpmt:xthrow.obj
 0001:000137d0       ??_Ebad_cast@std@@UEAAPEAXI@Z 00000001800147d0 f i libcpmt:cout.obj
 0001:000137d0       ??_Eexception@std@@UEAAPEAXI@Z 00000001800147d0 f i libcpmt:cout.obj
 0001:000137d0       ??_Glogic_error@std@@UEAAPEAXI@Z 00000001800147d0 f i libcpmt:xthrow.obj
 0001:000137d0       ??_Elogic_error@std@@UEAAPEAXI@Z 00000001800147d0 f i libcpmt:xthrow.obj
 0001:000137d0       ??_Ebad_array_new_length@std@@UEAAPEAXI@Z 00000001800147d0 f i LIBCMT:throw_bad_alloc.obj
 0001:000137d0       ??_Ebad_exception@std@@UEAAPEAXI@Z 00000001800147d0 f i libvcruntime:frame.obj
 0001:000137d0       ??_Gbad_alloc@std@@UEAAPEAXI@Z 00000001800147d0 f i libcpmt:xthrow.obj
 0001:000137d0       ??_Gbad_exception@std@@UEAAPEAXI@Z 00000001800147d0 f i libvcruntime:frame.obj
 0001:00013814       ??_Gregex_error@std@@UEAAPEAXI@Z 0000000180014814 f i libcpmt:xthrow.obj
 0001:00013814       ??_Eregex_error@std@@UEAAPEAXI@Z 0000000180014814 f i libcpmt:xthrow.obj
 0001:00013858       ?_Stringify@regex_error@std@@CAPEBDW4error_type@regex_constants@2@@Z 0000000180014858 f i libcpmt:xthrow.obj
 0001:00013924       ?_Xbad_alloc@std@@YAXXZ    0000000180014924 f   libcpmt:xthrow.obj
 0001:00013924       ?__scrt_throw_std_bad_alloc@@YAXXZ 0000000180014924 f   LIBCMT:throw_bad_alloc.obj
 0001:00013944       ?_Xlength_error@std@@YAXPEBD@Z 0000000180014944 f   libcpmt:xthrow.obj
 0001:00013968       ?_Xout_of_range@std@@YAXPEBD@Z 0000000180014968 f   libcpmt:xthrow.obj
 0001:0001398c       ?_Xregex_error@std@@YAXW4error_type@regex_constants@1@@Z 000000018001498c f   libcpmt:xthrow.obj
 0001:000139b0       ?_Syserror_map@std@@YAPEBDH@Z 00000001800149b0 f   libcpmt:syserror.obj
 0001:000139d8       _Stoullx                   00000001800149d8 f   libcpmt:xstoull.obj
 0001:00013b9c       _Stodx                     0000000180014b9c f   libcpmt:xstod.obj
 0001:00013df0       _Getctype                  0000000180014df0 f   libcpmt:_tolower.obj
 0001:00013eb0       _Tolower                   0000000180014eb0 f   libcpmt:_tolower.obj
 0001:00013fd8       _Getcoll                   0000000180014fd8 f   libcpmt:xstrcoll.obj
 0001:0001400c       _Strcoll                   000000018001500c f   libcpmt:xstrcoll.obj
 0001:000140dc       _Getcvt                    00000001800150dc f   libcpmt:xwctomb.obj
 0001:0001416c       _Stoldx                    000000018001516c f   libcpmt:xstold.obj
 0001:000143c0       _Toupper                   00000001800153c0 f   libcpmt:_toupper.obj
 0001:000144f8       __crtLCMapStringA          00000001800154f8 f   libcpmt:StlLCMapStringA.obj
 0001:000147ec       _Stopfx                    00000001800157ec f   libcpmt:xstopfx.obj
 0001:00014950       _Stoflt                    0000000180015950 f   libcpmt:xstoflt.obj
 0001:00014c00       _Stoxflt                   0000000180015c00 f   libcpmt:xstoxflt.obj
 0001:00014f08       _FDtest                    0000000180015f08 f   libcpmt:xfdtest.obj
 0001:00014f50       _FPmsw                     0000000180015f50 f   libcpmt:xfdtest.obj
 0001:00014f58       _FDscale                   0000000180015f58 f   libcpmt:xfdscale.obj
 0001:00015130       _FXp_addh                  0000000180016130 f   libcpmt:xfprec.obj
 0001:0001549c       _FXp_addx                  000000018001649c f   libcpmt:xfprec.obj
 0001:0001550c       _FXp_getw                  000000018001650c f   libcpmt:xfprec.obj
 0001:0001557c       _FXp_ldexpx                000000018001657c f   libcpmt:xfprec.obj
 0001:000155f4       _FXp_movx                  00000001800165f4 f   libcpmt:xfprec.obj
 0001:00015618       _FXp_mulh                  0000000180016618 f   libcpmt:xfprec.obj
 0001:000157fc       _FXp_mulx                  00000001800167fc f   libcpmt:xfprec.obj
 0001:000158fc       _FXp_setn                  00000001800168fc f   libcpmt:xfprec.obj
 0001:00015980       _FXp_setw                  0000000180016980 f   libcpmt:xfprec.obj
 0001:00015a30       _FDtento                   0000000180016a30 f   libcpmt:xfdtento.obj
 0001:00015ba8       _Mtxdst                    0000000180016ba8 f   libcpmt:xmtx.obj
 0001:00015bb0       _Mtxinit                   0000000180016bb0 f   libcpmt:xmtx.obj
 0001:00015bc0       _Mtxlock                   0000000180016bc0 f   libcpmt:xmtx.obj
 0001:00015bc8       _Mtxunlock                 0000000180016bc8 f   libcpmt:xmtx.obj
 0001:00015bd0       ?_Addstd@ios_base@std@@SAXPEAV12@@Z 0000000180016bd0 f   libcpmt:ios.obj
 0001:00015c40       ?_Ios_base_dtor@ios_base@std@@CAXPEAV12@@Z 0000000180016c40 f   libcpmt:ios.obj
 0001:00015c84       ?_Tidy@ios_base@std@@AEAAXXZ 0000000180016c84 f i libcpmt:ios.obj
 0001:00015d14       ?_Atexit@@YAXP6AXXZ@Z      0000000180016d14 f   libcpmt:iosptrs.obj
 0001:00015d54       __local_stdio_printf_options 0000000180016d54 f i libcpmt:locale.obj
 0001:00015d5c       _Dtest                     0000000180016d5c f   libcpmt:xdtest.obj
 0001:00015dbc       _Pmsw                      0000000180016dbc f   libcpmt:xdtest.obj
 0001:00015dbc       _LPmsw                     0000000180016dbc f   libcpmt:xldtest.obj
 0001:00015dc4       _Dscale                    0000000180016dc4 f   libcpmt:xdscale.obj
 0001:00016048       _Xp_addh                   0000000180017048 f   libcpmt:xprec.obj
 0001:000163c4       _Xp_addx                   00000001800173c4 f   libcpmt:xprec.obj
 0001:00016434       _Xp_mulh                   0000000180017434 f   libcpmt:xprec.obj
 0001:0001661c       _Xp_mulx                   000000018001761c f   libcpmt:xprec.obj
 0001:00016720       _Xp_setn                   0000000180017720 f   libcpmt:xprec.obj
 0001:00016740       _Xp_setw                   0000000180017740 f   libcpmt:xprec.obj
 0001:00016854       _Dtento                    0000000180017854 f   libcpmt:xdtento.obj
 0001:000169d4       __crtCompareStringA        00000001800179d4 f   libcpmt:StlCompareStringA.obj
 0001:00016d3c       _LDtest                    0000000180017d3c f   libcpmt:xldtest.obj
 0001:00016d44       _LDscale                   0000000180017d44 f   libcpmt:xldscale.obj
 0001:00016d4c       _LXp_addh                  0000000180017d4c f   libcpmt:xlprec.obj
 0001:000170c8       _LXp_addx                  00000001800180c8 f   libcpmt:xlprec.obj
 0001:00017138       _Xp_getw                   0000000180018138 f   libcpmt:xprec.obj
 0001:00017138       _LXp_getw                  0000000180018138 f   libcpmt:xlprec.obj
 0001:000171ac       _Xp_ldexpx                 00000001800181ac f   libcpmt:xprec.obj
 0001:000171ac       _LXp_ldexpx                00000001800181ac f   libcpmt:xlprec.obj
 0001:0001721c       _Xp_movx                   000000018001821c f   libcpmt:xprec.obj
 0001:0001721c       _LXp_movx                  000000018001821c f   libcpmt:xlprec.obj
 0001:00017240       _LXp_mulh                  0000000180018240 f   libcpmt:xlprec.obj
 0001:00017428       _LXp_mulx                  0000000180018428 f   libcpmt:xlprec.obj
 0001:0001752c       _LXp_setn                  000000018001852c f   libcpmt:xlprec.obj
 0001:0001754c       _LXp_setw                  000000018001854c f   libcpmt:xlprec.obj
 0001:00017660       _LDtento                   0000000180018660 f   libcpmt:xldtento.obj
 0001:000177e0       GetTableIndexFromLocaleName 00000001800187e0 f   libcpmt:winapinls.obj
 0001:0001786c       __crtCompareStringEx       000000018001886c f   libcpmt:winapinls.obj
 0001:00017928       __crtDownlevelLocaleNameToLCID 0000000180018928 f   libcpmt:winapinls.obj
 0001:0001795c       __crtLCMapStringEx         000000018001895c f   libcpmt:winapinls.obj
 0001:00017a18       __wcsnicmp_ascii           0000000180018a18 f   libcpmt:winapinls.obj
 0001:00017a70       _FDnorm                    0000000180018a70 f   libcpmt:xfdnorm.obj
 0001:00017b5c       _Feraise                   0000000180018b5c f   libcpmt:xferaise.obj
 0001:00017b88       _FDint                     0000000180018b88 f   libcpmt:xfdint.obj
 0001:00017c60       _FDunscale                 0000000180018c60 f   libcpmt:xfdunsca.obj
 0001:000181bc       __crtInitializeCriticalSectionEx 00000001800191bc f   libcpmt:winapisupp.obj
 0001:0001821c       _Dnorm                     000000018001921c f   libcpmt:xdnorm.obj
 0001:000183b8       _Dint                      00000001800193b8 f   libcpmt:xdint.obj
 0001:000184d0       _Dunscale                  00000001800194d0 f   libcpmt:xdunscal.obj
 0001:0001856c       _LDint                     000000018001956c f   libcpmt:xldint.obj
 0001:00018574       _LDunscale                 0000000180019574 f   libcpmt:xldunsca.obj
 0001:00018590       __security_check_cookie    0000000180019590 f   LIBCMT:_amdsecgs_.obj
 0001:000185b4       ??_V@YAXPEAX@Z             00000001800195b4 f   LIBCMT:delete_array.obj
 0001:000185b4       ??3@YAXPEAX_K@Z            00000001800195b4 f   LIBCMT:delete_scalar_size.obj
 0001:00018704       _Init_thread_footer        0000000180019704 f   LIBCMT:thread_safe_statics.obj
 0001:00018764       _Init_thread_header        0000000180019764 f   LIBCMT:thread_safe_statics.obj
 0001:000187cc       _Init_thread_notify        00000001800197cc f   LIBCMT:thread_safe_statics.obj
 0001:00018828       _Init_thread_wait          0000000180019828 f   LIBCMT:thread_safe_statics.obj
 0001:000188c0       ??2@YAPEAX_K@Z             00000001800198c0 f   LIBCMT:new_scalar.obj
 0001:000188fc       __scrt_acquire_startup_lock 00000001800198fc f   LIBCMT:utility.obj
 0001:00018938       __scrt_dllmain_after_initialize_c 0000000180019938 f   LIBCMT:utility.obj
 0001:00018958       __scrt_dllmain_before_initialize_c 0000000180019958 f   LIBCMT:utility.obj
 0001:00018970       __scrt_dllmain_crt_thread_attach 0000000180019970 f   LIBCMT:utility.obj
 0001:00018998       __scrt_dllmain_crt_thread_detach 0000000180019998 f   LIBCMT:utility.obj
 0001:000189b0       __scrt_dllmain_exception_filter 00000001800199b0 f   LIBCMT:utility.obj
 0001:00018a14       __scrt_dllmain_uninitialize_c 0000000180019a14 f   LIBCMT:utility.obj
 0001:00018a44       __scrt_dllmain_uninitialize_critical 0000000180019a44 f   LIBCMT:utility.obj
 0001:00018a58       __scrt_initialize_crt      0000000180019a58 f   LIBCMT:utility.obj
 0001:00018aa4       __scrt_initialize_onexit_tables 0000000180019aa4 f   LIBCMT:utility.obj
 0001:00018b70       __scrt_is_nonwritable_in_current_image 0000000180019b70 f   LIBCMT:utility.obj
 0001:00018c0c       __scrt_release_startup_lock 0000000180019c0c f   LIBCMT:utility.obj
 0001:00018c30       __scrt_uninitialize_crt    0000000180019c30 f   LIBCMT:utility.obj
 0001:00018c5c       _onexit                    0000000180019c5c f   LIBCMT:utility.obj
 0001:00018cac       atexit                     0000000180019cac f   LIBCMT:utility.obj
 0001:00018cc4       ??3@YAXPEAX@Z              0000000180019cc4 f   LIBCMT:delete_scalar.obj
 0001:00019028       _DllMainCRTStartup         000000018001a028 f   LIBCMT:dll_dllmain.obj
 0001:00019068       __GSHandlerCheck           000000018001a068 f   LIBCMT:_gshandler_.obj
 0001:00019088       __GSHandlerCheckCommon     000000018001a088 f   LIBCMT:_gshandler_.obj
 0001:000190e4       __GSHandlerCheck_EH        000000018001a0e4 f   LIBCMT:gshandlereh.obj
 0001:00019174       _guard_check_icall         000000018001a174 f i LIBCMT:checkcfg.obj
 0001:0001917c       ??_Etype_info@@UEAAPEAXI@Z 000000018001a17c f i LIBCMT:std_type_info_static.obj
 0001:0001917c       ??_Gtype_info@@UEAAPEAXI@Z 000000018001a17c f i LIBCMT:std_type_info_static.obj
 0001:000191c0       _alloca_probe              000000018001a1c0 f   LIBCMT:_chkstk_.obj
 0001:000191c0       __chkstk                   000000018001a1c0 f   LIBCMT:_chkstk_.obj
 0001:00019214       __raise_securityfailure    000000018001a214 f   LIBCMT:gs_report.obj
 0001:00019248       __report_gsfailure         000000018001a248 f   LIBCMT:gs_report.obj
 0001:0001931c       __report_rangecheckfailure 000000018001a31c f   LIBCMT:gs_report.obj
 0001:00019330       __report_securityfailure   000000018001a330 f   LIBCMT:gs_report.obj
 0001:000194b0       __crt_debugger_hook        000000018001a4b0 f   LIBCMT:utility_desktop.obj
 0001:000194b8       __scrt_fastfail            000000018001a4b8 f   LIBCMT:utility_desktop.obj
 0001:00019600       ??0bad_array_new_length@std@@QEAA@AEBV01@@Z 000000018001a600 f i LIBCMT:throw_bad_alloc.obj
 0001:00019640       ??0bad_array_new_length@std@@QEAA@XZ 000000018001a640 f i LIBCMT:throw_bad_alloc.obj
 0001:00019660       ?__scrt_throw_std_bad_array_new_length@@YAXXZ 000000018001a660 f   LIBCMT:throw_bad_alloc.obj
 0001:00019680       __isa_available_init       000000018001a680 f   LIBCMT:_cpu_disp_.obj
 0001:00019844       __scrt_is_ucrt_dll_in_use  000000018001a844 f   LIBCMT:ucrt_detection.obj
 0001:00019850       __security_init_cookie     000000018001a850 f   LIBCMT:gs_support.obj
 0001:000198fc       ?__scrt_initialize_type_info@@YAXXZ 000000018001a8fc f   LIBCMT:tncleanup.obj
 0001:0001990c       ?__scrt_uninitialize_type_info@@YAXXZ 000000018001a90c f   LIBCMT:tncleanup.obj
 0001:00019918       __local_stdio_scanf_options 000000018001a918 f i LIBCMT:default_local_stdio_options.obj
 0001:00019920       __scrt_initialize_default_local_stdio_options 000000018001a920 f   LIBCMT:default_local_stdio_options.obj
 0001:0001993c       __scrt_get_dyn_tls_init_callback 000000018001a93c f   LIBCMT:dyn_tls_init.obj
 0001:00019944       _RTC_Initialize            000000018001a944 f   LIBCMT:_initsect_.obj
 0001:00019990       _RTC_Terminate             000000018001a990 f   LIBCMT:_initsect_.obj
 0001:000199f0       memcpy                     000000018001a9f0 f   libvcruntime:memcpy.obj
 0001:000199f0       memmove                    000000018001a9f0 f   libvcruntime:memcpy.obj
 0001:00019e28       _purecall                  000000018001ae28 f   libvcruntime:purevirt.obj
 0001:00019e64       memchr                     000000018001ae64 f   libvcruntime:memchr.obj
 0001:00019e80       strchr                     000000018001ae80 f   libvcruntime:strchr.obj
 0001:00019f0c       __DestructExceptionObject  000000018001af0c f   libvcruntime:frame.obj
 0001:00019f94       ??0bad_exception@std@@QEAA@AEBV01@@Z 000000018001af94 f i libvcruntime:frame.obj
 0001:00019fd4       ??0bad_exception@std@@QEAA@XZ 000000018001afd4 f i libvcruntime:frame.obj
 0001:0001a91c       ?_CallMemberFunction0@@YAXPEAXP6AX0@Z@Z 000000018001b91c f i libvcruntime:frame.obj
 0001:0001a920       ?_CallMemberFunction1@@YAXPEAXP6AX0@Z0@Z 000000018001b920 f i libvcruntime:frame.obj
 0001:0001a92c       ?_CallMemberFunction2@@YAXPEAXP6AX0@Z0H@Z 000000018001b92c f i libvcruntime:frame.obj
 0001:0001a93c       __AdjustPointer            000000018001b93c f   libvcruntime:frame.obj
 0001:0001a960       __BuildCatchObject         000000018001b960 f   libvcruntime:frame.obj
 0001:0001aa28       __BuildCatchObjectHelper   000000018001ba28 f   libvcruntime:frame.obj
 0001:0001ac0c       __CxxCallCatchBlock        000000018001bc0c f   libvcruntime:frame.obj
 0001:0001adf8       __FrameUnwindFilter        000000018001bdf8 f   libvcruntime:frame.obj
 0001:0001ae44       __FrameUnwindToState       000000018001be44 f   libvcruntime:frame.obj
 0001:0001afd8       __InternalCxxFrameHandler  000000018001bfd8 f   libvcruntime:frame.obj
 0001:0001b230       __TypeMatch                000000018001c230 f   libvcruntime:frame.obj
 0001:0001b370       __std_terminate            000000018001c370 f   libvcruntime:frame.obj
 0001:0001b37c       __std_exception_copy       000000018001c37c f   libvcruntime:std_exception.obj
 0001:0001b40c       __std_exception_destroy    000000018001c40c f   libvcruntime:std_exception.obj
 0001:0001b434       _CxxThrowException         000000018001c434 f   libvcruntime:throw.obj
 0001:0001b50c       ?_GetEstablisherFrame@@YAPEA_KPEA_KPEAU_xDISPATCHER_CONTEXT@@PEBU_s_FuncInfo@@0@Z 000000018001c50c f   libvcruntime:trnsctrl.obj
 0001:0001b5d8       ?_GetRangeOfTrysToCheck@@YAPEBU_s_TryBlockMapEntry@@PEA_KPEBU_s_FuncInfo@@HHPEAI2PEAU_xDISPATCHER_CONTEXT@@@Z 000000018001c5d8 f   libvcruntime:trnsctrl.obj
 0001:0001b704       ?__FrameUnwindToEmptyState@@YAXPEA_KPEAU_xDISPATCHER_CONTEXT@@PEBU_s_FuncInfo@@@Z 000000018001c704 f   libvcruntime:trnsctrl.obj
 0001:0001b798       ?__SehTransFilter@@YAHPEAU_EXCEPTION_POINTERS@@PEAUEHExceptionRecord@@PEA_KPEAU_CONTEXT@@PEAU_xDISPATCHER_CONTEXT@@PEBU_s_FuncInfo@@PEAH@Z 000000018001c798 f   libvcruntime:trnsctrl.obj
 0001:0001b830       _CallSETranslator          000000018001c830 f   libvcruntime:trnsctrl.obj
 0001:0001b888       _CreateFrameInfo           000000018001c888 f   libvcruntime:trnsctrl.obj
 0001:0001b8c4       _FindAndUnlinkFrame        000000018001c8c4 f   libvcruntime:trnsctrl.obj
 0001:0001b91c       _GetImageBase              000000018001c91c f   libvcruntime:trnsctrl.obj
 0001:0001b930       _GetThrowImageBase         000000018001c930 f   libvcruntime:trnsctrl.obj
 0001:0001b944       _IsExceptionObjectToBeDestroyed 000000018001c944 f   libvcruntime:trnsctrl.obj
 0001:0001b974       _SetImageBase              000000018001c974 f   libvcruntime:trnsctrl.obj
 0001:0001b98c       _SetThrowImageBase         000000018001c98c f   libvcruntime:trnsctrl.obj
 0001:0001b9a4       _UnwindNestedFrames        000000018001c9a4 f   libvcruntime:trnsctrl.obj
 0001:0001bac8       __CxxFrameHandler3         000000018001cac8 f   libvcruntime:trnsctrl.obj
 0001:0001bb60       memset                     000000018001cb60 f   libvcruntime:memset.obj
 0001:0001bd10       memcmp                     000000018001cd10 f   libvcruntime:memcmp.obj
 0001:0001bfa0       __vcrt_EventRegister       000000018001cfa0 f   libvcruntime:winapi_downlevel.obj
 0001:0001c024       __vcrt_EventSetInformation 000000018001d024 f   libvcruntime:winapi_downlevel.obj
 0001:0001c0a8       __vcrt_EventUnregister     000000018001d0a8 f   libvcruntime:winapi_downlevel.obj
 0001:0001c0fc       __vcrt_EventWriteTransfer  000000018001d0fc f   libvcruntime:winapi_downlevel.obj
 0001:0001c194       __vcrt_FlsAlloc            000000018001d194 f   libvcruntime:winapi_downlevel.obj
 0001:0001c1e8       __vcrt_FlsFree             000000018001d1e8 f   libvcruntime:winapi_downlevel.obj
 0001:0001c23c       __vcrt_FlsGetValue         000000018001d23c f   libvcruntime:winapi_downlevel.obj
 0001:0001c290       __vcrt_FlsSetValue         000000018001d290 f   libvcruntime:winapi_downlevel.obj
 0001:0001c2f8       __vcrt_InitializeCriticalSectionEx 000000018001d2f8 f   libvcruntime:winapi_downlevel.obj
 0001:0001c370       __vcrt_initialize_winapi_thunks 000000018001d370 f   libvcruntime:winapi_downlevel.obj
 0001:0001c3a8       __vcrt_uninitialize_winapi_thunks 000000018001d3a8 f   libvcruntime:winapi_downlevel.obj
 0001:0001c3e8       __vcrt_initialize          000000018001d3e8 f   libvcruntime:initialization.obj
 0001:0001c420       __vcrt_thread_attach       000000018001d420 f   libvcruntime:initialization.obj
 0001:0001c434       __vcrt_thread_detach       000000018001d434 f   libvcruntime:initialization.obj
 0001:0001c448       __vcrt_uninitialize        000000018001d448 f   libvcruntime:initialization.obj
 0001:0001c474       __vcrt_uninitialize_critical 000000018001d474 f   libvcruntime:initialization.obj
 0001:0001c484       __C_specific_handler       000000018001d484 f   libvcruntime:_chandler_.obj
 0001:0001c678       __telemetry_main_invoke_trigger 000000018001d678 f   libvcruntime:telemetry.obj
 0001:0001c790       __telemetry_main_return_trigger 000000018001d790 f   libvcruntime:telemetry.obj
 0001:0001c8a8       __vcrt_initialize_telemetry_provider 000000018001d8a8 f   libvcruntime:telemetry.obj
 0001:0001c8bc       __vcrt_uninitialize_telemetry_provider 000000018001d8bc f   libvcruntime:telemetry.obj
 0001:0001c8dc       __std_type_info_compare    000000018001d8dc f   libvcruntime:std_type_info.obj
 0001:0001c904       __std_type_info_destroy_list 000000018001d904 f   libvcruntime:std_type_info.obj
 0001:0001c930       __vcrt_initialize_pure_virtual_call_handler 000000018001d930 f   libvcruntime:purevirt_data.obj
 0001:0001c954       __vcrt_freefls             000000018001d954 f   libvcruntime:per_thread_data.obj
 0001:0001c974       __vcrt_freeptd             000000018001d974 f   libvcruntime:per_thread_data.obj
 0001:0001c9c4       __vcrt_getptd              000000018001d9c4 f   libvcruntime:per_thread_data.obj
 0001:0001c9e0       __vcrt_getptd_noexit       000000018001d9e0 f   libvcruntime:per_thread_data.obj
 0001:0001ca88       __vcrt_initialize_ptd      000000018001da88 f   libvcruntime:per_thread_data.obj
 0001:0001cac8       __vcrt_uninitialize_ptd    000000018001dac8 f   libvcruntime:per_thread_data.obj
 0001:0001caec       ?__GetCurrentState@@YAHPEA_KPEAU_xDISPATCHER_CONTEXT@@PEBU_s_FuncInfo@@@Z 000000018001daec f   libvcruntime:ehstate.obj
[...]
 0004:00002754       $pdata$??R<lambda_ad1ced32f4ac17aa236e5ef05d6b3b7c>@@QEBAXXZ 000000018004a754     libucrt:mbctype.obj
 0004:00002760       $pdata$?getSystemCP@@YAHH@Z 000000018004a760     libucrt:mbctype.obj
 0004:0000276c       $pdata$?setSBCS@@YAXPEAU__crt_multibyte_data@@@Z 000000018004a76c     libucrt:mbctype.obj
 0004:00002778       $pdata$?setSBUpLow@@YAXPEAU__crt_multibyte_data@@@Z 000000018004a778     libucrt:mbctype.obj
 0004:00002784       $pdata$?setmbcp_internal@@YAHH_N@Z 000000018004a784     libucrt:mbctype.obj
 0004:00002790       $pdata$__acrt_initialize_multibyte 000000018004a790     libucrt:mbctype.obj
 0004:0000279c       $pdata$__acrt_update_thread_multibyte_data 000000018004a79c     libucrt:mbctype.obj
 0004:000027a8       $pdata$_setmbcp_nolock     000000018004a7a8     libucrt:mbctype.obj
 0004:000027b4       $pdata$__dcrt_get_narrow_environment_from_os 000000018004a7b4     libucrt:get_environment_from_os.obj
 0004:000027c0       $pdata$_recalloc_base      000000018004a7c0     libucrt:recalloc.obj
 0004:000027cc       $pdata$__acrt_initialize_command_line 000000018004a7cc     libucrt:argv_data.obj
 0004:000027d8       $pdata$__acrt_execute_initializers 000000018004a7d8     libucrt:shared_initialization.obj
 0004:000027e4       $pdata$__acrt_execute_uninitializers 000000018004a7e4     libucrt:shared_initialization.obj
 0004:000027f0       $pdata$__acrt_invoke_user_matherr 000000018004a7f0     libucrt:matherr.obj
 0004:000027fc       $pdata$__acrt_free_locale  000000018004a7fc     libucrt:locale_refcounting.obj
 0004:00002808       $pdata$__acrt_locale_free_lc_time_if_unreferenced 000000018004a808     libucrt:locale_refcounting.obj
 0004:00002814       $pdata$__acrt_release_locale_ref 000000018004a814     libucrt:locale_refcounting.obj
 0004:00002820       $pdata$__acrt_update_thread_locale_data 000000018004a820     libucrt:locale_refcounting.obj
 0004:0000282c       $pdata$_updatetlocinfoEx_nolock 000000018004a82c     libucrt:locale_refcounting.obj
 0004:00002844       $pdata$_getfpcontrolword   000000018004a844     libucrt:_fenvutils.obj
 0004:00002850       $pdata$__acrt_locale_free_monetary 000000018004a850     libucrt:initmon.obj
 0004:0000285c       $pdata$__acrt_locale_initialize_monetary 000000018004a85c     libucrt:initmon.obj
 0004:00002868       $pdata$__acrt_locale_free_numeric 000000018004a868     libucrt:initnum.obj
 0004:00002874       $pdata$__acrt_locale_initialize_numeric 000000018004a874     libucrt:initnum.obj
 0004:00002880       $pdata$?free_crt_array_internal@@YAXQEAPEBX_K@Z 000000018004a880     libucrt:inittime.obj
 0004:0000288c       $pdata$?initialize_lc_time@@YA_NQEAU__crt_lc_time_data@@QEAU__crt_locale_data@@@Z 000000018004a88c     libucrt:inittime.obj
 0004:00002898       $pdata$__acrt_locale_free_time 000000018004a898     libucrt:inittime.obj
 0004:000028a4       $pdata$__acrt_locale_initialize_time 000000018004a8a4     libucrt:inittime.obj
 0004:000028b0       $pdata$wcscat_s            000000018004a8b0     libucrt:wcscat_s.obj
 0004:000028bc       $pdata$wcsncpy_s           000000018004a8bc     libucrt:wcsncpy_s.obj
 0004:000028c8       $pdata$GetLocaleNameFromDefault 000000018004a8c8     libucrt:get_qualified_locale.obj
 0004:000028d4       $pdata$GetLocaleNameFromLangCountry 000000018004a8d4     libucrt:get_qualified_locale.obj
 0004:000028e0       $pdata$GetLocaleNameFromLanguage 000000018004a8e0     libucrt:get_qualified_locale.obj
 0004:000028ec       $pdata$LangCountryEnumProcEx 000000018004a8ec     libucrt:get_qualified_locale.obj
 0004:000028f8       $pdata$LanguageEnumProcEx  000000018004a8f8     libucrt:get_qualified_locale.obj
 0004:00002904       $pdata$ProcessCodePage     000000018004a904     libucrt:get_qualified_locale.obj
 0004:00002910       $pdata$TestDefaultCountry  000000018004a910     libucrt:get_qualified_locale.obj
 0004:0000291c       $pdata$TranslateName       000000018004a91c     libucrt:get_qualified_locale.obj
 0004:00002928       $pdata$__acrt_get_qualified_locale 000000018004a928     libucrt:get_qualified_locale.obj
 0004:00002934       $pdata$CountryEnumProc     000000018004a934     libucrt:getqloc_downlevel.obj
 0004:00002940       $pdata$GetLcidFromLangCountry 000000018004a940     libucrt:getqloc_downlevel.obj
 0004:0000294c       $pdata$GetLcidFromLanguage 000000018004a94c     libucrt:getqloc_downlevel.obj
 0004:00002958       $pdata$LangCountryEnumProc 000000018004a958     libucrt:getqloc_downlevel.obj
 0004:00002964       $pdata$LanguageEnumProc    000000018004a964     libucrt:getqloc_downlevel.obj
 0004:00002970       $pdata$ProcessCodePage     000000018004a970     libucrt:getqloc_downlevel.obj
 0004:0000297c       $pdata$TestDefaultLanguage 000000018004a97c     libucrt:getqloc_downlevel.obj
 0004:00002988       $pdata$TranslateName       000000018004a988     libucrt:getqloc_downlevel.obj
 0004:00002994       $pdata$__acrt_get_qualified_locale_downlevel 000000018004a994     libucrt:getqloc_downlevel.obj
 0004:000029a0       $pdata$strncpy_s           000000018004a9a0     libucrt:strncpy_s.obj
 0004:000029ac       $pdata$?GetTableIndexFromLocaleName@@YAHPEB_W@Z 000000018004a9ac     libucrt:lcidtoname_downlevel.obj
 0004:000029b8       $pdata$__acrt_DownlevelLCIDToLocaleName 000000018004a9b8     libucrt:lcidtoname_downlevel.obj
 0004:000029c4       $pdata$__acrt_DownlevelLocaleNameToLCID 000000018004a9c4     libucrt:lcidtoname_downlevel.obj
 0004:000029d0       $pdata$__acrt_lowio_create_handle_array 000000018004a9d0     libucrt:osfinfo.obj
 0004:000029dc       $pdata$__acrt_lowio_destroy_handle_array 000000018004a9dc     libucrt:osfinfo.obj
 0004:000029e8       $pdata$__acrt_lowio_ensure_fh_exists 000000018004a9e8     libucrt:osfinfo.obj
 0004:000029f4       $pdata$_free_osfhnd        000000018004a9f4     libucrt:osfinfo.obj
 0004:00002a00       $pdata$_get_osfhandle      000000018004aa00     libucrt:osfinfo.obj
 0004:00002a0c       $pdata$_isatty             000000018004aa0c     libucrt:isatty.obj
 0004:00002a18       $pdata$_putwch_nolock      000000018004aa18     libucrt:putwch.obj
 0004:00002a24       $pdata$??$translate_text_mode_nolock@_W@@YAHHQEA_W_K@Z 000000018004aa24     libucrt:read.obj
 0004:00002a30       $pdata$?translate_ansi_or_utf8_nolock@@YAHHQEAD_KQEA_W1@Z 000000018004aa30     libucrt:read.obj
 0004:00002a3c       $pdata$_read               000000018004aa3c     libucrt:read.obj
 0004:00002a48       $pdata$_read_nolock        000000018004aa48     libucrt:read.obj
 0004:00002a54       $pdata$_towlower_l         000000018004aa54     libucrt:towlower.obj
 0004:00002a60       $pdata$?initialize_multibyte@@YAHXZ 000000018004aa60     libucrt:multibyte_initializer.obj
 0004:00002a6c       $pdata$_msize              000000018004aa6c     libucrt:msize.obj
 0004:00002a78       $pdata$common_control87    000000018004aa78     libucrt:ieee.obj
 0004:00002a84       $pdata$??$common_xtox@K_W@@YAHKQEA_W_KI_N@Z 000000018004aa84     libucrt:xtoa.obj
 0004:00002a90       $pdata$??$common_xtox_s@K_W@@YAHKQEA_W_KI_N@Z 000000018004aa90     libucrt:xtoa.obj
 0004:00002a9c       $pdata$_itow_s             000000018004aa9c     libucrt:xtoa.obj
 0004:00002aa8       $pdata$_wcsnicmp           000000018004aaa8     libucrt:wcsnicmp.obj
 0004:00002ab4       $pdata$_wcsnicmp_l         000000018004aab4     libucrt:wcsnicmp.obj
 0004:00002ac0       $pdata$__dcrt_lowio_initialize_console_output 000000018004aac0     libucrt:initcon.obj
 0004:00002acc       $pdata$__dcrt_terminate_console_output 000000018004aacc     libucrt:initcon.obj
 0004:00002ae4       $pdata$__acrt_LCMapStringW 000000018004aae4     libucrt:lcmapstringw.obj
 0004:00002af0       $pdata$__acrt_initialize_fma3 000000018004aaf0     libucrt:fma3_available.obj
 0004:00002afc       $pdata$_log10_special      000000018004aafc     libucrt:log_special.obj
 0004:00002b08       $pdata$_log_special_common 000000018004ab08     libucrt:log_special.obj
 0004:00002b14       $pdata$?DloadAcquireSectionWriteAccess@@YAXXZ 000000018004ab14     DelayImp:delayhlp.obj
 0004:00002b20       $pdata$?DloadGetSRWLockFunctionPointers@@YAEXZ 000000018004ab20     DelayImp:delayhlp.obj
 0004:00002b2c       $pdata$?DloadMakePermanentImageCommit@@YAXPEAX_K@Z 000000018004ab2c     DelayImp:delayhlp.obj
 0004:00002b38       $pdata$?DloadObtainSection@@YAPEAXPEAK0@Z 000000018004ab38     DelayImp:delayhlp.obj
 0004:00002b44       $pdata$?DloadProtectSection@@YAXKPEAK@Z 000000018004ab44     DelayImp:delayhlp.obj
 0004:00002b50       $pdata$?DloadReleaseSectionWriteAccess@@YAXXZ 000000018004ab50     DelayImp:delayhlp.obj
 0004:00002b5c       $pdata$__delayLoadHelper2  000000018004ab5c     DelayImp:delayhlp.obj
 0004:00002b68       $pdata$_IsNonwritableInCurrentImage 000000018004ab68     LIBCMT:pesect.obj
 0004:00002b74       $pdata$wcschr              000000018004ab74     libvcruntime:wcschr.obj
 0004:00002b8c       $pdata$?dtor$0@?0???0?$basic_ostream@DU?$char_traits@D@std@@@std@@QEAA@PEAV?$basic_streambuf@DU?$char_traits@D@std@@@1@_N@Z@4HA 000000018004ab8c     libcpmt:cout.obj
 0004:00002b98       $pdata$?dtor$0@?0??_Getcat@?$codecvt@DDU_Mbstatet@@@std@@SA_KPEAPEBVfacet@locale@2@PEBV42@@Z@4HA 000000018004ab98     libcpmt:cout.obj
 0004:00002ba4       $pdata$?dtor$0@?0???0?$basic_istream@DU?$char_traits@D@std@@@std@@QEAA@PEAV?$basic_streambuf@DU?$char_traits@D@std@@@1@_N@Z@4HA 000000018004aba4     libcpmt:cin.obj
 0004:00002bb0       $pdata$__scrt_is_nonwritable_in_current_image$filt$0 000000018004abb0     LIBCMT:utility.obj
 0004:00002bbc       $pdata$?fin$0@?0??dllmain_crt_process_attach@@YAHQEAUHINSTANCE__@@QEAX@Z@4HA 000000018004abbc     LIBCMT:dll_dllmain.obj
 0004:00002bc8       $pdata$?fin$0@?0??dllmain_crt_process_detach@@YAH_N@Z@4HA 000000018004abc8     LIBCMT:dll_dllmain.obj
 0004:00002bd4       $pdata$?filt$0@?0??dllmain_dispatch@@YAHQEAUHINSTANCE__@@KQEAX@Z@4HA 000000018004abd4     LIBCMT:dll_dllmain.obj
 0004:00002be0       $pdata$__CxxCallCatchBlock$filt$0 000000018004abe0     libvcruntime:frame.obj
 0004:00002bec       $pdata$__CxxCallCatchBlock$fin$1 000000018004abec     libvcruntime:frame.obj
 0004:00002bf8       $pdata$__DestructExceptionObject$filt$0 000000018004abf8     libvcruntime:frame.obj
 0004:00002c04       $pdata$__FrameUnwindToState$filt$0 000000018004ac04     libvcruntime:frame.obj
 0004:00002c10       $pdata$__FrameUnwindToState$fin$1 000000018004ac10     libvcruntime:frame.obj
 0004:00002c1c       $pdata$_CallSETranslator$filt$0 000000018004ac1c     libvcruntime:trnsctrl.obj
 0004:00002c28       $pdata$fclose$fin$0        000000018004ac28     libucrt:fclose.obj
 0004:00002c28       $pdata$fflush$fin$0        000000018004ac28     libucrt:fflush.obj
 0004:00002c34       $pdata$common_flush_all$fin$0 000000018004ac34     libucrt:fflush.obj
 0004:00002c40       $pdata$common_flush_all$fin$1 000000018004ac40     libucrt:fflush.obj
 0004:00002c4c       $pdata$fgetc$fin$0         000000018004ac4c     libucrt:fgetc.obj
 0004:00002c58       $pdata$fputc$fin$0         000000018004ac58     libucrt:fputc.obj
 0004:00002c64       $pdata$?fin$0@?0???$common_ftell@_J@@YA_JV__crt_stdio_stream@@@Z@4HA 000000018004ac64     libucrt:ftell.obj
 0004:00002c64       $pdata$?fin$0@?0??common_fseek@@YAHV__crt_stdio_stream@@_JH@Z@4HA 000000018004ac64     libucrt:fseek.obj
 0004:00002c70       $pdata$?fin$0@?0???$?RV<lambda_7a5ef57ff966f610505f1d28a3d40618>@@AEAV<lambda_b721fa326cdb32351d23dfa67958c160>@@V<lambda_5e0fb27672408a07956fe59e48ccb2aa>@@@?$__crt_seh_guarded_call@H@@QEAAH$$QEAV<lambda_7a5ef57ff966f610505f1d28a3d40618>@@AEAV<lambda_b721fa326cdb32351d23dfa67958c160>@@$$QEAV<lambda_5e0fb27672408a07956fe59e48ccb2aa>@@@Z@4HA 000000018004ac70     libucrt:setvbuf.obj
 0004:00002c70       $pdata$?fin$0@?0???$?RV<lambda_5d4c3fee44080f75d5d9762853974fe0>@@AEAV<lambda_532e024f4337e6fc7ad266c2bef9f4ed>@@V<lambda_c87bdc10097eb2402edb8ba9bdf0697b>@@@?$__crt_seh_guarded_call@_K@@QEAA_K$$QEAV<lambda_5d4c3fee44080f75d5d9762853974fe0>@@AEAV<lambda_532e024f4337e6fc7ad266c2bef9f4ed>@@$$QEAV<lambda_c87bdc10097eb2402edb8ba9bdf0697b>@@@Z@4HA 000000018004ac70     libucrt:fwrite.obj
 0004:00002c7c       $pdata$ungetc$fin$0        000000018004ac7c     libucrt:ungetc.obj
 0004:00002c88       $pdata$setlocale$fin$0     000000018004ac88     libucrt:setlocale.obj
 0004:00002c94       $pdata$_query_new_handler$fin$0 000000018004ac94     libucrt:new_handler.obj
 0004:00002ca0       $pdata$?filt$0@?0??common_exit@@YAXHW4_crt_exit_cleanup_mode@@W4_crt_exit_return_mode@@@Z@4HA 000000018004aca0     libucrt:exit.obj
 0004:00002cac       $pdata$?fin$1@?0??common_exit@@YAXHW4_crt_exit_cleanup_mode@@W4_crt_exit_return_mode@@@Z@4HA 000000018004acac     libucrt:exit.obj
 0004:00002cb8       $pdata$?fin$0@?0???$?RV<lambda_e24bbb7b643b32fcea6fa61b31d4c984>@@AEAV<lambda_275893d493268fdec8709772e3fcec0e>@@V<lambda_9d71df4d7cf3f480f8d633942495c3b0>@@@?$__crt_seh_guarded_call@H@@QEAAH$$QEAV<lambda_e24bbb7b643b32fcea6fa61b31d4c984>@@AEAV<lambda_275893d493268fdec8709772e3fcec0e>@@$$QEAV<lambda_9d71df4d7cf3f480f8d633942495c3b0>@@@Z@4HA 000000018004acb8     libucrt:onexit.obj
 0004:00002cc4       $pdata$raise$fin$0         000000018004acc4     libucrt:signal.obj
 0004:00002cd0       $pdata$?fin$0@?0???$?RV<lambda_5df02c53a8f32f81fd64e5bbb78039f1>@@AEAV<lambda_2af78c5f5901b1372d98f9ab3177dfa6>@@AEAV<lambda_f51fe5fd7c79a33db34fc9310f277369>@@@?$__crt_seh_guarded_call@X@@QEAAX$$QEAV<lambda_5df02c53a8f32f81fd64e5bbb78039f1>@@AEAV<lambda_2af78c5f5901b1372d98f9ab3177dfa6>@@AEAV<lambda_f51fe5fd7c79a33db34fc9310f277369>@@@Z@4HA 000000018004acd0     libucrt:wsetlocale.obj
 0004:00002cdc       $pdata$?fin$0@?0???$?RV<lambda_b8c45f8f788dd370798f47cfe8ac3a86>@@AEAV<lambda_4e60a939b0d047cfe11ddc22648dfba9>@@V<lambda_332c3edc96d0294ec56c57d38c1cdfd5>@@@?$__crt_seh_guarded_call@H@@QEAAH$$QEAV<lambda_b8c45f8f788dd370798f47cfe8ac3a86>@@AEAV<lambda_4e60a939b0d047cfe11ddc22648dfba9>@@$$QEAV<lambda_332c3edc96d0294ec56c57d38c1cdfd5>@@@Z@4HA 000000018004acdc     libucrt:onexit.obj
 0004:00002cdc       $pdata$?fin$0@?0???$?RV<lambda_99476a1ad63dd22509b5d3e65b0ffc95>@@AEAV<lambda_ad1ced32f4ac17aa236e5ef05d6b3b7c>@@V<lambda_f7424dd8d45958661754dc4f2697e9c3>@@@?$__crt_seh_guarded_call@X@@QEAAX$$QEAV<lambda_99476a1ad63dd22509b5d3e65b0ffc95>@@AEAV<lambda_ad1ced32f4ac17aa236e5ef05d6b3b7c>@@$$QEAV<lambda_f7424dd8d45958661754dc4f2697e9c3>@@@Z@4HA 000000018004acdc     libucrt:mbctype.obj
 0004:00002cdc       $pdata$?fin$0@?0???$?RV<lambda_630b2aca97f6d20d5b5ea6529ea6b6af>@@AEAV<lambda_af91936f1d075d609f72d9d8cba980af>@@V<lambda_e82fa975f615b5c7c7b0e4d178fdae67>@@@?$__crt_seh_guarded_call@H@@QEAAH$$QEAV<lambda_630b2aca97f6d20d5b5ea6529ea6b6af>@@AEAV<lambda_af91936f1d075d609f72d9d8cba980af>@@$$QEAV<lambda_e82fa975f615b5c7c7b0e4d178fdae67>@@@Z@4HA 000000018004acdc     libucrt:winapi_thunks.obj
 0004:00002cdc       $pdata$?fin$0@?0???$?RV<lambda_d67e8342c384adda8f857579ab50b2ae>@@AEAV<lambda_30712929f77e709619002f448b6a9510>@@V<lambda_4525336fd7e478d965fb7ca7a337cad8>@@@?$__crt_seh_guarded_call@X@@QEAAX$$QEAV<lambda_d67e8342c384adda8f857579ab50b2ae>@@AEAV<lambda_30712929f77e709619002f448b6a9510>@@$$QEAV<lambda_4525336fd7e478d965fb7ca7a337cad8>@@@Z@4HA 000000018004acdc     libucrt:wsetlocale.obj
 0004:00002cdc       $pdata$?fin$0@?0???$?RV<lambda_c36588078e9f5dfd39652860aa6b3aaf>@@AEAV<lambda_ec61778202f4f5fc7e7711acc23c3bca>@@V<lambda_dc9d2797ccde5d239b4a0efae8ebd7db>@@@?$__crt_seh_guarded_call@P6AXH@Z@@QEAAP6AXH@Z$$QEAV<lambda_c36588078e9f5dfd39652860aa6b3aaf>@@AEAV<lambda_ec61778202f4f5fc7e7711acc23c3bca>@@$$QEAV<lambda_dc9d2797ccde5d239b4a0efae8ebd7db>@@@Z@4HA 000000018004acdc     libucrt:signal.obj
 0004:00002cdc       $pdata$?fin$0@?0???$?RV<lambda_46352004c1216016012b18bd6f87e700>@@AEAV<lambda_3bd07e1a1191394380780325891bf33f>@@V<lambda_334532d3f185bcaa59b5be82d7d22bff>@@@?$__crt_seh_guarded_call@X@@QEAAX$$QEAV<lambda_46352004c1216016012b18bd6f87e700>@@AEAV<lambda_3bd07e1a1191394380780325891bf33f>@@$$QEAV<lambda_334532d3f185bcaa59b5be82d7d22bff>@@@Z@4HA 000000018004acdc     libucrt:per_thread_data.obj
 0004:00002cdc       $pdata$?fin$0@?0???$?RV<lambda_5e887d1dcbef67a5eb4283622ba103bf>@@AEAV<lambda_4466841279450cc726390878d4a41900>@@V<lambda_341c25c0346d94847f1f3c463c57e077>@@@?$__crt_seh_guarded_call@X@@QEAAX$$QEAV<lambda_5e887d1dcbef67a5eb4283622ba103bf>@@AEAV<lambda_4466841279450cc726390878d4a41900>@@$$QEAV<lambda_341c25c0346d94847f1f3c463c57e077>@@@Z@4HA 000000018004acdc     libucrt:per_thread_data.obj
 0004:00002cdc       $pdata$?fin$0@?0???$?RV<lambda_fb3a7dec4e47f37f22dae91bb15c9095>@@AEAV<lambda_698284760c8add0bfb0756c19673e34b>@@V<lambda_dfb8eca1e75fef3034a8fb18dd509707>@@@?$__crt_seh_guarded_call@X@@QEAAX$$QEAV<lambda_fb3a7dec4e47f37f22dae91bb15c9095>@@AEAV<lambda_698284760c8add0bfb0756c19673e34b>@@$$QEAV<lambda_dfb8eca1e75fef3034a8fb18dd509707>@@@Z@4HA 000000018004acdc     libucrt:per_thread_data.obj
 0004:00002cdc       $pdata$?fin$0@?0???$?RV<lambda_72d1df2b273a38828b1ce30cbf4cdab5>@@AEAV<lambda_876a65b173b8412d3a47c70a915b0cf4>@@V<lambda_41932305e351933ebe8f8be3ed8bb5dc>@@@?$__crt_seh_guarded_call@X@@QEAAX$$QEAV<lambda_72d1df2b273a38828b1ce30cbf4cdab5>@@AEAV<lambda_876a65b173b8412d3a47c70a915b0cf4>@@$$QEAV<lambda_41932305e351933ebe8f8be3ed8bb5dc>@@@Z@4HA 000000018004acdc     libucrt:per_thread_data.obj
 0004:00002ce8       $pdata$_fcloseall$fin$0    000000018004ace8     libucrt:closeall.obj
 0004:00002cf4       $pdata$__acrt_lowio_ensure_fh_exists$fin$0 000000018004acf4     libucrt:osfinfo.obj
 0004:00002cf4       $pdata$__acrt_initialize_lowio$fin$0 000000018004acf4     libucrt:ioinit.obj
 0004:00002d00       $pdata$?fin$0@?0???$?RV<lambda_bfedae4ebbf01fab1bb6dcc6a9e276e0>@@AEAV<lambda_2fe9b910cf3cbf4a0ab98a02ba45b3ec>@@V<lambda_237c231691f317818eb88cc1d5d642d6>@@@?$__crt_seh_guarded_call@H@@QEAAH$$QEAV<lambda_bfedae4ebbf01fab1bb6dcc6a9e276e0>@@AEAV<lambda_2fe9b910cf3cbf4a0ab98a02ba45b3ec>@@$$QEAV<lambda_237c231691f317818eb88cc1d5d642d6>@@@Z@4HA 000000018004ad00     libucrt:close.obj
 0004:00002d00       $pdata$?fin$0@?0???$?RV<lambda_b521505b218e5242e90febf6bfebc422>@@AEAV<lambda_6978c1fb23f02e42e1d9e99668cc68aa>@@V<lambda_314360699dd331753a4119843814e9a7>@@@?$__crt_seh_guarded_call@H@@QEAAH$$QEAV<lambda_b521505b218e5242e90febf6bfebc422>@@AEAV<lambda_6978c1fb23f02e42e1d9e99668cc68aa>@@$$QEAV<lambda_314360699dd331753a4119843814e9a7>@@@Z@4HA 000000018004ad00     libucrt:commit.obj
 0004:00002d0c       $pdata$?fin$0@?0???$common_lseek@_J@@YA_JH_JH@Z@4HA 000000018004ad0c     libucrt:lseek.obj
 0004:00002d0c       $pdata$_read$fin$0         000000018004ad0c     libucrt:read.obj
 0004:00002d0c       $pdata$_write$fin$0        000000018004ad0c     libucrt:write.obj
 0004:00002d18       $pdata$__acrt_update_thread_multibyte_data$fin$0 000000018004ad18     libucrt:mbctype.obj
 0004:00002d24       $pdata$__acrt_update_thread_locale_data$fin$0 000000018004ad24     libucrt:locale_refcounting.obj
 0004:00002d24       $pdata$__acrt_uninitialize_locale$fin$0 000000018004ad24     libucrt:wsetlocale.obj
 0004:00002d30       $pdata$common_control87$filt$0 000000018004ad30     libucrt:ieee.obj
 0004:00002d30       $pdata$_ctrlfp$filt$0      000000018004ad30     libucrt:fpctrl.obj
 0004:00002d3c       $pdata$_IsNonwritableInCurrentImage$filt$0 000000018004ad3c     LIBCMT:pesect.obj
 0004:00002d48       $pdata$??__FtypeMap@cio@@YAXXZ 000000018004ad48     cio.obj
 0004:00002d54       $pdata$??__Fcout@std@@YAXXZ 000000018004ad54     libcpmt:cout.obj
 0004:00002d60       $pdata$??__F_Fac_tidy_reg@std@@YAXXZ 000000018004ad60     libcpmt:locale0.obj
 0004:00002d6c       $pdata$??__Fclassic_locale@std@@YAXXZ 000000018004ad6c     libcpmt:locale0.obj
 0004:00002d78       $pdata$??__Fcin@std@@YAXXZ 000000018004ad78     libcpmt:cin.obj
 0004:00002d84       $pdata$??__Finit_atexit@@YAXXZ 000000018004ad84     libcpmt:iosptrs.obj
 0006:00000060       $R000000                   000000018004c060     * linker generated manifest res *

 Exports

  ordinal    name

        1    _register_cio_
