 cio

 Timestamp is 57eb3249 (Wed Sep 28 11:00:25 2016)

 Preferred load address is 0000000180000000

 Start         Length     Name                   Class
 0001:00000000 00000240H .text$di                CODE
 0001:00000240 0002d4f0H .text$mn                CODE
 0001:0002d730 00000020H .text$mn$00             CODE
 0001:0002d750 000004f0H .text$x                 CODE
 0001:0002dc40 0000022cH .text$yd                CODE
 0002:00000000 000002a8H .idata$5                DATA
 0002:000002a8 00000010H .00cfg                  DATA
 0002:000002b8 00000008H .CRT$XCA                DATA
 0002:000002c0 00000058H .CRT$XCC                DATA
 0002:00000318 00000010H .CRT$XCL                DATA
 0002:00000328 00000010H .CRT$XCU                DATA
 0002:00000338 00000008H .CRT$XCZ                DATA
 0002:00000340 00000008H .CRT$XIA                DATA
 0002:00000348 00000030H .CRT$XIC                DATA
 0002:00000378 00000008H .CRT$XIZ                DATA
 0002:00000380 00000008H .CRT$XLA                DATA
 0002:00000388 00000008H .CRT$XLZ                DATA
 0002:00000390 00000008H .CRT$XPA                DATA
 0002:00000398 00000010H .CRT$XPX                DATA
 0002:000003a8 00000008H .CRT$XPXA               DATA
 0002:000003b0 00000008H .CRT$XPZ                DATA
 0002:000003b8 00000008H .CRT$XTA                DATA
 0002:000003c0 00000010H .CRT$XTZ                DATA
 0002:000003d0 00010088H .rdata                  DATA
 0002:00010458 00000028H .rdata$T                DATA
 0002:00010480 00001184H .rdata$r                DATA
 0002:00011604 0000047cH .rdata$zzzdbg           DATA
 0002:00011a80 00000008H .rtc$IAA                DATA
 0002:00011a88 00000008H .rtc$IZZ                DATA
 0002:00011a90 00000008H .rtc$TAA                DATA
 0002:00011a98 00000008H .rtc$TZZ                DATA
 0002:00011aa0 000023c8H .xdata                  DATA
 0002:00013e68 000002a4H .xdata$x                DATA
 0002:0001410c 00000020H .didat$2                DATA
 0002:0001412c 00000024H .didat$3                DATA
 0002:00014150 00000070H .didat$4                DATA
 0002:000141c0 00000318H .didat$6                DATA
 0002:000144d8 00000078H .didat$7                DATA
 0002:00014550 0000004cH .edata                  DATA
 0002:0001459c 00000014H .idata$2                DATA
 0002:000145b0 00000018H .idata$3                DATA
 0002:000145c8 000002a8H .idata$4                DATA
 0002:00014870 0000061aH .idata$6                DATA
 0003:00000000 00000ba0H .data                   DATA
 0003:00000ba0 000006d0H .data$r                 DATA
 0003:00001270 00000070H .didat$5                DATA
 0003:000012e0 00001ac4H .bss                    DATA
 0004:00000000 000024fcH .pdata                  DATA
 0005:00000000 000000b4H .gfids$x                DATA
 0005:000000b4 00000290H .gfids$y                DATA
 0006:00000000 00000004H .tls                    DATA
 0006:00000004 00000004H .tls$                   DATA
 0006:00000008 00000001H .tls$ZZZ                DATA
 0007:00000000 00000060H .rsrc$01                DATA
 0007:00000060 00000180H .rsrc$02                DATA

  Address         Publics by Value              Rva+Base               Lib:Object

 0000:00000000       __guard_iat_table          0000000000000000     <absolute>
 0000:00000000       __dynamic_value_reloc_table 0000000000000000     <absolute>
 0000:00000000       __guard_iat_count          0000000000000000     <absolute>
 0000:00000000       __guard_longjmp_table      0000000000000000     <absolute>
 0000:00000000       __guard_longjmp_count      0000000000000000     <absolute>
 0000:00000000       __guard_fids_count         0000000000000000     <absolute>
 0000:00000000       ___safe_se_handler_table   0000000000000000     <absolute>
 0000:00000000       ___safe_se_handler_count   0000000000000000     <absolute>
 0000:00000000       __guard_fids_table         0000000000000000     <absolute>
 0000:00000100       __guard_flags              0000000000000100     <absolute>
 0000:00000000       __ImageBase                0000000180000000     <linker-defined>
 0001:00000240       __local_stdio_printf_options 0000000180001240 f i cio.obj
 0001:00000250       sprintf_s                  0000000180001250 f i cio.obj
 0001:000002b0       ?what@exception@stdext@@UEBAPEBDXZ 00000001800012b0 f i cio.obj
 0001:000002d0       _guard_check_icall_nop     00000001800012d0 f i LIBCMT:guard_support.obj
 0001:000002d0       __except_validate_context_record 00000001800012d0 f i libvcruntime:jbcxrval.obj
 0001:000002d0       ?_Unlock@?$basic_streambuf@DU?$char_traits@D@std@@@std@@UEAAXXZ 00000001800012d0 f i libcpmt:cout.obj
 0001:000002d0       ??$destroy@PEAU?$_Tree_node@U?$pair@$$CBV?$basic_string@DU?$char_traits@D@std@@V?$allocator@D@2@@std@@H@std@@PEAX@std@@@?$_Wrap_alloc@V?$allocator@U?$_Tree_node@U?$pair@$$CBV?$basic_string@DU?$char_traits@D@std@@V?$allocator@D@2@@std@@H@std@@PEAX@std@@@std@@@std@@QEAAXPEAPEAU?$_Tree_node@U?$pair@$$CBV?$basic_string@DU?$char_traits@D@std@@V?$allocator@D@2@@std@@H@std@@PEAX@1@@Z 00000001800012d0 f i cio.obj
 0001:000002d0       ?_Lock@?$basic_streambuf@DU?$char_traits@D@std@@@std@@UEAAXXZ 00000001800012d0 f i libcpmt:cout.obj
 0001:000002d0       ?_Doraise@exception@stdext@@MEBAXXZ 00000001800012d0 f i cio.obj
 0001:000002d0       ?imbue@?$basic_streambuf@DU?$char_traits@D@std@@@std@@MEAAXAEBVlocale@2@@Z 00000001800012d0 f i libcpmt:cout.obj
 0001:000002e0       ??_Eexception@stdext@@UEAAPEAXI@Z 00000001800012e0 f i * CIL library *:* CIL module *
 0001:000002e0       ??_Eruntime_error@std@@UEAAPEAXI@Z 00000001800012e0 f i * CIL library *:* CIL module *
 0001:000002e0       ??_Gruntime_error@std@@UEAAPEAXI@Z 00000001800012e0 f i cio.obj
 0001:000002e0       ??_Gexception@stdext@@UEAAPEAXI@Z 00000001800012e0 f i cio.obj
 0001:00000310       ?_Deallocate@std@@YAXPEAX_K1@Z 0000000180001310 f i cio.obj
 0001:00000380       ??0_Locinfo@std@@QEAA@PEBD@Z 0000000180001380 f i cio.obj
 0001:00000440       ??1_Locinfo@std@@QEAA@XZ   0000000180001440 f i cio.obj
 0001:000004e0       ??_E_Facet_base@std@@UEAAPEAXI@Z 00000001800014e0 f i * CIL library *:* CIL module *
 0001:000004e0       ??_G_Facet_base@std@@UEAAPEAXI@Z 00000001800014e0 f i cio.obj
 0001:00000510       ?_Incref@facet@locale@std@@UEAAXXZ 0000000180001510 f i cio.obj
 0001:00000520       ?_Decref@facet@locale@std@@UEAAPEAV_Facet_base@3@XZ 0000000180001520 f i cio.obj
 0001:00000530       ?_Getcat@?$ctype@D@std@@SA_KPEAPEBVfacet@locale@2@PEBV42@@Z 0000000180001530 f i cio.obj
 0001:000005f0       ?do_tolower@?$ctype@D@std@@MEBADD@Z 00000001800015f0 f i cio.obj
 0001:00000600       ?do_tolower@?$ctype@D@std@@MEBAPEBDPEADPEBD@Z 0000000180001600 f i cio.obj
 0001:00000660       ?do_toupper@?$ctype@D@std@@MEBADD@Z 0000000180001660 f i cio.obj
 0001:00000670       ?do_toupper@?$ctype@D@std@@MEBAPEBDPEADPEBD@Z 0000000180001670 f i cio.obj
 0001:000006d0       ?do_widen@?$ctype@D@std@@MEBADD@Z 00000001800016d0 f i cio.obj
 0001:000006d0       ?do_narrow@?$ctype@D@std@@MEBADDD@Z 00000001800016d0 f i cio.obj
 0001:000006e0       ?do_widen@?$ctype@D@std@@MEBAPEBDPEBD0PEAD@Z 00000001800016e0 f i cio.obj
 0001:00000700       ?do_narrow@?$ctype@D@std@@MEBAPEBDPEBD0DPEAD@Z 0000000180001700 f i cio.obj
 0001:00000720       ??_G?$ctype@D@std@@MEAAPEAXI@Z 0000000180001720 f i cio.obj
 0001:00000720       ??_E?$ctype@D@std@@MEAAPEAXI@Z 0000000180001720 f i * CIL library *:* CIL module *
 0001:00000790       ??_E_Iostream_error_category@std@@UEAAPEAXI@Z 0000000180001790 f i * CIL library *:* CIL module *
 0001:00000790       ??_G_Iostream_error_category@std@@UEAAPEAXI@Z 0000000180001790 f i cio.obj
 0001:00000790       ??_Gerror_category@std@@UEAAPEAXI@Z 0000000180001790 f i cio.obj
 0001:00000790       ??_Eerror_category@std@@UEAAPEAXI@Z 0000000180001790 f i * CIL library *:* CIL module *
 0001:000007c0       ?default_error_condition@error_category@std@@UEBA?AVerror_condition@2@H@Z 00000001800017c0 f i cio.obj
 0001:000007d0       ?equivalent@error_category@std@@UEBA_NHAEBVerror_condition@2@@Z 00000001800017d0 f i cio.obj
 0001:00000830       ?equivalent@error_category@std@@UEBA_NAEBVerror_code@2@H@Z 0000000180001830 f i cio.obj
 0001:00000850       ??0_System_error@std@@IEAA@Verror_code@1@AEBV?$basic_string@DU?$char_traits@D@std@@V?$allocator@D@2@@1@@Z 0000000180001850 f i cio.obj
 0001:00000a70       ??_G_System_error@std@@UEAAPEAXI@Z 0000000180001a70 f i cio.obj
 0001:00000a70       ??_Gfailure@ios_base@std@@UEAAPEAXI@Z 0000000180001a70 f i cio.obj
 0001:00000a70       ??_Efailure@ios_base@std@@UEAAPEAXI@Z 0000000180001a70 f i * CIL library *:* CIL module *
 0001:00000a70       ??_E_System_error@std@@UEAAPEAXI@Z 0000000180001a70 f i * CIL library *:* CIL module *
 0001:00000aa0       ?name@_Iostream_error_category@std@@UEBAPEBDXZ 0000000180001aa0 f i cio.obj
 0001:00000ab0       ?message@_Iostream_error_category@std@@UEBA?AV?$basic_string@DU?$char_traits@D@std@@V?$allocator@D@2@@2@H@Z 0000000180001ab0 f i cio.obj
 0001:00000b30       ?clear@ios_base@std@@QEAAXH_N@Z 0000000180001b30 f i cio.obj
 0001:00000eb0       ?Input@cio@@YAXAEBV?$FunctionCallbackInfo@VValue@v8@@@v8@@@Z 0000000180001eb0 f   cio.obj
 0001:000012c0       ?Output@cio@@YAXAEBV?$FunctionCallbackInfo@VValue@v8@@@v8@@@Z 00000001800022c0 f   cio.obj
 0001:00001440       ?init@cio@@YAXV?$Local@VObject@v8@@@v8@@@Z 0000000180002440 f   cio.obj
 0001:000018e0       ??1?$basic_string@DU?$char_traits@D@std@@V?$allocator@D@2@@std@@QEAA@XZ 00000001800028e0 f i cio.obj
 0001:00001970       ??0?$basic_string@DU?$char_traits@D@std@@V?$allocator@D@2@@std@@QEAA@$$QEAV01@@Z 0000000180002970 f i cio.obj
 0001:00001a10       ??6?$basic_ostream@DU?$char_traits@D@std@@@std@@QEAAAEAV01@H@Z 0000000180002a10 f i cio.obj
 0001:00001be0       ??5?$basic_istream@DU?$char_traits@D@std@@@std@@QEAAAEAV01@AEAN@Z 0000000180002be0 f i cio.obj
 0001:00001d80       ??5?$basic_istream@DU?$char_traits@D@std@@@std@@QEAAAEAV01@AEA_N@Z 0000000180002d80 f i cio.obj
 0001:00001f20       ??0sentry@?$basic_ostream@DU?$char_traits@D@std@@@std@@QEAA@AEAV12@@Z 0000000180002f20 f i cio.obj
 0001:00001f90       ?do_put@?$num_put@DV?$ostreambuf_iterator@DU?$char_traits@D@std@@@std@@@std@@MEBA?AV?$ostreambuf_iterator@DU?$char_traits@D@std@@@2@V32@AEAVios_base@2@DPEBX@Z 0000000180002f90 f i cio.obj
 0001:00002030       ?do_put@?$num_put@DV?$ostreambuf_iterator@DU?$char_traits@D@std@@@std@@@std@@MEBA?AV?$ostreambuf_iterator@DU?$char_traits@D@std@@@2@V32@AEAVios_base@2@DO@Z 0000000180003030 f i cio.obj
 0001:000022a0       ?do_put@?$num_put@DV?$ostreambuf_iterator@DU?$char_traits@D@std@@@std@@@std@@MEBA?AV?$ostreambuf_iterator@DU?$char_traits@D@std@@@2@V32@AEAVios_base@2@DN@Z 00000001800032a0 f i cio.obj
 0001:00002510       ?do_put@?$num_put@DV?$ostreambuf_iterator@DU?$char_traits@D@std@@@std@@@std@@MEBA?AV?$ostreambuf_iterator@DU?$char_traits@D@std@@@2@V32@AEAVios_base@2@D_K@Z 0000000180003510 f i cio.obj
 0001:00002610       ?do_put@?$num_put@DV?$ostreambuf_iterator@DU?$char_traits@D@std@@@std@@@std@@MEBA?AV?$ostreambuf_iterator@DU?$char_traits@D@std@@@2@V32@AEAVios_base@2@D_J@Z 0000000180003610 f i cio.obj
 0001:00002710       ?do_put@?$num_put@DV?$ostreambuf_iterator@DU?$char_traits@D@std@@@std@@@std@@MEBA?AV?$ostreambuf_iterator@DU?$char_traits@D@std@@@2@V32@AEAVios_base@2@DK@Z 0000000180003710 f i cio.obj
 0001:00002810       ?do_put@?$num_put@DV?$ostreambuf_iterator@DU?$char_traits@D@std@@@std@@@std@@MEBA?AV?$ostreambuf_iterator@DU?$char_traits@D@std@@@2@V32@AEAVios_base@2@DJ@Z 0000000180003810 f i cio.obj
 0001:00002910       ?do_put@?$num_put@DV?$ostreambuf_iterator@DU?$char_traits@D@std@@@std@@@std@@MEBA?AV?$ostreambuf_iterator@DU?$char_traits@D@std@@@2@V32@AEAVios_base@2@D_N@Z 0000000180003910 f i cio.obj
 0001:00002ec0       ?do_get@?$num_get@DV?$istreambuf_iterator@DU?$char_traits@D@std@@@std@@@std@@MEBA?AV?$istreambuf_iterator@DU?$char_traits@D@std@@@2@V32@0AEAVios_base@2@AEAHAEAPEAX@Z 0000000180003ec0 f i cio.obj
 0001:00002fe0       ?do_get@?$num_get@DV?$istreambuf_iterator@DU?$char_traits@D@std@@@std@@@std@@MEBA?AV?$istreambuf_iterator@DU?$char_traits@D@std@@@2@V32@0AEAVios_base@2@AEAHAEAN@Z 0000000180003fe0 f i cio.obj
 0001:00002fe0       ?do_get@?$num_get@DV?$istreambuf_iterator@DU?$char_traits@D@std@@@std@@@std@@MEBA?AV?$istreambuf_iterator@DU?$char_traits@D@std@@@2@V32@0AEAVios_base@2@AEAHAEAO@Z 0000000180003fe0 f i cio.obj
 0001:00003130       ?do_get@?$num_get@DV?$istreambuf_iterator@DU?$char_traits@D@std@@@std@@@std@@MEBA?AV?$istreambuf_iterator@DU?$char_traits@D@std@@@2@V32@0AEAVios_base@2@AEAHAEAM@Z 0000000180004130 f i cio.obj
 0001:00003280       ?do_get@?$num_get@DV?$istreambuf_iterator@DU?$char_traits@D@std@@@std@@@std@@MEBA?AV?$istreambuf_iterator@DU?$char_traits@D@std@@@2@V32@0AEAVios_base@2@AEAHAEA_K@Z 0000000180004280 f i cio.obj
 0001:000033a0       ?do_get@?$num_get@DV?$istreambuf_iterator@DU?$char_traits@D@std@@@std@@@std@@MEBA?AV?$istreambuf_iterator@DU?$char_traits@D@std@@@2@V32@0AEAVios_base@2@AEAHAEA_J@Z 00000001800043a0 f i cio.obj
 0001:000034c0       ?do_get@?$num_get@DV?$istreambuf_iterator@DU?$char_traits@D@std@@@std@@@std@@MEBA?AV?$istreambuf_iterator@DU?$char_traits@D@std@@@2@V32@0AEAVios_base@2@AEAHAEAK@Z 00000001800044c0 f i cio.obj
 0001:000035e0       ?do_get@?$num_get@DV?$istreambuf_iterator@DU?$char_traits@D@std@@@std@@@std@@MEBA?AV?$istreambuf_iterator@DU?$char_traits@D@std@@@2@V32@0AEAVios_base@2@AEAHAEAJ@Z 00000001800045e0 f i cio.obj
 0001:00003700       ?do_get@?$num_get@DV?$istreambuf_iterator@DU?$char_traits@D@std@@@std@@@std@@MEBA?AV?$istreambuf_iterator@DU?$char_traits@D@std@@@2@V32@0AEAVios_base@2@AEAHAEAI@Z 0000000180004700 f i cio.obj
 0001:00003830       ?do_get@?$num_get@DV?$istreambuf_iterator@DU?$char_traits@D@std@@@std@@@std@@MEBA?AV?$istreambuf_iterator@DU?$char_traits@D@std@@@2@V32@0AEAVios_base@2@AEAHAEAG@Z 0000000180004830 f i cio.obj
 0001:00003970       ?do_get@?$num_get@DV?$istreambuf_iterator@DU?$char_traits@D@std@@@std@@@std@@MEBA?AV?$istreambuf_iterator@DU?$char_traits@D@std@@@2@V32@0AEAVios_base@2@AEAHAEA_N@Z 0000000180004970 f i cio.obj
 0001:00003d40       ?assign@?$basic_string@DU?$char_traits@D@std@@V?$allocator@D@2@@std@@QEAAAEAV12@_KD@Z 0000000180004d40 f i cio.obj
 0001:00003e40       ?assign@?$basic_string@DU?$char_traits@D@std@@V?$allocator@D@2@@std@@QEAAAEAV12@PEBD_K@Z 0000000180004e40 f i cio.obj
 0001:00003f70       ?assign@?$basic_string@DU?$char_traits@D@std@@V?$allocator@D@2@@std@@QEAAAEAV12@AEBV12@_K1@Z 0000000180004f70 f i cio.obj
 0001:000040a0       ?append@?$basic_string@DU?$char_traits@D@std@@V?$allocator@D@2@@std@@QEAAAEAV12@PEBD_K@Z 00000001800050a0 f i cio.obj
 0001:000041f0       ?append@?$basic_string@DU?$char_traits@D@std@@V?$allocator@D@2@@std@@QEAAAEAV12@AEBV12@_K1@Z 00000001800051f0 f i cio.obj
 0001:00004320       ?_Assign_rv@?$basic_string@DU?$char_traits@D@std@@V?$allocator@D@2@@std@@QEAAX$$QEAV12@@Z 0000000180005320 f i cio.obj
 0001:000043a0       ??_G?$num_get@DV?$istreambuf_iterator@DU?$char_traits@D@std@@@std@@@std@@MEAAPEAXI@Z 00000001800053a0 f i cio.obj
 0001:000043a0       ??_E?$num_get@DV?$istreambuf_iterator@DU?$char_traits@D@std@@@std@@@std@@MEAAPEAXI@Z 00000001800053a0 f i * CIL library *:* CIL module *
 0001:000043a0       ??_E?$num_put@DV?$ostreambuf_iterator@DU?$char_traits@D@std@@@std@@@std@@MEAAPEAXI@Z 00000001800053a0 f i * CIL library *:* CIL module *
 0001:000043a0       ??_G?$num_put@DV?$ostreambuf_iterator@DU?$char_traits@D@std@@@std@@@std@@MEAAPEAXI@Z 00000001800053a0 f i cio.obj
 0001:000043a0       ??_G?$codecvt@DDU_Mbstatet@@@std@@MEAAPEAXI@Z 00000001800053a0 f i libcpmt:cout.obj
 0001:000043a0       ??_E?$codecvt@DDU_Mbstatet@@@std@@MEAAPEAXI@Z 00000001800053a0 f i libcpmt:cout.obj
 0001:000043d0       ?do_truename@?$numpunct@D@std@@MEBA?AV?$basic_string@DU?$char_traits@D@std@@V?$allocator@D@2@@2@XZ 00000001800053d0 f i cio.obj
 0001:00004420       ?do_falsename@?$numpunct@D@std@@MEBA?AV?$basic_string@DU?$char_traits@D@std@@V?$allocator@D@2@@2@XZ 0000000180005420 f i cio.obj
 0001:00004470       ?do_grouping@?$numpunct@D@std@@MEBA?AV?$basic_string@DU?$char_traits@D@std@@V?$allocator@D@2@@2@XZ 0000000180005470 f i cio.obj
 0001:000044c0       ?do_thousands_sep@?$numpunct@D@std@@MEBADXZ 00000001800054c0 f i cio.obj
 0001:000044d0       ?do_decimal_point@?$numpunct@D@std@@MEBADXZ 00000001800054d0 f i cio.obj
 0001:000044e0       ?_Iput@?$num_put@DV?$ostreambuf_iterator@DU?$char_traits@D@std@@@std@@@std@@AEBA?AV?$ostreambuf_iterator@DU?$char_traits@D@std@@@2@V32@AEAVios_base@2@DPEAD_K@Z 00000001800054e0 f i cio.obj
 0001:00004cc0       ?_Fput@?$num_put@DV?$ostreambuf_iterator@DU?$char_traits@D@std@@@std@@@std@@AEBA?AV?$ostreambuf_iterator@DU?$char_traits@D@std@@@2@V32@AEAVios_base@2@DPEBD_K@Z 0000000180005cc0 f i cio.obj
 0001:00005520       ?_Getffld@?$num_get@DV?$istreambuf_iterator@DU?$char_traits@D@std@@@std@@@std@@AEBAHPEADAEAV?$istreambuf_iterator@DU?$char_traits@D@std@@@2@1AEAVios_base@2@PEAH@Z 0000000180006520 f i cio.obj
 0001:00006400       ?_Getifld@?$num_get@DV?$istreambuf_iterator@DU?$char_traits@D@std@@@std@@@std@@AEBAHPEADAEAV?$istreambuf_iterator@DU?$char_traits@D@std@@@2@1HAEBVlocale@2@@Z 0000000180007400 f i cio.obj
 0001:00006b20       ?erase@?$_Tree@V?$_Tmap_traits@V?$basic_string@DU?$char_traits@D@std@@V?$allocator@D@2@@std@@HU?$less@V?$basic_string@DU?$char_traits@D@std@@V?$allocator@D@2@@std@@@2@V?$allocator@U?$pair@$$CBV?$basic_string@DU?$char_traits@D@std@@V?$allocator@D@2@@std@@H@std@@@2@$0A@@std@@@std@@QEAA?AV?$_Tree_iterator@V?$_Tree_val@U?$_Tree_simple_types@U?$pair@$$CBV?$basic_string@DU?$char_traits@D@std@@V?$allocator@D@2@@std@@H@std@@@std@@@std@@@2@V?$_Tree_const_iterator@V?$_Tree_val@U?$_Tree_simple_types@U?$pair@$$CBV?$basic_string@DU?$char_traits@D@std@@V?$allocator@D@2@@std@@H@std@@@std@@@std@@@2@0@Z 0000000180007b20 f i cio.obj
 0001:00006c30       ?erase@?$basic_string@DU?$char_traits@D@std@@V?$allocator@D@2@@std@@QEAAAEAV12@_K0@Z 0000000180007c30 f i cio.obj
 0001:00006d00       ?append@?$basic_string@DU?$char_traits@D@std@@V?$allocator@D@2@@std@@QEAAAEAV12@_KD@Z 0000000180007d00 f i cio.obj
 0001:00006e10       ??Y?$basic_string@DU?$char_traits@D@std@@V?$allocator@D@2@@std@@QEAAAEAV01@D@Z 0000000180007e10 f i cio.obj
 0001:00006f00       ?flush@?$basic_ostream@DU?$char_traits@D@std@@@std@@QEAAAEAV12@XZ 0000000180007f00 f i cio.obj
 0001:00006ff0       ?_Ipfx@?$basic_istream@DU?$char_traits@D@std@@@std@@QEAA_N_N@Z 0000000180007ff0 f i cio.obj
 0001:00007140       ??_G?$numpunct@D@std@@MEAAPEAXI@Z 0000000180008140 f i cio.obj
 0001:00007140       ??_E?$numpunct@D@std@@MEAAPEAXI@Z 0000000180008140 f i * CIL library *:* CIL module *
 0001:000071a0       ?_Getffldx@?$num_get@DV?$istreambuf_iterator@DU?$char_traits@D@std@@@std@@@std@@AEBAHPEADAEAV?$istreambuf_iterator@DU?$char_traits@D@std@@@2@1AEAVios_base@2@PEAH@Z 00000001800081a0 f i cio.obj
 0001:00008140       ??E?$istreambuf_iterator@DU?$char_traits@D@std@@@std@@QEAAAEAV01@XZ 0000000180009140 f i cio.obj
 0001:000081b0       ??D?$istreambuf_iterator@DU?$char_traits@D@std@@@std@@QEBADXZ 00000001800091b0 f i cio.obj
 0001:00008220       ?erase@?$_Tree@V?$_Tmap_traits@V?$basic_string@DU?$char_traits@D@std@@V?$allocator@D@2@@std@@HU?$less@V?$basic_string@DU?$char_traits@D@std@@V?$allocator@D@2@@std@@@2@V?$allocator@U?$pair@$$CBV?$basic_string@DU?$char_traits@D@std@@V?$allocator@D@2@@std@@H@std@@@2@$0A@@std@@@std@@QEAA?AV?$_Tree_iterator@V?$_Tree_val@U?$_Tree_simple_types@U?$pair@$$CBV?$basic_string@DU?$char_traits@D@std@@V?$allocator@D@2@@std@@H@std@@@std@@@std@@@2@V?$_Tree_const_iterator@V?$_Tree_val@U?$_Tree_simple_types@U?$pair@$$CBV?$basic_string@DU?$char_traits@D@std@@V?$allocator@D@2@@std@@H@std@@@std@@@std@@@2@@Z 0000000180009220 f i cio.obj
 0001:000086e0       ?_Copy@?$basic_string@DU?$char_traits@D@std@@V?$allocator@D@2@@std@@QEAAX_K0@Z 00000001800096e0 f i cio.obj
 0001:00008860       ?snextc@?$basic_streambuf@DU?$char_traits@D@std@@@std@@QEAAHXZ 0000000180009860 f i cio.obj
 0001:00008900       ?_Rrotate@?$_Tree@V?$_Tmap_traits@V?$basic_string@DU?$char_traits@D@std@@V?$allocator@D@2@@std@@HU?$less@V?$basic_string@DU?$char_traits@D@std@@V?$allocator@D@2@@std@@@2@V?$allocator@U?$pair@$$CBV?$basic_string@DU?$char_traits@D@std@@V?$allocator@D@2@@std@@H@std@@@2@$0A@@std@@@std@@IEAAXPEAU?$_Tree_node@U?$pair@$$CBV?$basic_string@DU?$char_traits@D@std@@V?$allocator@D@2@@std@@H@std@@PEAX@2@@Z 0000000180009900 f i cio.obj
 0001:00008960       ?_Lrotate@?$_Tree@V?$_Tmap_traits@V?$basic_string@DU?$char_traits@D@std@@V?$allocator@D@2@@std@@HU?$less@V?$basic_string@DU?$char_traits@D@std@@V?$allocator@D@2@@std@@@2@V?$allocator@U?$pair@$$CBV?$basic_string@DU?$char_traits@D@std@@V?$allocator@D@2@@std@@H@std@@@2@$0A@@std@@@std@@IEAAXPEAU?$_Tree_node@U?$pair@$$CBV?$basic_string@DU?$char_traits@D@std@@V?$allocator@D@2@@std@@H@std@@PEAX@2@@Z 0000000180009960 f i cio.obj
 0001:000089c0       ?_Erase@?$_Tree@V?$_Tmap_traits@V?$basic_string@DU?$char_traits@D@std@@V?$allocator@D@2@@std@@HU?$less@V?$basic_string@DU?$char_traits@D@std@@V?$allocator@D@2@@std@@@2@V?$allocator@U?$pair@$$CBV?$basic_string@DU?$char_traits@D@std@@V?$allocator@D@2@@std@@H@std@@@2@$0A@@std@@@std@@IEAAXPEAU?$_Tree_node@U?$pair@$$CBV?$basic_string@DU?$char_traits@D@std@@V?$allocator@D@2@@std@@H@std@@PEAX@2@@Z 00000001800099c0 f i cio.obj
 0001:00008aa0       ??$use_facet@V?$ctype@D@std@@@std@@YAAEBV?$ctype@D@0@AEBVlocale@0@@Z 0000000180009aa0 f i cio.obj
 0001:00008bd0       ??$_Immortalize@V_Iostream_error_category@std@@@std@@YAAEAV_Iostream_error_category@0@XZ 0000000180009bd0 f i cio.obj
 0001:00008c50       ??$?6DU?$char_traits@D@std@@V?$allocator@D@1@@std@@YAAEAV?$basic_ostream@DU?$char_traits@D@std@@@0@AEAV10@AEBV?$basic_string@DU?$char_traits@D@std@@V?$allocator@D@2@@0@@Z 0000000180009c50 f i cio.obj
 0001:00008ed0       ??$NODE_SET_METHOD@V?$Local@VObject@v8@@@v8@@@node@@YAXAEBV?$Local@VObject@v8@@@v8@@PEBDP6AXAEBV?$FunctionCallbackInfo@VValue@v8@@@2@@Z@Z 0000000180009ed0 f i cio.obj
 0001:00008f90       ??$use_facet@V?$num_put@DV?$ostreambuf_iterator@DU?$char_traits@D@std@@@std@@@std@@@std@@YAAEBV?$num_put@DV?$ostreambuf_iterator@DU?$char_traits@D@std@@@std@@@0@AEBVlocale@0@@Z 0000000180009f90 f i cio.obj
 0001:00009110       ??$use_facet@V?$num_get@DV?$istreambuf_iterator@DU?$char_traits@D@std@@@std@@@std@@@std@@YAAEBV?$num_get@DV?$istreambuf_iterator@DU?$char_traits@D@std@@@std@@@0@AEBVlocale@0@@Z 000000018000a110 f i cio.obj
 0001:00009290       ??$use_facet@V?$numpunct@D@std@@@std@@YAAEBV?$numpunct@D@0@AEBVlocale@0@@Z 000000018000a290 f i cio.obj
 0001:000093c0       ??$_Getloctxt@DV?$istreambuf_iterator@DU?$char_traits@D@std@@@std@@@std@@YAHAEAV?$istreambuf_iterator@DU?$char_traits@D@std@@@0@0_KPEBD@Z 000000018000a3c0 f i cio.obj
 0001:00009670       ?_Getcat@?$numpunct@D@std@@SA_KPEAPEBVfacet@locale@2@PEBV42@@Z 000000018000a670 f i cio.obj
 0001:00009730       ?equal@?$istreambuf_iterator@DU?$char_traits@D@std@@@std@@QEBA_NAEBV12@@Z 000000018000a730 f i cio.obj
 0001:00009800       ?put@?$basic_ostream@DU?$char_traits@D@std@@@std@@QEAAAEAV12@D@Z 000000018000a800 f i cio.obj
 0001:00009950       ?widen@?$basic_ios@DU?$char_traits@D@std@@@std@@QEBADD@Z 000000018000a950 f i cio.obj
 0001:000099f0       ?_Init@?$numpunct@D@std@@IEAAXAEBV_Locinfo@2@_N@Z 000000018000a9f0 f i cio.obj
 0001:00009b70       ??$?5DU?$char_traits@D@std@@V?$allocator@D@1@@std@@YAAEAV?$basic_istream@DU?$char_traits@D@std@@@0@$$QEAV10@AEAV?$basic_string@DU?$char_traits@D@std@@V?$allocator@D@2@@0@@Z 000000018000ab70 f i cio.obj
 0001:00009de0       ??$_Try_emplace@V?$basic_string@DU?$char_traits@D@std@@V?$allocator@D@2@@std@@$$V@?$map@V?$basic_string@DU?$char_traits@D@std@@V?$allocator@D@2@@std@@HU?$less@V?$basic_string@DU?$char_traits@D@std@@V?$allocator@D@2@@std@@@2@V?$allocator@U?$pair@$$CBV?$basic_string@DU?$char_traits@D@std@@V?$allocator@D@2@@std@@H@std@@@2@@std@@QEAA?AU?$pair@V?$_Tree_iterator@V?$_Tree_val@U?$_Tree_simple_types@U?$pair@$$CBV?$basic_string@DU?$char_traits@D@std@@V?$allocator@D@2@@std@@H@std@@@std@@@std@@@std@@_N@1@$$QEAV?$basic_string@DU?$char_traits@D@std@@V?$allocator@D@2@@1@@Z 000000018000ade0 f i cio.obj
 0001:00009ed0       ??$_Try_emplace@AEBV?$basic_string@DU?$char_traits@D@std@@V?$allocator@D@2@@std@@$$V@?$map@V?$basic_string@DU?$char_traits@D@std@@V?$allocator@D@2@@std@@HU?$less@V?$basic_string@DU?$char_traits@D@std@@V?$allocator@D@2@@std@@@2@V?$allocator@U?$pair@$$CBV?$basic_string@DU?$char_traits@D@std@@V?$allocator@D@2@@std@@H@std@@@2@@std@@QEAA?AU?$pair@V?$_Tree_iterator@V?$_Tree_val@U?$_Tree_simple_types@U?$pair@$$CBV?$basic_string@DU?$char_traits@D@std@@V?$allocator@D@2@@std@@H@std@@@std@@@std@@@std@@_N@1@AEBV?$basic_string@DU?$char_traits@D@std@@V?$allocator@D@2@@1@@Z 000000018000aed0 f i cio.obj
 0001:00009fe0       ??0?$_Wrap_alloc@V?$allocator@U?$_Tree_node@U?$pair@$$CBV?$basic_string@DU?$char_traits@D@std@@V?$allocator@D@2@@std@@H@std@@PEAX@std@@@std@@@std@@QEAA@XZ 000000018000afe0 f i cio.obj
 0001:00009ff0       ??R?$less@V?$basic_string@DU?$char_traits@D@std@@V?$allocator@D@2@@std@@@std@@QEBA_NAEBV?$basic_string@DU?$char_traits@D@std@@V?$allocator@D@2@@1@0@Z 000000018000aff0 f i cio.obj
 0001:0000a070       ??$_Lbound@V?$basic_string@DU?$char_traits@D@std@@V?$allocator@D@2@@std@@@?$_Tree@V?$_Tmap_traits@V?$basic_string@DU?$char_traits@D@std@@V?$allocator@D@2@@std@@HU?$less@V?$basic_string@DU?$char_traits@D@std@@V?$allocator@D@2@@std@@@2@V?$allocator@U?$pair@$$CBV?$basic_string@DU?$char_traits@D@std@@V?$allocator@D@2@@std@@H@std@@@2@$0A@@std@@@std@@IEBAPEAU?$_Tree_node@U?$pair@$$CBV?$basic_string@DU?$char_traits@D@std@@V?$allocator@D@2@@std@@H@std@@PEAX@1@AEBV?$basic_string@DU?$char_traits@D@std@@V?$allocator@D@2@@1@@Z 000000018000b070 f i cio.obj
 0001:0000a120       ??$_Insert_hint@AEAU?$pair@$$CBV?$basic_string@DU?$char_traits@D@std@@V?$allocator@D@2@@std@@H@std@@PEAU?$_Tree_node@U?$pair@$$CBV?$basic_string@DU?$char_traits@D@std@@V?$allocator@D@2@@std@@H@std@@PEAX@2@@?$_Tree@V?$_Tmap_traits@V?$basic_string@DU?$char_traits@D@std@@V?$allocator@D@2@@std@@HU?$less@V?$basic_string@DU?$char_traits@D@std@@V?$allocator@D@2@@std@@@2@V?$allocator@U?$pair@$$CBV?$basic_string@DU?$char_traits@D@std@@V?$allocator@D@2@@std@@H@std@@@2@$0A@@std@@@std@@IEAA?AV?$_Tree_iterator@V?$_Tree_val@U?$_Tree_simple_types@U?$pair@$$CBV?$basic_string@DU?$char_traits@D@std@@V?$allocator@D@2@@std@@H@std@@@std@@@std@@@1@V?$_Tree_const_iterator@V?$_Tree_val@U?$_Tree_simple_types@U?$pair@$$CBV?$basic_string@DU?$char_traits@D@std@@V?$allocator@D@2@@std@@H@std@@@std@@@std@@@1@AEAU?$pair@$$CBV?$basic_string@DU?$char_traits@D@std@@V?$allocator@D@2@@std@@H@1@PEAU?$_Tree_node@U?$pair@$$CBV?$basic_string@DU?$char_traits@D@std@@V?$allocator@D@2@@std@@H@std@@PEAX@1@@Z 000000018000b120 f i cio.obj
 0001:0000a350       ??F?$_Tree_const_iterator@V?$_Tree_val@U?$_Tree_simple_types@U?$pair@$$CBV?$basic_string@DU?$char_traits@D@std@@V?$allocator@D@2@@std@@H@std@@@std@@@std@@@std@@QEAAAEAV01@XZ 000000018000b350 f i cio.obj
 0001:0000a3d0       ??$_Insert_at@AEAU?$pair@$$CBV?$basic_string@DU?$char_traits@D@std@@V?$allocator@D@2@@std@@H@std@@PEAU?$_Tree_node@U?$pair@$$CBV?$basic_string@DU?$char_traits@D@std@@V?$allocator@D@2@@std@@H@std@@PEAX@2@@?$_Tree@V?$_Tmap_traits@V?$basic_string@DU?$char_traits@D@std@@V?$allocator@D@2@@std@@HU?$less@V?$basic_string@DU?$char_traits@D@std@@V?$allocator@D@2@@std@@@2@V?$allocator@U?$pair@$$CBV?$basic_string@DU?$char_traits@D@std@@V?$allocator@D@2@@std@@H@std@@@2@$0A@@std@@@std@@IEAA?AV?$_Tree_iterator@V?$_Tree_val@U?$_Tree_simple_types@U?$pair@$$CBV?$basic_string@DU?$char_traits@D@std@@V?$allocator@D@2@@std@@H@std@@@std@@@std@@@1@_NPEAU?$_Tree_node@U?$pair@$$CBV?$basic_string@DU?$char_traits@D@std@@V?$allocator@D@2@@std@@H@std@@PEAX@1@AEAU?$pair@$$CBV?$basic_string@DU?$char_traits@D@std@@V?$allocator@D@2@@std@@H@1@1@Z 000000018000b3d0 f i cio.obj
 0001:0000a6c0       ??$_Insert_nohint@AEAU?$pair@$$CBV?$basic_string@DU?$char_traits@D@std@@V?$allocator@D@2@@std@@H@std@@PEAU?$_Tree_node@U?$pair@$$CBV?$basic_string@DU?$char_traits@D@std@@V?$allocator@D@2@@std@@H@std@@PEAX@2@@?$_Tree@V?$_Tmap_traits@V?$basic_string@DU?$char_traits@D@std@@V?$allocator@D@2@@std@@HU?$less@V?$basic_string@DU?$char_traits@D@std@@V?$allocator@D@2@@std@@@2@V?$allocator@U?$pair@$$CBV?$basic_string@DU?$char_traits@D@std@@V?$allocator@D@2@@std@@H@std@@@2@$0A@@std@@@std@@IEAA?AU?$pair@V?$_Tree_iterator@V?$_Tree_val@U?$_Tree_simple_types@U?$pair@$$CBV?$basic_string@DU?$char_traits@D@std@@V?$allocator@D@2@@std@@H@std@@@std@@@std@@@std@@_N@1@_NAEAU?$pair@$$CBV?$basic_string@DU?$char_traits@D@std@@V?$allocator@D@2@@std@@H@1@PEAU?$_Tree_node@U?$pair@$$CBV?$basic_string@DU?$char_traits@D@std@@V?$allocator@D@2@@std@@H@std@@PEAX@1@@Z 000000018000b6c0 f i cio.obj
 0001:0000a8dc       __imp_load_?GetCurrent@Isolate@v8@@SAPEAV12@XZ 000000018000b8dc f   node:node.exe
 0001:0000a8e8       __tailMerge_node_exe       000000018000b8e8 f i node:node.exe
 0001:0000a961       __imp_load_??1HandleScope@v8@@QEAA@XZ 000000018000b961 f   node:node.exe
 0001:0000a96d       __imp_load_??0HandleScope@v8@@QEAA@PEAVIsolate@1@@Z 000000018000b96d f   node:node.exe
 0001:0000a979       __imp_load_?GetFunction@FunctionTemplate@v8@@QEAA?AV?$Local@VFunction@v8@@@2@XZ 000000018000b979 f   node:node.exe
 0001:0000a985       __imp_load_?New@FunctionTemplate@v8@@SA?AV?$Local@VFunctionTemplate@v8@@@2@PEAVIsolate@2@P6AXAEBV?$FunctionCallbackInfo@VValue@v8@@@2@@ZV?$Local@VValue@v8@@@2@V?$Local@VSignature@v8@@@2@H@Z 000000018000b985 f   node:node.exe
 0001:0000a991       __imp_load_?BooleanValue@Value@v8@@QEBA_NXZ 000000018000b991 f   node:node.exe
 0001:0000a99d       __imp_load_??1Utf8Value@String@v8@@QEAA@XZ 000000018000b99d f   node:node.exe
 0001:0000a9a9       __imp_load_??0Utf8Value@String@v8@@QEAA@V?$Local@VValue@v8@@@2@@Z 000000018000b9a9 f   node:node.exe
 0001:0000a9b5       __imp_load_?NewFromUtf8@String@v8@@SA?AV?$Local@VString@v8@@@2@PEAVIsolate@2@PEBDW4NewStringType@12@H@Z 000000018000b9b5 f   node:node.exe
 0001:0000a9c1       __imp_load_?New@Number@v8@@SA?AV?$Local@VNumber@v8@@@2@PEAVIsolate@2@N@Z 000000018000b9c1 f   node:node.exe
 0001:0000a9cd       __imp_load_?Set@Object@v8@@QEAA_NV?$Local@VValue@v8@@@2@0@Z 000000018000b9cd f   node:node.exe
 0001:0000a9d9       __imp_load_?SetName@Function@v8@@QEAAXV?$Local@VString@v8@@@2@@Z 000000018000b9d9 f   node:node.exe
 0001:0000a9e5       __imp_load_node_module_register 000000018000b9e5 f   node:node.exe
 0001:0000a9f4       _Stollx                    000000018000b9f4 f   libcpmt:xstoll.obj
 0001:0000aae8       _Stolx                     000000018000bae8 f   libcpmt:xstol.obj
 0001:0000abc8       _Stoulx                    000000018000bbc8 f   libcpmt:xstoul.obj
 0001:0000ad98       ??0_Init_locks@std@@QEAA@XZ 000000018000bd98 f   libcpmt:xlock.obj
 0001:0000ade4       ??0_Lockit@std@@QEAA@H@Z   000000018000bde4 f   libcpmt:xlock.obj
 0001:0000ae20       ??1_Init_locks@std@@QEAA@XZ 000000018000be20 f   libcpmt:xlock.obj
 0001:0000ae64       ??1_Lockit@std@@QEAA@XZ    000000018000be64 f   libcpmt:xlock.obj
 0001:0000ae98       ??$use_facet@V?$codecvt@DDU_Mbstatet@@@std@@@std@@YAAEBV?$codecvt@DDU_Mbstatet@@@0@AEBVlocale@0@@Z 000000018000be98 f i libcpmt:cout.obj
 0001:0000afd0       ??0?$basic_ostream@DU?$char_traits@D@std@@@std@@QEAA@PEAV?$basic_streambuf@DU?$char_traits@D@std@@@1@_N@Z 000000018000bfd0 f i libcpmt:cout.obj
 0001:0000b098       ??0?$basic_streambuf@DU?$char_traits@D@std@@@std@@IEAA@XZ 000000018000c098 f i libcpmt:cout.obj
 0001:0000b148       ??0_Init_cout@std@@QEAA@XZ 000000018000c148 f i libcpmt:cout.obj
 0001:0000b1b4       ??0bad_cast@std@@QEAA@AEBV01@@Z 000000018000c1b4 f i libcpmt:cout.obj
 0001:0000b1f4       ??0bad_cast@std@@QEAA@XZ   000000018000c1f4 f i libcpmt:cout.obj
 0001:0000b214       ??0exception@std@@QEAA@AEBV01@@Z 000000018000c214 f i libcpmt:cout.obj
 0001:0000b24c       ??1?$basic_filebuf@DU?$char_traits@D@std@@@std@@UEAA@XZ 000000018000c24c f i libcpmt:cout.obj
 0001:0000b2f8       ??1?$basic_ios@DU?$char_traits@D@std@@@std@@UEAA@XZ 000000018000c2f8 f i libcpmt:cout.obj
 0001:0000b31c       ??_E?$basic_ostream@DU?$char_traits@D@std@@@std@@$4PPPPPPPM@A@EAAPEAXI@Z 000000018000c31c f i libcpmt:cout.obj
 0001:0000b328       ??_G?$basic_filebuf@DU?$char_traits@D@std@@@std@@UEAAPEAXI@Z 000000018000c328 f i libcpmt:cout.obj
 0001:0000b328       ??_E?$basic_filebuf@DU?$char_traits@D@std@@@std@@UEAAPEAXI@Z 000000018000c328 f i libcpmt:cout.obj
 0001:0000b35c       ??_E?$basic_ios@DU?$char_traits@D@std@@@std@@UEAAPEAXI@Z 000000018000c35c f i libcpmt:cout.obj
 0001:0000b35c       ??_G?$basic_ios@DU?$char_traits@D@std@@@std@@UEAAPEAXI@Z 000000018000c35c f i libcpmt:cout.obj
 0001:0000b3a8       ??_E?$basic_ostream@DU?$char_traits@D@std@@@std@@UEAAPEAXI@Z 000000018000c3a8 f i libcpmt:cout.obj
 0001:0000b3a8       ??_G?$basic_ostream@DU?$char_traits@D@std@@@std@@UEAAPEAXI@Z 000000018000c3a8 f i libcpmt:cout.obj
 0001:0000b418       ??_E?$basic_streambuf@DU?$char_traits@D@std@@@std@@UEAAPEAXI@Z 000000018000c418 f i libcpmt:cout.obj
 0001:0000b418       ??_G?$basic_streambuf@DU?$char_traits@D@std@@@std@@UEAAPEAXI@Z 000000018000c418 f i libcpmt:cout.obj
 0001:0000b468       ??_Eios_base@std@@UEAAPEAXI@Z 000000018000c468 f i libcpmt:cout.obj
 0001:0000b468       ??_Gios_base@std@@UEAAPEAXI@Z 000000018000c468 f i libcpmt:cout.obj
 0001:0000b4b4       ??_Glocale@std@@QEAAPEAXI@Z 000000018000c4b4 f i libcpmt:cout.obj
 0001:0000b544       ?_Endwrite@?$basic_filebuf@DU?$char_traits@D@std@@@std@@IEAA_NXZ 000000018000c544 f i libcpmt:cout.obj
 0001:0000b6f8       ?_Getcat@?$codecvt@DDU_Mbstatet@@@std@@SA_KPEAPEBVfacet@locale@2@PEBV42@@Z 000000018000c6f8 f i libcpmt:cout.obj
 0001:0000b7bc       ?_Init@?$basic_filebuf@DU?$char_traits@D@std@@@std@@IEAAXPEAU_iobuf@@W4_Initfl@12@@Z 000000018000c7bc f i libcpmt:cout.obj
 0001:0000b8a8       ?_Init@ios_base@std@@IEAAXXZ 000000018000c8a8 f i libcpmt:cout.obj
 0001:0000b928       ?_Initcvt@?$basic_filebuf@DU?$char_traits@D@std@@@std@@IEAAXPEBV?$codecvt@DDU_Mbstatet@@@2@@Z 000000018000c928 f i libcpmt:cout.obj
 0001:0000b9c8       ?_Lock@?$basic_filebuf@DU?$char_traits@D@std@@@std@@UEAAXXZ 000000018000c9c8 f i libcpmt:cout.obj
 0001:0000b9e4       ?_Unlock@?$basic_filebuf@DU?$char_traits@D@std@@@std@@UEAAXXZ 000000018000c9e4 f i libcpmt:cout.obj
 0001:0000ba00       ?do_out@?$codecvt@DDU_Mbstatet@@@std@@MEBAHAEAU_Mbstatet@@PEBD1AEAPEBDPEAD3AEAPEAD@Z 000000018000ca00 f i libcpmt:cout.obj
 0001:0000ba00       ?do_in@?$codecvt@DDU_Mbstatet@@@std@@MEBAHAEAU_Mbstatet@@PEBD1AEAPEBDPEAD3AEAPEAD@Z 000000018000ca00 f i libcpmt:cout.obj
 0001:0000ba1c       ?do_length@?$codecvt@DDU_Mbstatet@@@std@@MEBAHAEAU_Mbstatet@@PEBD1_K@Z 000000018000ca1c f i libcpmt:cout.obj
 0001:0000ba30       ?do_unshift@?$codecvt@DDU_Mbstatet@@@std@@MEBAHAEAU_Mbstatet@@PEAD1AEAPEAD@Z 000000018000ca30 f i libcpmt:cout.obj
 0001:0000ba3c       ?imbue@?$basic_filebuf@DU?$char_traits@D@std@@@std@@MEAAXAEBVlocale@2@@Z 000000018000ca3c f i libcpmt:cout.obj
 0001:0000ba60       ?overflow@?$basic_filebuf@DU?$char_traits@D@std@@@std@@MEAAHH@Z 000000018000ca60 f i libcpmt:cout.obj
 0001:0000bcc0       ?overflow@?$basic_streambuf@DU?$char_traits@D@std@@@std@@MEAAHH@Z 000000018000ccc0 f i libcpmt:cout.obj
 0001:0000bcc0       ?pbackfail@?$basic_streambuf@DU?$char_traits@D@std@@@std@@MEAAHH@Z 000000018000ccc0 f i libcpmt:cout.obj
 0001:0000bcc0       ?underflow@?$basic_streambuf@DU?$char_traits@D@std@@@std@@MEAAHXZ 000000018000ccc0 f i libcpmt:cout.obj
 0001:0000bcc4       ?pbackfail@?$basic_filebuf@DU?$char_traits@D@std@@@std@@MEAAHH@Z 000000018000ccc4 f i libcpmt:cout.obj
 0001:0000bd94       ?seekoff@?$basic_filebuf@DU?$char_traits@D@std@@@std@@MEAA?AV?$fpos@U_Mbstatet@@@2@_JHH@Z 000000018000cd94 f i libcpmt:cout.obj
 0001:0000be80       ?seekpos@?$basic_filebuf@DU?$char_traits@D@std@@@std@@MEAA?AV?$fpos@U_Mbstatet@@@2@V32@H@Z 000000018000ce80 f i libcpmt:cout.obj
 0001:0000bf80       ?seekoff@?$basic_streambuf@DU?$char_traits@D@std@@@std@@MEAA?AV?$fpos@U_Mbstatet@@@2@_JHH@Z 000000018000cf80 f i libcpmt:cout.obj
 0001:0000bf80       ?seekpos@?$basic_streambuf@DU?$char_traits@D@std@@@std@@MEAA?AV?$fpos@U_Mbstatet@@@2@V32@H@Z 000000018000cf80 f i libcpmt:cout.obj
 0001:0000bf9c       ?setbuf@?$basic_filebuf@DU?$char_traits@D@std@@@std@@MEAAPEAV?$basic_streambuf@DU?$char_traits@D@std@@@2@PEAD_J@Z 000000018000cf9c f i libcpmt:cout.obj
 0001:0000bff0       ?setbuf@?$basic_streambuf@DU?$char_traits@D@std@@@std@@MEAAPEAV12@PEAD_J@Z 000000018000cff0 f i libcpmt:cout.obj
 0001:0000bff4       ?sync@?$basic_filebuf@DU?$char_traits@D@std@@@std@@MEAAHXZ 000000018000cff4 f i libcpmt:cout.obj
 0001:0000c054       ?uflow@?$basic_filebuf@DU?$char_traits@D@std@@@std@@MEAAHXZ 000000018000d054 f i libcpmt:cout.obj
 0001:0000c2ec       ?uflow@?$basic_streambuf@DU?$char_traits@D@std@@@std@@MEAAHXZ 000000018000d2ec f i libcpmt:cout.obj
 0001:0000c338       ?underflow@?$basic_filebuf@DU?$char_traits@D@std@@@std@@MEAAHXZ 000000018000d338 f i libcpmt:cout.obj
 0001:0000c3b0       ?what@exception@std@@UEBAPEBDXZ 000000018000d3b0 f i libcpmt:cout.obj
 0001:0000c3c4       ?xsgetn@?$basic_streambuf@DU?$char_traits@D@std@@@std@@MEAA_JPEAD_J@Z 000000018000d3c4 f i libcpmt:cout.obj
 0001:0000c484       ?xsputn@?$basic_streambuf@DU?$char_traits@D@std@@@std@@MEAA_JPEBD_J@Z 000000018000d484 f i libcpmt:cout.obj
 0001:0000c548       ??4?$_Yarn@D@std@@QEAAAEAV01@PEBD@Z 000000018000d548 f i libcpmt:locale0.obj
 0001:0000c5c0       ??_G_Fac_node@std@@QEAAPEAXI@Z 000000018000d5c0 f i libcpmt:locale0.obj
 0001:0000c64c       ??_E_Locimp@locale@std@@MEAAPEAXI@Z 000000018000d64c f i libcpmt:locale0.obj
 0001:0000c64c       ??_G_Locimp@locale@std@@MEAAPEAXI@Z 000000018000d64c f i libcpmt:locale0.obj
 0001:0000c6b8       ?_Facet_Register@std@@YAXPEAV_Facet_base@1@@Z 000000018000d6b8 f   libcpmt:locale0.obj
 0001:0000c6f0       ?_Getgloballocale@locale@std@@CAPEAV_Locimp@12@XZ 000000018000d6f0 f   libcpmt:locale0.obj
 0001:0000c6f8       ?_Init@locale@std@@CAPEAV_Locimp@12@_N@Z 000000018000d6f8 f   libcpmt:locale0.obj
 0001:0000c7b4       ?_Locimp_dtor@_Locimp@locale@std@@CAXPEAV123@@Z 000000018000d7b4 f   libcpmt:locale0.obj
 0001:0000c85c       ?_Locinfo_ctor@_Locinfo@std@@SAXPEAV12@PEBD@Z 000000018000d85c f   libcpmt:locale0.obj
 0001:0000c8c8       ?_Locinfo_dtor@_Locinfo@std@@SAXPEAV12@@Z 000000018000d8c8 f   libcpmt:locale0.obj
 0001:0000c8ec       ?_New_Locimp@_Locimp@locale@std@@CAPEAV123@_N@Z 000000018000d8ec f   libcpmt:locale0.obj
 0001:0000c95c       ?_Setgloballocale@locale@std@@CAXPEAX@Z 000000018000d95c f   libcpmt:locale0.obj
 0001:0000c990       _Deletegloballocale        000000018000d990 f   libcpmt:locale0.obj
 0001:0000ca18       ??0?$basic_istream@DU?$char_traits@D@std@@@std@@QEAA@PEAV?$basic_streambuf@DU?$char_traits@D@std@@@1@_N@Z 000000018000da18 f i libcpmt:cin.obj
 0001:0000cae4       ??_E?$basic_istream@DU?$char_traits@D@std@@@std@@$4PPPPPPPM@A@EAAPEAXI@Z 000000018000dae4 f i libcpmt:cin.obj
 0001:0000caf0       ??_G?$basic_istream@DU?$char_traits@D@std@@@std@@UEAAPEAXI@Z 000000018000daf0 f i libcpmt:cin.obj
 0001:0000caf0       ??_E?$basic_istream@DU?$char_traits@D@std@@@std@@UEAAPEAXI@Z 000000018000daf0 f i libcpmt:cin.obj
 0001:0000cb60       ??0bad_alloc@std@@QEAA@AEBV01@@Z 000000018000db60 f i libcpmt:xthrow.obj
 0001:0000cba0       ??0bad_alloc@std@@QEAA@XZ  000000018000dba0 f i libcpmt:xthrow.obj
 0001:0000cbc0       ??0length_error@std@@QEAA@AEBV01@@Z 000000018000dbc0 f i libcpmt:xthrow.obj
 0001:0000cc00       ??0length_error@std@@QEAA@PEBD@Z 000000018000dc00 f i libcpmt:xthrow.obj
 0001:0000cc4c       ??0logic_error@std@@QEAA@AEBV01@@Z 000000018000dc4c f i libcpmt:xthrow.obj
 0001:0000cc8c       ??0out_of_range@std@@QEAA@AEBV01@@Z 000000018000dc8c f i libcpmt:xthrow.obj
 0001:0000cccc       ??0out_of_range@std@@QEAA@PEBD@Z 000000018000dccc f i libcpmt:xthrow.obj
 0001:0000cd18       ??1out_of_range@std@@UEAA@XZ 000000018000dd18 f i libcpmt:xthrow.obj
 0001:0000cd18       ??1bad_cast@std@@UEAA@XZ   000000018000dd18 f i libcpmt:cout.obj
 0001:0000cd18       ??1bad_array_new_length@std@@UEAA@XZ 000000018000dd18 f i LIBCMT:throw_bad_alloc.obj
 0001:0000cd18       ??1bad_exception@std@@UEAA@XZ 000000018000dd18 f i libvcruntime:frame.obj
 0001:0000cd18       ??1bad_alloc@std@@UEAA@XZ  000000018000dd18 f i libcpmt:xthrow.obj
 0001:0000cd18       ??1length_error@std@@UEAA@XZ 000000018000dd18 f i libcpmt:xthrow.obj
 0001:0000cd2c       ??_Gbad_array_new_length@std@@UEAAPEAXI@Z 000000018000dd2c f i LIBCMT:throw_bad_alloc.obj
 0001:0000cd2c       ??_Glength_error@std@@UEAAPEAXI@Z 000000018000dd2c f i libcpmt:xthrow.obj
 0001:0000cd2c       ??_Ebad_array_new_length@std@@UEAAPEAXI@Z 000000018000dd2c f i LIBCMT:throw_bad_alloc.obj
 0001:0000cd2c       ??_Gbad_cast@std@@UEAAPEAXI@Z 000000018000dd2c f i libcpmt:cout.obj
 0001:0000cd2c       ??_Glogic_error@std@@UEAAPEAXI@Z 000000018000dd2c f i libcpmt:xthrow.obj
 0001:0000cd2c       ??_Eout_of_range@std@@UEAAPEAXI@Z 000000018000dd2c f i libcpmt:xthrow.obj
 0001:0000cd2c       ??_Gbad_exception@std@@UEAAPEAXI@Z 000000018000dd2c f i libvcruntime:frame.obj
 0001:0000cd2c       ??_Elogic_error@std@@UEAAPEAXI@Z 000000018000dd2c f i libcpmt:xthrow.obj
 0001:0000cd2c       ??_Ebad_exception@std@@UEAAPEAXI@Z 000000018000dd2c f i libvcruntime:frame.obj
 0001:0000cd2c       ??_Ebad_alloc@std@@UEAAPEAXI@Z 000000018000dd2c f i libcpmt:xthrow.obj
 0001:0000cd2c       ??_Gout_of_range@std@@UEAAPEAXI@Z 000000018000dd2c f i libcpmt:xthrow.obj
 0001:0000cd2c       ??_Gbad_alloc@std@@UEAAPEAXI@Z 000000018000dd2c f i libcpmt:xthrow.obj
 0001:0000cd2c       ??_Elength_error@std@@UEAAPEAXI@Z 000000018000dd2c f i libcpmt:xthrow.obj
 0001:0000cd2c       ??_Ebad_cast@std@@UEAAPEAXI@Z 000000018000dd2c f i libcpmt:cout.obj
 0001:0000cd2c       ??_Eexception@std@@UEAAPEAXI@Z 000000018000dd2c f i libcpmt:cout.obj
 0001:0000cd2c       ??_Gexception@std@@UEAAPEAXI@Z 000000018000dd2c f i libcpmt:cout.obj
 0001:0000cd70       ?_Xlength_error@std@@YAXPEBD@Z 000000018000dd70 f   libcpmt:xthrow.obj
 0001:0000cd94       ?_Xout_of_range@std@@YAXPEBD@Z 000000018000dd94 f   libcpmt:xthrow.obj
 0001:0000cdb8       ?_Syserror_map@std@@YAPEBDH@Z 000000018000ddb8 f   libcpmt:syserror.obj
 0001:0000cde0       _Stoullx                   000000018000dde0 f   libcpmt:xstoull.obj
 0001:0000cfa8       _Getctype                  000000018000dfa8 f   libcpmt:_tolower.obj
 0001:0000d068       _Tolower                   000000018000e068 f   libcpmt:_tolower.obj
 0001:0000d190       _Getcvt                    000000018000e190 f   libcpmt:xwctomb.obj
 0001:0000d220       _Toupper                   000000018000e220 f   libcpmt:_toupper.obj
 0001:0000d358       _Mtxdst                    000000018000e358 f   libcpmt:xmtx.obj
 0001:0000d360       _Mtxinit                   000000018000e360 f   libcpmt:xmtx.obj
 0001:0000d370       _Mtxlock                   000000018000e370 f   libcpmt:xmtx.obj
 0001:0000d378       _Mtxunlock                 000000018000e378 f   libcpmt:xmtx.obj
 0001:0000d380       ?_Addstd@ios_base@std@@SAXPEAV12@@Z 000000018000e380 f   libcpmt:ios.obj
 0001:0000d3f0       ?_Ios_base_dtor@ios_base@std@@CAXPEAV12@@Z 000000018000e3f0 f   libcpmt:ios.obj
 0001:0000d434       ?_Tidy@ios_base@std@@AEAAXXZ 000000018000e434 f i libcpmt:ios.obj
 0001:0000d4c4       ?_Atexit@@YAXP6AXXZ@Z      000000018000e4c4 f   libcpmt:iosptrs.obj
 0001:0000d504       __crtLCMapStringA          000000018000e504 f   libcpmt:StlLCMapStringA.obj
 0001:0000dcc0       __crtInitializeCriticalSectionEx 000000018000ecc0 f   libcpmt:winapisupp.obj
 0001:0000dd20       GetTableIndexFromLocaleName 000000018000ed20 f   libcpmt:winapinls.obj
 0001:0000ddac       __crtDownlevelLocaleNameToLCID 000000018000edac f   libcpmt:winapinls.obj
 0001:0000dde0       __crtLCMapStringEx         000000018000ede0 f   libcpmt:winapinls.obj
 0001:0000de9c       __wcsnicmp_ascii           000000018000ee9c f   libcpmt:winapinls.obj
 0001:0000df10       __security_check_cookie    000000018000ef10 f   LIBCMT:_amdsecgs_.obj
 0001:0000df34       ??3@YAXPEAX_K@Z            000000018000ef34 f   LIBCMT:delete_scalar_size.obj
 0001:0000df34       ??_V@YAXPEAX@Z             000000018000ef34 f   LIBCMT:delete_array.obj
 0001:0000e084       _Init_thread_footer        000000018000f084 f   LIBCMT:thread_safe_statics.obj
 0001:0000e0e4       _Init_thread_header        000000018000f0e4 f   LIBCMT:thread_safe_statics.obj
 0001:0000e14c       _Init_thread_notify        000000018000f14c f   LIBCMT:thread_safe_statics.obj
 0001:0000e1a8       _Init_thread_wait          000000018000f1a8 f   LIBCMT:thread_safe_statics.obj
 0001:0000e240       ??2@YAPEAX_K@Z             000000018000f240 f   LIBCMT:new_scalar.obj
 0001:0000e27c       __scrt_acquire_startup_lock 000000018000f27c f   LIBCMT:utility.obj
 0001:0000e2b8       __scrt_dllmain_after_initialize_c 000000018000f2b8 f   LIBCMT:utility.obj
 0001:0000e2ec       __scrt_dllmain_before_initialize_c 000000018000f2ec f   LIBCMT:utility.obj
 0001:0000e304       __scrt_dllmain_crt_thread_attach 000000018000f304 f   LIBCMT:utility.obj
 0001:0000e32c       __scrt_dllmain_crt_thread_detach 000000018000f32c f   LIBCMT:utility.obj
 0001:0000e344       __scrt_dllmain_exception_filter 000000018000f344 f   LIBCMT:utility.obj
 0001:0000e3a8       __scrt_dllmain_uninitialize_c 000000018000f3a8 f   LIBCMT:utility.obj
 0001:0000e3d8       __scrt_dllmain_uninitialize_critical 000000018000f3d8 f   LIBCMT:utility.obj
 0001:0000e3ec       __scrt_initialize_crt      000000018000f3ec f   LIBCMT:utility.obj
 0001:0000e438       __scrt_initialize_onexit_tables 000000018000f438 f   LIBCMT:utility.obj
 0001:0000e504       __scrt_is_nonwritable_in_current_image 000000018000f504 f   LIBCMT:utility.obj
 0001:0000e5a0       __scrt_release_startup_lock 000000018000f5a0 f   LIBCMT:utility.obj
 0001:0000e5c4       __scrt_uninitialize_crt    000000018000f5c4 f   LIBCMT:utility.obj
 0001:0000e5f0       _onexit                    000000018000f5f0 f   LIBCMT:utility.obj
 0001:0000e640       atexit                     000000018000f640 f   LIBCMT:utility.obj
 0001:0000e658       ??3@YAXPEAX@Z              000000018000f658 f   LIBCMT:delete_scalar.obj
 0001:0000e9ac       _DllMainCRTStartup         000000018000f9ac f   LIBCMT:dll_dllmain.obj
 0001:0000e9ec       __GSHandlerCheck           000000018000f9ec f   LIBCMT:_gshandler_.obj
 0001:0000ea0c       __GSHandlerCheckCommon     000000018000fa0c f   LIBCMT:_gshandler_.obj
 0001:0000ea68       __GSHandlerCheck_EH        000000018000fa68 f   LIBCMT:gshandlereh.obj
 0001:0000eae8       _guard_check_icall         000000018000fae8 f i LIBCMT:checkcfg.obj
 0001:0000eaf0       ??_Etype_info@@UEAAPEAXI@Z 000000018000faf0 f i LIBCMT:std_type_info_static.obj
 0001:0000eaf0       ??_Gtype_info@@UEAAPEAXI@Z 000000018000faf0 f i LIBCMT:std_type_info_static.obj
 0001:0000eb30       _alloca_probe              000000018000fb30 f   LIBCMT:_chkstk_.obj
 0001:0000eb30       __chkstk                   000000018000fb30 f   LIBCMT:_chkstk_.obj
 0001:0000eb84       __raise_securityfailure    000000018000fb84 f   LIBCMT:gs_report.obj
 0001:0000ebb8       __report_gsfailure         000000018000fbb8 f   LIBCMT:gs_report.obj
 0001:0000ec8c       __report_rangecheckfailure 000000018000fc8c f   LIBCMT:gs_report.obj
 0001:0000eca0       __report_securityfailure   000000018000fca0 f   LIBCMT:gs_report.obj
 0001:0000ee20       __crt_debugger_hook        000000018000fe20 f   LIBCMT:utility_desktop.obj
 0001:0000ee28       __scrt_fastfail            000000018000fe28 f   LIBCMT:utility_desktop.obj
 0001:0000ef70       ??0bad_array_new_length@std@@QEAA@AEBV01@@Z 000000018000ff70 f i LIBCMT:throw_bad_alloc.obj
 0001:0000efb0       ??0bad_array_new_length@std@@QEAA@XZ 000000018000ffb0 f i LIBCMT:throw_bad_alloc.obj
 0001:0000efd0       ?__scrt_throw_std_bad_alloc@@YAXXZ 000000018000ffd0 f   LIBCMT:throw_bad_alloc.obj
 0001:0000efd0       ?_Xbad_alloc@std@@YAXXZ    000000018000ffd0 f   libcpmt:xthrow.obj
 0001:0000eff0       ?__scrt_throw_std_bad_array_new_length@@YAXXZ 000000018000fff0 f   LIBCMT:throw_bad_alloc.obj
 0001:0000f010       __isa_available_init       0000000180010010 f   LIBCMT:_cpu_disp_.obj
 0001:0000f1d8       __scrt_is_ucrt_dll_in_use  00000001800101d8 f   LIBCMT:ucrt_detection.obj
 0001:0000f1e4       __security_init_cookie     00000001800101e4 f   LIBCMT:gs_support.obj
 0001:0000f290       ?do_max_length@codecvt_base@std@@MEBAHXZ 0000000180010290 f   libcpmt:cout.obj
 0001:0000f290       DllMain                    0000000180010290 f   LIBCMT:dll_dllmain_stub.obj
 0001:0000f290       ?do_encoding@codecvt_base@std@@MEBAHXZ 0000000180010290 f   libcpmt:cout.obj
 0001:0000f290       _get_startup_argv_mode     0000000180010290 f   LIBCMT:argv_mode.obj
 0001:0000f298       ?__scrt_initialize_type_info@@YAXXZ 0000000180010298 f   LIBCMT:tncleanup.obj
 0001:0000f2a8       ?__scrt_uninitialize_type_info@@YAXXZ 00000001800102a8 f   LIBCMT:tncleanup.obj
 0001:0000f2b4       __local_stdio_scanf_options 00000001800102b4 f i LIBCMT:default_local_stdio_options.obj
 0001:0000f2bc       __scrt_initialize_default_local_stdio_options 00000001800102bc f   LIBCMT:default_local_stdio_options.obj
 0001:0000f2d8       __scrt_get_dyn_tls_init_callback 00000001800102d8 f   LIBCMT:dyn_tls_init.obj
 0001:0000f2e0       _RTC_Initialize            00000001800102e0 f   LIBCMT:_initsect_.obj
 0001:0000f32c       _RTC_Terminate             000000018001032c f   LIBCMT:_initsect_.obj
 0001:0000f390       memcpy                     0000000180010390 f   libvcruntime:memcpy.obj
 0001:0000f390       memmove                    0000000180010390 f   libvcruntime:memcpy.obj
 0001:0000f7c8       _purecall                  00000001800107c8 f   libvcruntime:purevirt.obj
 0001:0000f804       memchr                     0000000180010804 f   libvcruntime:memchr.obj
 0001:0000f820       __DestructExceptionObject  0000000180010820 f   libvcruntime:frame.obj
 0001:0000f8a8       ??0bad_exception@std@@QEAA@AEBV01@@Z 00000001800108a8 f i libvcruntime:frame.obj
 0001:0000f8e8       ??0bad_exception@std@@QEAA@XZ 00000001800108e8 f i libvcruntime:frame.obj
 0001:00010264       ?_CallMemberFunction0@@YAXPEAXP6AX0@Z@Z 0000000180011264 f i libvcruntime:frame.obj
 0001:00010268       ?_CallMemberFunction1@@YAXPEAXP6AX0@Z0@Z 0000000180011268 f i libvcruntime:frame.obj
 0001:00010274       ?_CallMemberFunction2@@YAXPEAXP6AX0@Z0H@Z 0000000180011274 f i libvcruntime:frame.obj
 0001:00010284       __AdjustPointer            0000000180011284 f   libvcruntime:frame.obj
 0001:000102a8       __BuildCatchObject         00000001800112a8 f   libvcruntime:frame.obj
 0001:0001036c       __BuildCatchObjectHelper   000000018001136c f   libvcruntime:frame.obj
 0001:0001054c       __CxxCallCatchBlock        000000018001154c f   libvcruntime:frame.obj
 0001:00010738       __FrameUnwindFilter        0000000180011738 f   libvcruntime:frame.obj
 0001:00010784       __FrameUnwindToState       0000000180011784 f   libvcruntime:frame.obj
 0001:00010918       __InternalCxxFrameHandler  0000000180011918 f   libvcruntime:frame.obj
 0001:00010b70       __TypeMatch                0000000180011b70 f   libvcruntime:frame.obj
 0001:00010cb0       __std_terminate            0000000180011cb0 f   libvcruntime:frame.obj
 0001:00010cbc       __std_exception_copy       0000000180011cbc f   libvcruntime:std_exception.obj
 0001:00010d4c       __std_exception_destroy    0000000180011d4c f   libvcruntime:std_exception.obj
 0001:00010d74       _CxxThrowException         0000000180011d74 f   libvcruntime:throw.obj
 0001:00010e4c       ?_ExecutionInCatch@@YAHPEAU_xDISPATCHER_CONTEXT@@PEBU_s_FuncInfo@@@Z 0000000180011e4c f   libvcruntime:trnsctrl.obj
 0001:00010ec0       ?_GetEstablisherFrame@@YAPEA_KPEA_KPEAU_xDISPATCHER_CONTEXT@@PEBU_s_FuncInfo@@0@Z 0000000180011ec0 f   libvcruntime:trnsctrl.obj
 0001:00010f8c       ?_GetRangeOfTrysToCheck@@YAPEBU_s_TryBlockMapEntry@@PEA_KPEBU_s_FuncInfo@@HHPEAI2PEAU_xDISPATCHER_CONTEXT@@@Z 0000000180011f8c f   libvcruntime:trnsctrl.obj
 0001:000110b8       ?__FrameUnwindToEmptyState@@YAXPEA_KPEAU_xDISPATCHER_CONTEXT@@PEBU_s_FuncInfo@@@Z 00000001800120b8 f   libvcruntime:trnsctrl.obj
 0001:0001114c       ?__SehTransFilter@@YAHPEAU_EXCEPTION_POINTERS@@PEAUEHExceptionRecord@@PEA_KPEAU_CONTEXT@@PEAU_xDISPATCHER_CONTEXT@@PEBU_s_FuncInfo@@PEAH@Z 000000018001214c f   libvcruntime:trnsctrl.obj
 0001:000111e4       _CallSETranslator          00000001800121e4 f   libvcruntime:trnsctrl.obj
 0001:0001123c       _CreateFrameInfo           000000018001223c f   libvcruntime:trnsctrl.obj
 0001:00011278       _FindAndUnlinkFrame        0000000180012278 f   libvcruntime:trnsctrl.obj
 0001:000112d0       _GetImageBase              00000001800122d0 f   libvcruntime:trnsctrl.obj
 0001:000112e4       _GetThrowImageBase         00000001800122e4 f   libvcruntime:trnsctrl.obj
 0001:000112f8       _IsExceptionObjectToBeDestroyed 00000001800122f8 f   libvcruntime:trnsctrl.obj
 0001:00011328       _SetImageBase              0000000180012328 f   libvcruntime:trnsctrl.obj
 0001:00011340       _SetThrowImageBase         0000000180012340 f   libvcruntime:trnsctrl.obj
 0001:00011358       _UnwindNestedFrames        0000000180012358 f   libvcruntime:trnsctrl.obj
 0001:0001147c       __CxxFrameHandler3         000000018001247c f   libvcruntime:trnsctrl.obj
 0001:00011510       memset                     0000000180012510 f   libvcruntime:memset.obj
 0001:000116c0       memcmp                     00000001800126c0 f   libvcruntime:memcmp.obj
 0001:00011950       __vcrt_FlsAlloc            0000000180012950 f   libvcruntime:winapi_downlevel.obj
 0001:000119a4       __vcrt_FlsFree             00000001800129a4 f   libvcruntime:winapi_downlevel.obj
 0001:000119f8       __vcrt_FlsGetValue         00000001800129f8 f   libvcruntime:winapi_downlevel.obj
 0001:00011a4c       __vcrt_FlsSetValue         0000000180012a4c f   libvcruntime:winapi_downlevel.obj
 0001:00011ab4       __vcrt_InitializeCriticalSectionEx 0000000180012ab4 f   libvcruntime:winapi_downlevel.obj
 0001:00011b2c       __vcrt_initialize_winapi_thunks 0000000180012b2c f   libvcruntime:winapi_downlevel.obj
 0001:00011b78       __vcrt_uninitialize_winapi_thunks 0000000180012b78 f   libvcruntime:winapi_downlevel.obj
 0001:00011bb8       __vcrt_initialize          0000000180012bb8 f   libvcruntime:initialization.obj
 0001:00011bec       __vcrt_thread_attach       0000000180012bec f   libvcruntime:initialization.obj
 0001:00011c00       __vcrt_thread_detach       0000000180012c00 f   libvcruntime:initialization.obj
 0001:00011c14       __vcrt_uninitialize        0000000180012c14 f   libvcruntime:initialization.obj
 0001:00011c34       __vcrt_uninitialize_critical 0000000180012c34 f   libvcruntime:initialization.obj
 0001:00011c44       __C_specific_handler       0000000180012c44 f   libvcruntime:_chandler_.obj
 0001:00011e40       __std_type_info_compare    0000000180012e40 f   libvcruntime:std_type_info.obj
 0001:00011e68       __std_type_info_destroy_list 0000000180012e68 f   libvcruntime:std_type_info.obj
 0001:00011e94       __vcrt_initialize_pure_virtual_call_handler 0000000180012e94 f   libvcruntime:purevirt_data.obj
 0001:00011eb8       __vcrt_freefls             0000000180012eb8 f   libvcruntime:per_thread_data.obj
 0001:00011ed8       __vcrt_freeptd             0000000180012ed8 f   libvcruntime:per_thread_data.obj
 0001:00011f28       __vcrt_getptd              0000000180012f28 f   libvcruntime:per_thread_data.obj
 0001:00011f44       __vcrt_getptd_noexit       0000000180012f44 f   libvcruntime:per_thread_data.obj
 0001:00011ffc       __vcrt_initialize_ptd      0000000180012ffc f   libvcruntime:per_thread_data.obj
 0001:0001203c       __vcrt_uninitialize_ptd    000000018001303c f   libvcruntime:per_thread_data.obj
 0001:00012060       ?__GetCurrentState@@YAHPEA_KPEAU_xDISPATCHER_CONTEXT@@PEBU_s_FuncInfo@@@Z 0000000180013060 f   libvcruntime:ehstate.obj
 0001:00012088       ?__GetUnwindTryBlock@@YAHPEA_KPEAU_xDISPATCHER_CONTEXT@@PEBU_s_FuncInfo@@@Z 0000000180013088 f   libvcruntime:ehstate.obj
 0001:000120b4       ?__SetState@@YAXPEA_KPEAU_xDISPATCHER_CONTEXT@@PEBU_s_FuncInfo@@H@Z 00000001800130b4 f   libvcruntime:ehstate.obj
 0001:000120c0       ?__SetUnwindTryBlock@@YAXPEA_KPEAU_xDISPATCHER_CONTEXT@@PEBU_s_FuncInfo@@H@Z 00000001800130c0 f   libvcruntime:ehstate.obj
 0001:000120fc       ?__StateFromControlPc@@YAHPEBU_s_FuncInfo@@PEAU_xDISPATCHER_CONTEXT@@@Z 00000001800130fc f   libvcruntime:ehstate.obj
 0001:00012104       ?__StateFromIp@@YAHPEBU_s_FuncInfo@@PEAU_xDISPATCHER_CONTEXT@@_J@Z 0000000180013104 f   libvcruntime:ehstate.obj
 0001:00012180       _CallSettingFrame          0000000180013180 f   libvcruntime:handlers.obj
 0001:000121d0       _local_unwind              00000001800131d0 f   libvcruntime:_jmpuwind_.obj
 0001:00012200       _NLG_Notify                0000000180013200 f   libvcruntime:_jmpuwind_.obj
 0001:00012220       __NLG_Dispatch2            0000000180013220 f   libvcruntime:_jmpuwind_.obj
 0001:00012230       __NLG_Return2              0000000180013230 f   libvcruntime:_jmpuwind_.obj
 0001:00012234       __vcrt_initialize_locks    0000000180013234 f   libvcruntime:locks.obj
 0001:0001227c       __vcrt_uninitialize_locks  000000018001327c f   libvcruntime:locks.obj
 0001:000122b4       abort                      00000001800132b4 f   libucrt:abort.obj
 0001:0001230c       calloc                     000000018001330c f   libucrt:calloc.obj
 0001:0001245c       ??$parse_floating_point@V?$c_string_character_source@D@__crt_strtox@@M@__crt_strtox@@YA?AW4SLD_STATUS@@QEAU__crt_locale_pointers@@V?$c_string_character_source@D@0@QEAM@Z 000000018001345c f i libucrt:strtod.obj
 0001:000124fc       ??$parse_floating_point@V?$c_string_character_source@D@__crt_strtox@@N@__crt_strtox@@YA?AW4SLD_STATUS@@QEAU__crt_locale_pointers@@V?$c_string_character_source@D@0@QEAN@Z 00000001800134fc f i libucrt:strtod.obj
 0001:0001259c       ??$parse_floating_point_from_source@V?$c_string_character_source@D@__crt_strtox@@@__crt_strtox@@YA?AW4floating_point_parse_result@0@QEAU__crt_locale_pointers@@AEAV?$c_string_character_source@D@0@AEAUfloating_point_string@0@@Z 000000018001359c f i libucrt:strtod.obj
 0001:00012a88       ??$parse_floating_point_possible_infinity@DV?$c_string_character_source@D@__crt_strtox@@PEBD@__crt_strtox@@YA?AW4floating_point_parse_result@0@AEADAEAV?$c_string_character_source@D@0@PEBD@Z 0000000180013a88 f i libucrt:strtod.obj
 0001:00012ba0       ??$parse_floating_point_possible_nan@DV?$c_string_character_source@D@__crt_strtox@@PEBD@__crt_strtox@@YA?AW4floating_point_parse_result@0@AEADAEAV?$c_string_character_source@D@0@PEBD@Z 0000000180013ba0 f i libucrt:strtod.obj
 0001:00012d34       ??$parse_floating_point_possible_nan_is_ind@DV?$c_string_character_source@D@__crt_strtox@@@__crt_strtox@@YA_NAEADAEAV?$c_string_character_source@D@0@@Z 0000000180013d34 f i libucrt:strtod.obj
 0001:00012d7c       ??$parse_floating_point_possible_nan_is_snan@DV?$c_string_character_source@D@__crt_strtox@@@__crt_strtox@@YA_NAEADAEAV?$c_string_character_source@D@0@@Z 0000000180013d7c f i libucrt:strtod.obj
 0001:00012dc4       ??$parse_floating_point_write_result@M@__crt_strtox@@YA?AW4SLD_STATUS@@W4floating_point_parse_result@0@AEBUfloating_point_string@0@QEAM@Z 0000000180013dc4 f i libucrt:strtod.obj
 0001:00012edc       ??$parse_floating_point_write_result@N@__crt_strtox@@YA?AW4SLD_STATUS@@W4floating_point_parse_result@0@AEBUfloating_point_string@0@QEAN@Z 0000000180013edc f i libucrt:strtod.obj
 0001:00013004       ??0_LocaleUpdate@@QEAA@QEAU__crt_locale_pointers@@@Z 0000000180014004 f i libucrt:strtod.obj
 0001:000130e0       ?as_double@floating_point_value@__crt_strtox@@QEBAAEANXZ 00000001800140e0 f i libucrt:strtod.obj
 0001:0001311c       ?as_float@floating_point_value@__crt_strtox@@QEBAAEAMXZ 000000018001411c f i libucrt:strtod.obj
 0001:00013158       ?assemble_floating_point_value@__crt_strtox@@YA?AW4SLD_STATUS@@_KH_N1AEBVfloating_point_value@1@@Z 0000000180014158 f i libucrt:strtod.obj
 0001:0001350c       ?assemble_floating_point_value_from_big_integer@__crt_strtox@@YA?AW4SLD_STATUS@@AEBUbig_integer@1@I_N1AEBVfloating_point_value@1@@Z 000000018001450c f i libucrt:strtod.obj
 0001:00013698       ?convert_decimal_string_to_floating_type_common@__crt_strtox@@YA?AW4SLD_STATUS@@AEBUfloating_point_string@1@AEBVfloating_point_value@1@@Z 0000000180014698 f i libucrt:strtod.obj
 0001:0001545c       ?convert_hexadecimal_string_to_floating_type_common@__crt_strtox@@YA?AW4SLD_STATUS@@AEBUfloating_point_string@1@AEBVfloating_point_value@1@@Z 000000018001645c f i libucrt:strtod.obj
 0001:00015510       ?divide@__crt_strtox@@YA_KAEAUbig_integer@1@AEBU21@@Z 0000000180016510 f i libucrt:strtod.obj
 0001:00015a68       strtod                     0000000180016a68 f   libucrt:strtod.obj
 0001:00015a70       strtof                     0000000180016a70 f   libucrt:strtod.obj
 0001:00015a78       __acrt_call_reportfault    0000000180016a78 f   libucrt:invalid_parameter.obj
 0001:00015bd4       __acrt_initialize_invalid_parameter_handler 0000000180016bd4 f   libucrt:invalid_parameter.obj
 0001:00015bdc       _invalid_parameter         0000000180016bdc f   libucrt:invalid_parameter.obj
 0001:00015c84       _invalid_parameter_noinfo  0000000180016c84 f   libucrt:invalid_parameter.obj
 0001:00015ca4       _invalid_parameter_noinfo_noreturn 0000000180016ca4 f   libucrt:invalid_parameter.obj
 0001:00015cd4       _invoke_watson             0000000180016cd4 f   libucrt:invalid_parameter.obj
 0001:00015d1c       strcspn                    0000000180016d1c f   libucrt:strcspn.obj
 0001:00015f64       ??$ensure_buffer_is_big_enough@D@formatting_buffer@__crt_stdio_output@@QEAA_N_K@Z 0000000180016f64 f i libucrt:output.obj
 0001:00016010       ??$is_wide_character_specifier@D@__crt_stdio_output@@YA_N_KDW4length_modifier@0@@Z 0000000180017010 f i libucrt:output.obj
 0001:00016040       ??$type_case_integer_parse_into_buffer@I@?$output_processor@DV?$string_output_adapter@D@__crt_stdio_output@@V?$format_validation_base@DV?$string_output_adapter@D@__crt_stdio_output@@@2@@__crt_stdio_output@@AEAAXII_N@Z 0000000180017040 f i libucrt:output.obj
 0001:000160dc       ??$type_case_integer_parse_into_buffer@_K@?$output_processor@DV?$string_output_adapter@D@__crt_stdio_output@@V?$format_validation_base@DV?$string_output_adapter@D@__crt_stdio_output@@@2@@__crt_stdio_output@@AEAAX_KI_N@Z 00000001800170dc f i libucrt:output.obj
 0001:00016178       ??$write_multiple_characters@V?$string_output_adapter@D@__crt_stdio_output@@D@__crt_stdio_output@@YAXAEBV?$string_output_adapter@D@0@DHQEAH@Z 0000000180017178 f i libucrt:output.obj
 0001:000161d4       ??0?$output_processor@DV?$string_output_adapter@D@__crt_stdio_output@@V?$format_validation_base@DV?$string_output_adapter@D@__crt_stdio_output@@@2@@__crt_stdio_output@@QEAA@AEBV?$string_output_adapter@D@1@_KQEBDQEAU__crt_locale_pointers@@QEAD@Z 00000001800171d4 f i libucrt:output.obj
 0001:00016250       ?force_decimal_point@__crt_stdio_output@@YAXPEADQEAU__crt_locale_pointers@@@Z 0000000180017250 f i libucrt:output.obj
 0001:000162c0       ?parse_int_from_format_string@?$output_processor@DV?$string_output_adapter@D@__crt_stdio_output@@V?$format_validation_base@DV?$string_output_adapter@D@__crt_stdio_output@@@2@@__crt_stdio_output@@AEAA_NQEAH@Z 00000001800172c0 f i libucrt:output.obj
 0001:00016344       ?process@?$output_processor@DV?$string_output_adapter@D@__crt_stdio_output@@V?$format_validation_base@DV?$string_output_adapter@D@__crt_stdio_output@@@2@@__crt_stdio_output@@QEAAHXZ 0000000180017344 f i libucrt:output.obj
 0001:00016558       ?state_case_normal@?$output_processor@DV?$string_output_adapter@D@__crt_stdio_output@@V?$format_validation_base@DV?$string_output_adapter@D@__crt_stdio_output@@@2@@__crt_stdio_output@@AEAA_NXZ 0000000180017558 f i libucrt:output.obj
 0001:000165cc       ?state_case_normal_tchar@?$output_processor@DV?$string_output_adapter@D@__crt_stdio_output@@V?$format_validation_base@DV?$string_output_adapter@D@__crt_stdio_output@@@2@@__crt_stdio_output@@AEAA_ND@Z 00000001800175cc f i libucrt:output.obj
 0001:00016664       ?state_case_size@?$output_processor@DV?$string_output_adapter@D@__crt_stdio_output@@V?$format_validation_base@DV?$string_output_adapter@D@__crt_stdio_output@@@2@@__crt_stdio_output@@AEAA_NXZ 0000000180017664 f i libucrt:output.obj
 0001:000167e0       ?state_case_type@?$output_processor@DV?$string_output_adapter@D@__crt_stdio_output@@V?$format_validation_base@DV?$string_output_adapter@D@__crt_stdio_output@@@2@@__crt_stdio_output@@AEAA_NXZ 00000001800177e0 f i libucrt:output.obj
 0001:00016a5c       ?type_case_Z@?$output_processor@DV?$string_output_adapter@D@__crt_stdio_output@@V?$format_validation_base@DV?$string_output_adapter@D@__crt_stdio_output@@@2@@__crt_stdio_output@@AEAA_NXZ 0000000180017a5c f i libucrt:output.obj
 0001:00016adc       ?type_case_a@?$output_processor@DV?$string_output_adapter@D@__crt_stdio_output@@V?$format_validation_base@DV?$string_output_adapter@D@__crt_stdio_output@@@2@@__crt_stdio_output@@AEAA_NXZ 0000000180017adc f i libucrt:output.obj
 0001:00016cf8       ?type_case_c_tchar@?$output_processor@DV?$string_output_adapter@D@__crt_stdio_output@@V?$format_validation_base@DV?$string_output_adapter@D@__crt_stdio_output@@@2@@__crt_stdio_output@@AEAA_ND@Z 0000000180017cf8 f i libucrt:output.obj
 0001:00016dac       ?type_case_integer@?$output_processor@DV?$string_output_adapter@D@__crt_stdio_output@@V?$format_validation_base@DV?$string_output_adapter@D@__crt_stdio_output@@@2@@__crt_stdio_output@@AEAA_NI_N@Z 0000000180017dac f i libucrt:output.obj
 0001:00016f4c       ?type_case_n@?$output_processor@DV?$string_output_adapter@D@__crt_stdio_output@@V?$format_validation_base@DV?$string_output_adapter@D@__crt_stdio_output@@@2@@__crt_stdio_output@@AEAA_NXZ 0000000180017f4c f i libucrt:output.obj
 0001:00017028       ?type_case_s@?$output_processor@DV?$string_output_adapter@D@__crt_stdio_output@@V?$format_validation_base@DV?$string_output_adapter@D@__crt_stdio_output@@@2@@__crt_stdio_output@@AEAA_NXZ 0000000180018028 f i libucrt:output.obj
 0001:000170b8       ?write_stored_string_tchar@?$output_processor@DV?$string_output_adapter@D@__crt_stdio_output@@V?$format_validation_base@DV?$string_output_adapter@D@__crt_stdio_output@@@2@@__crt_stdio_output@@AEAA_ND@Z 00000001800180b8 f i libucrt:output.obj
 0001:00017190       ?write_string@?$string_output_adapter@D@__crt_stdio_output@@QEBAXQEBDHQEAH1@Z 0000000180018190 f i libucrt:output.obj
 0001:0001724c       __stdio_common_vsprintf_s  000000018001824c f   libucrt:output.obj
 0001:000172b0       localeconv                 00000001800182b0 f   libucrt:localeconv.obj
 0001:000172e4       __acrt_errno_from_os_error 00000001800182e4 f   libucrt:errno.obj
 0001:0001732c       __acrt_errno_map_os_error  000000018001832c f   libucrt:errno.obj
 0001:0001737c       __doserrno                 000000018001837c f   libucrt:errno.obj
 0001:0001739c       _errno                     000000018001839c f   libucrt:errno.obj
 0001:000173bc       ldexp                      00000001800183bc f   libucrt:ldexp.obj
 0001:00017530       free                       0000000180018530 f   libucrt:free.obj
 0001:00017538       frexp                      0000000180018538 f   libucrt:frexp.obj
 0001:00017630       __ascii_stricmp            0000000180018630 f   libucrt:stricmp.obj
 0001:0001766c       _stricmp                   000000018001866c f   libucrt:stricmp.obj
 0001:000176b4       _stricmp_l                 00000001800186b4 f   libucrt:stricmp.obj
 0001:00017768       isdigit                    0000000180018768 f i libucrt:_ctype.obj
 0001:000177dc       islower                    00000001800187dc f i libucrt:_ctype.obj
 0001:00017850       isspace                    0000000180018850 f i libucrt:_ctype.obj
 0001:000178c4       isupper                    00000001800188c4 f i libucrt:_ctype.obj
 0001:00017988       _tolower_l                 0000000180018988 f   libucrt:tolower_toupper.obj
 0001:00017ac8       tolower                    0000000180018ac8 f   libucrt:tolower_toupper.obj
 0001:00017af4       __acrt_initialize_locks    0000000180018af4 f   libucrt:locks.obj
 0001:00017b3c       __acrt_lock                0000000180018b3c f   libucrt:locks.obj
 0001:00017b58       __acrt_uninitialize_locks  0000000180018b58 f   libucrt:locks.obj
 0001:00017b90       __acrt_unlock              0000000180018b90 f   libucrt:locks.obj
 0001:00017bac       _lock_locales              0000000180018bac f   libucrt:locks.obj
 0001:00017bbc       _unlock_locales            0000000180018bbc f   libucrt:locks.obj
 0001:00017bcc       __acrt_initialize_stdio    0000000180018bcc f   libucrt:_file.obj
 0001:00017cec       __acrt_iob_func            0000000180018cec f   libucrt:_file.obj
 0001:00017d00       __acrt_uninitialize_stdio  0000000180018d00 f   libucrt:_file.obj
 0001:00017d5c       _get_stream_buffer_pointers 0000000180018d5c f   libucrt:_file.obj
 0001:00017da4       _lock_file                 0000000180018da4 f   libucrt:_file.obj
 0001:00017db0       _unlock_file               0000000180018db0 f   libucrt:_file.obj
 0001:00017dbc       _fclose_nolock             0000000180018dbc f   libucrt:fclose.obj
 0001:00017e40       fclose                     0000000180018e40 f   libucrt:fclose.obj
 0001:00017eac       __acrt_stdio_flush_nolock  0000000180018eac f   libucrt:fflush.obj
 0001:00017f24       _fflush_nolock             0000000180018f24 f   libucrt:fflush.obj
 0001:00017f70       _flushall                  0000000180018f70 f   libucrt:fflush.obj
 0001:00018060       fflush                     0000000180019060 f   libucrt:fflush.obj
 0001:000180a4       _fgetc_nolock              00000001800190a4 f   libucrt:fgetc.obj
 0001:000180e8       fgetc                      00000001800190e8 f   libucrt:fgetc.obj
 0001:000181ec       fgetpos                    00000001800191ec f   libucrt:fgetpos.obj
 0001:00018238       fputc                      0000000180019238 f   libucrt:fputc.obj
 0001:00018358       fsetpos                    0000000180019358 f   libucrt:fsetpos.obj
 0001:00018604       _fseeki64                  0000000180019604 f   libucrt:fseek.obj
 0001:0001860c       ??$?RV<lambda_5d4c3fee44080f75d5d9762853974fe0>@@AEAV<lambda_532e024f4337e6fc7ad266c2bef9f4ed>@@V<lambda_c87bdc10097eb2402edb8ba9bdf0697b>@@@?$__crt_seh_guarded_call@_K@@QEAA_K$$QEAV<lambda_5d4c3fee44080f75d5d9762853974fe0>@@AEAV<lambda_532e024f4337e6fc7ad266c2bef9f4ed>@@$$QEAV<lambda_c87bdc10097eb2402edb8ba9bdf0697b>@@@Z 000000018001960c f i libucrt:fwrite.obj
 0001:000186b0       _fwrite_nolock             00000001800196b0 f   libucrt:fwrite.obj
 0001:0001884c       fwrite                     000000018001984c f   libucrt:fwrite.obj
 0001:000188d0       ??$?RV<lambda_7a5ef57ff966f610505f1d28a3d40618>@@AEAV<lambda_b721fa326cdb32351d23dfa67958c160>@@V<lambda_5e0fb27672408a07956fe59e48ccb2aa>@@@?$__crt_seh_guarded_call@H@@QEAAH$$QEAV<lambda_7a5ef57ff966f610505f1d28a3d40618>@@AEAV<lambda_b721fa326cdb32351d23dfa67958c160>@@$$QEAV<lambda_5e0fb27672408a07956fe59e48ccb2aa>@@@Z 00000001800198d0 f i libucrt:setvbuf.obj
 0001:00018a00       setvbuf                    0000000180019a00 f   libucrt:setvbuf.obj
 0001:00018aa0       _ungetc_nolock             0000000180019aa0 f   libucrt:ungetc.obj
 0001:00018bb0       ungetc                     0000000180019bb0 f   libucrt:ungetc.obj
 0001:00018c10       malloc                     0000000180019c10 f   libucrt:malloc.obj
 0001:00018d00       setlocale                  0000000180019d00 f   libucrt:setlocale.obj
 0001:00018ecc       _calloc_base               0000000180019ecc f   libucrt:calloc_base.obj
 0001:00018f44       __pctype_func              0000000180019f44 f   libucrt:ctype.obj
 0001:00018f74       _wcsdup                    0000000180019f74 f   libucrt:wcsdup.obj
 0001:00018ff8       ___lc_codepage_func        0000000180019ff8 f   libucrt:initctype.obj
 0001:00019028       ___lc_locale_name_func     000000018001a028 f   libucrt:initctype.obj
 0001:0001905c       ___mb_cur_max_func         000000018001a05c f   libucrt:initctype.obj
 0001:0001908c       __acrt_locale_initialize_ctype 000000018001a08c f   libucrt:initctype.obj
 0001:000196d8       _ismbblead                 000000018001a6d8 f   libucrt:ismbbyte.obj
 0001:000196ec       _malloc_base               000000018001a6ec f   libucrt:malloc_base.obj
 0001:0001974c       _realloc_base              000000018001a74c f   libucrt:realloc_base.obj
 0001:000197d0       pow                        000000018001a7d0 f   libucrt:pow.obj
 0001:0001ae70       powf                       000000018001be70 f   libucrt:powf.obj
 0001:0001bd38       __strncnt                  000000018001cd38 f   libucrt:strncnt.obj
 0001:0001bd50       _free_base                 000000018001cd50 f   libucrt:free_base.obj
 0001:0001bd90       wcscpy_s                   000000018001cd90 f   libucrt:wcscpy_s.obj
 0001:0001bdf8       strnlen                    000000018001cdf8 f   libucrt:strnlen.obj
 0001:0001bf54       wcsnlen                    000000018001cf54 f   libucrt:strnlen.obj
 0001:0001c144       __acrt_initialize_new_handler 000000018001d144 f   libucrt:new_handler.obj
 0001:0001c14c       _callnewh                  000000018001d14c f   libucrt:new_handler.obj
 0001:0001c18c       _query_new_handler         000000018001d18c f   libucrt:new_handler.obj
 0001:0001c1c0       _seh_filter_dll            000000018001d1c0 f   libucrt:exception_filter.obj
 0001:0001c1d4       _seh_filter_exe            000000018001d1d4 f   libucrt:exception_filter.obj
 0001:0001c594       __acrt_initialize_thread_local_exit_callback 000000018001d594 f   libucrt:exit.obj
 0001:0001c59c       _cexit                     000000018001d59c f   libucrt:exit.obj
 0001:0001c5ac       _exit                      000000018001d5ac f   libucrt:exit.obj
 0001:0001c5b8       _is_c_termination_complete 000000018001d5b8 f   libucrt:exit.obj
 0001:0001c77c       __acrt_allocate_buffer_for_argv 000000018001d77c f   libucrt:argv_parsing.obj
 0001:0001c7e0       _configure_narrow_argv     000000018001d7e0 f   libucrt:argv_parsing.obj
 0001:0001cb3c       __dcrt_uninitialize_environments_nolock 000000018001db3c f   libucrt:environment_initialization.obj
 0001:0001cb74       _initialize_narrow_environment 000000018001db74 f   libucrt:environment_initialization.obj
 0001:0001cb7c       ??$?RV<lambda_b8c45f8f788dd370798f47cfe8ac3a86>@@AEAV<lambda_4e60a939b0d047cfe11ddc22648dfba9>@@V<lambda_332c3edc96d0294ec56c57d38c1cdfd5>@@@?$__crt_seh_guarded_call@H@@QEAAH$$QEAV<lambda_b8c45f8f788dd370798f47cfe8ac3a86>@@AEAV<lambda_4e60a939b0d047cfe11ddc22648dfba9>@@$$QEAV<lambda_332c3edc96d0294ec56c57d38c1cdfd5>@@@Z 000000018001db7c f i libucrt:onexit.obj
 0001:0001cbb8       ??$?RV<lambda_e24bbb7b643b32fcea6fa61b31d4c984>@@AEAV<lambda_275893d493268fdec8709772e3fcec0e>@@V<lambda_9d71df4d7cf3f480f8d633942495c3b0>@@@?$__crt_seh_guarded_call@H@@QEAAH$$QEAV<lambda_e24bbb7b643b32fcea6fa61b31d4c984>@@AEAV<lambda_275893d493268fdec8709772e3fcec0e>@@$$QEAV<lambda_9d71df4d7cf3f480f8d633942495c3b0>@@@Z 000000018001dbb8 f i libucrt:onexit.obj
 0001:0001cf34       _crt_atexit                000000018001df34 f   libucrt:onexit.obj
 0001:0001cf44       _execute_onexit_table      000000018001df44 f   libucrt:onexit.obj
 0001:0001cf80       _initialize_onexit_table   000000018001df80 f   libucrt:onexit.obj
 0001:0001cfc0       _register_onexit_function  000000018001dfc0 f   libucrt:onexit.obj
 0001:0001d050       __acrt_uninitialize_command_line 000000018001e050 f   libucrt:argv_data.obj
 0001:0001d050       ?do_always_noconv@?$codecvt@DDU_Mbstatet@@@std@@MEBA_NXZ 000000018001e050 f   libcpmt:cout.obj
 0001:0001d140       __acrt_initialize          000000018001e140 f   libucrt:initialization.obj
 0001:0001d154       __acrt_thread_attach       000000018001e154 f   libucrt:initialization.obj
 0001:0001d168       __acrt_thread_detach       000000018001e168 f   libucrt:initialization.obj
 0001:0001d178       __acrt_uninitialize        000000018001e178 f   libucrt:initialization.obj
 0001:0001d18c       __acrt_uninitialize_critical 000000018001e18c f   libucrt:initialization.obj
 0001:0001d19c       _initterm                  000000018001e19c f   libucrt:initterm.obj
 0001:0001d214       _initterm_e                000000018001e214 f   libucrt:initterm.obj
 0001:0001d260       terminate                  000000018001e260 f   libucrt:terminate.obj
 0001:0001d288       strcpy_s                   000000018001e288 f   libucrt:strcpy_s.obj
 0001:0001d2e8       ??$is_overflow_condition@K@__crt_strtox@@YA_NIK@Z 000000018001e2e8 f i libucrt:atox.obj
 0001:0001d314       ??$make_c_string_character_source@_W$$T@__crt_strtox@@YA?AV?$c_string_character_source@_W@0@QEB_W$$T@Z 000000018001e314 f i libucrt:atox.obj
 0001:0001d314       ??$make_c_string_character_source@DPEAPEAD@__crt_strtox@@YA?AV?$c_string_character_source@D@0@QEBDQEAPEAD@Z 000000018001e314 f i libucrt:strtod.obj
 0001:0001d328       ??$parse_integer@KV?$c_string_character_source@D@__crt_strtox@@@__crt_strtox@@YAKQEAU__crt_locale_pointers@@V?$c_string_character_source@D@0@H_N@Z 000000018001e328 f i libucrt:atox.obj
 0001:0001d63c       ??$parse_integer@KV?$c_string_character_source@_W@__crt_strtox@@@__crt_strtox@@YAKQEAU__crt_locale_pointers@@V?$c_string_character_source@_W@0@H_N@Z 000000018001e63c f i libucrt:atox.obj
 0001:0001dd10       _wtol                      000000018001ed10 f   libucrt:atox.obj
 0001:0001dd3c       ??$?RV<lambda_c36588078e9f5dfd39652860aa6b3aaf>@@AEAV<lambda_ec61778202f4f5fc7e7711acc23c3bca>@@V<lambda_dc9d2797ccde5d239b4a0efae8ebd7db>@@@?$__crt_seh_guarded_call@P6AXH@Z@@QEAAP6AXH@Z$$QEAV<lambda_c36588078e9f5dfd39652860aa6b3aaf>@@AEAV<lambda_ec61778202f4f5fc7e7711acc23c3bca>@@$$QEAV<lambda_dc9d2797ccde5d239b4a0efae8ebd7db>@@@Z 000000018001ed3c f i libucrt:signal.obj
 0001:0001dd84       __acrt_get_sigabrt_handler 000000018001ed84 f   libucrt:signal.obj
 0001:0001ddb4       __acrt_initialize_signal_handlers 000000018001edb4 f   libucrt:signal.obj
 0001:0001ddd4       raise                      000000018001edd4 f   libucrt:signal.obj
 0001:0001e070       iswctype                   000000018001f070 f   libucrt:iswctype.obj
 0001:0001e0e0       _isctype_l                 000000018001f0e0 f   libucrt:isctype.obj
 0001:0001e1f0       ??$?RV<lambda_46352004c1216016012b18bd6f87e700>@@AEAV<lambda_3bd07e1a1191394380780325891bf33f>@@V<lambda_334532d3f185bcaa59b5be82d7d22bff>@@@?$__crt_seh_guarded_call@X@@QEAAX$$QEAV<lambda_46352004c1216016012b18bd6f87e700>@@AEAV<lambda_3bd07e1a1191394380780325891bf33f>@@$$QEAV<lambda_334532d3f185bcaa59b5be82d7d22bff>@@@Z 000000018001f1f0 f i libucrt:per_thread_data.obj
 0001:0001e250       ??$?RV<lambda_5e887d1dcbef67a5eb4283622ba103bf>@@AEAV<lambda_4466841279450cc726390878d4a41900>@@V<lambda_341c25c0346d94847f1f3c463c57e077>@@@?$__crt_seh_guarded_call@X@@QEAAX$$QEAV<lambda_5e887d1dcbef67a5eb4283622ba103bf>@@AEAV<lambda_4466841279450cc726390878d4a41900>@@$$QEAV<lambda_341c25c0346d94847f1f3c463c57e077>@@@Z 000000018001f250 f i libucrt:per_thread_data.obj
 0001:0001e298       ??$?RV<lambda_72d1df2b273a38828b1ce30cbf4cdab5>@@AEAV<lambda_876a65b173b8412d3a47c70a915b0cf4>@@V<lambda_41932305e351933ebe8f8be3ed8bb5dc>@@@?$__crt_seh_guarded_call@X@@QEAAX$$QEAV<lambda_72d1df2b273a38828b1ce30cbf4cdab5>@@AEAV<lambda_876a65b173b8412d3a47c70a915b0cf4>@@$$QEAV<lambda_41932305e351933ebe8f8be3ed8bb5dc>@@@Z 000000018001f298 f i libucrt:per_thread_data.obj
[...]
 0004:00002274       $pdata$?DloadAcquireSectionWriteAccess@@YAXXZ 0000000180049274     DelayImp:delayhlp.obj
 0004:00002280       $pdata$?DloadGetSRWLockFunctionPointers@@YAEXZ 0000000180049280     DelayImp:delayhlp.obj
 0004:0000228c       $pdata$?DloadMakePermanentImageCommit@@YAXPEAX_K@Z 000000018004928c     DelayImp:delayhlp.obj
 0004:00002298       $pdata$?DloadObtainSection@@YAPEAXPEAK0@Z 0000000180049298     DelayImp:delayhlp.obj
 0004:000022a4       $pdata$?DloadProtectSection@@YAXKPEAK@Z 00000001800492a4     DelayImp:delayhlp.obj
 0004:000022b0       $pdata$?DloadReleaseSectionWriteAccess@@YAXXZ 00000001800492b0     DelayImp:delayhlp.obj
 0004:000022bc       $pdata$__delayLoadHelper2  00000001800492bc     DelayImp:delayhlp.obj
 0004:000022c8       $pdata$_IsNonwritableInCurrentImage 00000001800492c8     LIBCMT:pesect.obj
 0004:000022d4       $pdata$strrchr             00000001800492d4     libvcruntime:strrchr.obj
 0004:000022e0       $pdata$wcschr              00000001800492e0     libvcruntime:wcschr.obj
 0004:000022f8       $pdata$?dtor$0@?0???0?$basic_ostream@DU?$char_traits@D@std@@@std@@QEAA@PEAV?$basic_streambuf@DU?$char_traits@D@std@@@1@_N@Z@4HA 00000001800492f8     libcpmt:cout.obj
 0004:00002304       $pdata$?dtor$0@?0??_Getcat@?$codecvt@DDU_Mbstatet@@@std@@SA_KPEAPEBVfacet@locale@2@PEBV42@@Z@4HA 0000000180049304     libcpmt:cout.obj
 0004:00002310       $pdata$?dtor$0@?0???0?$basic_istream@DU?$char_traits@D@std@@@std@@QEAA@PEAV?$basic_streambuf@DU?$char_traits@D@std@@@1@_N@Z@4HA 0000000180049310     libcpmt:cin.obj
 0004:0000231c       $pdata$__scrt_is_nonwritable_in_current_image$filt$0 000000018004931c     LIBCMT:utility.obj
 0004:00002328       $pdata$?fin$0@?0??dllmain_crt_process_attach@@YAHQEAUHINSTANCE__@@QEAX@Z@4HA 0000000180049328     LIBCMT:dll_dllmain.obj
 0004:00002334       $pdata$?fin$0@?0??dllmain_crt_process_detach@@YAH_N@Z@4HA 0000000180049334     LIBCMT:dll_dllmain.obj
 0004:00002340       $pdata$?filt$0@?0??dllmain_dispatch@@YAHQEAUHINSTANCE__@@KQEAX@Z@4HA 0000000180049340     LIBCMT:dll_dllmain.obj
 0004:0000234c       $pdata$__CxxCallCatchBlock$filt$0 000000018004934c     libvcruntime:frame.obj
 0004:00002358       $pdata$__CxxCallCatchBlock$fin$1 0000000180049358     libvcruntime:frame.obj
 0004:00002364       $pdata$__DestructExceptionObject$filt$0 0000000180049364     libvcruntime:frame.obj
 0004:00002370       $pdata$__FrameUnwindToState$filt$0 0000000180049370     libvcruntime:frame.obj
 0004:0000237c       $pdata$__FrameUnwindToState$fin$1 000000018004937c     libvcruntime:frame.obj
 0004:00002388       $pdata$_CallSETranslator$filt$0 0000000180049388     libvcruntime:trnsctrl.obj
 0004:00002394       $pdata$common_flush_all$fin$0 0000000180049394     libucrt:fflush.obj
 0004:000023a0       $pdata$common_flush_all$fin$1 00000001800493a0     libucrt:fflush.obj
 0004:000023ac       $pdata$fclose$fin$0        00000001800493ac     libucrt:fclose.obj
 0004:000023ac       $pdata$fflush$fin$0        00000001800493ac     libucrt:fflush.obj
 0004:000023b8       $pdata$fgetc$fin$0         00000001800493b8     libucrt:fgetc.obj
 0004:000023c4       $pdata$fputc$fin$0         00000001800493c4     libucrt:fputc.obj
 0004:000023d0       $pdata$?fin$0@?0???$?RV<lambda_5d4c3fee44080f75d5d9762853974fe0>@@AEAV<lambda_532e024f4337e6fc7ad266c2bef9f4ed>@@V<lambda_c87bdc10097eb2402edb8ba9bdf0697b>@@@?$__crt_seh_guarded_call@_K@@QEAA_K$$QEAV<lambda_5d4c3fee44080f75d5d9762853974fe0>@@AEAV<lambda_532e024f4337e6fc7ad266c2bef9f4ed>@@$$QEAV<lambda_c87bdc10097eb2402edb8ba9bdf0697b>@@@Z@4HA 00000001800493d0     libucrt:fwrite.obj
 0004:000023d0       $pdata$?fin$0@?0???$?RV<lambda_7a5ef57ff966f610505f1d28a3d40618>@@AEAV<lambda_b721fa326cdb32351d23dfa67958c160>@@V<lambda_5e0fb27672408a07956fe59e48ccb2aa>@@@?$__crt_seh_guarded_call@H@@QEAAH$$QEAV<lambda_7a5ef57ff966f610505f1d28a3d40618>@@AEAV<lambda_b721fa326cdb32351d23dfa67958c160>@@$$QEAV<lambda_5e0fb27672408a07956fe59e48ccb2aa>@@@Z@4HA 00000001800493d0     libucrt:setvbuf.obj
 0004:000023dc       $pdata$ungetc$fin$0        00000001800493dc     libucrt:ungetc.obj
 0004:000023e8       $pdata$setlocale$fin$0     00000001800493e8     libucrt:setlocale.obj
 0004:000023f4       $pdata$_query_new_handler$fin$0 00000001800493f4     libucrt:new_handler.obj
 0004:00002400       $pdata$?filt$0@?0??common_exit@@YAXHW4_crt_exit_cleanup_mode@@W4_crt_exit_return_mode@@@Z@4HA 0000000180049400     libucrt:exit.obj
 0004:0000240c       $pdata$?fin$1@?0??common_exit@@YAXHW4_crt_exit_cleanup_mode@@W4_crt_exit_return_mode@@@Z@4HA 000000018004940c     libucrt:exit.obj
 0004:00002418       $pdata$?fin$0@?0???$?RV<lambda_e24bbb7b643b32fcea6fa61b31d4c984>@@AEAV<lambda_275893d493268fdec8709772e3fcec0e>@@V<lambda_9d71df4d7cf3f480f8d633942495c3b0>@@@?$__crt_seh_guarded_call@H@@QEAAH$$QEAV<lambda_e24bbb7b643b32fcea6fa61b31d4c984>@@AEAV<lambda_275893d493268fdec8709772e3fcec0e>@@$$QEAV<lambda_9d71df4d7cf3f480f8d633942495c3b0>@@@Z@4HA 0000000180049418     libucrt:onexit.obj
 0004:00002424       $pdata$?fin$0@?0???$?RV<lambda_fb3a7dec4e47f37f22dae91bb15c9095>@@AEAV<lambda_698284760c8add0bfb0756c19673e34b>@@V<lambda_dfb8eca1e75fef3034a8fb18dd509707>@@@?$__crt_seh_guarded_call@X@@QEAAX$$QEAV<lambda_fb3a7dec4e47f37f22dae91bb15c9095>@@AEAV<lambda_698284760c8add0bfb0756c19673e34b>@@$$QEAV<lambda_dfb8eca1e75fef3034a8fb18dd509707>@@@Z@4HA 0000000180049424     libucrt:per_thread_data.obj
 0004:00002424       $pdata$?fin$0@?0???$?RV<lambda_5e887d1dcbef67a5eb4283622ba103bf>@@AEAV<lambda_4466841279450cc726390878d4a41900>@@V<lambda_341c25c0346d94847f1f3c463c57e077>@@@?$__crt_seh_guarded_call@X@@QEAAX$$QEAV<lambda_5e887d1dcbef67a5eb4283622ba103bf>@@AEAV<lambda_4466841279450cc726390878d4a41900>@@$$QEAV<lambda_341c25c0346d94847f1f3c463c57e077>@@@Z@4HA 0000000180049424     libucrt:per_thread_data.obj
 0004:00002424       $pdata$?fin$0@?0???$?RV<lambda_c36588078e9f5dfd39652860aa6b3aaf>@@AEAV<lambda_ec61778202f4f5fc7e7711acc23c3bca>@@V<lambda_dc9d2797ccde5d239b4a0efae8ebd7db>@@@?$__crt_seh_guarded_call@P6AXH@Z@@QEAAP6AXH@Z$$QEAV<lambda_c36588078e9f5dfd39652860aa6b3aaf>@@AEAV<lambda_ec61778202f4f5fc7e7711acc23c3bca>@@$$QEAV<lambda_dc9d2797ccde5d239b4a0efae8ebd7db>@@@Z@4HA 0000000180049424     libucrt:signal.obj
 0004:00002424       $pdata$?fin$0@?0???$?RV<lambda_630b2aca97f6d20d5b5ea6529ea6b6af>@@AEAV<lambda_af91936f1d075d609f72d9d8cba980af>@@V<lambda_e82fa975f615b5c7c7b0e4d178fdae67>@@@?$__crt_seh_guarded_call@H@@QEAAH$$QEAV<lambda_630b2aca97f6d20d5b5ea6529ea6b6af>@@AEAV<lambda_af91936f1d075d609f72d9d8cba980af>@@$$QEAV<lambda_e82fa975f615b5c7c7b0e4d178fdae67>@@@Z@4HA 0000000180049424     libucrt:winapi_thunks.obj
 0004:00002424       $pdata$?fin$0@?0???$?RV<lambda_72d1df2b273a38828b1ce30cbf4cdab5>@@AEAV<lambda_876a65b173b8412d3a47c70a915b0cf4>@@V<lambda_41932305e351933ebe8f8be3ed8bb5dc>@@@?$__crt_seh_guarded_call@X@@QEAAX$$QEAV<lambda_72d1df2b273a38828b1ce30cbf4cdab5>@@AEAV<lambda_876a65b173b8412d3a47c70a915b0cf4>@@$$QEAV<lambda_41932305e351933ebe8f8be3ed8bb5dc>@@@Z@4HA 0000000180049424     libucrt:per_thread_data.obj
 0004:00002424       $pdata$?fin$0@?0???$?RV<lambda_b8c45f8f788dd370798f47cfe8ac3a86>@@AEAV<lambda_4e60a939b0d047cfe11ddc22648dfba9>@@V<lambda_332c3edc96d0294ec56c57d38c1cdfd5>@@@?$__crt_seh_guarded_call@H@@QEAAH$$QEAV<lambda_b8c45f8f788dd370798f47cfe8ac3a86>@@AEAV<lambda_4e60a939b0d047cfe11ddc22648dfba9>@@$$QEAV<lambda_332c3edc96d0294ec56c57d38c1cdfd5>@@@Z@4HA 0000000180049424     libucrt:onexit.obj
 0004:00002424       $pdata$?fin$0@?0???$?RV<lambda_d67e8342c384adda8f857579ab50b2ae>@@AEAV<lambda_30712929f77e709619002f448b6a9510>@@V<lambda_4525336fd7e478d965fb7ca7a337cad8>@@@?$__crt_seh_guarded_call@X@@QEAAX$$QEAV<lambda_d67e8342c384adda8f857579ab50b2ae>@@AEAV<lambda_30712929f77e709619002f448b6a9510>@@$$QEAV<lambda_4525336fd7e478d965fb7ca7a337cad8>@@@Z@4HA 0000000180049424     libucrt:wsetlocale.obj
 0004:00002424       $pdata$?fin$0@?0???$?RV<lambda_99476a1ad63dd22509b5d3e65b0ffc95>@@AEAV<lambda_ad1ced32f4ac17aa236e5ef05d6b3b7c>@@V<lambda_f7424dd8d45958661754dc4f2697e9c3>@@@?$__crt_seh_guarded_call@X@@QEAAX$$QEAV<lambda_99476a1ad63dd22509b5d3e65b0ffc95>@@AEAV<lambda_ad1ced32f4ac17aa236e5ef05d6b3b7c>@@$$QEAV<lambda_f7424dd8d45958661754dc4f2697e9c3>@@@Z@4HA 0000000180049424     libucrt:mbctype.obj
 0004:00002424       $pdata$?fin$0@?0???$?RV<lambda_46352004c1216016012b18bd6f87e700>@@AEAV<lambda_3bd07e1a1191394380780325891bf33f>@@V<lambda_334532d3f185bcaa59b5be82d7d22bff>@@@?$__crt_seh_guarded_call@X@@QEAAX$$QEAV<lambda_46352004c1216016012b18bd6f87e700>@@AEAV<lambda_3bd07e1a1191394380780325891bf33f>@@$$QEAV<lambda_334532d3f185bcaa59b5be82d7d22bff>@@@Z@4HA 0000000180049424     libucrt:per_thread_data.obj
 0004:00002430       $pdata$raise$fin$0         0000000180049430     libucrt:signal.obj
 0004:0000243c       $pdata$?fin$0@?0???$?RV<lambda_5df02c53a8f32f81fd64e5bbb78039f1>@@AEAV<lambda_2af78c5f5901b1372d98f9ab3177dfa6>@@AEAV<lambda_f51fe5fd7c79a33db34fc9310f277369>@@@?$__crt_seh_guarded_call@X@@QEAAX$$QEAV<lambda_5df02c53a8f32f81fd64e5bbb78039f1>@@AEAV<lambda_2af78c5f5901b1372d98f9ab3177dfa6>@@AEAV<lambda_f51fe5fd7c79a33db34fc9310f277369>@@@Z@4HA 000000018004943c     libucrt:wsetlocale.obj
 0004:00002448       $pdata$__acrt_initialize_lowio$fin$0 0000000180049448     libucrt:ioinit.obj
 0004:00002448       $pdata$__acrt_lowio_ensure_fh_exists$fin$0 0000000180049448     libucrt:osfinfo.obj
 0004:00002454       $pdata$_ctrlfp$filt$0      0000000180049454     libucrt:fpctrl.obj
 0004:00002454       $pdata$common_control87$filt$0 0000000180049454     libucrt:ieee.obj
 0004:00002460       $pdata$_fcloseall$fin$0    0000000180049460     libucrt:closeall.obj
 0004:0000246c       $pdata$?fin$0@?0???$?RV<lambda_bfedae4ebbf01fab1bb6dcc6a9e276e0>@@AEAV<lambda_2fe9b910cf3cbf4a0ab98a02ba45b3ec>@@V<lambda_237c231691f317818eb88cc1d5d642d6>@@@?$__crt_seh_guarded_call@H@@QEAAH$$QEAV<lambda_bfedae4ebbf01fab1bb6dcc6a9e276e0>@@AEAV<lambda_2fe9b910cf3cbf4a0ab98a02ba45b3ec>@@$$QEAV<lambda_237c231691f317818eb88cc1d5d642d6>@@@Z@4HA 000000018004946c     libucrt:close.obj
 0004:0000246c       $pdata$?fin$0@?0???$?RV<lambda_b521505b218e5242e90febf6bfebc422>@@AEAV<lambda_6978c1fb23f02e42e1d9e99668cc68aa>@@V<lambda_314360699dd331753a4119843814e9a7>@@@?$__crt_seh_guarded_call@H@@QEAAH$$QEAV<lambda_b521505b218e5242e90febf6bfebc422>@@AEAV<lambda_6978c1fb23f02e42e1d9e99668cc68aa>@@$$QEAV<lambda_314360699dd331753a4119843814e9a7>@@@Z@4HA 000000018004946c     libucrt:commit.obj
 0004:00002478       $pdata$_write$fin$0        0000000180049478     libucrt:write.obj
 0004:00002478       $pdata$_read$fin$0         0000000180049478     libucrt:read.obj
 0004:00002478       $pdata$?fin$0@?0???$common_lseek@_J@@YA_JH_JH@Z@4HA 0000000180049478     libucrt:lseek.obj
 0004:00002484       $pdata$?fin$0@?0??common_fseek@@YAHV__crt_stdio_stream@@_JH@Z@4HA 0000000180049484     libucrt:fseek.obj
 0004:00002484       $pdata$?fin$0@?0???$common_ftell@_J@@YA_JV__crt_stdio_stream@@@Z@4HA 0000000180049484     libucrt:ftell.obj
 0004:00002490       $pdata$__acrt_update_thread_multibyte_data$fin$0 0000000180049490     libucrt:mbctype.obj
 0004:0000249c       $pdata$__acrt_update_thread_locale_data$fin$0 000000018004949c     libucrt:locale_refcounting.obj
 0004:0000249c       $pdata$__acrt_uninitialize_locale$fin$0 000000018004949c     libucrt:wsetlocale.obj
 0004:000024a8       $pdata$_IsNonwritableInCurrentImage$filt$0 00000001800494a8     LIBCMT:pesect.obj
 0004:000024b4       $pdata$??__FtypeMap@cio@@YAXXZ 00000001800494b4     cio.obj
 0004:000024c0       $pdata$??__Fcout@std@@YAXXZ 00000001800494c0     libcpmt:cout.obj
 0004:000024cc       $pdata$??__F_Fac_tidy_reg@std@@YAXXZ 00000001800494cc     libcpmt:locale0.obj
 0004:000024d8       $pdata$??__Fclassic_locale@std@@YAXXZ 00000001800494d8     libcpmt:locale0.obj
 0004:000024e4       $pdata$??__Fcin@std@@YAXXZ 00000001800494e4     libcpmt:cin.obj
 0004:000024f0       $pdata$??__Finit_atexit@@YAXXZ 00000001800494f0     libcpmt:iosptrs.obj
 0005:00000000       __guard_fids__             000000018004a000     libucrt:initialization.obj
 0005:00000060       __guard_fids___acrt_initialize_ptd 000000018004a060     libucrt:per_thread_data.obj
 0005:00000064       __guard_fids__             000000018004a064     libucrt:wsetlocale.obj
 0005:0000007c       __guard_fids_??$?RV<lambda_630b2aca97f6d20d5b5ea6529ea6b6af>@@AEAV<lambda_af91936f1d075d609f72d9d8cba980af>@@V<lambda_e82fa975f615b5c7c7b0e4d178fdae67>@@@?$__crt_seh_guarded_call@H@@QEAAH$$QEAV<lambda_630b2aca97f6d20d5b5ea6529ea6b6af>@@AEAV<lambda_af91936f1d075d609f72d9d8cba980af>@@$$QEAV<lambda_e82fa975f615b5c7c7b0e4d178fdae67>@@@Z 000000018004a07c     libucrt:winapi_thunks.obj
 0005:00000080       __guard_fids__             000000018004a080     libucrt:stdio_initializer.obj
 0005:00000084       __guard_fids__             000000018004a084     libucrt:stdio_initializer.obj
 0005:00000088       __guard_fids_??$expand_argument_wildcards@D@@YAHQEAD0AEAV?$argument_list@D@?A0xca0879c4@@@Z 000000018004a088     libucrt:argv_wildcards.obj
 0005:0000008c       __guard_fids__             000000018004a08c     libucrt:locale_initializer.obj
 0005:00000090       __guard_fids_GetLocaleNameFromLangCountry 000000018004a090     libucrt:get_qualified_locale.obj
 0005:00000094       __guard_fids_GetLocaleNameFromLanguage 000000018004a094     libucrt:get_qualified_locale.obj
 0005:00000098       __guard_fids___acrt_get_qualified_locale_downlevel 000000018004a098     libucrt:getqloc_downlevel.obj
 0005:0000009c       __guard_fids_GetLcidFromLangCountry 000000018004a09c     libucrt:getqloc_downlevel.obj
 0005:000000a0       __guard_fids_GetLcidFromLanguage 000000018004a0a0     libucrt:getqloc_downlevel.obj
 0005:000000a4       __guard_fids__             000000018004a0a4     libucrt:fma3_initializer.obj
 0005:000000a8       __guard_fids__             000000018004a0a8     libucrt:timeset_initializer.obj
 0005:000000ac       __guard_fids__             000000018004a0ac     libucrt:multibyte_initializer.obj
 0005:000000b0       __guard_fids__             000000018004a0b0     libucrt:console_output_initializer.obj
 0005:000000b4       __guard_fids_??__Einitlocks@std@@YAXXZ 000000018004a0b4     libcpmt:xlock.obj
 0005:000000b8       __guard_fids__             000000018004a0b8     libcpmt:xlock.obj
 0005:000000bc       __guard_fids_??__Einitlocks@@YAXXZ 000000018004a0bc     libcpmt:cout.obj
 0005:000000c0       __guard_fids_??__Efout@std@@YAXXZ 000000018004a0c0     libcpmt:cout.obj
 0005:000000c4       __guard_fids_??__Ecout@std@@YAXXZ 000000018004a0c4     libcpmt:cout.obj
 0005:000000c8       __guard_fids__             000000018004a0c8     libcpmt:cout.obj
 0005:000000d0       __guard_fids__             000000018004a0d0     libcpmt:cout.obj
 0005:000000d8       __guard_fids__             000000018004a0d8     libcpmt:cout.obj
 0005:000000e0       __guard_fids__             000000018004a0e0     libcpmt:cout.obj
 0005:000000ec       __guard_fids__             000000018004a0ec     libcpmt:cout.obj
 0005:00000118       __guard_fids__             000000018004a118     libcpmt:cout.obj
 0005:00000130       __guard_fids__             000000018004a130     libcpmt:cout.obj
 0005:00000138       __guard_fids__             000000018004a138     libcpmt:cout.obj
 0005:00000150       __guard_fids__             000000018004a150     libcpmt:cout.obj
 0005:00000158       __guard_fids__             000000018004a158     libcpmt:cout.obj
 0005:0000015c       __guard_fids__             000000018004a15c     libcpmt:cout.obj
 0005:00000198       __guard_fids__             000000018004a198     libcpmt:cout.obj
 0005:000001d4       __guard_fids__             000000018004a1d4     libcpmt:cout.obj
 0005:000001d8       __guard_fids__             000000018004a1d8     libcpmt:cout.obj
 0005:000001dc       __guard_fids__             000000018004a1dc     libcpmt:cout.obj
 0005:00000204       __guard_fids__             000000018004a204     libcpmt:cout.obj
 0005:00000208       __guard_fids__             000000018004a208     libcpmt:cout.obj
 0005:0000020c       __guard_fids__             000000018004a20c     libcpmt:cout.obj
 0005:00000210       __guard_fids__             000000018004a210     libcpmt:cout.obj
 0005:00000214       __guard_fids_??__E_Fac_tidy_reg@std@@YAXXZ 000000018004a214     libcpmt:locale0.obj
 0005:00000218       __guard_fids_?_Setgloballocale@locale@std@@CAXPEAX@Z 000000018004a218     libcpmt:locale0.obj
 0005:0000021c       __guard_fids_??__Eclassic_locale@std@@YAXXZ 000000018004a21c     libcpmt:locale0.obj
 0005:00000220       __guard_fids__             000000018004a220     libcpmt:locale0.obj
 0005:0000022c       __guard_fids__             000000018004a22c     libcpmt:locale0.obj
 0005:00000230       __guard_fids__             000000018004a230     libcpmt:locale0.obj
 0005:00000234       __guard_fids_??__Einitlocks@@YAXXZ 000000018004a234     libcpmt:cin.obj
 0005:00000238       __guard_fids_??__Efin@std@@YAXXZ 000000018004a238     libcpmt:cin.obj
 0005:0000023c       __guard_fids_??__Ecin@std@@YAXXZ 000000018004a23c     libcpmt:cin.obj
 0005:00000240       __guard_fids__             000000018004a240     libcpmt:cin.obj
 0005:00000244       __guard_fids__             000000018004a244     libcpmt:cin.obj
 0005:00000248       __guard_fids__             000000018004a248     libcpmt:cin.obj
 0005:0000024c       __guard_fids__             000000018004a24c     libcpmt:cin.obj
 0005:00000250       __guard_fids__             000000018004a250     libcpmt:cin.obj
 0005:00000254       __guard_fids__             000000018004a254     libcpmt:xthrow.obj
 0005:0000025c       __guard_fids__             000000018004a25c     libcpmt:xthrow.obj
 0005:00000264       __guard_fids__             000000018004a264     libcpmt:xthrow.obj
 0005:0000026c       __guard_fids__             000000018004a26c     libcpmt:xthrow.obj
 0005:00000274       __guard_fids_??__Einitlocks@std@@YAXXZ 000000018004a274     libcpmt:iosptrs.obj
 0005:00000278       __guard_fids_??__Einit_atexit@@YAXXZ 000000018004a278     libcpmt:iosptrs.obj
 0005:0000027c       __guard_fids__             000000018004a27c     libcpmt:iosptrs.obj
 0005:00000280       __guard_fids__             000000018004a280     libcpmt:iosptrs.obj
 0005:00000284       __guard_fids__             000000018004a284     libcpmt:locale.obj
 0005:000002bc       __guard_fids__             000000018004a2bc     libcpmt:locale.obj
 0005:000002e8       __guard_fids__             000000018004a2e8     libcpmt:locale.obj
 0005:00000308       __guard_fids__             000000018004a308     libcpmt:winapisupp.obj
 0005:0000030c       __guard_fids__             000000018004a30c     LIBCMT:thread_safe_statics.obj
 0005:00000310       __guard_fids_?__scrt_initialize_thread_safe_statics@@YAHXZ 000000018004a310     LIBCMT:thread_safe_statics.obj
 0005:00000314       __guard_fids_?dllmain_crt_process_attach@@YAHQEAUHINSTANCE__@@QEAX@Z 000000018004a314     LIBCMT:dll_dllmain.obj
 0005:0000031c       __guard_fids_?dllmain_dispatch@@YAHQEAUHINSTANCE__@@KQEAX@Z 000000018004a31c     LIBCMT:dll_dllmain.obj
 0005:00000320       __guard_fids__             000000018004a320     LIBCMT:std_type_info_static.obj
 0005:00000324       __guard_fids__             000000018004a324     LIBCMT:throw_bad_alloc.obj
 0005:0000032c       __guard_fids__             000000018004a32c     LIBCMT:guard_support.obj
 0005:00000330       __guard_fids__             000000018004a330     libvcruntime:frame.obj
 0005:00000334       __guard_fids__             000000018004a334     libvcruntime:frame.obj
 0005:0000033c       __guard_fids__UnwindNestedFrames 000000018004a33c     libvcruntime:trnsctrl.obj
 0005:00000340       __guard_fids___vcrt_initialize_ptd 000000018004a340     libvcruntime:per_thread_data.obj
 0007:00000060       $R000000                   000000018004c060     * linker generated manifest res *

 Exports

  ordinal    name

        1    _register_cio_
