 cio

 Timestamp is 57ea51bf (Tue Sep 27 19:02:23 2016)

 Preferred load address is 0000000180000000

 Start         Length     Name                   Class
 0001:00000000 000001e0H .text$di                CODE
 0001:000001e0 000254f0H .text$mn                CODE
 0001:000256d0 00000020H .text$mn$00             CODE
 0001:000256f0 000004f0H .text$x                 CODE
 0001:00025be0 000001ecH .text$yd                CODE
 0002:00000000 000002a8H .idata$5                DATA
 0002:000002a8 00000010H .00cfg                  DATA
 0002:000002b8 00000008H .CRT$XCA                DATA
 0002:000002c0 00000058H .CRT$XCC                DATA
 0002:00000318 00000010H .CRT$XCL                DATA
 0002:00000328 00000008H .CRT$XCU                DATA
 0002:00000330 00000008H .CRT$XCZ                DATA
 0002:00000338 00000008H .CRT$XIA                DATA
 0002:00000340 00000030H .CRT$XIC                DATA
 0002:00000370 00000008H .CRT$XIZ                DATA
 0002:00000378 00000008H .CRT$XLA                DATA
 0002:00000380 00000008H .CRT$XLZ                DATA
 0002:00000388 00000008H .CRT$XPA                DATA
 0002:00000390 00000010H .CRT$XPX                DATA
 0002:000003a0 00000008H .CRT$XPXA               DATA
 0002:000003a8 00000008H .CRT$XPZ                DATA
 0002:000003b0 00000008H .CRT$XTA                DATA
 0002:000003b8 00000008H .CRT$XTZ                DATA
 0002:000003c0 0000fec8H .rdata                  DATA
 0002:00010288 00000028H .rdata$T                DATA
 0002:000102b0 000010f4H .rdata$r                DATA
 0002:000113a4 0000047cH .rdata$zzzdbg           DATA
 0002:00011820 00000008H .rtc$IAA                DATA
 0002:00011828 00000008H .rtc$IZZ                DATA
 0002:00011830 00000008H .rtc$TAA                DATA
 0002:00011838 00000008H .rtc$TZZ                DATA
 0002:00011840 00001f08H .xdata                  DATA
 0002:00013748 000002a4H .xdata$x                DATA
 0002:000139ec 00000020H .didat$2                DATA
 0002:00013a0c 00000024H .didat$3                DATA
 0002:00013a30 00000068H .didat$4                DATA
 0002:00013a98 000002f0H .didat$6                DATA
 0002:00013d88 00000068H .didat$7                DATA
 0002:00013df0 0000004cH .edata                  DATA
 0002:00013e3c 00000014H .idata$2                DATA
 0002:00013e50 00000018H .idata$3                DATA
 0002:00013e68 000002a8H .idata$4                DATA
 0002:00014110 0000061aH .idata$6                DATA
 0003:00000000 00000ba0H .data                   DATA
 0003:00000ba0 00000670H .data$r                 DATA
 0003:00001210 00000070H .didat$5                DATA
 0003:00001280 00001aacH .bss                    DATA
 0004:00000000 00002034H .pdata                  DATA
 0005:00000000 000000b4H .gfids$x                DATA
 0005:000000b4 00000264H .gfids$y                DATA
 0006:00000000 00000004H .tls                    DATA
 0006:00000004 00000004H .tls$                   DATA
 0006:00000008 00000001H .tls$ZZZ                DATA
 0007:00000000 00000060H .rsrc$01                DATA
 0007:00000060 00000180H .rsrc$02                DATA

  Address         Publics by Value              Rva+Base               Lib:Object

 0000:00000000       __guard_iat_table          0000000000000000     <absolute>
 0000:00000000       __dynamic_value_reloc_table 0000000000000000     <absolute>
 0000:00000000       __guard_iat_count          0000000000000000     <absolute>
 0000:00000000       __guard_longjmp_table      0000000000000000     <absolute>
 0000:00000000       __guard_longjmp_count      0000000000000000     <absolute>
 0000:00000000       __guard_fids_count         0000000000000000     <absolute>
 0000:00000000       ___safe_se_handler_table   0000000000000000     <absolute>
 0000:00000000       ___safe_se_handler_count   0000000000000000     <absolute>
 0000:00000000       __guard_fids_table         0000000000000000     <absolute>
 0000:00000100       __guard_flags              0000000000000100     <absolute>
 0000:00000000       __ImageBase                0000000180000000     <linker-defined>
 0001:000001e0       ?what@exception@stdext@@UEBAPEBDXZ 00000001800011e0 f i cio.obj
 0001:00000200       ?imbue@?$basic_streambuf@DU?$char_traits@D@std@@@std@@MEAAXAEBVlocale@2@@Z 0000000180001200 f i libcpmt:cout.obj
 0001:00000200       _guard_check_icall_nop     0000000180001200 f i LIBCMT:guard_support.obj
 0001:00000200       ?_Unlock@?$basic_streambuf@DU?$char_traits@D@std@@@std@@UEAAXXZ 0000000180001200 f i libcpmt:cout.obj
 0001:00000200       ?_Doraise@exception@stdext@@MEBAXXZ 0000000180001200 f i cio.obj
 0001:00000200       __except_validate_context_record 0000000180001200 f i libvcruntime:jbcxrval.obj
 0001:00000200       ?_Lock@?$basic_streambuf@DU?$char_traits@D@std@@@std@@UEAAXXZ 0000000180001200 f i libcpmt:cout.obj
 0001:00000200       ?Output@cio@@YAXAEBV?$FunctionCallbackInfo@VValue@v8@@@v8@@@Z 0000000180001200 f i cio.obj
 0001:00000210       ??_Eruntime_error@std@@UEAAPEAXI@Z 0000000180001210 f i * CIL library *:* CIL module *
 0001:00000210       ??_Gruntime_error@std@@UEAAPEAXI@Z 0000000180001210 f i cio.obj
 0001:00000210       ??_Eexception@stdext@@UEAAPEAXI@Z 0000000180001210 f i * CIL library *:* CIL module *
 0001:00000210       ??_Gexception@stdext@@UEAAPEAXI@Z 0000000180001210 f i cio.obj
 0001:00000240       ?_Deallocate@std@@YAXPEAX_K1@Z 0000000180001240 f i cio.obj
 0001:000002b0       ??0_Locinfo@std@@QEAA@PEBD@Z 00000001800012b0 f i cio.obj
 0001:00000370       ??1_Locinfo@std@@QEAA@XZ   0000000180001370 f i cio.obj
 0001:00000410       ??_E_Facet_base@std@@UEAAPEAXI@Z 0000000180001410 f i * CIL library *:* CIL module *
 0001:00000410       ??_G_Facet_base@std@@UEAAPEAXI@Z 0000000180001410 f i cio.obj
 0001:00000440       ?_Incref@facet@locale@std@@UEAAXXZ 0000000180001440 f i cio.obj
 0001:00000450       ?_Decref@facet@locale@std@@UEAAPEAV_Facet_base@3@XZ 0000000180001450 f i cio.obj
 0001:00000460       ?_Getcat@?$ctype@D@std@@SA_KPEAPEBVfacet@locale@2@PEBV42@@Z 0000000180001460 f i cio.obj
 0001:00000520       ?do_tolower@?$ctype@D@std@@MEBADD@Z 0000000180001520 f i cio.obj
 0001:00000530       ?do_tolower@?$ctype@D@std@@MEBAPEBDPEADPEBD@Z 0000000180001530 f i cio.obj
 0001:00000590       ?do_toupper@?$ctype@D@std@@MEBADD@Z 0000000180001590 f i cio.obj
 0001:000005a0       ?do_toupper@?$ctype@D@std@@MEBAPEBDPEADPEBD@Z 00000001800015a0 f i cio.obj
 0001:00000600       ?do_widen@?$ctype@D@std@@MEBADD@Z 0000000180001600 f i cio.obj
 0001:00000600       ?do_narrow@?$ctype@D@std@@MEBADDD@Z 0000000180001600 f i cio.obj
 0001:00000610       ?do_widen@?$ctype@D@std@@MEBAPEBDPEBD0PEAD@Z 0000000180001610 f i cio.obj
 0001:00000630       ?do_narrow@?$ctype@D@std@@MEBAPEBDPEBD0DPEAD@Z 0000000180001630 f i cio.obj
 0001:00000650       ??_E?$ctype@D@std@@MEAAPEAXI@Z 0000000180001650 f i * CIL library *:* CIL module *
 0001:00000650       ??_G?$ctype@D@std@@MEAAPEAXI@Z 0000000180001650 f i cio.obj
 0001:000006c0       ??_Gerror_category@std@@UEAAPEAXI@Z 00000001800016c0 f i cio.obj
 0001:000006c0       ??_G_Iostream_error_category@std@@UEAAPEAXI@Z 00000001800016c0 f i cio.obj
 0001:000006c0       ??_E_Iostream_error_category@std@@UEAAPEAXI@Z 00000001800016c0 f i * CIL library *:* CIL module *
 0001:000006c0       ??_Eerror_category@std@@UEAAPEAXI@Z 00000001800016c0 f i * CIL library *:* CIL module *
 0001:000006f0       ?default_error_condition@error_category@std@@UEBA?AVerror_condition@2@H@Z 00000001800016f0 f i cio.obj
 0001:00000700       ?equivalent@error_category@std@@UEBA_NHAEBVerror_condition@2@@Z 0000000180001700 f i cio.obj
 0001:00000760       ?equivalent@error_category@std@@UEBA_NAEBVerror_code@2@H@Z 0000000180001760 f i cio.obj
 0001:00000780       ??0_System_error@std@@IEAA@Verror_code@1@AEBV?$basic_string@DU?$char_traits@D@std@@V?$allocator@D@2@@1@@Z 0000000180001780 f i cio.obj
 0001:000009a0       ??_G_System_error@std@@UEAAPEAXI@Z 00000001800019a0 f i cio.obj
 0001:000009a0       ??_E_System_error@std@@UEAAPEAXI@Z 00000001800019a0 f i * CIL library *:* CIL module *
 0001:000009a0       ??_Efailure@ios_base@std@@UEAAPEAXI@Z 00000001800019a0 f i * CIL library *:* CIL module *
 0001:000009a0       ??_Gfailure@ios_base@std@@UEAAPEAXI@Z 00000001800019a0 f i cio.obj
 0001:000009d0       ?name@_Iostream_error_category@std@@UEBAPEBDXZ 00000001800019d0 f i cio.obj
 0001:000009e0       ?message@_Iostream_error_category@std@@UEBA?AV?$basic_string@DU?$char_traits@D@std@@V?$allocator@D@2@@2@H@Z 00000001800019e0 f i cio.obj
 0001:00000a60       ?clear@ios_base@std@@QEAAXH_N@Z 0000000180001a60 f i cio.obj
 0001:00000de0       ?Input@cio@@YAXAEBV?$FunctionCallbackInfo@VValue@v8@@@v8@@@Z 0000000180001de0 f   cio.obj
 0001:00001210       ?init@cio@@YAXV?$Local@VObject@v8@@@v8@@@Z 0000000180002210 f   cio.obj
 0001:00001390       ??1?$basic_string@DU?$char_traits@D@std@@V?$allocator@D@2@@std@@QEAA@XZ 0000000180002390 f i cio.obj
 0001:00001420       ??5?$basic_istream@DU?$char_traits@D@std@@@std@@QEAAAEAV01@AEAN@Z 0000000180002420 f i cio.obj
 0001:000015c0       ?do_get@?$num_get@DV?$istreambuf_iterator@DU?$char_traits@D@std@@@std@@@std@@MEBA?AV?$istreambuf_iterator@DU?$char_traits@D@std@@@2@V32@0AEAVios_base@2@AEAHAEAPEAX@Z 00000001800025c0 f i cio.obj
 0001:000016e0       ?do_get@?$num_get@DV?$istreambuf_iterator@DU?$char_traits@D@std@@@std@@@std@@MEBA?AV?$istreambuf_iterator@DU?$char_traits@D@std@@@2@V32@0AEAVios_base@2@AEAHAEAO@Z 00000001800026e0 f i cio.obj
 0001:000016e0       ?do_get@?$num_get@DV?$istreambuf_iterator@DU?$char_traits@D@std@@@std@@@std@@MEBA?AV?$istreambuf_iterator@DU?$char_traits@D@std@@@2@V32@0AEAVios_base@2@AEAHAEAN@Z 00000001800026e0 f i cio.obj
 0001:00001830       ?do_get@?$num_get@DV?$istreambuf_iterator@DU?$char_traits@D@std@@@std@@@std@@MEBA?AV?$istreambuf_iterator@DU?$char_traits@D@std@@@2@V32@0AEAVios_base@2@AEAHAEAM@Z 0000000180002830 f i cio.obj
 0001:00001980       ?do_get@?$num_get@DV?$istreambuf_iterator@DU?$char_traits@D@std@@@std@@@std@@MEBA?AV?$istreambuf_iterator@DU?$char_traits@D@std@@@2@V32@0AEAVios_base@2@AEAHAEA_K@Z 0000000180002980 f i cio.obj
 0001:00001aa0       ?do_get@?$num_get@DV?$istreambuf_iterator@DU?$char_traits@D@std@@@std@@@std@@MEBA?AV?$istreambuf_iterator@DU?$char_traits@D@std@@@2@V32@0AEAVios_base@2@AEAHAEA_J@Z 0000000180002aa0 f i cio.obj
 0001:00001bc0       ?do_get@?$num_get@DV?$istreambuf_iterator@DU?$char_traits@D@std@@@std@@@std@@MEBA?AV?$istreambuf_iterator@DU?$char_traits@D@std@@@2@V32@0AEAVios_base@2@AEAHAEAK@Z 0000000180002bc0 f i cio.obj
 0001:00001ce0       ?do_get@?$num_get@DV?$istreambuf_iterator@DU?$char_traits@D@std@@@std@@@std@@MEBA?AV?$istreambuf_iterator@DU?$char_traits@D@std@@@2@V32@0AEAVios_base@2@AEAHAEAJ@Z 0000000180002ce0 f i cio.obj
 0001:00001e00       ?do_get@?$num_get@DV?$istreambuf_iterator@DU?$char_traits@D@std@@@std@@@std@@MEBA?AV?$istreambuf_iterator@DU?$char_traits@D@std@@@2@V32@0AEAVios_base@2@AEAHAEAI@Z 0000000180002e00 f i cio.obj
 0001:00001f30       ?do_get@?$num_get@DV?$istreambuf_iterator@DU?$char_traits@D@std@@@std@@@std@@MEBA?AV?$istreambuf_iterator@DU?$char_traits@D@std@@@2@V32@0AEAVios_base@2@AEAHAEAG@Z 0000000180002f30 f i cio.obj
 0001:00002070       ?do_get@?$num_get@DV?$istreambuf_iterator@DU?$char_traits@D@std@@@std@@@std@@MEBA?AV?$istreambuf_iterator@DU?$char_traits@D@std@@@2@V32@0AEAVios_base@2@AEAHAEA_N@Z 0000000180003070 f i cio.obj
 0001:00002440       ?assign@?$basic_string@DU?$char_traits@D@std@@V?$allocator@D@2@@std@@QEAAAEAV12@_KD@Z 0000000180003440 f i cio.obj
 0001:00002540       ?assign@?$basic_string@DU?$char_traits@D@std@@V?$allocator@D@2@@std@@QEAAAEAV12@PEBD_K@Z 0000000180003540 f i cio.obj
 0001:00002670       ?assign@?$basic_string@DU?$char_traits@D@std@@V?$allocator@D@2@@std@@QEAAAEAV12@AEBV12@_K1@Z 0000000180003670 f i cio.obj
 0001:000027a0       ?append@?$basic_string@DU?$char_traits@D@std@@V?$allocator@D@2@@std@@QEAAAEAV12@PEBD_K@Z 00000001800037a0 f i cio.obj
 0001:000028f0       ?append@?$basic_string@DU?$char_traits@D@std@@V?$allocator@D@2@@std@@QEAAAEAV12@AEBV12@_K1@Z 00000001800038f0 f i cio.obj
 0001:00002a20       ?_Assign_rv@?$basic_string@DU?$char_traits@D@std@@V?$allocator@D@2@@std@@QEAAX$$QEAV12@@Z 0000000180003a20 f i cio.obj
 0001:00002aa0       ??_E?$codecvt@DDU_Mbstatet@@@std@@MEAAPEAXI@Z 0000000180003aa0 f i libcpmt:cout.obj
 0001:00002aa0       ??_G?$num_get@DV?$istreambuf_iterator@DU?$char_traits@D@std@@@std@@@std@@MEAAPEAXI@Z 0000000180003aa0 f i cio.obj
 0001:00002aa0       ??_E?$num_get@DV?$istreambuf_iterator@DU?$char_traits@D@std@@@std@@@std@@MEAAPEAXI@Z 0000000180003aa0 f i * CIL library *:* CIL module *
 0001:00002aa0       ??_G?$codecvt@DDU_Mbstatet@@@std@@MEAAPEAXI@Z 0000000180003aa0 f i libcpmt:cout.obj
 0001:00002ad0       ?do_truename@?$numpunct@D@std@@MEBA?AV?$basic_string@DU?$char_traits@D@std@@V?$allocator@D@2@@2@XZ 0000000180003ad0 f i cio.obj
 0001:00002b20       ?do_falsename@?$numpunct@D@std@@MEBA?AV?$basic_string@DU?$char_traits@D@std@@V?$allocator@D@2@@2@XZ 0000000180003b20 f i cio.obj
 0001:00002b70       ?do_grouping@?$numpunct@D@std@@MEBA?AV?$basic_string@DU?$char_traits@D@std@@V?$allocator@D@2@@2@XZ 0000000180003b70 f i cio.obj
 0001:00002bc0       ?do_thousands_sep@?$numpunct@D@std@@MEBADXZ 0000000180003bc0 f i cio.obj
 0001:00002bd0       ?do_decimal_point@?$numpunct@D@std@@MEBADXZ 0000000180003bd0 f i cio.obj
 0001:00002be0       ?_Getffld@?$num_get@DV?$istreambuf_iterator@DU?$char_traits@D@std@@@std@@@std@@AEBAHPEADAEAV?$istreambuf_iterator@DU?$char_traits@D@std@@@2@1AEAVios_base@2@PEAH@Z 0000000180003be0 f i cio.obj
 0001:00003ac0       ?_Getifld@?$num_get@DV?$istreambuf_iterator@DU?$char_traits@D@std@@@std@@@std@@AEBAHPEADAEAV?$istreambuf_iterator@DU?$char_traits@D@std@@@2@1HAEBVlocale@2@@Z 0000000180004ac0 f i cio.obj
 0001:000041e0       ?erase@?$basic_string@DU?$char_traits@D@std@@V?$allocator@D@2@@std@@QEAAAEAV12@_K0@Z 00000001800051e0 f i cio.obj
 0001:000042b0       ?append@?$basic_string@DU?$char_traits@D@std@@V?$allocator@D@2@@std@@QEAAAEAV12@_KD@Z 00000001800052b0 f i cio.obj
 0001:000043c0       ??Y?$basic_string@DU?$char_traits@D@std@@V?$allocator@D@2@@std@@QEAAAEAV01@D@Z 00000001800053c0 f i cio.obj
 0001:000044b0       ?_Ipfx@?$basic_istream@DU?$char_traits@D@std@@@std@@QEAA_N_N@Z 00000001800054b0 f i cio.obj
 0001:00004600       ??_E?$numpunct@D@std@@MEAAPEAXI@Z 0000000180005600 f i * CIL library *:* CIL module *
 0001:00004600       ??_G?$numpunct@D@std@@MEAAPEAXI@Z 0000000180005600 f i cio.obj
 0001:00004660       ?_Getffldx@?$num_get@DV?$istreambuf_iterator@DU?$char_traits@D@std@@@std@@@std@@AEBAHPEADAEAV?$istreambuf_iterator@DU?$char_traits@D@std@@@2@1AEAVios_base@2@PEAH@Z 0000000180005660 f i cio.obj
 0001:00005600       ??E?$istreambuf_iterator@DU?$char_traits@D@std@@@std@@QEAAAEAV01@XZ 0000000180006600 f i cio.obj
 0001:00005670       ??D?$istreambuf_iterator@DU?$char_traits@D@std@@@std@@QEBADXZ 0000000180006670 f i cio.obj
 0001:000056e0       ?_Copy@?$basic_string@DU?$char_traits@D@std@@V?$allocator@D@2@@std@@QEAAX_K0@Z 00000001800066e0 f i cio.obj
 0001:00005860       ?flush@?$basic_ostream@DU?$char_traits@D@std@@@std@@QEAAAEAV12@XZ 0000000180006860 f i cio.obj
 0001:00005960       ?snextc@?$basic_streambuf@DU?$char_traits@D@std@@@std@@QEAAHXZ 0000000180006960 f i cio.obj
 0001:00005a00       ??$use_facet@V?$ctype@D@std@@@std@@YAAEBV?$ctype@D@0@AEBVlocale@0@@Z 0000000180006a00 f i cio.obj
 0001:00005b30       ??$_Immortalize@V_Iostream_error_category@std@@@std@@YAAEAV_Iostream_error_category@0@XZ 0000000180006b30 f i cio.obj
 0001:00005bb0       ??$?6DU?$char_traits@D@std@@V?$allocator@D@1@@std@@YAAEAV?$basic_ostream@DU?$char_traits@D@std@@@0@AEAV10@AEBV?$basic_string@DU?$char_traits@D@std@@V?$allocator@D@2@@0@@Z 0000000180006bb0 f i cio.obj
 0001:00005e30       ??$use_facet@V?$num_get@DV?$istreambuf_iterator@DU?$char_traits@D@std@@@std@@@std@@@std@@YAAEBV?$num_get@DV?$istreambuf_iterator@DU?$char_traits@D@std@@@std@@@0@AEBVlocale@0@@Z 0000000180006e30 f i cio.obj
 0001:00005fb0       ??$use_facet@V?$numpunct@D@std@@@std@@YAAEBV?$numpunct@D@0@AEBVlocale@0@@Z 0000000180006fb0 f i cio.obj
 0001:000060e0       ??$_Getloctxt@DV?$istreambuf_iterator@DU?$char_traits@D@std@@@std@@@std@@YAHAEAV?$istreambuf_iterator@DU?$char_traits@D@std@@@0@0_KPEBD@Z 00000001800070e0 f i cio.obj
 0001:00006390       ?_Getcat@?$numpunct@D@std@@SA_KPEAPEBVfacet@locale@2@PEBV42@@Z 0000000180007390 f i cio.obj
 0001:00006450       ?equal@?$istreambuf_iterator@DU?$char_traits@D@std@@@std@@QEBA_NAEBV12@@Z 0000000180007450 f i cio.obj
 0001:00006520       ?put@?$basic_ostream@DU?$char_traits@D@std@@@std@@QEAAAEAV12@D@Z 0000000180007520 f i cio.obj
 0001:00006670       ?widen@?$basic_ios@DU?$char_traits@D@std@@@std@@QEBADD@Z 0000000180007670 f i cio.obj
 0001:00006710       ?_Init@?$numpunct@D@std@@IEAAXAEBV_Locinfo@2@_N@Z 0000000180007710 f i cio.obj
 0001:00006890       ??$?5DU?$char_traits@D@std@@V?$allocator@D@1@@std@@YAAEAV?$basic_istream@DU?$char_traits@D@std@@@0@$$QEAV10@AEAV?$basic_string@DU?$char_traits@D@std@@V?$allocator@D@2@@0@@Z 0000000180007890 f i cio.obj
 0001:00006b4c       __imp_load_?GetCurrent@Isolate@v8@@SAPEAV12@XZ 0000000180007b4c f   node:node.exe
 0001:00006b58       __tailMerge_node_exe       0000000180007b58 f i node:node.exe
 0001:00006bd1       __imp_load_??1HandleScope@v8@@QEAA@XZ 0000000180007bd1 f   node:node.exe
 0001:00006bdd       __imp_load_??0HandleScope@v8@@QEAA@PEAVIsolate@1@@Z 0000000180007bdd f   node:node.exe
 0001:00006be9       __imp_load_?GetFunction@FunctionTemplate@v8@@QEAA?AV?$Local@VFunction@v8@@@2@XZ 0000000180007be9 f   node:node.exe
 0001:00006bf5       __imp_load_?New@FunctionTemplate@v8@@SA?AV?$Local@VFunctionTemplate@v8@@@2@PEAVIsolate@2@P6AXAEBV?$FunctionCallbackInfo@VValue@v8@@@2@@ZV?$Local@VValue@v8@@@2@V?$Local@VSignature@v8@@@2@H@Z 0000000180007bf5 f   node:node.exe
 0001:00006c01       __imp_load_??1Utf8Value@String@v8@@QEAA@XZ 0000000180007c01 f   node:node.exe
 0001:00006c0d       __imp_load_??0Utf8Value@String@v8@@QEAA@V?$Local@VValue@v8@@@2@@Z 0000000180007c0d f   node:node.exe
 0001:00006c19       __imp_load_?NewFromUtf8@String@v8@@SA?AV?$Local@VString@v8@@@2@PEAVIsolate@2@PEBDW4NewStringType@12@H@Z 0000000180007c19 f   node:node.exe
 0001:00006c25       __imp_load_?New@Number@v8@@SA?AV?$Local@VNumber@v8@@@2@PEAVIsolate@2@N@Z 0000000180007c25 f   node:node.exe
 0001:00006c31       __imp_load_?Set@Object@v8@@QEAA_NV?$Local@VValue@v8@@@2@0@Z 0000000180007c31 f   node:node.exe
 0001:00006c3d       __imp_load_?SetName@Function@v8@@QEAAXV?$Local@VString@v8@@@2@@Z 0000000180007c3d f   node:node.exe
 0001:00006c49       __imp_load_node_module_register 0000000180007c49 f   node:node.exe
 0001:00006c58       _Stollx                    0000000180007c58 f   libcpmt:xstoll.obj
 0001:00006d4c       _Stolx                     0000000180007d4c f   libcpmt:xstol.obj
 0001:00006e2c       _Stoulx                    0000000180007e2c f   libcpmt:xstoul.obj
 0001:00006ffc       ??0_Init_locks@std@@QEAA@XZ 0000000180007ffc f   libcpmt:xlock.obj
 0001:00007048       ??0_Lockit@std@@QEAA@H@Z   0000000180008048 f   libcpmt:xlock.obj
 0001:00007084       ??1_Init_locks@std@@QEAA@XZ 0000000180008084 f   libcpmt:xlock.obj
 0001:000070c8       ??1_Lockit@std@@QEAA@XZ    00000001800080c8 f   libcpmt:xlock.obj
 0001:000070fc       ??$use_facet@V?$codecvt@DDU_Mbstatet@@@std@@@std@@YAAEBV?$codecvt@DDU_Mbstatet@@@0@AEBVlocale@0@@Z 00000001800080fc f i libcpmt:cout.obj
 0001:00007234       ??0?$basic_ostream@DU?$char_traits@D@std@@@std@@QEAA@PEAV?$basic_streambuf@DU?$char_traits@D@std@@@1@_N@Z 0000000180008234 f i libcpmt:cout.obj
 0001:000072fc       ??0?$basic_streambuf@DU?$char_traits@D@std@@@std@@IEAA@XZ 00000001800082fc f i libcpmt:cout.obj
 0001:000073ac       ??0_Init_cout@std@@QEAA@XZ 00000001800083ac f i libcpmt:cout.obj
 0001:00007418       ??0bad_cast@std@@QEAA@AEBV01@@Z 0000000180008418 f i libcpmt:cout.obj
 0001:00007458       ??0bad_cast@std@@QEAA@XZ   0000000180008458 f i libcpmt:cout.obj
 0001:00007478       ??0exception@std@@QEAA@AEBV01@@Z 0000000180008478 f i libcpmt:cout.obj
 0001:000074b0       ??1?$basic_filebuf@DU?$char_traits@D@std@@@std@@UEAA@XZ 00000001800084b0 f i libcpmt:cout.obj
 0001:0000755c       ??1?$basic_ios@DU?$char_traits@D@std@@@std@@UEAA@XZ 000000018000855c f i libcpmt:cout.obj
 0001:00007580       ??_E?$basic_ostream@DU?$char_traits@D@std@@@std@@$4PPPPPPPM@A@EAAPEAXI@Z 0000000180008580 f i libcpmt:cout.obj
 0001:0000758c       ??_G?$basic_filebuf@DU?$char_traits@D@std@@@std@@UEAAPEAXI@Z 000000018000858c f i libcpmt:cout.obj
 0001:0000758c       ??_E?$basic_filebuf@DU?$char_traits@D@std@@@std@@UEAAPEAXI@Z 000000018000858c f i libcpmt:cout.obj
 0001:000075c0       ??_G?$basic_ios@DU?$char_traits@D@std@@@std@@UEAAPEAXI@Z 00000001800085c0 f i libcpmt:cout.obj
 0001:000075c0       ??_E?$basic_ios@DU?$char_traits@D@std@@@std@@UEAAPEAXI@Z 00000001800085c0 f i libcpmt:cout.obj
 0001:0000760c       ??_G?$basic_ostream@DU?$char_traits@D@std@@@std@@UEAAPEAXI@Z 000000018000860c f i libcpmt:cout.obj
 0001:0000760c       ??_E?$basic_ostream@DU?$char_traits@D@std@@@std@@UEAAPEAXI@Z 000000018000860c f i libcpmt:cout.obj
 0001:0000767c       ??_G?$basic_streambuf@DU?$char_traits@D@std@@@std@@UEAAPEAXI@Z 000000018000867c f i libcpmt:cout.obj
 0001:0000767c       ??_E?$basic_streambuf@DU?$char_traits@D@std@@@std@@UEAAPEAXI@Z 000000018000867c f i libcpmt:cout.obj
 0001:000076cc       ??_Gios_base@std@@UEAAPEAXI@Z 00000001800086cc f i libcpmt:cout.obj
 0001:000076cc       ??_Eios_base@std@@UEAAPEAXI@Z 00000001800086cc f i libcpmt:cout.obj
 0001:00007718       ??_Glocale@std@@QEAAPEAXI@Z 0000000180008718 f i libcpmt:cout.obj
 0001:000077a8       ?_Endwrite@?$basic_filebuf@DU?$char_traits@D@std@@@std@@IEAA_NXZ 00000001800087a8 f i libcpmt:cout.obj
 0001:0000795c       ?_Getcat@?$codecvt@DDU_Mbstatet@@@std@@SA_KPEAPEBVfacet@locale@2@PEBV42@@Z 000000018000895c f i libcpmt:cout.obj
 0001:00007a20       ?_Init@?$basic_filebuf@DU?$char_traits@D@std@@@std@@IEAAXPEAU_iobuf@@W4_Initfl@12@@Z 0000000180008a20 f i libcpmt:cout.obj
 0001:00007b0c       ?_Init@ios_base@std@@IEAAXXZ 0000000180008b0c f i libcpmt:cout.obj
 0001:00007b8c       ?_Initcvt@?$basic_filebuf@DU?$char_traits@D@std@@@std@@IEAAXPEBV?$codecvt@DDU_Mbstatet@@@2@@Z 0000000180008b8c f i libcpmt:cout.obj
 0001:00007c2c       ?_Lock@?$basic_filebuf@DU?$char_traits@D@std@@@std@@UEAAXXZ 0000000180008c2c f i libcpmt:cout.obj
 0001:00007c48       ?_Unlock@?$basic_filebuf@DU?$char_traits@D@std@@@std@@UEAAXXZ 0000000180008c48 f i libcpmt:cout.obj
 0001:00007c64       _get_startup_argv_mode     0000000180008c64 f i LIBCMT:argv_mode.obj
 0001:00007c64       DllMain                    0000000180008c64 f i LIBCMT:dll_dllmain_stub.obj
 0001:00007c64       ?do_max_length@codecvt_base@std@@MEBAHXZ 0000000180008c64 f i libcpmt:cout.obj
 0001:00007c64       ?do_encoding@codecvt_base@std@@MEBAHXZ 0000000180008c64 f i libcpmt:cout.obj
 0001:00007c6c       ?do_in@?$codecvt@DDU_Mbstatet@@@std@@MEBAHAEAU_Mbstatet@@PEBD1AEAPEBDPEAD3AEAPEAD@Z 0000000180008c6c f i libcpmt:cout.obj
 0001:00007c6c       ?do_out@?$codecvt@DDU_Mbstatet@@@std@@MEBAHAEAU_Mbstatet@@PEBD1AEAPEBDPEAD3AEAPEAD@Z 0000000180008c6c f i libcpmt:cout.obj
 0001:00007c88       ?do_length@?$codecvt@DDU_Mbstatet@@@std@@MEBAHAEAU_Mbstatet@@PEBD1_K@Z 0000000180008c88 f i libcpmt:cout.obj
 0001:00007c9c       ?do_unshift@?$codecvt@DDU_Mbstatet@@@std@@MEBAHAEAU_Mbstatet@@PEAD1AEAPEAD@Z 0000000180008c9c f i libcpmt:cout.obj
 0001:00007ca8       ?imbue@?$basic_filebuf@DU?$char_traits@D@std@@@std@@MEAAXAEBVlocale@2@@Z 0000000180008ca8 f i libcpmt:cout.obj
 0001:00007ccc       ?overflow@?$basic_filebuf@DU?$char_traits@D@std@@@std@@MEAAHH@Z 0000000180008ccc f i libcpmt:cout.obj
 0001:00007f2c       ?underflow@?$basic_streambuf@DU?$char_traits@D@std@@@std@@MEAAHXZ 0000000180008f2c f i libcpmt:cout.obj
 0001:00007f2c       ?pbackfail@?$basic_streambuf@DU?$char_traits@D@std@@@std@@MEAAHH@Z 0000000180008f2c f i libcpmt:cout.obj
 0001:00007f2c       ?overflow@?$basic_streambuf@DU?$char_traits@D@std@@@std@@MEAAHH@Z 0000000180008f2c f i libcpmt:cout.obj
 0001:00007f30       ?pbackfail@?$basic_filebuf@DU?$char_traits@D@std@@@std@@MEAAHH@Z 0000000180008f30 f i libcpmt:cout.obj
 0001:00008000       ?seekoff@?$basic_filebuf@DU?$char_traits@D@std@@@std@@MEAA?AV?$fpos@U_Mbstatet@@@2@_JHH@Z 0000000180009000 f i libcpmt:cout.obj
 0001:000080ec       ?seekpos@?$basic_streambuf@DU?$char_traits@D@std@@@std@@MEAA?AV?$fpos@U_Mbstatet@@@2@V32@H@Z 00000001800090ec f i libcpmt:cout.obj
 0001:000080ec       ?seekoff@?$basic_streambuf@DU?$char_traits@D@std@@@std@@MEAA?AV?$fpos@U_Mbstatet@@@2@_JHH@Z 00000001800090ec f i libcpmt:cout.obj
 0001:00008108       ?seekpos@?$basic_filebuf@DU?$char_traits@D@std@@@std@@MEAA?AV?$fpos@U_Mbstatet@@@2@V32@H@Z 0000000180009108 f i libcpmt:cout.obj
 0001:00008208       ?setbuf@?$basic_filebuf@DU?$char_traits@D@std@@@std@@MEAAPEAV?$basic_streambuf@DU?$char_traits@D@std@@@2@PEAD_J@Z 0000000180009208 f i libcpmt:cout.obj
 0001:0000825c       ?setbuf@?$basic_streambuf@DU?$char_traits@D@std@@@std@@MEAAPEAV12@PEAD_J@Z 000000018000925c f i libcpmt:cout.obj
 0001:00008260       ?sync@?$basic_filebuf@DU?$char_traits@D@std@@@std@@MEAAHXZ 0000000180009260 f i libcpmt:cout.obj
 0001:000082c0       ?uflow@?$basic_filebuf@DU?$char_traits@D@std@@@std@@MEAAHXZ 00000001800092c0 f i libcpmt:cout.obj
 0001:00008558       ?uflow@?$basic_streambuf@DU?$char_traits@D@std@@@std@@MEAAHXZ 0000000180009558 f i libcpmt:cout.obj
 0001:000085a4       ?underflow@?$basic_filebuf@DU?$char_traits@D@std@@@std@@MEAAHXZ 00000001800095a4 f i libcpmt:cout.obj
 0001:0000861c       ?what@exception@std@@UEBAPEBDXZ 000000018000961c f i libcpmt:cout.obj
 0001:00008630       ?xsgetn@?$basic_streambuf@DU?$char_traits@D@std@@@std@@MEAA_JPEAD_J@Z 0000000180009630 f i libcpmt:cout.obj
 0001:000086f0       ?xsputn@?$basic_streambuf@DU?$char_traits@D@std@@@std@@MEAA_JPEBD_J@Z 00000001800096f0 f i libcpmt:cout.obj
 0001:000087b4       ??4?$_Yarn@D@std@@QEAAAEAV01@PEBD@Z 00000001800097b4 f i libcpmt:locale0.obj
 0001:0000882c       ??_G_Fac_node@std@@QEAAPEAXI@Z 000000018000982c f i libcpmt:locale0.obj
 0001:000088b8       ??_G_Locimp@locale@std@@MEAAPEAXI@Z 00000001800098b8 f i libcpmt:locale0.obj
 0001:000088b8       ??_E_Locimp@locale@std@@MEAAPEAXI@Z 00000001800098b8 f i libcpmt:locale0.obj
 0001:00008924       ?_Facet_Register@std@@YAXPEAV_Facet_base@1@@Z 0000000180009924 f   libcpmt:locale0.obj
 0001:0000895c       ?_Getgloballocale@locale@std@@CAPEAV_Locimp@12@XZ 000000018000995c f   libcpmt:locale0.obj
 0001:00008964       ?_Init@locale@std@@CAPEAV_Locimp@12@_N@Z 0000000180009964 f   libcpmt:locale0.obj
 0001:00008a20       ?_Locimp_dtor@_Locimp@locale@std@@CAXPEAV123@@Z 0000000180009a20 f   libcpmt:locale0.obj
 0001:00008ac8       ?_Locinfo_ctor@_Locinfo@std@@SAXPEAV12@PEBD@Z 0000000180009ac8 f   libcpmt:locale0.obj
 0001:00008b34       ?_Locinfo_dtor@_Locinfo@std@@SAXPEAV12@@Z 0000000180009b34 f   libcpmt:locale0.obj
 0001:00008b58       ?_New_Locimp@_Locimp@locale@std@@CAPEAV123@_N@Z 0000000180009b58 f   libcpmt:locale0.obj
 0001:00008bc8       ?_Setgloballocale@locale@std@@CAXPEAX@Z 0000000180009bc8 f   libcpmt:locale0.obj
 0001:00008bfc       _Deletegloballocale        0000000180009bfc f   libcpmt:locale0.obj
 0001:00008c84       ??0?$basic_istream@DU?$char_traits@D@std@@@std@@QEAA@PEAV?$basic_streambuf@DU?$char_traits@D@std@@@1@_N@Z 0000000180009c84 f i libcpmt:cin.obj
 0001:00008d50       ??_E?$basic_istream@DU?$char_traits@D@std@@@std@@$4PPPPPPPM@A@EAAPEAXI@Z 0000000180009d50 f i libcpmt:cin.obj
 0001:00008d5c       ??_E?$basic_istream@DU?$char_traits@D@std@@@std@@UEAAPEAXI@Z 0000000180009d5c f i libcpmt:cin.obj
 0001:00008d5c       ??_G?$basic_istream@DU?$char_traits@D@std@@@std@@UEAAPEAXI@Z 0000000180009d5c f i libcpmt:cin.obj
 0001:00008dcc       ??0bad_alloc@std@@QEAA@AEBV01@@Z 0000000180009dcc f i libcpmt:xthrow.obj
 0001:00008e0c       ??0bad_alloc@std@@QEAA@XZ  0000000180009e0c f i libcpmt:xthrow.obj
 0001:00008e2c       ??0length_error@std@@QEAA@AEBV01@@Z 0000000180009e2c f i libcpmt:xthrow.obj
 0001:00008e6c       ??0length_error@std@@QEAA@PEBD@Z 0000000180009e6c f i libcpmt:xthrow.obj
 0001:00008eb8       ??0logic_error@std@@QEAA@AEBV01@@Z 0000000180009eb8 f i libcpmt:xthrow.obj
 0001:00008ef8       ??0out_of_range@std@@QEAA@AEBV01@@Z 0000000180009ef8 f i libcpmt:xthrow.obj
 0001:00008f38       ??0out_of_range@std@@QEAA@PEBD@Z 0000000180009f38 f i libcpmt:xthrow.obj
 0001:00008f84       ??1length_error@std@@UEAA@XZ 0000000180009f84 f i libcpmt:xthrow.obj
 0001:00008f84       ??1bad_cast@std@@UEAA@XZ   0000000180009f84 f i libcpmt:cout.obj
 0001:00008f84       ??1bad_alloc@std@@UEAA@XZ  0000000180009f84 f i libcpmt:xthrow.obj
 0001:00008f84       ??1bad_array_new_length@std@@UEAA@XZ 0000000180009f84 f i LIBCMT:throw_bad_alloc.obj
 0001:00008f84       ??1bad_exception@std@@UEAA@XZ 0000000180009f84 f i libvcruntime:frame.obj
 0001:00008f84       ??1out_of_range@std@@UEAA@XZ 0000000180009f84 f i libcpmt:xthrow.obj
 0001:00008f98       ?__scrt_throw_std_bad_alloc@@YAXXZ 0000000180009f98 f   LIBCMT:throw_bad_alloc.obj
 0001:00008f98       ?_Xbad_alloc@std@@YAXXZ    0000000180009f98 f   libcpmt:xthrow.obj
 0001:00008fb8       ?_Xlength_error@std@@YAXPEBD@Z 0000000180009fb8 f   libcpmt:xthrow.obj
 0001:00008fdc       ?_Xout_of_range@std@@YAXPEBD@Z 0000000180009fdc f   libcpmt:xthrow.obj
 0001:00009000       ?_Syserror_map@std@@YAPEBDH@Z 000000018000a000 f   libcpmt:syserror.obj
 0001:00009028       _Stoullx                   000000018000a028 f   libcpmt:xstoull.obj
 0001:000091f0       _Getctype                  000000018000a1f0 f   libcpmt:_tolower.obj
 0001:000092b0       _Tolower                   000000018000a2b0 f   libcpmt:_tolower.obj
 0001:000093d8       _Getcvt                    000000018000a3d8 f   libcpmt:xwctomb.obj
 0001:00009468       _Toupper                   000000018000a468 f   libcpmt:_toupper.obj
 0001:000095a0       _Mtxdst                    000000018000a5a0 f   libcpmt:xmtx.obj
 0001:000095a8       _Mtxinit                   000000018000a5a8 f   libcpmt:xmtx.obj
 0001:000095b8       _Mtxlock                   000000018000a5b8 f   libcpmt:xmtx.obj
 0001:000095c0       _Mtxunlock                 000000018000a5c0 f   libcpmt:xmtx.obj
 0001:000095c8       ?_Addstd@ios_base@std@@SAXPEAV12@@Z 000000018000a5c8 f   libcpmt:ios.obj
 0001:00009638       ?_Ios_base_dtor@ios_base@std@@CAXPEAV12@@Z 000000018000a638 f   libcpmt:ios.obj
 0001:0000967c       ?_Tidy@ios_base@std@@AEAAXXZ 000000018000a67c f i libcpmt:ios.obj
 0001:0000970c       ?_Atexit@@YAXP6AXXZ@Z      000000018000a70c f   libcpmt:iosptrs.obj
 0001:0000974c       __local_stdio_printf_options 000000018000a74c f i libcpmt:locale.obj
 0001:00009754       __crtLCMapStringA          000000018000a754 f   libcpmt:StlLCMapStringA.obj
 0001:00009f10       __crtInitializeCriticalSectionEx 000000018000af10 f   libcpmt:winapisupp.obj
 0001:00009f70       GetTableIndexFromLocaleName 000000018000af70 f   libcpmt:winapinls.obj
 0001:00009ffc       __crtDownlevelLocaleNameToLCID 000000018000affc f   libcpmt:winapinls.obj
 0001:0000a030       __crtLCMapStringEx         000000018000b030 f   libcpmt:winapinls.obj
 0001:0000a0ec       __wcsnicmp_ascii           000000018000b0ec f   libcpmt:winapinls.obj
 0001:0000a160       __security_check_cookie    000000018000b160 f   LIBCMT:_amdsecgs_.obj
 0001:0000a184       ??_V@YAXPEAX@Z             000000018000b184 f   LIBCMT:delete_array.obj
 0001:0000a184       ??3@YAXPEAX_K@Z            000000018000b184 f   LIBCMT:delete_scalar_size.obj
 0001:0000a2d4       _Init_thread_footer        000000018000b2d4 f   LIBCMT:thread_safe_statics.obj
 0001:0000a334       _Init_thread_header        000000018000b334 f   LIBCMT:thread_safe_statics.obj
 0001:0000a39c       _Init_thread_notify        000000018000b39c f   LIBCMT:thread_safe_statics.obj
 0001:0000a3f8       _Init_thread_wait          000000018000b3f8 f   LIBCMT:thread_safe_statics.obj
 0001:0000a490       ??2@YAPEAX_K@Z             000000018000b490 f   LIBCMT:new_scalar.obj
 0001:0000a4cc       __scrt_acquire_startup_lock 000000018000b4cc f   LIBCMT:utility.obj
 0001:0000a508       __scrt_dllmain_after_initialize_c 000000018000b508 f   LIBCMT:utility.obj
 0001:0000a53c       __scrt_dllmain_before_initialize_c 000000018000b53c f   LIBCMT:utility.obj
 0001:0000a554       __scrt_dllmain_crt_thread_attach 000000018000b554 f   LIBCMT:utility.obj
 0001:0000a57c       __scrt_dllmain_crt_thread_detach 000000018000b57c f   LIBCMT:utility.obj
 0001:0000a594       __scrt_dllmain_exception_filter 000000018000b594 f   LIBCMT:utility.obj
 0001:0000a5f8       __scrt_dllmain_uninitialize_c 000000018000b5f8 f   LIBCMT:utility.obj
 0001:0000a628       __scrt_dllmain_uninitialize_critical 000000018000b628 f   LIBCMT:utility.obj
 0001:0000a63c       __scrt_initialize_crt      000000018000b63c f   LIBCMT:utility.obj
 0001:0000a688       __scrt_initialize_onexit_tables 000000018000b688 f   LIBCMT:utility.obj
 0001:0000a754       __scrt_is_nonwritable_in_current_image 000000018000b754 f   LIBCMT:utility.obj
 0001:0000a7f0       __scrt_release_startup_lock 000000018000b7f0 f   LIBCMT:utility.obj
 0001:0000a814       __scrt_uninitialize_crt    000000018000b814 f   LIBCMT:utility.obj
 0001:0000a840       _onexit                    000000018000b840 f   LIBCMT:utility.obj
 0001:0000a890       atexit                     000000018000b890 f   LIBCMT:utility.obj
 0001:0000a8a8       ??3@YAXPEAX@Z              000000018000b8a8 f   LIBCMT:delete_scalar.obj
 0001:0000abfc       _DllMainCRTStartup         000000018000bbfc f   LIBCMT:dll_dllmain.obj
 0001:0000ac3c       __GSHandlerCheck           000000018000bc3c f   LIBCMT:_gshandler_.obj
 0001:0000ac5c       __GSHandlerCheckCommon     000000018000bc5c f   LIBCMT:_gshandler_.obj
 0001:0000acb8       __GSHandlerCheck_EH        000000018000bcb8 f   LIBCMT:gshandlereh.obj
 0001:0000ad38       _guard_check_icall         000000018000bd38 f i LIBCMT:checkcfg.obj
 0001:0000ad40       ??_Etype_info@@UEAAPEAXI@Z 000000018000bd40 f i LIBCMT:std_type_info_static.obj
 0001:0000ad40       ??_Gtype_info@@UEAAPEAXI@Z 000000018000bd40 f i LIBCMT:std_type_info_static.obj
 0001:0000ad80       _alloca_probe              000000018000bd80 f   LIBCMT:_chkstk_.obj
 0001:0000ad80       __chkstk                   000000018000bd80 f   LIBCMT:_chkstk_.obj
 0001:0000add4       __raise_securityfailure    000000018000bdd4 f   LIBCMT:gs_report.obj
 0001:0000ae08       __report_gsfailure         000000018000be08 f   LIBCMT:gs_report.obj
 0001:0000aedc       __report_rangecheckfailure 000000018000bedc f   LIBCMT:gs_report.obj
 0001:0000aef0       __report_securityfailure   000000018000bef0 f   LIBCMT:gs_report.obj
 0001:0000b070       __crt_debugger_hook        000000018000c070 f   LIBCMT:utility_desktop.obj
 0001:0000b078       __scrt_fastfail            000000018000c078 f   LIBCMT:utility_desktop.obj
 0001:0000b1c0       ??0bad_array_new_length@std@@QEAA@AEBV01@@Z 000000018000c1c0 f i LIBCMT:throw_bad_alloc.obj
 0001:0000b200       ??0bad_array_new_length@std@@QEAA@XZ 000000018000c200 f i LIBCMT:throw_bad_alloc.obj
 0001:0000b220       ?__scrt_throw_std_bad_array_new_length@@YAXXZ 000000018000c220 f   LIBCMT:throw_bad_alloc.obj
 0001:0000b240       __isa_available_init       000000018000c240 f   LIBCMT:_cpu_disp_.obj
 0001:0000b408       __scrt_is_ucrt_dll_in_use  000000018000c408 f   LIBCMT:ucrt_detection.obj
 0001:0000b414       __security_init_cookie     000000018000c414 f   LIBCMT:gs_support.obj
 0001:0000b4c0       ?__scrt_initialize_type_info@@YAXXZ 000000018000c4c0 f   LIBCMT:tncleanup.obj
 0001:0000b4d0       ?__scrt_uninitialize_type_info@@YAXXZ 000000018000c4d0 f   LIBCMT:tncleanup.obj
 0001:0000b4dc       __local_stdio_scanf_options 000000018000c4dc f i LIBCMT:default_local_stdio_options.obj
 0001:0000b4e4       __scrt_initialize_default_local_stdio_options 000000018000c4e4 f   LIBCMT:default_local_stdio_options.obj
 0001:0000b500       __scrt_get_dyn_tls_init_callback 000000018000c500 f   LIBCMT:dyn_tls_init.obj
 0001:0000b508       _RTC_Initialize            000000018000c508 f   LIBCMT:_initsect_.obj
 0001:0000b554       _RTC_Terminate             000000018000c554 f   LIBCMT:_initsect_.obj
 0001:0000b5b0       memmove                    000000018000c5b0 f   libvcruntime:memcpy.obj
 0001:0000b5b0       memcpy                     000000018000c5b0 f   libvcruntime:memcpy.obj
 0001:0000b9e8       _purecall                  000000018000c9e8 f   libvcruntime:purevirt.obj
 0001:0000ba24       memchr                     000000018000ca24 f   libvcruntime:memchr.obj
 0001:0000ba40       __DestructExceptionObject  000000018000ca40 f   libvcruntime:frame.obj
 0001:0000bac8       ??0bad_exception@std@@QEAA@AEBV01@@Z 000000018000cac8 f i libvcruntime:frame.obj
 0001:0000bb08       ??0bad_exception@std@@QEAA@XZ 000000018000cb08 f i libvcruntime:frame.obj
 0001:0000bb28       ??_Ebad_cast@std@@UEAAPEAXI@Z 000000018000cb28 f i libcpmt:cout.obj
 0001:0000bb28       ??_Ebad_array_new_length@std@@UEAAPEAXI@Z 000000018000cb28 f i LIBCMT:throw_bad_alloc.obj
 0001:0000bb28       ??_Glogic_error@std@@UEAAPEAXI@Z 000000018000cb28 f i libcpmt:xthrow.obj
 0001:0000bb28       ??_Eexception@std@@UEAAPEAXI@Z 000000018000cb28 f i libcpmt:cout.obj
 0001:0000bb28       ??_Gbad_cast@std@@UEAAPEAXI@Z 000000018000cb28 f i libcpmt:cout.obj
 0001:0000bb28       ??_Gbad_alloc@std@@UEAAPEAXI@Z 000000018000cb28 f i libcpmt:xthrow.obj
 0001:0000bb28       ??_Elogic_error@std@@UEAAPEAXI@Z 000000018000cb28 f i libcpmt:xthrow.obj
 0001:0000bb28       ??_Gexception@std@@UEAAPEAXI@Z 000000018000cb28 f i libcpmt:cout.obj
 0001:0000bb28       ??_Elength_error@std@@UEAAPEAXI@Z 000000018000cb28 f i libcpmt:xthrow.obj
 0001:0000bb28       ??_Gbad_exception@std@@UEAAPEAXI@Z 000000018000cb28 f i libvcruntime:frame.obj
 0001:0000bb28       ??_Gbad_array_new_length@std@@UEAAPEAXI@Z 000000018000cb28 f i LIBCMT:throw_bad_alloc.obj
 0001:0000bb28       ??_Ebad_alloc@std@@UEAAPEAXI@Z 000000018000cb28 f i libcpmt:xthrow.obj
 0001:0000bb28       ??_Ebad_exception@std@@UEAAPEAXI@Z 000000018000cb28 f i libvcruntime:frame.obj
 0001:0000bb28       ??_Gout_of_range@std@@UEAAPEAXI@Z 000000018000cb28 f i libcpmt:xthrow.obj
 0001:0000bb28       ??_Eout_of_range@std@@UEAAPEAXI@Z 000000018000cb28 f i libcpmt:xthrow.obj
 0001:0000bb28       ??_Glength_error@std@@UEAAPEAXI@Z 000000018000cb28 f i libcpmt:xthrow.obj
 0001:0000c4c8       ?_CallMemberFunction0@@YAXPEAXP6AX0@Z@Z 000000018000d4c8 f i libvcruntime:frame.obj
 0001:0000c4cc       ?_CallMemberFunction1@@YAXPEAXP6AX0@Z0@Z 000000018000d4cc f i libvcruntime:frame.obj
 0001:0000c4d8       ?_CallMemberFunction2@@YAXPEAXP6AX0@Z0H@Z 000000018000d4d8 f i libvcruntime:frame.obj
 0001:0000c4e8       __AdjustPointer            000000018000d4e8 f   libvcruntime:frame.obj
 0001:0000c50c       __BuildCatchObject         000000018000d50c f   libvcruntime:frame.obj
 0001:0000c5d0       __BuildCatchObjectHelper   000000018000d5d0 f   libvcruntime:frame.obj
 0001:0000c7b0       __CxxCallCatchBlock        000000018000d7b0 f   libvcruntime:frame.obj
 0001:0000c99c       __FrameUnwindFilter        000000018000d99c f   libvcruntime:frame.obj
 0001:0000c9e8       __FrameUnwindToState       000000018000d9e8 f   libvcruntime:frame.obj
 0001:0000cb7c       __InternalCxxFrameHandler  000000018000db7c f   libvcruntime:frame.obj
 0001:0000cdd4       __TypeMatch                000000018000ddd4 f   libvcruntime:frame.obj
 0001:0000cf14       __std_terminate            000000018000df14 f   libvcruntime:frame.obj
 0001:0000cf20       __std_exception_copy       000000018000df20 f   libvcruntime:std_exception.obj
 0001:0000cfb0       __std_exception_destroy    000000018000dfb0 f   libvcruntime:std_exception.obj
 0001:0000cfd8       _CxxThrowException         000000018000dfd8 f   libvcruntime:throw.obj
 0001:0000d0b0       ?_ExecutionInCatch@@YAHPEAU_xDISPATCHER_CONTEXT@@PEBU_s_FuncInfo@@@Z 000000018000e0b0 f   libvcruntime:trnsctrl.obj
 0001:0000d124       ?_GetEstablisherFrame@@YAPEA_KPEA_KPEAU_xDISPATCHER_CONTEXT@@PEBU_s_FuncInfo@@0@Z 000000018000e124 f   libvcruntime:trnsctrl.obj
 0001:0000d1f0       ?_GetRangeOfTrysToCheck@@YAPEBU_s_TryBlockMapEntry@@PEA_KPEBU_s_FuncInfo@@HHPEAI2PEAU_xDISPATCHER_CONTEXT@@@Z 000000018000e1f0 f   libvcruntime:trnsctrl.obj
 0001:0000d31c       ?__FrameUnwindToEmptyState@@YAXPEA_KPEAU_xDISPATCHER_CONTEXT@@PEBU_s_FuncInfo@@@Z 000000018000e31c f   libvcruntime:trnsctrl.obj
 0001:0000d3b0       ?__SehTransFilter@@YAHPEAU_EXCEPTION_POINTERS@@PEAUEHExceptionRecord@@PEA_KPEAU_CONTEXT@@PEAU_xDISPATCHER_CONTEXT@@PEBU_s_FuncInfo@@PEAH@Z 000000018000e3b0 f   libvcruntime:trnsctrl.obj
 0001:0000d448       _CallSETranslator          000000018000e448 f   libvcruntime:trnsctrl.obj
 0001:0000d4a0       _CreateFrameInfo           000000018000e4a0 f   libvcruntime:trnsctrl.obj
 0001:0000d4dc       _FindAndUnlinkFrame        000000018000e4dc f   libvcruntime:trnsctrl.obj
 0001:0000d534       _GetImageBase              000000018000e534 f   libvcruntime:trnsctrl.obj
 0001:0000d548       _GetThrowImageBase         000000018000e548 f   libvcruntime:trnsctrl.obj
 0001:0000d55c       _IsExceptionObjectToBeDestroyed 000000018000e55c f   libvcruntime:trnsctrl.obj
 0001:0000d58c       _SetImageBase              000000018000e58c f   libvcruntime:trnsctrl.obj
 0001:0000d5a4       _SetThrowImageBase         000000018000e5a4 f   libvcruntime:trnsctrl.obj
 0001:0000d5bc       _UnwindNestedFrames        000000018000e5bc f   libvcruntime:trnsctrl.obj
 0001:0000d6e0       __CxxFrameHandler3         000000018000e6e0 f   libvcruntime:trnsctrl.obj
 0001:0000d770       memset                     000000018000e770 f   libvcruntime:memset.obj
 0001:0000d920       memcmp                     000000018000e920 f   libvcruntime:memcmp.obj
 0001:0000dbb0       __vcrt_FlsAlloc            000000018000ebb0 f   libvcruntime:winapi_downlevel.obj
 0001:0000dc04       __vcrt_FlsFree             000000018000ec04 f   libvcruntime:winapi_downlevel.obj
 0001:0000dc58       __vcrt_FlsGetValue         000000018000ec58 f   libvcruntime:winapi_downlevel.obj
 0001:0000dcac       __vcrt_FlsSetValue         000000018000ecac f   libvcruntime:winapi_downlevel.obj
 0001:0000dd14       __vcrt_InitializeCriticalSectionEx 000000018000ed14 f   libvcruntime:winapi_downlevel.obj
 0001:0000dd8c       __vcrt_initialize_winapi_thunks 000000018000ed8c f   libvcruntime:winapi_downlevel.obj
 0001:0000ddd8       __vcrt_uninitialize_winapi_thunks 000000018000edd8 f   libvcruntime:winapi_downlevel.obj
 0001:0000de18       __vcrt_initialize          000000018000ee18 f   libvcruntime:initialization.obj
 0001:0000de4c       __vcrt_thread_attach       000000018000ee4c f   libvcruntime:initialization.obj
 0001:0000de60       __vcrt_thread_detach       000000018000ee60 f   libvcruntime:initialization.obj
 0001:0000de74       __vcrt_uninitialize        000000018000ee74 f   libvcruntime:initialization.obj
 0001:0000de94       __vcrt_uninitialize_critical 000000018000ee94 f   libvcruntime:initialization.obj
 0001:0000dea4       __C_specific_handler       000000018000eea4 f   libvcruntime:_chandler_.obj
 0001:0000e0a0       __std_type_info_compare    000000018000f0a0 f   libvcruntime:std_type_info.obj
 0001:0000e0c8       __std_type_info_destroy_list 000000018000f0c8 f   libvcruntime:std_type_info.obj
 0001:0000e0f4       __vcrt_initialize_pure_virtual_call_handler 000000018000f0f4 f   libvcruntime:purevirt_data.obj
 0001:0000e118       __vcrt_freefls             000000018000f118 f   libvcruntime:per_thread_data.obj
 0001:0000e138       __vcrt_freeptd             000000018000f138 f   libvcruntime:per_thread_data.obj
 0001:0000e188       __vcrt_getptd              000000018000f188 f   libvcruntime:per_thread_data.obj
 0001:0000e1a4       __vcrt_getptd_noexit       000000018000f1a4 f   libvcruntime:per_thread_data.obj
 0001:0000e25c       __vcrt_initialize_ptd      000000018000f25c f   libvcruntime:per_thread_data.obj
 0001:0000e29c       __vcrt_uninitialize_ptd    000000018000f29c f   libvcruntime:per_thread_data.obj
 0001:0000e2c0       ?__GetCurrentState@@YAHPEA_KPEAU_xDISPATCHER_CONTEXT@@PEBU_s_FuncInfo@@@Z 000000018000f2c0 f   libvcruntime:ehstate.obj
 0001:0000e2e8       ?__GetUnwindTryBlock@@YAHPEA_KPEAU_xDISPATCHER_CONTEXT@@PEBU_s_FuncInfo@@@Z 000000018000f2e8 f   libvcruntime:ehstate.obj
 0001:0000e314       ?__SetState@@YAXPEA_KPEAU_xDISPATCHER_CONTEXT@@PEBU_s_FuncInfo@@H@Z 000000018000f314 f   libvcruntime:ehstate.obj
 0001:0000e320       ?__SetUnwindTryBlock@@YAXPEA_KPEAU_xDISPATCHER_CONTEXT@@PEBU_s_FuncInfo@@H@Z 000000018000f320 f   libvcruntime:ehstate.obj
 0001:0000e35c       ?__StateFromControlPc@@YAHPEBU_s_FuncInfo@@PEAU_xDISPATCHER_CONTEXT@@@Z 000000018000f35c f   libvcruntime:ehstate.obj
 0001:0000e364       ?__StateFromIp@@YAHPEBU_s_FuncInfo@@PEAU_xDISPATCHER_CONTEXT@@_J@Z 000000018000f364 f   libvcruntime:ehstate.obj
 0001:0000e3e0       _CallSettingFrame          000000018000f3e0 f   libvcruntime:handlers.obj
 0001:0000e430       _local_unwind              000000018000f430 f   libvcruntime:_jmpuwind_.obj
 0001:0000e460       _NLG_Notify                000000018000f460 f   libvcruntime:_jmpuwind_.obj
 0001:0000e480       __NLG_Dispatch2            000000018000f480 f   libvcruntime:_jmpuwind_.obj
 0001:0000e490       __NLG_Return2              000000018000f490 f   libvcruntime:_jmpuwind_.obj
 0001:0000e494       __vcrt_initialize_locks    000000018000f494 f   libvcruntime:locks.obj
 0001:0000e4dc       __vcrt_uninitialize_locks  000000018000f4dc f   libvcruntime:locks.obj
 0001:0000e514       abort                      000000018000f514 f   libucrt:abort.obj
 0001:0000e56c       calloc                     000000018000f56c f   libucrt:calloc.obj
 0001:0000e6bc       ??$parse_floating_point@V?$c_string_character_source@D@__crt_strtox@@M@__crt_strtox@@YA?AW4SLD_STATUS@@QEAU__crt_locale_pointers@@V?$c_string_character_source@D@0@QEAM@Z 000000018000f6bc f i libucrt:strtod.obj
 0001:0000e75c       ??$parse_floating_point@V?$c_string_character_source@D@__crt_strtox@@N@__crt_strtox@@YA?AW4SLD_STATUS@@QEAU__crt_locale_pointers@@V?$c_string_character_source@D@0@QEAN@Z 000000018000f75c f i libucrt:strtod.obj
 0001:0000e7fc       ??$parse_floating_point_from_source@V?$c_string_character_source@D@__crt_strtox@@@__crt_strtox@@YA?AW4floating_point_parse_result@0@QEAU__crt_locale_pointers@@AEAV?$c_string_character_source@D@0@AEAUfloating_point_string@0@@Z 000000018000f7fc f i libucrt:strtod.obj
 0001:0000ece8       ??$parse_floating_point_possible_infinity@DV?$c_string_character_source@D@__crt_strtox@@PEBD@__crt_strtox@@YA?AW4floating_point_parse_result@0@AEADAEAV?$c_string_character_source@D@0@PEBD@Z 000000018000fce8 f i libucrt:strtod.obj
 0001:0000ee00       ??$parse_floating_point_possible_nan@DV?$c_string_character_source@D@__crt_strtox@@PEBD@__crt_strtox@@YA?AW4floating_point_parse_result@0@AEADAEAV?$c_string_character_source@D@0@PEBD@Z 000000018000fe00 f i libucrt:strtod.obj
 0001:0000ef94       ??$parse_floating_point_possible_nan_is_ind@DV?$c_string_character_source@D@__crt_strtox@@@__crt_strtox@@YA_NAEADAEAV?$c_string_character_source@D@0@@Z 000000018000ff94 f i libucrt:strtod.obj
 0001:0000efdc       ??$parse_floating_point_possible_nan_is_snan@DV?$c_string_character_source@D@__crt_strtox@@@__crt_strtox@@YA_NAEADAEAV?$c_string_character_source@D@0@@Z 000000018000ffdc f i libucrt:strtod.obj
 0001:0000f024       ??$parse_floating_point_write_result@M@__crt_strtox@@YA?AW4SLD_STATUS@@W4floating_point_parse_result@0@AEBUfloating_point_string@0@QEAM@Z 0000000180010024 f i libucrt:strtod.obj
 0001:0000f13c       ??$parse_floating_point_write_result@N@__crt_strtox@@YA?AW4SLD_STATUS@@W4floating_point_parse_result@0@AEBUfloating_point_string@0@QEAN@Z 000000018001013c f i libucrt:strtod.obj
 0001:0000f264       ??0_LocaleUpdate@@QEAA@QEAU__crt_locale_pointers@@@Z 0000000180010264 f i libucrt:strtod.obj
 0001:0000f340       ?as_double@floating_point_value@__crt_strtox@@QEBAAEANXZ 0000000180010340 f i libucrt:strtod.obj
 0001:0000f37c       ?as_float@floating_point_value@__crt_strtox@@QEBAAEAMXZ 000000018001037c f i libucrt:strtod.obj
 0001:0000f3b8       ?assemble_floating_point_value@__crt_strtox@@YA?AW4SLD_STATUS@@_KH_N1AEBVfloating_point_value@1@@Z 00000001800103b8 f i libucrt:strtod.obj
 0001:0000f76c       ?assemble_floating_point_value_from_big_integer@__crt_strtox@@YA?AW4SLD_STATUS@@AEBUbig_integer@1@I_N1AEBVfloating_point_value@1@@Z 000000018001076c f i libucrt:strtod.obj
 0001:0000f8f8       ?convert_decimal_string_to_floating_type_common@__crt_strtox@@YA?AW4SLD_STATUS@@AEBUfloating_point_string@1@AEBVfloating_point_value@1@@Z 00000001800108f8 f i libucrt:strtod.obj
 0001:000116bc       ?convert_hexadecimal_string_to_floating_type_common@__crt_strtox@@YA?AW4SLD_STATUS@@AEBUfloating_point_string@1@AEBVfloating_point_value@1@@Z 00000001800126bc f i libucrt:strtod.obj
 0001:00011770       ?divide@__crt_strtox@@YA_KAEAUbig_integer@1@AEBU21@@Z 0000000180012770 f i libucrt:strtod.obj
 0001:00011cc8       strtod                     0000000180012cc8 f   libucrt:strtod.obj
 0001:00011cd0       strtof                     0000000180012cd0 f   libucrt:strtod.obj
 0001:00011cd8       __acrt_call_reportfault    0000000180012cd8 f   libucrt:invalid_parameter.obj
 0001:00011e34       __acrt_initialize_invalid_parameter_handler 0000000180012e34 f   libucrt:invalid_parameter.obj
 0001:00011e3c       _invalid_parameter         0000000180012e3c f   libucrt:invalid_parameter.obj
 0001:00011ee4       _invalid_parameter_noinfo  0000000180012ee4 f   libucrt:invalid_parameter.obj
 0001:00011f04       _invalid_parameter_noinfo_noreturn 0000000180012f04 f   libucrt:invalid_parameter.obj
 0001:00011f34       _invoke_watson             0000000180012f34 f   libucrt:invalid_parameter.obj
 0001:00011f7c       localeconv                 0000000180012f7c f   libucrt:localeconv.obj
 0001:00011fb0       __acrt_errno_from_os_error 0000000180012fb0 f   libucrt:errno.obj
 0001:00011ff8       __acrt_errno_map_os_error  0000000180012ff8 f   libucrt:errno.obj
 0001:00012048       __doserrno                 0000000180013048 f   libucrt:errno.obj
 0001:00012068       _errno                     0000000180013068 f   libucrt:errno.obj
 0001:00012088       ldexp                      0000000180013088 f   libucrt:ldexp.obj
 0001:000121fc       free                       00000001800131fc f   libucrt:free.obj
 0001:00012204       __ascii_stricmp            0000000180013204 f   libucrt:stricmp.obj
 0001:00012240       _stricmp                   0000000180013240 f   libucrt:stricmp.obj
 0001:00012288       _stricmp_l                 0000000180013288 f   libucrt:stricmp.obj
 0001:0001233c       islower                    000000018001333c f i libucrt:_ctype.obj
 0001:000123b0       isspace                    00000001800133b0 f i libucrt:_ctype.obj
 0001:00012424       isupper                    0000000180013424 f i libucrt:_ctype.obj
 0001:000124e8       _tolower_l                 00000001800134e8 f   libucrt:tolower_toupper.obj
 0001:00012628       tolower                    0000000180013628 f   libucrt:tolower_toupper.obj
 0001:00012654       __acrt_initialize_locks    0000000180013654 f   libucrt:locks.obj
 0001:0001269c       __acrt_lock                000000018001369c f   libucrt:locks.obj
 0001:000126b8       __acrt_uninitialize_locks  00000001800136b8 f   libucrt:locks.obj
 0001:000126f0       __acrt_unlock              00000001800136f0 f   libucrt:locks.obj
 0001:0001270c       _lock_locales              000000018001370c f   libucrt:locks.obj
 0001:0001271c       _unlock_locales            000000018001371c f   libucrt:locks.obj
 0001:0001272c       __acrt_initialize_stdio    000000018001372c f   libucrt:_file.obj
 0001:0001284c       __acrt_iob_func            000000018001384c f   libucrt:_file.obj
 0001:00012860       __acrt_uninitialize_stdio  0000000180013860 f   libucrt:_file.obj
 0001:000128bc       _get_stream_buffer_pointers 00000001800138bc f   libucrt:_file.obj
 0001:00012904       _lock_file                 0000000180013904 f   libucrt:_file.obj
 0001:00012910       _unlock_file               0000000180013910 f   libucrt:_file.obj
 0001:0001291c       _fclose_nolock             000000018001391c f   libucrt:fclose.obj
 0001:000129a0       fclose                     00000001800139a0 f   libucrt:fclose.obj
 0001:00012a0c       __acrt_stdio_flush_nolock  0000000180013a0c f   libucrt:fflush.obj
 0001:00012a84       _fflush_nolock             0000000180013a84 f   libucrt:fflush.obj
 0001:00012ad0       _flushall                  0000000180013ad0 f   libucrt:fflush.obj
 0001:00012bc0       fflush                     0000000180013bc0 f   libucrt:fflush.obj
 0001:00012c04       _fgetc_nolock              0000000180013c04 f   libucrt:fgetc.obj
 0001:00012c48       fgetc                      0000000180013c48 f   libucrt:fgetc.obj
 0001:00012d4c       fgetpos                    0000000180013d4c f   libucrt:fgetpos.obj
 0001:00012d98       fputc                      0000000180013d98 f   libucrt:fputc.obj
 0001:00012eb8       fsetpos                    0000000180013eb8 f   libucrt:fsetpos.obj
 0001:00013164       _fseeki64                  0000000180014164 f   libucrt:fseek.obj
 0001:0001316c       ??$?RV<lambda_5d4c3fee44080f75d5d9762853974fe0>@@AEAV<lambda_532e024f4337e6fc7ad266c2bef9f4ed>@@V<lambda_c87bdc10097eb2402edb8ba9bdf0697b>@@@?$__crt_seh_guarded_call@_K@@QEAA_K$$QEAV<lambda_5d4c3fee44080f75d5d9762853974fe0>@@AEAV<lambda_532e024f4337e6fc7ad266c2bef9f4ed>@@$$QEAV<lambda_c87bdc10097eb2402edb8ba9bdf0697b>@@@Z 000000018001416c f i libucrt:fwrite.obj
 0001:00013210       _fwrite_nolock             0000000180014210 f   libucrt:fwrite.obj
 0001:000133ac       fwrite                     00000001800143ac f   libucrt:fwrite.obj
 0001:00013430       ??$?RV<lambda_7a5ef57ff966f610505f1d28a3d40618>@@AEAV<lambda_b721fa326cdb32351d23dfa67958c160>@@V<lambda_5e0fb27672408a07956fe59e48ccb2aa>@@@?$__crt_seh_guarded_call@H@@QEAAH$$QEAV<lambda_7a5ef57ff966f610505f1d28a3d40618>@@AEAV<lambda_b721fa326cdb32351d23dfa67958c160>@@$$QEAV<lambda_5e0fb27672408a07956fe59e48ccb2aa>@@@Z 0000000180014430 f i libucrt:setvbuf.obj
 0001:00013560       setvbuf                    0000000180014560 f   libucrt:setvbuf.obj
 0001:00013600       _ungetc_nolock             0000000180014600 f   libucrt:ungetc.obj
 0001:00013710       ungetc                     0000000180014710 f   libucrt:ungetc.obj
 0001:00013770       malloc                     0000000180014770 f   libucrt:malloc.obj
 0001:00013860       setlocale                  0000000180014860 f   libucrt:setlocale.obj
 0001:00013a2c       _calloc_base               0000000180014a2c f   libucrt:calloc_base.obj
 0001:00013aa4       __pctype_func              0000000180014aa4 f   libucrt:ctype.obj
 0001:00013ad4       _wcsdup                    0000000180014ad4 f   libucrt:wcsdup.obj
 0001:00013b58       ___lc_codepage_func        0000000180014b58 f   libucrt:initctype.obj
 0001:00013b88       ___lc_locale_name_func     0000000180014b88 f   libucrt:initctype.obj
 0001:00013bbc       ___mb_cur_max_func         0000000180014bbc f   libucrt:initctype.obj
 0001:00013bec       __acrt_locale_initialize_ctype 0000000180014bec f   libucrt:initctype.obj
 0001:00014238       _ismbblead                 0000000180015238 f   libucrt:ismbbyte.obj
 0001:0001424c       _malloc_base               000000018001524c f   libucrt:malloc_base.obj
 0001:000142ac       _realloc_base              00000001800152ac f   libucrt:realloc_base.obj
 0001:00014330       pow                        0000000180015330 f   libucrt:pow.obj
 0001:000159d0       powf                       00000001800169d0 f   libucrt:powf.obj
 0001:00016898       __strncnt                  0000000180017898 f   libucrt:strncnt.obj
 0001:000168b0       _free_base                 00000001800178b0 f   libucrt:free_base.obj
 0001:000168f0       wcscpy_s                   00000001800178f0 f   libucrt:wcscpy_s.obj
 0001:00016958       wcsnlen                    0000000180017958 f   libucrt:strnlen.obj
 0001:00016b48       __acrt_initialize_new_handler 0000000180017b48 f   libucrt:new_handler.obj
 0001:00016b50       _callnewh                  0000000180017b50 f   libucrt:new_handler.obj
 0001:00016b90       _query_new_handler         0000000180017b90 f   libucrt:new_handler.obj
 0001:00016bc4       _seh_filter_dll            0000000180017bc4 f   libucrt:exception_filter.obj
 0001:00016bd8       _seh_filter_exe            0000000180017bd8 f   libucrt:exception_filter.obj
 0001:00016f98       __acrt_initialize_thread_local_exit_callback 0000000180017f98 f   libucrt:exit.obj
 0001:00016fa0       _cexit                     0000000180017fa0 f   libucrt:exit.obj
 0001:00016fb0       _exit                      0000000180017fb0 f   libucrt:exit.obj
 0001:00016fbc       _is_c_termination_complete 0000000180017fbc f   libucrt:exit.obj
 0001:00017180       __acrt_allocate_buffer_for_argv 0000000180018180 f   libucrt:argv_parsing.obj
 0001:000171e4       _configure_narrow_argv     00000001800181e4 f   libucrt:argv_parsing.obj
 0001:00017540       __dcrt_uninitialize_environments_nolock 0000000180018540 f   libucrt:environment_initialization.obj
 0001:00017578       _initialize_narrow_environment 0000000180018578 f   libucrt:environment_initialization.obj
 0001:00017580       ??$?RV<lambda_b8c45f8f788dd370798f47cfe8ac3a86>@@AEAV<lambda_4e60a939b0d047cfe11ddc22648dfba9>@@V<lambda_332c3edc96d0294ec56c57d38c1cdfd5>@@@?$__crt_seh_guarded_call@H@@QEAAH$$QEAV<lambda_b8c45f8f788dd370798f47cfe8ac3a86>@@AEAV<lambda_4e60a939b0d047cfe11ddc22648dfba9>@@$$QEAV<lambda_332c3edc96d0294ec56c57d38c1cdfd5>@@@Z 0000000180018580 f i libucrt:onexit.obj
 0001:000175bc       ??$?RV<lambda_e24bbb7b643b32fcea6fa61b31d4c984>@@AEAV<lambda_275893d493268fdec8709772e3fcec0e>@@V<lambda_9d71df4d7cf3f480f8d633942495c3b0>@@@?$__crt_seh_guarded_call@H@@QEAAH$$QEAV<lambda_e24bbb7b643b32fcea6fa61b31d4c984>@@AEAV<lambda_275893d493268fdec8709772e3fcec0e>@@$$QEAV<lambda_9d71df4d7cf3f480f8d633942495c3b0>@@@Z 00000001800185bc f i libucrt:onexit.obj
 0001:00017938       _crt_atexit                0000000180018938 f   libucrt:onexit.obj
 0001:00017948       _execute_onexit_table      0000000180018948 f   libucrt:onexit.obj
 0001:00017984       _initialize_onexit_table   0000000180018984 f   libucrt:onexit.obj
 0001:000179c4       _register_onexit_function  00000001800189c4 f   libucrt:onexit.obj
 0001:00017a44       __acrt_uninitialize_command_line 0000000180018a44 f   libucrt:argv_data.obj
 0001:00017a44       ?do_always_noconv@?$codecvt@DDU_Mbstatet@@@std@@MEBA_NXZ 0000000180018a44 f   libcpmt:cout.obj
 0001:00017b44       __acrt_initialize          0000000180018b44 f   libucrt:initialization.obj
 0001:00017b58       __acrt_thread_attach       0000000180018b58 f   libucrt:initialization.obj
 0001:00017b6c       __acrt_thread_detach       0000000180018b6c f   libucrt:initialization.obj
 0001:00017b7c       __acrt_uninitialize        0000000180018b7c f   libucrt:initialization.obj
 0001:00017b90       __acrt_uninitialize_critical 0000000180018b90 f   libucrt:initialization.obj
 0001:00017ba0       _initterm                  0000000180018ba0 f   libucrt:initterm.obj
 0001:00017c18       _initterm_e                0000000180018c18 f   libucrt:initterm.obj
 0001:00017c64       terminate                  0000000180018c64 f   libucrt:terminate.obj
 0001:00017c8c       strcpy_s                   0000000180018c8c f   libucrt:strcpy_s.obj
 0001:00017cec       ??$is_overflow_condition@K@__crt_strtox@@YA_NIK@Z 0000000180018cec f i libucrt:atox.obj
 0001:00017d18       ??$make_c_string_character_source@DPEAPEAD@__crt_strtox@@YA?AV?$c_string_character_source@D@0@QEBDQEAPEAD@Z 0000000180018d18 f i libucrt:strtod.obj
 0001:00017d18       ??$make_c_string_character_source@_W$$T@__crt_strtox@@YA?AV?$c_string_character_source@_W@0@QEB_W$$T@Z 0000000180018d18 f i libucrt:atox.obj
 0001:00017d2c       ??$parse_integer@KV?$c_string_character_source@_W@__crt_strtox@@@__crt_strtox@@YAKQEAU__crt_locale_pointers@@V?$c_string_character_source@_W@0@H_N@Z 0000000180018d2c f i libucrt:atox.obj
 0001:00018400       _wtol                      0000000180019400 f   libucrt:atox.obj
 0001:0001842c       ??$?RV<lambda_c36588078e9f5dfd39652860aa6b3aaf>@@AEAV<lambda_ec61778202f4f5fc7e7711acc23c3bca>@@V<lambda_dc9d2797ccde5d239b4a0efae8ebd7db>@@@?$__crt_seh_guarded_call@P6AXH@Z@@QEAAP6AXH@Z$$QEAV<lambda_c36588078e9f5dfd39652860aa6b3aaf>@@AEAV<lambda_ec61778202f4f5fc7e7711acc23c3bca>@@$$QEAV<lambda_dc9d2797ccde5d239b4a0efae8ebd7db>@@@Z 000000018001942c f i libucrt:signal.obj
 0001:00018474       __acrt_get_sigabrt_handler 0000000180019474 f   libucrt:signal.obj
 0001:000184a4       __acrt_initialize_signal_handlers 00000001800194a4 f   libucrt:signal.obj
 0001:000184c4       raise                      00000001800194c4 f   libucrt:signal.obj
 0001:00018760       iswctype                   0000000180019760 f   libucrt:iswctype.obj
 0001:000187d0       _isctype_l                 00000001800197d0 f   libucrt:isctype.obj
 0001:000188e0       ??$?RV<lambda_46352004c1216016012b18bd6f87e700>@@AEAV<lambda_3bd07e1a1191394380780325891bf33f>@@V<lambda_334532d3f185bcaa59b5be82d7d22bff>@@@?$__crt_seh_guarded_call@X@@QEAAX$$QEAV<lambda_46352004c1216016012b18bd6f87e700>@@AEAV<lambda_3bd07e1a1191394380780325891bf33f>@@$$QEAV<lambda_334532d3f185bcaa59b5be82d7d22bff>@@@Z 00000001800198e0 f i libucrt:per_thread_data.obj
 0001:00018940       ??$?RV<lambda_5e887d1dcbef67a5eb4283622ba103bf>@@AEAV<lambda_4466841279450cc726390878d4a41900>@@V<lambda_341c25c0346d94847f1f3c463c57e077>@@@?$__crt_seh_guarded_call@X@@QEAAX$$QEAV<lambda_5e887d1dcbef67a5eb4283622ba103bf>@@AEAV<lambda_4466841279450cc726390878d4a41900>@@$$QEAV<lambda_341c25c0346d94847f1f3c463c57e077>@@@Z 0000000180019940 f i libucrt:per_thread_data.obj
 0001:00018988       ??$?RV<lambda_72d1df2b273a38828b1ce30cbf4cdab5>@@AEAV<lambda_876a65b173b8412d3a47c70a915b0cf4>@@V<lambda_41932305e351933ebe8f8be3ed8bb5dc>@@@?$__crt_seh_guarded_call@X@@QEAAX$$QEAV<lambda_72d1df2b273a38828b1ce30cbf4cdab5>@@AEAV<lambda_876a65b173b8412d3a47c70a915b0cf4>@@$$QEAV<lambda_41932305e351933ebe8f8be3ed8bb5dc>@@@Z 0000000180019988 f i libucrt:per_thread_data.obj
 0001:000189c8       ??$?RV<lambda_fb3a7dec4e47f37f22dae91bb15c9095>@@AEAV<lambda_698284760c8add0bfb0756c19673e34b>@@V<lambda_dfb8eca1e75fef3034a8fb18dd509707>@@@?$__crt_seh_guarded_call@X@@QEAAX$$QEAV<lambda_fb3a7dec4e47f37f22dae91bb15c9095>@@AEAV<lambda_698284760c8add0bfb0756c19673e34b>@@$$QEAV<lambda_dfb8eca1e75fef3034a8fb18dd509707>@@@Z 00000001800199c8 f i libucrt:per_thread_data.obj
 0001:00018c58       __acrt_freeptd             0000000180019c58 f   libucrt:per_thread_data.obj
 0001:00018c9c       __acrt_getptd              0000000180019c9c f   libucrt:per_thread_data.obj
 0001:00018d30       __acrt_getptd_noexit       0000000180019d30 f   libucrt:per_thread_data.obj
 0001:00018dd0       __acrt_initialize_ptd      0000000180019dd0 f   libucrt:per_thread_data.obj
 0001:00018e0c       __acrt_uninitialize_ptd    0000000180019e0c f   libucrt:per_thread_data.obj
 0001:00018e30       __acrt_update_locale_info  0000000180019e30 f   libucrt:locale_update.obj
 0001:00018e64       __acrt_update_multibyte_info 0000000180019e64 f   libucrt:locale_update.obj
 0001:00018e98       fegetround                 0000000180019e98 f   libucrt:fegetround.obj
 0001:00018eac       ?showmanyc@?$basic_streambuf@DU?$char_traits@D@std@@@std@@MEAA_JXZ 0000000180019eac f   libcpmt:cout.obj
 0001:00018eac       ?sync@?$basic_streambuf@DU?$char_traits@D@std@@@std@@MEAAHXZ 0000000180019eac f   libcpmt:cout.obj
 0001:00018eb0       ??$?RV<lambda_5df02c53a8f32f81fd64e5bbb78039f1>@@AEAV<lambda_2af78c5f5901b1372d98f9ab3177dfa6>@@AEAV<lambda_f51fe5fd7c79a33db34fc9310f277369>@@@?$__crt_seh_guarded_call@X@@QEAAX$$QEAV<lambda_5df02c53a8f32f81fd64e5bbb78039f1>@@AEAV<lambda_2af78c5f5901b1372d98f9ab3177dfa6>@@AEAV<lambda_f51fe5fd7c79a33db34fc9310f277369>@@@Z 0000000180019eb0 f i libucrt:wsetlocale.obj
 0001:00018edc       ??$?RV<lambda_d67e8342c384adda8f857579ab50b2ae>@@AEAV<lambda_30712929f77e709619002f448b6a9510>@@V<lambda_4525336fd7e478d965fb7ca7a337cad8>@@@?$__crt_seh_guarded_call@X@@QEAAX$$QEAV<lambda_d67e8342c384adda8f857579ab50b2ae>@@AEAV<lambda_30712929f77e709619002f448b6a9510>@@$$QEAV<lambda_4525336fd7e478d965fb7ca7a337cad8>@@@Z 0000000180019edc f i libucrt:wsetlocale.obj
 0001:000190a8       __acrt_copy_locale_name    000000018001a0a8 f   libucrt:wsetlocale.obj
 0001:0001912c       __acrt_set_locale_changed  000000018001a12c f   libucrt:wsetlocale.obj
 0001:00019138       __acrt_uninitialize_locale 000000018001a138 f   libucrt:wsetlocale.obj
 0001:00019180       __lc_lctowcs               000000018001a180 f   libucrt:wsetlocale.obj
 0001:00019224       __lc_wcstolc               000000018001a224 f   libucrt:wsetlocale.obj
 0001:0001949c       _expandlocale              000000018001a49c f   libucrt:wsetlocale.obj
 0001:00019898       _wcscats                   000000018001a898 f   libucrt:wsetlocale.obj
 0001:00019900       _wsetlocale                000000018001a900 f   libucrt:wsetlocale.obj
 0001:0001a14c       _copysign                  000000018001b14c f   libucrt:_copysign.obj
 0001:0001a184       _decomp                    000000018001b184 f   libucrt:util.obj
 0001:0001a2b8       _set_exp                   000000018001b2b8 f   libucrt:util.obj
 0001:0001a2f0       _sptype                    000000018001b2f0 f   libucrt:util.obj
 0001:0001a364       _errcode                   000000018001b364 f   libucrt:fpexcept.obj
 0001:0001a3a8       _except2                   000000018001b3a8 f   libucrt:fpexcept.obj
 0001:0001a4b0       _handle_exc                000000018001b4b0 f   libucrt:fpexcept.obj
 0001:0001a718       _handle_qnan2              000000018001b718 f   libucrt:fpexcept.obj
 0001:0001a720       _raise_exc                 000000018001b720 f   libucrt:fpexcept.obj
 0001:0001a748       _raise_exc_ex              000000018001b748 f   libucrt:fpexcept.obj
 0001:0001aa50       _raise_excf                000000018001ba50 f   libucrt:fpexcept.obj
 0001:0001aa7c       _set_errno_from_matherr    000000018001ba7c f   libucrt:fpexcept.obj
 0001:0001aaac       _umatherr                  000000018001baac f   libucrt:fpexcept.obj
 0001:0001ab80       _clrfp                     000000018001bb80 f   libucrt:fpctrl.obj
 0001:0001aba0       _ctrlfp                    000000018001bba0 f   libucrt:fpctrl.obj
 0001:0001ac1c       _set_statfp                000000018001bc1c f   libucrt:fpctrl.obj
 0001:0001ac3c       _statfp                    000000018001bc3c f   libucrt:fpctrl.obj
 0001:0001ac50       _isleadbyte_l              000000018001bc50 f i libucrt:_wctype.obj
 0001:0001afec       __acrt_LCMapStringA        000000018001bfec f   libucrt:lcmapstringa.obj
 0001:0001b0c8       ??$?RV<lambda_630b2aca97f6d20d5b5ea6529ea6b6af>@@AEAV<lambda_af91936f1d075d609f72d9d8cba980af>@@V<lambda_e82fa975f615b5c7c7b0e4d178fdae67>@@@?$__crt_seh_guarded_call@H@@QEAAH$$QEAV<lambda_630b2aca97f6d20d5b5ea6529ea6b6af>@@AEAV<lambda_af91936f1d075d609f72d9d8cba980af>@@$$QEAV<lambda_e82fa975f615b5c7c7b0e4d178fdae67>@@@Z 000000018001c0c8 f i libucrt:winapi_thunks.obj
 0001:0001b300       __acrt_EnumSystemLocalesEx 000000018001c300 f   libucrt:winapi_thunks.obj
 0001:0001b3a8       __acrt_FlsAlloc            000000018001c3a8 f   libucrt:winapi_thunks.obj
 0001:0001b400       __acrt_FlsFree             000000018001c400 f   libucrt:winapi_thunks.obj
 0001:0001b458       __acrt_FlsGetValue         000000018001c458 f   libucrt:winapi_thunks.obj
 0001:0001b4b0       __acrt_FlsSetValue         000000018001c4b0 f   libucrt:winapi_thunks.obj
 0001:0001b518       __acrt_GetLocaleInfoEx     000000018001c518 f   libucrt:winapi_thunks.obj
 0001:0001b5b0       __acrt_GetUserDefaultLocaleName 000000018001c5b0 f   libucrt:winapi_thunks.obj
 0001:0001b624       __acrt_InitializeCriticalSectionEx 000000018001c624 f   libucrt:winapi_thunks.obj
 0001:0001b69c       __acrt_IsValidLocaleName   000000018001c69c f   libucrt:winapi_thunks.obj
 0001:0001b704       __acrt_LCIDToLocaleName    000000018001c704 f   libucrt:winapi_thunks.obj
 0001:0001b790       __acrt_LCMapStringEx       000000018001c790 f   libucrt:winapi_thunks.obj
 0001:0001b880       __acrt_LocaleNameToLCID    000000018001c880 f   libucrt:winapi_thunks.obj
 0001:0001b8e8       __acrt_can_use_vista_locale_apis 000000018001c8e8 f   libucrt:winapi_thunks.obj
 0001:0001b918       __acrt_initialize_winapi_thunks 000000018001c918 f   libucrt:winapi_thunks.obj
 0001:0001b950       __acrt_is_packaged_app     000000018001c950 f   libucrt:winapi_thunks.obj
 0001:0001b9d8       __acrt_uninitialize_winapi_thunks 000000018001c9d8 f   libucrt:winapi_thunks.obj
 0001:0001ba1c       _fcloseall                 000000018001ca1c f   libucrt:closeall.obj
 0001:0001bad0       __acrt_stdio_free_buffer_nolock 000000018001cad0 f   libucrt:_freebuf.obj
 0001:0001bcf8       __acrt_initialize_lowio    000000018001ccf8 f   libucrt:ioinit.obj
 0001:0001bd34       __acrt_uninitialize_lowio  000000018001cd34 f   libucrt:ioinit.obj
 0001:0001bd74       ??$?RV<lambda_bfedae4ebbf01fab1bb6dcc6a9e276e0>@@AEAV<lambda_2fe9b910cf3cbf4a0ab98a02ba45b3ec>@@V<lambda_237c231691f317818eb88cc1d5d642d6>@@@?$__crt_seh_guarded_call@H@@QEAAH$$QEAV<lambda_bfedae4ebbf01fab1bb6dcc6a9e276e0>@@AEAV<lambda_2fe9b910cf3cbf4a0ab98a02ba45b3ec>@@$$QEAV<lambda_237c231691f317818eb88cc1d5d642d6>@@@Z 000000018001cd74 f i libucrt:close.obj
 0001:0001bde8       _close                     000000018001cde8 f   libucrt:close.obj
 0001:0001be8c       _close_nolock              000000018001ce8c f   libucrt:close.obj
 0001:0001bf48       _fileno                    000000018001cf48 f   libucrt:fileno.obj
 0001:0001bf70       ?__acrt_stdio_free_stream@@YAXV__crt_stdio_stream@@@Z 000000018001cf70 f   libucrt:stream.obj
 0001:0001bfb4       ??$?RV<lambda_b521505b218e5242e90febf6bfebc422>@@AEAV<lambda_6978c1fb23f02e42e1d9e99668cc68aa>@@V<lambda_314360699dd331753a4119843814e9a7>@@@?$__crt_seh_guarded_call@H@@QEAAH$$QEAV<lambda_b521505b218e5242e90febf6bfebc422>@@AEAV<lambda_6978c1fb23f02e42e1d9e99668cc68aa>@@$$QEAV<lambda_314360699dd331753a4119843814e9a7>@@@Z 000000018001cfb4 f i libucrt:commit.obj
 0001:0001c040       _commit                    000000018001d040 f   libucrt:commit.obj
 0001:0001c674       _write                     000000018001d674 f   libucrt:write.obj
 0001:0001c760       _write_nolock              000000018001d760 f   libucrt:write.obj
 0001:0001cbec       __acrt_stdio_refill_and_read_narrow_nolock 000000018001dbec f   libucrt:_filbuf.obj
 0001:0001d0b0       _ftelli64                  000000018001e0b0 f   libucrt:ftell.obj
 0001:0001d0b8       _ftelli64_nolock           000000018001e0b8 f   libucrt:ftell.obj
 0001:0001d1c4       __acrt_stdio_flush_and_write_narrow_nolock 000000018001e1c4 f   libucrt:_flsbuf.obj
 0001:0001d438       _lseeki64                  000000018001e438 f   libucrt:lseek.obj
 0001:0001d440       _lseeki64_nolock           000000018001e440 f   libucrt:lseek.obj
 0001:0001d448       __acrt_stdio_begin_temporary_buffering_nolock 000000018001e448 f   libucrt:_sftbuf.obj
 0001:0001d518       __acrt_stdio_end_temporary_buffering_nolock 000000018001e518 f   libucrt:_sftbuf.obj
 0001:0001d554       __acrt_stdio_allocate_buffer_nolock 000000018001e554 f   libucrt:_getbuf.obj
 0001:0001d794       _mbstowcs_s_l              000000018001e794 f   libucrt:mbstowcs.obj
 0001:0001d8c4       mbstowcs_s                 000000018001e8c4 f   libucrt:mbstowcs.obj
 0001:0001dc18       _wcstombs_s_l              000000018001ec18 f   libucrt:wcstombs.obj
 0001:0001dd04       _query_new_mode            000000018001ed04 f   libucrt:new_mode.obj
 0001:0001dd0c       __acrt_initialize_heap     000000018001ed0c f   libucrt:heap_handle.obj
 0001:0001dd28       __acrt_uninitialize_heap   000000018001ed28 f   libucrt:heap_handle.obj
 0001:0001ded4       __acrt_GetLocaleInfoA      000000018001eed4 f   libucrt:getlocaleinfoa.obj
 0001:0001e09c       __acrt_GetStringTypeA      000000018001f09c f   libucrt:getstringtypea.obj
 0001:0001e250       _mbtowc_l                  000000018001f250 f   libucrt:mbtowc.obj
 0001:0001e398       mbtowc                     000000018001f398 f   libucrt:mbtowc.obj
 0001:0001e3a0       __acrt_initialize_fma3     000000018001f3a0 f   libucrt:fma3_available.obj
 0001:0001e410       _pow_special               000000018001f410 f   libucrt:pow_special.obj
 0001:0001e534       _powf_special              000000018001f534 f   libucrt:pow_special.obj
 0001:0001e6c0       _wcsicmp                   000000018001f6c0 f   libucrt:wcsicmp.obj
 0001:0001e748       _wcsicmp_l                 000000018001f748 f   libucrt:wcsicmp.obj
 0001:0001e838       __acrt_initialize_timeset  000000018001f838 f   libucrt:timeset.obj
 0001:0001ed44       ?expand_if_necessary@?$argument_list@D@?A0xca0879c4@@AEAAHXZ 000000018001fd44 f i libucrt:argv_wildcards.obj
 0001:0001ee0c       __acrt_expand_narrow_argv_wildcards 000000018001fe0c f   libucrt:argv_wildcards.obj
 0001:0001ee14       ??$?RV<lambda_99476a1ad63dd22509b5d3e65b0ffc95>@@AEAV<lambda_ad1ced32f4ac17aa236e5ef05d6b3b7c>@@V<lambda_f7424dd8d45958661754dc4f2697e9c3>@@@?$__crt_seh_guarded_call@X@@QEAAX$$QEAV<lambda_99476a1ad63dd22509b5d3e65b0ffc95>@@AEAV<lambda_ad1ced32f4ac17aa236e5ef05d6b3b7c>@@$$QEAV<lambda_f7424dd8d45958661754dc4f2697e9c3>@@@Z 000000018001fe14 f i libucrt:mbctype.obj
 0001:0001f510       __acrt_initialize_multibyte 0000000180020510 f   libucrt:mbctype.obj
 0001:0001f538       __acrt_update_thread_multibyte_data 0000000180020538 f   libucrt:mbctype.obj
 0001:0001f5f8       _setmbcp_nolock            00000001800205f8 f   libucrt:mbctype.obj
 0001:0001f8a0       __acrt_initialize_command_line 00000001800208a0 f   libucrt:argv_data.obj
 0001:0001f8c8       __dcrt_get_narrow_environment_from_os 00000001800208c8 f   libucrt:get_environment_from_os.obj
 0001:0001f9cc       _recalloc                  00000001800209cc f   libucrt:recalloc.obj
 0001:0001f9d4       _recalloc_base             00000001800209d4 f   libucrt:recalloc.obj
 0001:0001fa6c       __acrt_execute_initializers 0000000180020a6c f   libucrt:shared_initialization.obj
 0001:0001fb00       __acrt_execute_uninitializers 0000000180020b00 f   libucrt:shared_initialization.obj
 0001:0001fb50       __acrt_has_user_matherr    0000000180020b50 f   libucrt:matherr.obj
 0001:0001fb70       __acrt_initialize_user_matherr 0000000180020b70 f   libucrt:matherr.obj
 0001:0001fb78       __acrt_invoke_user_matherr 0000000180020b78 f   libucrt:matherr.obj
 0001:0001fbc0       __acrt_add_locale_ref      0000000180020bc0 f   libucrt:locale_refcounting.obj
 0001:0001fc4c       __acrt_free_locale         0000000180020c4c f   libucrt:locale_refcounting.obj
 0001:0001fdc4       __acrt_locale_add_lc_time_reference 0000000180020dc4 f   libucrt:locale_refcounting.obj
 0001:0001fdec       __acrt_locale_free_lc_time_if_unreferenced 0000000180020dec f   libucrt:locale_refcounting.obj
 0001:0001fe24       __acrt_locale_release_lc_time_reference 0000000180020e24 f   libucrt:locale_refcounting.obj
 0001:0001fe4c       __acrt_release_locale_ref  0000000180020e4c f   libucrt:locale_refcounting.obj
 0001:0001fef4       __acrt_update_thread_locale_data 0000000180020ef4 f   libucrt:locale_refcounting.obj
 0001:0001ff64       _updatetlocinfoEx_nolock   0000000180020f64 f   libucrt:locale_refcounting.obj
 0001:0001ffcc       _getfpcontrolword          0000000180020fcc f   libucrt:_fenvutils.obj
 0001:0001ffe4       __acrt_locale_free_monetary 0000000180020fe4 f   libucrt:initmon.obj
 0001:000200f0       __acrt_locale_initialize_monetary 00000001800210f0 f   libucrt:initmon.obj
 0001:00020628       __acrt_locale_free_numeric 0000000180021628 f   libucrt:initnum.obj
 0001:00020694       __acrt_locale_initialize_numeric 0000000180021694 f   libucrt:initnum.obj
 0001:00020d18       __acrt_locale_free_time    0000000180021d18 f   libucrt:inittime.obj
 0001:00020e20       __acrt_locale_initialize_time 0000000180021e20 f   libucrt:inittime.obj
 0001:00020eb4       wcscat_s                   0000000180021eb4 f   libucrt:wcscat_s.obj
 0001:00020f34       wcsncpy_s                  0000000180021f34 f   libucrt:wcsncpy_s.obj
 0001:00021018       wcscspn                    0000000180022018 f   libucrt:wcscspn.obj
 0001:00021058       wcsncmp                    0000000180022058 f   libucrt:wcsncmp.obj
 0001:00021084       wcspbrk                    0000000180022084 f   libucrt:wcspbrk.obj
 0001:00021928       __acrt_get_qualified_locale 0000000180022928 f   libucrt:get_qualified_locale.obj
 0001:00022314       __acrt_get_qualified_locale_downlevel 0000000180023314 f   libucrt:getqloc_downlevel.obj
 0001:000225c0       _get_fpsr                  00000001800235c0 f   libucrt:fpsr.obj
 0001:000225d0       _set_fpsr                  00000001800235d0 f   libucrt:fpsr.obj
 0001:000225da       _fclrf                     00000001800235da f   libucrt:fpsr.obj
 0001:000225ee       _frnd                      00000001800235ee f   libucrt:fpsr.obj
 0001:000226d8       __acrt_DownlevelLCIDToLocaleName 00000001800236d8 f   libucrt:lcidtoname_downlevel.obj
 0001:000227bc       __acrt_DownlevelLocaleNameToLCID 00000001800237bc f   libucrt:lcidtoname_downlevel.obj
 0001:000227f0       __acrt_lowio_create_handle_array 00000001800237f0 f   libucrt:osfinfo.obj
 0001:00022888       __acrt_lowio_destroy_handle_array 0000000180023888 f   libucrt:osfinfo.obj
 0001:000228d8       __acrt_lowio_ensure_fh_exists 00000001800238d8 f   libucrt:osfinfo.obj
 0001:00022990       __acrt_lowio_lock_fh       0000000180023990 f   libucrt:osfinfo.obj
 0001:000229b4       __acrt_lowio_unlock_fh     00000001800239b4 f   libucrt:osfinfo.obj
 0001:000229d8       _free_osfhnd               00000001800239d8 f   libucrt:osfinfo.obj
 0001:00022a94       _get_osfhandle             0000000180023a94 f   libucrt:osfinfo.obj
 0001:00022b0c       _isatty                    0000000180023b0c f   libucrt:isatty.obj
 0001:00022b6c       _putwch_nolock             0000000180023b6c f   libucrt:putwch.obj
 0001:000230f8       _read                      00000001800240f8 f   libucrt:read.obj
 0001:00023210       _read_nolock               0000000180024210 f   libucrt:read.obj
 0001:00023678       strncpy_s                  0000000180024678 f   libucrt:strncpy_s.obj
 0001:00023870       _handle_error              0000000180024870 f   libucrt:libm_error.obj
 0001:00023998       _handle_errorf             0000000180024998 f   libucrt:libm_error.obj
 0001:00023acc       _handle_nan                0000000180024acc f   libucrt:libm_error.obj
 0001:00023ae8       _handle_nanf               0000000180024ae8 f   libucrt:libm_error.obj
 0001:00023af8       _towlower_l                0000000180024af8 f   libucrt:towlower.obj
 0001:00023c90       qsort                      0000000180024c90 f   libucrt:qsort.obj
 0001:00023fc4       strpbrk                    0000000180024fc4 f   libucrt:strpbrk.obj
 0001:00024064       _mbsdec                    0000000180025064 f   libucrt:mbsdec.obj
 0001:0002406c       _mbsdec_l                  000000018002506c f   libucrt:mbsdec.obj
 0001:0002411c       _msize                     000000018002511c f   libucrt:msize.obj
 0001:00024158       _controlfp                 0000000180025158 f   libucrt:ieee.obj
 0001:00024524       _itow_s                    0000000180025524 f   libucrt:xtoa.obj
 0001:00024544       _wcsnicmp                  0000000180025544 f   libucrt:wcsnicmp.obj
 0001:000245e0       _wcsnicmp_l                00000001800255e0 f   libucrt:wcsnicmp.obj
 0001:000246f8       wcscmp                     00000001800256f8 f   libucrt:wcscmp.obj
[...]
 0004:00001da0       $pdata$__acrt_LCMapStringW 0000000180040da0     libucrt:lcmapstringw.obj
 0004:00001dac       $pdata$_log10_special      0000000180040dac     libucrt:log_special.obj
 0004:00001db8       $pdata$_log_special_common 0000000180040db8     libucrt:log_special.obj
 0004:00001dc4       $pdata$?DloadAcquireSectionWriteAccess@@YAXXZ 0000000180040dc4     DelayImp:delayhlp.obj
 0004:00001dd0       $pdata$?DloadGetSRWLockFunctionPointers@@YAEXZ 0000000180040dd0     DelayImp:delayhlp.obj
 0004:00001ddc       $pdata$?DloadMakePermanentImageCommit@@YAXPEAX_K@Z 0000000180040ddc     DelayImp:delayhlp.obj
 0004:00001de8       $pdata$?DloadObtainSection@@YAPEAXPEAK0@Z 0000000180040de8     DelayImp:delayhlp.obj
 0004:00001df4       $pdata$?DloadProtectSection@@YAXKPEAK@Z 0000000180040df4     DelayImp:delayhlp.obj
 0004:00001e00       $pdata$?DloadReleaseSectionWriteAccess@@YAXXZ 0000000180040e00     DelayImp:delayhlp.obj
 0004:00001e0c       $pdata$__delayLoadHelper2  0000000180040e0c     DelayImp:delayhlp.obj
 0004:00001e18       $pdata$_IsNonwritableInCurrentImage 0000000180040e18     LIBCMT:pesect.obj
 0004:00001e24       $pdata$wcschr              0000000180040e24     libvcruntime:wcschr.obj
 0004:00001e3c       $pdata$?dtor$0@?0???0?$basic_ostream@DU?$char_traits@D@std@@@std@@QEAA@PEAV?$basic_streambuf@DU?$char_traits@D@std@@@1@_N@Z@4HA 0000000180040e3c     libcpmt:cout.obj
 0004:00001e48       $pdata$?dtor$0@?0??_Getcat@?$codecvt@DDU_Mbstatet@@@std@@SA_KPEAPEBVfacet@locale@2@PEBV42@@Z@4HA 0000000180040e48     libcpmt:cout.obj
 0004:00001e54       $pdata$?dtor$0@?0???0?$basic_istream@DU?$char_traits@D@std@@@std@@QEAA@PEAV?$basic_streambuf@DU?$char_traits@D@std@@@1@_N@Z@4HA 0000000180040e54     libcpmt:cin.obj
 0004:00001e60       $pdata$__scrt_is_nonwritable_in_current_image$filt$0 0000000180040e60     LIBCMT:utility.obj
 0004:00001e6c       $pdata$?fin$0@?0??dllmain_crt_process_attach@@YAHQEAUHINSTANCE__@@QEAX@Z@4HA 0000000180040e6c     LIBCMT:dll_dllmain.obj
 0004:00001e78       $pdata$?fin$0@?0??dllmain_crt_process_detach@@YAH_N@Z@4HA 0000000180040e78     LIBCMT:dll_dllmain.obj
 0004:00001e84       $pdata$?filt$0@?0??dllmain_dispatch@@YAHQEAUHINSTANCE__@@KQEAX@Z@4HA 0000000180040e84     LIBCMT:dll_dllmain.obj
 0004:00001e90       $pdata$__CxxCallCatchBlock$filt$0 0000000180040e90     libvcruntime:frame.obj
 0004:00001e9c       $pdata$__CxxCallCatchBlock$fin$1 0000000180040e9c     libvcruntime:frame.obj
 0004:00001ea8       $pdata$__DestructExceptionObject$filt$0 0000000180040ea8     libvcruntime:frame.obj
 0004:00001eb4       $pdata$__FrameUnwindToState$filt$0 0000000180040eb4     libvcruntime:frame.obj
 0004:00001ec0       $pdata$__FrameUnwindToState$fin$1 0000000180040ec0     libvcruntime:frame.obj
 0004:00001ecc       $pdata$_CallSETranslator$filt$0 0000000180040ecc     libvcruntime:trnsctrl.obj
 0004:00001ed8       $pdata$fflush$fin$0        0000000180040ed8     libucrt:fflush.obj
 0004:00001ed8       $pdata$fclose$fin$0        0000000180040ed8     libucrt:fclose.obj
 0004:00001ee4       $pdata$common_flush_all$fin$0 0000000180040ee4     libucrt:fflush.obj
 0004:00001ef0       $pdata$common_flush_all$fin$1 0000000180040ef0     libucrt:fflush.obj
 0004:00001efc       $pdata$fgetc$fin$0         0000000180040efc     libucrt:fgetc.obj
 0004:00001f08       $pdata$fputc$fin$0         0000000180040f08     libucrt:fputc.obj
 0004:00001f14       $pdata$?fin$0@?0??common_fseek@@YAHV__crt_stdio_stream@@_JH@Z@4HA 0000000180040f14     libucrt:fseek.obj
 0004:00001f14       $pdata$?fin$0@?0???$common_ftell@_J@@YA_JV__crt_stdio_stream@@@Z@4HA 0000000180040f14     libucrt:ftell.obj
 0004:00001f20       $pdata$?fin$0@?0???$?RV<lambda_7a5ef57ff966f610505f1d28a3d40618>@@AEAV<lambda_b721fa326cdb32351d23dfa67958c160>@@V<lambda_5e0fb27672408a07956fe59e48ccb2aa>@@@?$__crt_seh_guarded_call@H@@QEAAH$$QEAV<lambda_7a5ef57ff966f610505f1d28a3d40618>@@AEAV<lambda_b721fa326cdb32351d23dfa67958c160>@@$$QEAV<lambda_5e0fb27672408a07956fe59e48ccb2aa>@@@Z@4HA 0000000180040f20     libucrt:setvbuf.obj
 0004:00001f20       $pdata$?fin$0@?0???$?RV<lambda_5d4c3fee44080f75d5d9762853974fe0>@@AEAV<lambda_532e024f4337e6fc7ad266c2bef9f4ed>@@V<lambda_c87bdc10097eb2402edb8ba9bdf0697b>@@@?$__crt_seh_guarded_call@_K@@QEAA_K$$QEAV<lambda_5d4c3fee44080f75d5d9762853974fe0>@@AEAV<lambda_532e024f4337e6fc7ad266c2bef9f4ed>@@$$QEAV<lambda_c87bdc10097eb2402edb8ba9bdf0697b>@@@Z@4HA 0000000180040f20     libucrt:fwrite.obj
 0004:00001f2c       $pdata$ungetc$fin$0        0000000180040f2c     libucrt:ungetc.obj
 0004:00001f38       $pdata$setlocale$fin$0     0000000180040f38     libucrt:setlocale.obj
 0004:00001f44       $pdata$_query_new_handler$fin$0 0000000180040f44     libucrt:new_handler.obj
 0004:00001f50       $pdata$?filt$0@?0??common_exit@@YAXHW4_crt_exit_cleanup_mode@@W4_crt_exit_return_mode@@@Z@4HA 0000000180040f50     libucrt:exit.obj
 0004:00001f5c       $pdata$?fin$1@?0??common_exit@@YAXHW4_crt_exit_cleanup_mode@@W4_crt_exit_return_mode@@@Z@4HA 0000000180040f5c     libucrt:exit.obj
 0004:00001f68       $pdata$?fin$0@?0???$?RV<lambda_e24bbb7b643b32fcea6fa61b31d4c984>@@AEAV<lambda_275893d493268fdec8709772e3fcec0e>@@V<lambda_9d71df4d7cf3f480f8d633942495c3b0>@@@?$__crt_seh_guarded_call@H@@QEAAH$$QEAV<lambda_e24bbb7b643b32fcea6fa61b31d4c984>@@AEAV<lambda_275893d493268fdec8709772e3fcec0e>@@$$QEAV<lambda_9d71df4d7cf3f480f8d633942495c3b0>@@@Z@4HA 0000000180040f68     libucrt:onexit.obj
 0004:00001f74       $pdata$?fin$0@?0???$?RV<lambda_5e887d1dcbef67a5eb4283622ba103bf>@@AEAV<lambda_4466841279450cc726390878d4a41900>@@V<lambda_341c25c0346d94847f1f3c463c57e077>@@@?$__crt_seh_guarded_call@X@@QEAAX$$QEAV<lambda_5e887d1dcbef67a5eb4283622ba103bf>@@AEAV<lambda_4466841279450cc726390878d4a41900>@@$$QEAV<lambda_341c25c0346d94847f1f3c463c57e077>@@@Z@4HA 0000000180040f74     libucrt:per_thread_data.obj
 0004:00001f74       $pdata$?fin$0@?0???$?RV<lambda_b8c45f8f788dd370798f47cfe8ac3a86>@@AEAV<lambda_4e60a939b0d047cfe11ddc22648dfba9>@@V<lambda_332c3edc96d0294ec56c57d38c1cdfd5>@@@?$__crt_seh_guarded_call@H@@QEAAH$$QEAV<lambda_b8c45f8f788dd370798f47cfe8ac3a86>@@AEAV<lambda_4e60a939b0d047cfe11ddc22648dfba9>@@$$QEAV<lambda_332c3edc96d0294ec56c57d38c1cdfd5>@@@Z@4HA 0000000180040f74     libucrt:onexit.obj
 0004:00001f74       $pdata$?fin$0@?0???$?RV<lambda_630b2aca97f6d20d5b5ea6529ea6b6af>@@AEAV<lambda_af91936f1d075d609f72d9d8cba980af>@@V<lambda_e82fa975f615b5c7c7b0e4d178fdae67>@@@?$__crt_seh_guarded_call@H@@QEAAH$$QEAV<lambda_630b2aca97f6d20d5b5ea6529ea6b6af>@@AEAV<lambda_af91936f1d075d609f72d9d8cba980af>@@$$QEAV<lambda_e82fa975f615b5c7c7b0e4d178fdae67>@@@Z@4HA 0000000180040f74     libucrt:winapi_thunks.obj
 0004:00001f74       $pdata$?fin$0@?0???$?RV<lambda_c36588078e9f5dfd39652860aa6b3aaf>@@AEAV<lambda_ec61778202f4f5fc7e7711acc23c3bca>@@V<lambda_dc9d2797ccde5d239b4a0efae8ebd7db>@@@?$__crt_seh_guarded_call@P6AXH@Z@@QEAAP6AXH@Z$$QEAV<lambda_c36588078e9f5dfd39652860aa6b3aaf>@@AEAV<lambda_ec61778202f4f5fc7e7711acc23c3bca>@@$$QEAV<lambda_dc9d2797ccde5d239b4a0efae8ebd7db>@@@Z@4HA 0000000180040f74     libucrt:signal.obj
 0004:00001f74       $pdata$?fin$0@?0???$?RV<lambda_d67e8342c384adda8f857579ab50b2ae>@@AEAV<lambda_30712929f77e709619002f448b6a9510>@@V<lambda_4525336fd7e478d965fb7ca7a337cad8>@@@?$__crt_seh_guarded_call@X@@QEAAX$$QEAV<lambda_d67e8342c384adda8f857579ab50b2ae>@@AEAV<lambda_30712929f77e709619002f448b6a9510>@@$$QEAV<lambda_4525336fd7e478d965fb7ca7a337cad8>@@@Z@4HA 0000000180040f74     libucrt:wsetlocale.obj
 0004:00001f74       $pdata$?fin$0@?0???$?RV<lambda_99476a1ad63dd22509b5d3e65b0ffc95>@@AEAV<lambda_ad1ced32f4ac17aa236e5ef05d6b3b7c>@@V<lambda_f7424dd8d45958661754dc4f2697e9c3>@@@?$__crt_seh_guarded_call@X@@QEAAX$$QEAV<lambda_99476a1ad63dd22509b5d3e65b0ffc95>@@AEAV<lambda_ad1ced32f4ac17aa236e5ef05d6b3b7c>@@$$QEAV<lambda_f7424dd8d45958661754dc4f2697e9c3>@@@Z@4HA 0000000180040f74     libucrt:mbctype.obj
 0004:00001f74       $pdata$?fin$0@?0???$?RV<lambda_fb3a7dec4e47f37f22dae91bb15c9095>@@AEAV<lambda_698284760c8add0bfb0756c19673e34b>@@V<lambda_dfb8eca1e75fef3034a8fb18dd509707>@@@?$__crt_seh_guarded_call@X@@QEAAX$$QEAV<lambda_fb3a7dec4e47f37f22dae91bb15c9095>@@AEAV<lambda_698284760c8add0bfb0756c19673e34b>@@$$QEAV<lambda_dfb8eca1e75fef3034a8fb18dd509707>@@@Z@4HA 0000000180040f74     libucrt:per_thread_data.obj
 0004:00001f74       $pdata$?fin$0@?0???$?RV<lambda_72d1df2b273a38828b1ce30cbf4cdab5>@@AEAV<lambda_876a65b173b8412d3a47c70a915b0cf4>@@V<lambda_41932305e351933ebe8f8be3ed8bb5dc>@@@?$__crt_seh_guarded_call@X@@QEAAX$$QEAV<lambda_72d1df2b273a38828b1ce30cbf4cdab5>@@AEAV<lambda_876a65b173b8412d3a47c70a915b0cf4>@@$$QEAV<lambda_41932305e351933ebe8f8be3ed8bb5dc>@@@Z@4HA 0000000180040f74     libucrt:per_thread_data.obj
 0004:00001f74       $pdata$?fin$0@?0???$?RV<lambda_46352004c1216016012b18bd6f87e700>@@AEAV<lambda_3bd07e1a1191394380780325891bf33f>@@V<lambda_334532d3f185bcaa59b5be82d7d22bff>@@@?$__crt_seh_guarded_call@X@@QEAAX$$QEAV<lambda_46352004c1216016012b18bd6f87e700>@@AEAV<lambda_3bd07e1a1191394380780325891bf33f>@@$$QEAV<lambda_334532d3f185bcaa59b5be82d7d22bff>@@@Z@4HA 0000000180040f74     libucrt:per_thread_data.obj
 0004:00001f80       $pdata$raise$fin$0         0000000180040f80     libucrt:signal.obj
 0004:00001f8c       $pdata$?fin$0@?0???$?RV<lambda_5df02c53a8f32f81fd64e5bbb78039f1>@@AEAV<lambda_2af78c5f5901b1372d98f9ab3177dfa6>@@AEAV<lambda_f51fe5fd7c79a33db34fc9310f277369>@@@?$__crt_seh_guarded_call@X@@QEAAX$$QEAV<lambda_5df02c53a8f32f81fd64e5bbb78039f1>@@AEAV<lambda_2af78c5f5901b1372d98f9ab3177dfa6>@@AEAV<lambda_f51fe5fd7c79a33db34fc9310f277369>@@@Z@4HA 0000000180040f8c     libucrt:wsetlocale.obj
 0004:00001f98       $pdata$__acrt_uninitialize_locale$fin$0 0000000180040f98     libucrt:wsetlocale.obj
 0004:00001f98       $pdata$__acrt_update_thread_locale_data$fin$0 0000000180040f98     libucrt:locale_refcounting.obj
 0004:00001fa4       $pdata$common_control87$filt$0 0000000180040fa4     libucrt:ieee.obj
 0004:00001fa4       $pdata$_ctrlfp$filt$0      0000000180040fa4     libucrt:fpctrl.obj
 0004:00001fb0       $pdata$_fcloseall$fin$0    0000000180040fb0     libucrt:closeall.obj
 0004:00001fbc       $pdata$__acrt_lowio_ensure_fh_exists$fin$0 0000000180040fbc     libucrt:osfinfo.obj
 0004:00001fbc       $pdata$__acrt_initialize_lowio$fin$0 0000000180040fbc     libucrt:ioinit.obj
 0004:00001fc8       $pdata$?fin$0@?0???$?RV<lambda_b521505b218e5242e90febf6bfebc422>@@AEAV<lambda_6978c1fb23f02e42e1d9e99668cc68aa>@@V<lambda_314360699dd331753a4119843814e9a7>@@@?$__crt_seh_guarded_call@H@@QEAAH$$QEAV<lambda_b521505b218e5242e90febf6bfebc422>@@AEAV<lambda_6978c1fb23f02e42e1d9e99668cc68aa>@@$$QEAV<lambda_314360699dd331753a4119843814e9a7>@@@Z@4HA 0000000180040fc8     libucrt:commit.obj
 0004:00001fc8       $pdata$?fin$0@?0???$?RV<lambda_bfedae4ebbf01fab1bb6dcc6a9e276e0>@@AEAV<lambda_2fe9b910cf3cbf4a0ab98a02ba45b3ec>@@V<lambda_237c231691f317818eb88cc1d5d642d6>@@@?$__crt_seh_guarded_call@H@@QEAAH$$QEAV<lambda_bfedae4ebbf01fab1bb6dcc6a9e276e0>@@AEAV<lambda_2fe9b910cf3cbf4a0ab98a02ba45b3ec>@@$$QEAV<lambda_237c231691f317818eb88cc1d5d642d6>@@@Z@4HA 0000000180040fc8     libucrt:close.obj
 0004:00001fd4       $pdata$__acrt_update_thread_multibyte_data$fin$0 0000000180040fd4     libucrt:mbctype.obj
 0004:00001fe0       $pdata$_write$fin$0        0000000180040fe0     libucrt:write.obj
 0004:00001fe0       $pdata$?fin$0@?0???$common_lseek@_J@@YA_JH_JH@Z@4HA 0000000180040fe0     libucrt:lseek.obj
 0004:00001fe0       $pdata$_read$fin$0         0000000180040fe0     libucrt:read.obj
 0004:00001fec       $pdata$_IsNonwritableInCurrentImage$filt$0 0000000180040fec     LIBCMT:pesect.obj
 0004:00001ff8       $pdata$??__Fcout@std@@YAXXZ 0000000180040ff8     libcpmt:cout.obj
 0004:00002004       $pdata$??__F_Fac_tidy_reg@std@@YAXXZ 0000000180041004     libcpmt:locale0.obj
 0004:00002010       $pdata$??__Fclassic_locale@std@@YAXXZ 0000000180041010     libcpmt:locale0.obj
 0004:0000201c       $pdata$??__Fcin@std@@YAXXZ 000000018004101c     libcpmt:cin.obj
 0004:00002028       $pdata$??__Finit_atexit@@YAXXZ 0000000180041028     libcpmt:iosptrs.obj
 0005:00000000       __guard_fids__             0000000180042000     libucrt:initialization.obj
 0005:00000060       __guard_fids___acrt_initialize_ptd 0000000180042060     libucrt:per_thread_data.obj
 0005:00000064       __guard_fids__             0000000180042064     libucrt:wsetlocale.obj
 0005:0000007c       __guard_fids_??$?RV<lambda_630b2aca97f6d20d5b5ea6529ea6b6af>@@AEAV<lambda_af91936f1d075d609f72d9d8cba980af>@@V<lambda_e82fa975f615b5c7c7b0e4d178fdae67>@@@?$__crt_seh_guarded_call@H@@QEAAH$$QEAV<lambda_630b2aca97f6d20d5b5ea6529ea6b6af>@@AEAV<lambda_af91936f1d075d609f72d9d8cba980af>@@$$QEAV<lambda_e82fa975f615b5c7c7b0e4d178fdae67>@@@Z 000000018004207c     libucrt:winapi_thunks.obj
 0005:00000080       __guard_fids__             0000000180042080     libucrt:stdio_initializer.obj
 0005:00000084       __guard_fids__             0000000180042084     libucrt:stdio_initializer.obj
 0005:00000088       __guard_fids_??$expand_argument_wildcards@D@@YAHQEAD0AEAV?$argument_list@D@?A0xca0879c4@@@Z 0000000180042088     libucrt:argv_wildcards.obj
 0005:0000008c       __guard_fids__             000000018004208c     libucrt:locale_initializer.obj
 0005:00000090       __guard_fids_GetLocaleNameFromLangCountry 0000000180042090     libucrt:get_qualified_locale.obj
 0005:00000094       __guard_fids_GetLocaleNameFromLanguage 0000000180042094     libucrt:get_qualified_locale.obj
 0005:00000098       __guard_fids___acrt_get_qualified_locale_downlevel 0000000180042098     libucrt:getqloc_downlevel.obj
 0005:0000009c       __guard_fids_GetLcidFromLangCountry 000000018004209c     libucrt:getqloc_downlevel.obj
 0005:000000a0       __guard_fids_GetLcidFromLanguage 00000001800420a0     libucrt:getqloc_downlevel.obj
 0005:000000a4       __guard_fids__             00000001800420a4     libucrt:fma3_initializer.obj
 0005:000000a8       __guard_fids__             00000001800420a8     libucrt:timeset_initializer.obj
 0005:000000ac       __guard_fids__             00000001800420ac     libucrt:multibyte_initializer.obj
 0005:000000b0       __guard_fids__             00000001800420b0     libucrt:console_output_initializer.obj
 0005:000000b4       __guard_fids_??__Einitlocks@std@@YAXXZ 00000001800420b4     libcpmt:xlock.obj
 0005:000000b8       __guard_fids__             00000001800420b8     libcpmt:xlock.obj
 0005:000000bc       __guard_fids_??__Einitlocks@@YAXXZ 00000001800420bc     libcpmt:cout.obj
 0005:000000c0       __guard_fids_??__Efout@std@@YAXXZ 00000001800420c0     libcpmt:cout.obj
 0005:000000c4       __guard_fids_??__Ecout@std@@YAXXZ 00000001800420c4     libcpmt:cout.obj
 0005:000000c8       __guard_fids__             00000001800420c8     libcpmt:cout.obj
 0005:000000d0       __guard_fids__             00000001800420d0     libcpmt:cout.obj
 0005:000000d8       __guard_fids__             00000001800420d8     libcpmt:cout.obj
 0005:000000e0       __guard_fids__             00000001800420e0     libcpmt:cout.obj
 0005:000000ec       __guard_fids__             00000001800420ec     libcpmt:cout.obj
 0005:00000118       __guard_fids__             0000000180042118     libcpmt:cout.obj
 0005:00000130       __guard_fids__             0000000180042130     libcpmt:cout.obj
 0005:00000138       __guard_fids__             0000000180042138     libcpmt:cout.obj
 0005:00000150       __guard_fids__             0000000180042150     libcpmt:cout.obj
 0005:00000158       __guard_fids__             0000000180042158     libcpmt:cout.obj
 0005:0000015c       __guard_fids__             000000018004215c     libcpmt:cout.obj
 0005:00000198       __guard_fids__             0000000180042198     libcpmt:cout.obj
 0005:000001d4       __guard_fids__             00000001800421d4     libcpmt:cout.obj
 0005:000001d8       __guard_fids__             00000001800421d8     libcpmt:cout.obj
 0005:000001dc       __guard_fids__             00000001800421dc     libcpmt:cout.obj
 0005:00000204       __guard_fids__             0000000180042204     libcpmt:cout.obj
 0005:00000208       __guard_fids__             0000000180042208     libcpmt:cout.obj
 0005:0000020c       __guard_fids__             000000018004220c     libcpmt:cout.obj
 0005:00000210       __guard_fids__             0000000180042210     libcpmt:cout.obj
 0005:00000214       __guard_fids_??__E_Fac_tidy_reg@std@@YAXXZ 0000000180042214     libcpmt:locale0.obj
 0005:00000218       __guard_fids_?_Setgloballocale@locale@std@@CAXPEAX@Z 0000000180042218     libcpmt:locale0.obj
 0005:0000021c       __guard_fids_??__Eclassic_locale@std@@YAXXZ 000000018004221c     libcpmt:locale0.obj
 0005:00000220       __guard_fids__             0000000180042220     libcpmt:locale0.obj
 0005:0000022c       __guard_fids__             000000018004222c     libcpmt:locale0.obj
 0005:00000230       __guard_fids__             0000000180042230     libcpmt:locale0.obj
 0005:00000234       __guard_fids_??__Einitlocks@@YAXXZ 0000000180042234     libcpmt:cin.obj
 0005:00000238       __guard_fids_??__Efin@std@@YAXXZ 0000000180042238     libcpmt:cin.obj
 0005:0000023c       __guard_fids_??__Ecin@std@@YAXXZ 000000018004223c     libcpmt:cin.obj
 0005:00000240       __guard_fids__             0000000180042240     libcpmt:cin.obj
 0005:00000244       __guard_fids__             0000000180042244     libcpmt:cin.obj
 0005:00000248       __guard_fids__             0000000180042248     libcpmt:cin.obj
 0005:0000024c       __guard_fids__             000000018004224c     libcpmt:cin.obj
 0005:00000250       __guard_fids__             0000000180042250     libcpmt:cin.obj
 0005:00000254       __guard_fids__             0000000180042254     libcpmt:xthrow.obj
 0005:0000025c       __guard_fids__             000000018004225c     libcpmt:xthrow.obj
 0005:00000264       __guard_fids__             0000000180042264     libcpmt:xthrow.obj
 0005:0000026c       __guard_fids__             000000018004226c     libcpmt:xthrow.obj
 0005:00000274       __guard_fids_??__Einitlocks@std@@YAXXZ 0000000180042274     libcpmt:iosptrs.obj
 0005:00000278       __guard_fids_??__Einit_atexit@@YAXXZ 0000000180042278     libcpmt:iosptrs.obj
 0005:0000027c       __guard_fids__             000000018004227c     libcpmt:iosptrs.obj
 0005:00000280       __guard_fids__             0000000180042280     libcpmt:iosptrs.obj
 0005:00000284       __guard_fids__             0000000180042284     libcpmt:locale.obj
 0005:000002bc       __guard_fids__             00000001800422bc     libcpmt:locale.obj
 0005:000002dc       __guard_fids__             00000001800422dc     libcpmt:winapisupp.obj
 0005:000002e0       __guard_fids__             00000001800422e0     LIBCMT:thread_safe_statics.obj
 0005:000002e4       __guard_fids_?__scrt_initialize_thread_safe_statics@@YAHXZ 00000001800422e4     LIBCMT:thread_safe_statics.obj
 0005:000002e8       __guard_fids_?dllmain_crt_process_attach@@YAHQEAUHINSTANCE__@@QEAX@Z 00000001800422e8     LIBCMT:dll_dllmain.obj
 0005:000002f0       __guard_fids_?dllmain_dispatch@@YAHQEAUHINSTANCE__@@KQEAX@Z 00000001800422f0     LIBCMT:dll_dllmain.obj
 0005:000002f4       __guard_fids__             00000001800422f4     LIBCMT:std_type_info_static.obj
 0005:000002f8       __guard_fids__             00000001800422f8     LIBCMT:throw_bad_alloc.obj
 0005:00000300       __guard_fids__             0000000180042300     LIBCMT:guard_support.obj
 0005:00000304       __guard_fids__             0000000180042304     libvcruntime:frame.obj
 0005:00000308       __guard_fids__             0000000180042308     libvcruntime:frame.obj
 0005:00000310       __guard_fids__UnwindNestedFrames 0000000180042310     libvcruntime:trnsctrl.obj
 0005:00000314       __guard_fids___vcrt_initialize_ptd 0000000180042314     libvcruntime:per_thread_data.obj
 0007:00000060       $R000000                   0000000180044060     * linker generated manifest res *

 Exports

  ordinal    name

        1    _register_cio_
